09-18 15:51:37.717 W/System.err(23736): 	at android.app.ActivityThread.access$2300(ActivityThread.java:165)
09-18 15:51:37.717 W/System.err(23736): 	at android.app.ActivityThread$H.handleMessage(ActivityThread.java:1472)
09-18 15:51:37.717 W/System.err(23736): 	at android.os.Handler.dispatchMessage(Handler.java:102)
09-18 15:51:37.717 W/System.err(23736): 	at android.os.Looper.loop(Looper.java:150)
09-18 15:51:37.717 W/System.err(23736): 	at android.app.ActivityThread.main(ActivityThread.java:5546)
09-18 15:51:37.717 W/System.err(23736): 	at java.lang.reflect.Method.invoke(Native Method)
09-18 15:51:37.717 W/System.err(23736): 	at com.android.internal.os.ZygoteInit$MethodAndArgsCaller.run(ZygoteInit.java:794)
09-18 15:51:37.717 W/System.err(23736): 	at com.android.internal.os.ZygoteInit.main(ZygoteInit.java:684)
09-18 15:51:37.717 I/Process (23736): Sending signal. PID: 23736 SIG: 9
09-18 15:51:37.719 I/PgedBinderListener( 6581): kstate callback type:8 value1=23736 value2=KILLED
09-18 15:51:37.782 I/[Gralloc]( 3718): alloc w[1080] h[1920] format[1] usage[2355]
09-18 15:51:37.783 I/[Gralloc]( 3718): alloc w[1080] h[1920] format[1] usage[3]
09-18 15:51:37.783 I/[Gralloc]( 3718): alloc succ handle[0xb8cae1a0] stride[1120]
09-18 15:51:37.790 I/[Gralloc]( 3718): alloc succ handle[0xb8b7e838] stride[1120]
09-18 15:51:37.793 I/[Gralloc]( 3718): alloc w[16] h[16] format[1] usage[256]
09-18 15:51:37.810 I/[Gralloc]( 3718): alloc succ handle[0xb8be5ff0] stride[32]
09-18 15:51:37.818 I/HwSystemManager( 4979): NotificationGuideService:handle MSG_ACTIVIY_FOREGROUND, uid:10626
09-18 15:51:37.823 E/HsmCoreServiceImpl( 4195): onTransact in code is: 102
09-18 15:51:37.823 I/MediaProcessHandler( 4195): processOp opType: 1, uid: 10626, pid: 23736
09-18 15:51:37.823 W/MediaProcessHandler( 4195): remove target not exist, maybe the UI process: uid: 10626, pid: 23736
09-18 15:51:37.827 E/HAL     (23840): load: id=gralloc != hmi->id=gralloc
09-18 15:51:37.919 I/RongLog (23840): [RongLog][ RongIMClient ] RongIMClient
09-18 15:51:37.930 I/RongLog (23840): [RongLog][ RongIM ] init : cn.sa.im
09-18 15:51:38.001 I/FwLog   (23840): init FwLog: LogMode = 1, monitorLevel = 0, monitorType = 0
09-18 15:51:38.001 I/[RC:Log-Opened](23840): {"ptid":"23840-1*"}
09-18 15:51:38.005 I/[RC:A-init-O](23840): {"ptid":"23840-1*","appkey":"pvxdm17jpof6r","platform":"Android-23","model":"HUAWEI MT7-TL10","sdk":"2.9.22"}
09-18 15:51:38.034 I/art     (23873): Late-enabling -Xcheck:jni
09-18 15:51:38.042 I/Statistics(23840): start
09-18 15:51:38.056 I/RongLog-Push[PushNaviClient](23840): setPushNaviUrl nav.cn.ronghub.com;nav2-cn.ronghub.com
09-18 15:51:38.061 I/DeviceUtils(23840): getPhoneInformation.the phone information is: HUAWEI|HUAWEI MT7_TL10|23|WIFI||cn.sa.im
09-18 15:51:38.062 I/RongLog-Push[PushNaviClient](23840): navigation url : http://nav.cn.ronghub.com/navipush.json
09-18 15:51:38.063 I/RongLog (23840): [RongLog][ RongIMClient ] mReconnectInterval 10
09-18 15:51:38.066 I/System  (23840): core_booster, getBoosterConfig = false
09-18 15:51:38.079 I/[Gralloc]( 3718): alloc w[16] h[16] format[1] usage[256]
09-18 15:51:38.080 I/[Gralloc]( 3718): alloc succ handle[0xb8c265c0] stride[32]
09-18 15:51:38.085 E/HAL     (23873): load: id=gralloc != hmi->id=gralloc
09-18 15:51:38.128 I/RongLog (23873): [RongLog][ RongIMClient ] RongIMClient
09-18 15:51:38.144 W/RongLog (23873): [RongLog][ RongIM ] Init. Current process : cn.sa.im:ipc
09-18 15:51:38.149 I/RongLog (23873): [RongLog][ RongExtensionManager ] Can't find io.rong.sticker.StickerExtensionModule
09-18 15:51:38.149 I/RongLog (23873): [RongLog][ RongExtensionManager ] registerExtensionModule SightExtensionModule
09-18 15:51:38.150 E/RongLog (23873): [RongLog][ RongExtensionManager ] Illegal extensionModule.
09-18 15:51:38.150 I/RongLog (23873): [RongLog][ RongExtensionManager ] registerExtensionModule ApkExtensionModule
09-18 15:51:38.151 I/RongLog (23873): [RongLog][ RongIM ] RongIM setOnReceiveMessageListener
09-18 15:51:38.155 I/RongLog (23840): [RongLog][ RongExtensionManager ] Can't find io.rong.sticker.StickerExtensionModule
09-18 15:51:38.156 W/ResourceType(23840): Invalid package identifier when getting bag for resource number 0x00000000
09-18 15:51:38.156 I/RongLog (23840): [RongLog][ DefaultExtensionModule ] not config rc_realtime_support_conversation_types in rc_config.xml
09-18 15:51:38.167 I/RongLog (23840): [RongLog][ RongExtensionManager ] registerExtensionModule DefaultExtensionModule
09-18 15:51:38.168 I/RongLog (23840): [RongLog][ InternalModuleManager ] init
09-18 15:51:38.169 I/RongLog (23840): [RongLog][ RongCallModule ] Constructor
09-18 15:51:38.171 I/RongLog (23840): [RongLog][ RongCallManager ] setReceivedCallListener, listener = io.rong.callkit.RongCallModule$2@65929b1
09-18 15:51:38.172 I/RongLog (23840): [RongLog][ InternalModuleManager ] onInitialized
09-18 15:51:38.183 I/RongLog (23840): [RongLog][ RongExtensionManager ] registerExtensionModule SightExtensionModule
09-18 15:51:38.185 I/System  (23840): core_booster, getBoosterConfig = false
09-18 15:51:38.188 E/RongLog (23840): [RongLog][ RongExtensionManager ] Illegal extensionModule.
09-18 15:51:38.188 I/RongLog (23840): [RongLog][ RongExtensionManager ] registerExtensionModule ApkExtensionModule
09-18 15:51:38.189 I/RongLog (23840): [RongLog][ RongIM ] RongIM setOnReceiveMessageListener
09-18 15:51:38.206 I/HwCust  (23840): Constructor found for class android.app.HwCustHwWallpaperManagerImpl
09-18 15:51:38.219 W/art     (23840): Before Android 4.1, method android.graphics.PorterDuffColorFilter android.support.graphics.drawable.VectorDrawableCompat.updateTintFilter(android.graphics.PorterDuffColorFilter, android.content.res.ColorStateList, android.graphics.PorterDuff$Mode) would have incorrectly overridden the package-private method in android.graphics.drawable.Drawable
09-18 15:51:38.240 I/RongLog (23840): [RongLog][ InternalModuleManager ] onLoaded
09-18 15:51:38.262 I/art     (23840): Rejecting re-init on previously-failed class java.lang.Class<android.support.v4.view.ViewCompat$OnUnhandledKeyEventListenerWrapper>
09-18 15:51:38.262 I/art     (23840): Rejecting re-init on previously-failed class java.lang.Class<android.support.v4.view.ViewCompat$OnUnhandledKeyEventListenerWrapper>
09-18 15:51:38.304 I/RongLog-Push[PushProtocalStack](23840): receive message type:CONNACK
09-18 15:51:38.351 I/[RC:A-join_chatroom-T](23840): {"ptid":"23840-1*","room_id":"1","existed":false,"count":0}
09-18 15:51:38.352 E/RongLog (23840): [RongLog][ RongIMClient ] joinChatRoom without connect!
09-18 15:51:38.355 E/[RC:A-join_chatroom-R](23840): {"ptid":"23840-1*","code":-2,"room_id":"1"}
09-18 15:51:38.355 I/TAG     (23840): APP hasn't call connect function.
09-18 15:51:38.407 I/RongLog-Push[PushProtocalStack](23840): receive message type:QUERYACK
09-18 15:51:38.410 E/RongLog-Push[PushManager](23840): Failed to config push. type:HUAWEI; errorCode:NOT_REGISTER_IN_ADMIN
09-18 15:51:38.410 E/RongLog-Push[PushManager](23840): Please fill in the parameters of HW in your RongCloud Admin.
09-18 15:51:38.414 I/SendBroadcastPermission(23840): action:io.rong.push.intent.THIRD_PARTY_PUSH_STATE, mPermissionType:0
09-18 15:51:38.703 I/RongLog (23840): [RongLog][ RongIMClient ] in Foreground
09-18 15:51:38.704 E/RongLog (23840): [RongLog][ RongIMClient ] rebind RongService: DISCONNECTED
09-18 15:51:38.708 I/RongLog-Push[RongPushClient](23840): clearAllNotifications
09-18 15:51:38.757 I/[RC:L-network_changed-S](23840): {"ptid":"23840-1*","network":"WIFI","available":true}
09-18 15:51:38.762 I/RongLog-Push[PushNaviClient](23840): navigation url : http://nav.cn.ronghub.com/navipush.json
09-18 15:51:38.790 I/RongLog (23840): [RongLog][ RongIMClient ] initMessageReceiver
09-18 15:51:38.792 E/SavePathUtils(23873): SavePath not exists..
09-18 15:51:38.798 I/RongLog (23873): [RongLog][ NavigationCacheHelper ] setUserPolicy, userPolicy = false
09-18 15:51:38.805 I/RongLog (23840): [RongLog][ ModuleManager ] init
09-18 15:51:38.806 I/RongLog (23840): [RongLog][ RongCallClient ] RongCallClient sInstance == null ?true
09-18 15:51:38.807 I/RongLog (23840): [RongLog][ RongCallClient ] init Re Initialization = false
09-18 15:51:38.819 I/RongLog (23840): [RongLog][ RealTimeLocationManager ] init false
09-18 15:51:38.821 W/ResourceType(23840): No package identifier when getting value for resource number 0x00000000
09-18 15:51:38.821 W/ResourceType(23840): Invalid package identifier when getting bag for resource number 0x00000000
09-18 15:51:38.823 I/RongLog (23840): [RongLog][ CustomServiceManager ] init false
09-18 15:51:38.830 E/RongLog-Push[PushMessageReceiver](23840): message is null. Return directly!
09-18 15:51:38.842 E/RongLog (23873): [RongLog][ NativeClient ] registerDeleteMessageType size: 2
09-18 15:51:38.883 E/HAL     (23840): load: id=gralloc != hmi->id=gralloc
09-18 15:51:38.884 I/OpenGLRenderer(23840): Initialized EGL, version 1.4
09-18 15:51:38.929 I/[Gralloc]( 3718): alloc w[1080] h[1920] format[1] usage[2816]
09-18 15:51:38.932 I/[Gralloc]( 3718): alloc succ handle[0xb8bffa00] stride[1120]
09-18 15:51:38.932 I/[Gralloc]( 3718): alloc w[1080] h[1920] format[1] usage[2816]
09-18 15:51:38.936 I/[Gralloc]( 3718): alloc succ handle[0xb8c26760] stride[1120]
09-18 15:51:38.936 I/[Gralloc]( 3718): alloc w[1080] h[1920] format[1] usage[2816]
09-18 15:51:38.939 I/[Gralloc]( 3718): alloc succ handle[0xb8c6d388] stride[1120]
09-18 15:51:38.960 I/[RC:L-reconnect-T](23840): {"ptid":"23840-1*","sequences":0}
09-18 15:51:38.961 E/RongLog (23840): [RongLog][ RongIMClient ] token is empty!
09-18 15:51:38.963 E/[RC:L-reconnect-R](23840): {"ptid":"23840-1*","code":-1001,"network":"WIFI","sequences":0}
09-18 15:51:38.980 I/SendBroadcastPermission( 4195): action:android.net.wifi.RSSI_CHANGED, mPermissionType:0
09-18 15:51:38.981 E/WifiConfigStore( 4195): updateConfiguration freq=5240 BSSID=8c:fe:74:23:b0:7c RSSI=-74 "RongCloud"WPA_PSK
09-18 15:51:39.007 I/ActivityManager( 4195): Displayed cn.sa.im/.MainActivity: +1s363ms (total +1s731ms)
09-18 15:51:41.814 E/Thermal-daemon( 3734): [ap] temp_new :42  temp_old :41
09-18 15:51:41.814 E/Thermal-daemon( 3734): Report temperature: [ap] temp :42  report_threshold:1
09-18 15:51:41.817 I/ThermalStateManager( 6581): triggerLevel = 0, triggerAction :{gpu=0, lcd=0, threshold_down=0, bcurrent=0, threshold_up=0, cpu_a15=0, ucurrent=0, cpu=0}
09-18 15:51:42.002 I/SendBroadcastPermission( 4195): action:android.net.wifi.RSSI_CHANGED, mPermissionType:0
09-18 15:51:42.004 E/WifiConfigStore( 4195): updateConfiguration freq=5240 BSSID=8c:fe:74:23:b0:7c RSSI=-74 "RongCloud"WPA_PSK
09-18 15:51:45.023 I/SendBroadcastPermission( 4195): action:android.net.wifi.RSSI_CHANGED, mPermissionType:0
09-18 15:51:45.026 E/WifiConfigStore( 4195): updateConfiguration freq=5240 BSSID=8c:fe:74:23:b0:7c RSSI=-75 "RongCloud"WPA_PSK
09-18 15:51:46.818 E/Thermal-daemon( 3734): [ap] temp_new :41  temp_old :42
09-18 15:51:46.819 E/Thermal-daemon( 3734): Report temperature: [ap] temp :41  report_threshold:1
09-18 15:51:47.345 I/AudioFlinger( 3794): releaseWakeLock_l() AudioOut_6 mType: 0
09-18 15:51:48.052 E/WifiConfigStore( 4195): updateConfiguration freq=5240 BSSID=8c:fe:74:23:b0:7c RSSI=-76 "RongCloud"WPA_PSK
09-18 15:51:51.073 E/WifiConfigStore( 4195): updateConfiguration freq=5240 BSSID=8c:fe:74:23:b0:7c RSSI=-76 "RongCloud"WPA_PSK
09-18 15:51:51.824 E/Thermal-daemon( 3734): [flash_led] temp_new :38  temp_old :39
09-18 15:51:51.825 E/Thermal-daemon( 3734): Report temperature: [flash_led] temp :38  report_threshold:1
09-18 15:51:51.826 E/Thermal-daemon( 3734): [ap] temp_new :40  temp_old :41
09-18 15:51:51.826 E/Thermal-daemon( 3734): Report temperature: [ap] temp :40  report_threshold:1
09-18 15:51:54.094 E/WifiConfigStore( 4195): updateConfiguration freq=5240 BSSID=8c:fe:74:23:b0:7c RSSI=-77 "RongCloud"WPA_PSK
09-18 15:51:56.798 I/Bluetooth( 7860): HeadsetStateMachine:Disconnected process message: 10, size: 0
09-18 15:51:56.807 I/HwPowerMonitor.PowerExceptionObservable( 6614): unhandled onEvent actionID: 3002
09-18 15:51:56.810 I/HwPowerMonitor.DayActObserver( 6614): in PowerMonitorHandler, will handle msg.what = battery_changed, Utils.isCharging() = true
09-18 15:51:57.116 E/WifiConfigStore( 4195): updateConfiguration freq=5240 BSSID=8c:fe:74:23:b0:7c RSSI=-77 "RongCloud"WPA_PSK
09-18 15:52:00.012 I/TimeManager( 4781): receiver action = android.intent.action.TIME_TICK
09-18 15:52:00.036 I/HwLauncher( 7837): Model  onReceive intent=Intent { act=android.intent.action.TIME_TICK flg=0x50000014 (has extras) }
09-18 15:52:00.037 I/HwLauncher( 7837): Model  onReceive user=UserHandle{0}
09-18 15:52:00.060 I/TotemWeather( 7837): CityTimeView CityTimeView mCurrentViewMode = 10141
09-18 15:52:00.105 I/TotemWeather( 7837): CityTimeFormatView CityTimeFormatView setTimeFormat is24Hour=true,timeFormat=
09-18 15:52:00.106 I/TotemWeather( 7837): DateTimeManager send message delay millis = 60894 ms
09-18 15:52:00.134 E/WifiConfigStore( 4195): updateConfiguration freq=5240 BSSID=8c:fe:74:23:b0:7c RSSI=-76 "RongCloud"WPA_PSK
09-18 15:52:03.158 I/SendBroadcastPermission( 4195): action:android.net.wifi.RSSI_CHANGED, mPermissionType:0
09-18 15:52:03.160 E/WifiConfigStore( 4195): updateConfiguration freq=5240 BSSID=8c:fe:74:23:b0:7c RSSI=-75 "RongCloud"WPA_PSK
09-18 15:52:06.177 I/SendBroadcastPermission( 4195): action:android.net.wifi.RSSI_CHANGED, mPermissionType:0
09-18 15:52:06.178 E/WifiConfigStore( 4195): updateConfiguration freq=5240 BSSID=8c:fe:74:23:b0:7c RSSI=-76 "RongCloud"WPA_PSK
09-18 15:52:07.272 I/Bluetooth( 7860): HeadsetStateMachine:Disconnected process message: 10, size: 0
09-18 15:52:07.274 I/HwPowerMonitor.PowerExceptionObservable( 6614): unhandled onEvent actionID: 3002
09-18 15:52:07.275 I/HwPowerMonitor.DayActObserver( 6614): in PowerMonitorHandler, will handle msg.what = battery_changed, Utils.isCharging() = true
09-18 15:52:09.205 I/SendBroadcastPermission( 4195): action:android.net.wifi.RSSI_CHANGED, mPermissionType:0
09-18 15:52:09.208 E/WifiConfigStore( 4195): updateConfiguration freq=5240 BSSID=8c:fe:74:23:b0:7c RSSI=-75 "RongCloud"WPA_PSK
09-18 15:52:11.850 E/Thermal-daemon( 3734): [ap] temp_new :39  temp_old :40
09-18 15:52:11.851 E/Thermal-daemon( 3734): Report temperature: [ap] temp :39  report_threshold:1
09-18 15:52:12.235 I/SendBroadcastPermission( 4195): action:android.net.wifi.RSSI_CHANGED, mPermissionType:0
09-18 15:52:12.237 E/WifiConfigStore( 4195): updateConfiguration freq=5240 BSSID=8c:fe:74:23:b0:7c RSSI=-76 "RongCloud"WPA_PSK
09-18 15:52:15.266 E/WifiConfigStore( 4195): updateConfiguration freq=5240 BSSID=8c:fe:74:23:b0:7c RSSI=-76 "RongCloud"WPA_PSK
09-18 15:52:18.294 E/WifiConfigStore( 4195): updateConfiguration freq=5240 BSSID=8c:fe:74:23:b0:7c RSSI=-77 "RongCloud"WPA_PSK
09-18 15:52:21.322 E/WifiConfigStore( 4195): updateConfiguration freq=5240 BSSID=8c:fe:74:23:b0:7c RSSI=-77 "RongCloud"WPA_PSK
09-18 15:52:21.860 E/Thermal-daemon( 3734): [pa_0] temp_new :36  temp_old :37
09-18 15:52:21.860 E/Thermal-daemon( 3734): Report temperature: [pa_0] temp :36  report_threshold:1
09-18 15:52:22.217 I/SendBroadcastPermission( 4195): action:android.net.conn.DATA_ACTIVITY_CHANGE, mPermissionType:0
09-18 15:52:24.213 I/SendBroadcastPermission( 4195): action:android.net.conn.DATA_ACTIVITY_CHANGE, mPermissionType:0
09-18 15:52:24.344 I/SendBroadcastPermission( 4195): action:android.net.wifi.RSSI_CHANGED, mPermissionType:0
09-18 15:52:24.345 E/WifiConfigStore( 4195): updateConfiguration freq=5240 BSSID=8c:fe:74:23:b0:7c RSSI=-75 "RongCloud"WPA_PSK
09-18 15:52:26.864 E/Thermal-daemon( 3734): [pa_0] temp_new :37  temp_old :36
09-18 15:52:26.864 E/Thermal-daemon( 3734): Report temperature: [pa_0] temp :37  report_threshold:1
09-18 15:52:26.886 I/Bluetooth( 7860): HeadsetStateMachine:Disconnected process message: 10, size: 0
09-18 15:52:26.889 I/HwPowerMonitor.PowerExceptionObservable( 6614): unhandled onEvent actionID: 3002
09-18 15:52:26.890 I/HwPowerMonitor.DayActObserver( 6614): in PowerMonitorHandler, will handle msg.what = battery_changed, Utils.isCharging() = true
09-18 15:52:27.372 E/WifiConfigStore( 4195): updateConfiguration freq=5240 BSSID=8c:fe:74:23:b0:7c RSSI=-75 "RongCloud"WPA_PSK
09-18 15:52:30.399 I/SendBroadcastPermission( 4195): action:android.net.wifi.RSSI_CHANGED, mPermissionType:0
09-18 15:52:30.401 E/WifiConfigStore( 4195): updateConfiguration freq=5240 BSSID=8c:fe:74:23:b0:7c RSSI=-76 "RongCloud"WPA_PSK
09-18 15:52:33.429 E/WifiConfigStore( 4195): updateConfiguration freq=5240 BSSID=8c:fe:74:23:b0:7c RSSI=-76 "RongCloud"WPA_PSK
09-18 15:52:36.452 I/SendBroadcastPermission( 4195): action:android.net.wifi.RSSI_CHANGED, mPermissionType:0
09-18 15:52:36.453 E/WifiConfigStore( 4195): updateConfiguration freq=5240 BSSID=8c:fe:74:23:b0:7c RSSI=-75 "RongCloud"WPA_PSK
09-18 15:52:36.876 E/Thermal-daemon( 3734): [pa_0] temp_new :36  temp_old :37
09-18 15:52:36.877 E/Thermal-daemon( 3734): Report temperature: [pa_0] temp :36  report_threshold:1
09-18 15:52:37.038 I/LocationManagerService( 4195): remove e5b1af1
09-18 15:52:37.039 I/SendBroadcastPermission( 4195): action:android.location.LOCATION_REQUEST_CHANGE_ACTION, mPermissionType:0
09-18 15:52:39.482 I/SendBroadcastPermission( 4195): action:android.net.wifi.RSSI_CHANGED, mPermissionType:0
09-18 15:52:39.484 E/WifiConfigStore( 4195): updateConfiguration freq=5240 BSSID=8c:fe:74:23:b0:7c RSSI=-75 "RongCloud"WPA_PSK
09-18 15:52:41.882 E/Thermal-daemon( 3734): [pa_0] temp_new :37  temp_old :36
09-18 15:52:41.883 E/Thermal-daemon( 3734): Report temperature: [pa_0] temp :37  report_threshold:1
09-18 15:52:42.515 I/SendBroadcastPermission( 4195): action:android.net.wifi.RSSI_CHANGED, mPermissionType:0
09-18 15:52:42.518 E/WifiConfigStore( 4195): updateConfiguration freq=5240 BSSID=8c:fe:74:23:b0:7c RSSI=-74 "RongCloud"WPA_PSK
09-18 15:52:45.547 E/WifiConfigStore( 4195): updateConfiguration freq=5240 BSSID=8c:fe:74:23:b0:7c RSSI=-72 "RongCloud"WPA_PSK
09-18 15:52:46.889 E/Thermal-daemon( 3734): [pa_0] temp_new :36  temp_old :37
09-18 15:52:46.889 E/Thermal-daemon( 3734): Report temperature: [pa_0] temp :36  report_threshold:1
09-18 15:52:46.891 E/Thermal-daemon( 3734): [flash_led] temp_new :37  temp_old :38
09-18 15:52:46.891 E/Thermal-daemon( 3734): Report temperature: [flash_led] temp :37  report_threshold:1
09-18 15:52:48.576 E/WifiConfigStore( 4195): updateConfiguration freq=5240 BSSID=8c:fe:74:23:b0:7c RSSI=-72 "RongCloud"WPA_PSK
09-18 15:52:51.579 I/SendBroadcastPermission( 4195): action:android.net.conn.DATA_ACTIVITY_CHANGE, mPermissionType:0
09-18 15:52:51.605 E/WifiConfigStore( 4195): updateConfiguration freq=5240 BSSID=8c:fe:74:23:b0:7c RSSI=-72 "RongCloud"WPA_PSK
09-18 15:52:51.896 E/Thermal-daemon( 3734): [charger_ic] temp_new :37  temp_old :38
09-18 15:52:51.897 E/Thermal-daemon( 3734): Report temperature: [charger_ic] temp :37  report_threshold:1
09-18 15:52:54.621 E/WifiConfigStore( 4195): updateConfiguration freq=5240 BSSID=8c:fe:74:23:b0:7c RSSI=-72 "RongCloud"WPA_PSK
09-18 15:52:54.759 W/AlarmManager( 4195): WAKEUP alarm trigger action = action.pfw.wakeup.timer elapsed = 190584497
09-18 15:52:54.857 I/SendBroadcastPermission( 4195): action:android.net.wifi.SCAN_RESULTS, mPermissionType:0
09-18 15:52:54.885 I/[Gralloc]( 3718): alloc w[16] h[16] format[1] usage[256]
09-18 15:52:54.886 I/[Gralloc]( 3718): alloc succ handle[0xb8b88150] stride[32]
09-18 15:52:54.892 E/linker  (23997): readlink('/proc/self/fd/21') failed: Permission denied [fd=21]
09-18 15:52:54.892 E/linker  (23997): warning: unable to get realpath for the library "/system/lib/hw/gralloc.hi3630.so". Will use given name.
09-18 15:52:54.896 E/linker  (23997): readlink('/proc/self/fd/21') failed: Permission denied [fd=21]
09-18 15:52:54.896 E/linker  (23997): warning: unable to get realpath for the library "libion.so". Will use given name.
09-18 15:52:54.900 E/HAL     (23997): load: id=gralloc != hmi->id=gralloc
09-18 15:52:54.941 I/SendBroadcastPermission( 4195): action:android.net.conn.DATA_ACTIVITY_CHANGE, mPermissionType:0
09-18 15:52:55.792 W/System  (23997): ClassLoader referenced unknown path: 
09-18 15:52:55.793 W/System  (23997): ClassLoader referenced unknown path: 
09-18 15:52:55.923 I/System.out(23997): [getprop, ro.miui.ui.version.name]
09-18 15:52:55.923 I/System.out(23997): null
09-18 15:52:55.923 I/System.out(23997): null
09-18 15:52:55.923 I/System.out(23997): Calling by::className:com.b.b  MethodName:a
09-18 15:52:55.964 I/System.out(23997): [getprop, ro.build.version.emui]
09-18 15:52:55.964 I/System.out(23997): null
09-18 15:52:55.964 I/System.out(23997): null
09-18 15:52:55.964 I/System.out(23997): Calling by::className:com.b.b  MethodName:a
09-18 15:52:56.640 I/LaunchBoost(23997): init LaunchBoost
09-18 15:52:56.654 I/SendBroadcastPermission(23997): action:com.UCMobile.intent.action.GUARDER_SWITCH_LISTEN_WAKELOCK_INFO_REQ_RSP, mPermissionType:0
09-18 15:52:56.683 I/HwCust  (23997): Constructor found for class android.app.HwCustAlarmManagerImpl
09-18 15:52:56.900 E/Thermal-daemon( 3734): [pa_0] temp_new :37  temp_old :36
09-18 15:52:56.901 E/Thermal-daemon( 3734): Report temperature: [pa_0] temp :37  report_threshold:1
09-18 15:52:56.903 E/Thermal-daemon( 3734): [flash_led] temp_new :38  temp_old :37
09-18 15:52:56.903 E/Thermal-daemon( 3734): Report temperature: [flash_led] temp :38  report_threshold:1
09-18 15:52:56.904 E/Thermal-daemon( 3734): [ap] temp_new :40  temp_old :39
09-18 15:52:56.904 E/Thermal-daemon( 3734): Report temperature: [ap] temp :40  report_threshold:1
09-18 15:52:56.971 I/Bluetooth( 7860): HeadsetStateMachine:Disconnected process message: 10, size: 0
09-18 15:52:56.977 I/HwPowerMonitor.PowerExceptionObservable( 6614): unhandled onEvent actionID: 3002
09-18 15:52:56.978 I/HwPowerMonitor.DayActObserver( 6614): in PowerMonitorHandler, will handle msg.what = battery_changed, Utils.isCharging() = true
09-18 15:52:57.646 E/WifiConfigStore( 4195): updateConfiguration freq=5240 BSSID=8c:fe:74:23:b0:7c RSSI=-72 "RongCloud"WPA_PSK
09-18 15:53:00.003 I/TimeManager( 4781): receiver action = android.intent.action.TIME_TICK
09-18 15:53:00.013 I/HwLauncher( 7837): Model  onReceive intent=Intent { act=android.intent.action.TIME_TICK flg=0x50000014 (has extras) }
09-18 15:53:00.013 I/HwLauncher( 7837): Model  onReceive user=UserHandle{0}
09-18 15:53:00.023 I/TotemWeather( 7837): CityTimeView CityTimeView mCurrentViewMode = 10141
09-18 15:53:00.042 I/TotemWeather( 7837): CityTimeFormatView CityTimeFormatView setTimeFormat is24Hour=true,timeFormat=
09-18 15:53:00.043 I/TotemWeather( 7837): DateTimeManager send message delay millis = 60957 ms
09-18 15:53:00.669 E/WifiConfigStore( 4195): updateConfiguration freq=5240 BSSID=8c:fe:74:23:b0:7c RSSI=-72 "RongCloud"WPA_PSK
09-18 15:53:01.907 E/Thermal-daemon( 3734): [charger_ic] temp_new :38  temp_old :37
09-18 15:53:01.908 E/Thermal-daemon( 3734): Report temperature: [charger_ic] temp :38  report_threshold:1
09-18 15:53:01.910 E/Thermal-daemon( 3734): [ap] temp_new :39  temp_old :40
09-18 15:53:01.910 E/Thermal-daemon( 3734): Report temperature: [ap] temp :39  report_threshold:1
09-18 15:53:03.687 E/WifiConfigStore( 4195): updateConfiguration freq=5240 BSSID=8c:fe:74:23:b0:7c RSSI=-73 "RongCloud"WPA_PSK
09-18 15:53:06.576 I/SendBroadcastPermission(23997): action:com.alibaba.analytics.config.change, mPermissionType:0
09-18 15:53:06.588 I/SendBroadcastPermission(23997): action:com.alibaba.analytics.config.change, mPermissionType:0
09-18 15:53:06.608 I/SendBroadcastPermission(23997): action:com.alibaba.analytics.config.change, mPermissionType:0
09-18 15:53:06.686 I/System  (23997): core_booster, getBoosterConfig = false
09-18 15:53:06.694 E/WifiConfigStore( 4195): updateConfiguration freq=5240 BSSID=8c:fe:74:23:b0:7c RSSI=-73 "RongCloud"WPA_PSK
09-18 15:53:06.911 E/Thermal-daemon( 3734): [pa_0] temp_new :36  temp_old :37
09-18 15:53:06.912 E/Thermal-daemon( 3734): Report temperature: [pa_0] temp :36  report_threshold:1
09-18 15:53:07.271 I/Bluetooth( 7860): HeadsetStateMachine:Disconnected process message: 10, size: 0
09-18 15:53:07.294 I/HwPowerMonitor.PowerExceptionObservable( 6614): unhandled onEvent actionID: 3002
09-18 15:53:07.294 I/HwPowerMonitor.DayActObserver( 6614): in PowerMonitorHandler, will handle msg.what = battery_changed, Utils.isCharging() = true
09-18 15:53:09.716 I/SendBroadcastPermission( 4195): action:android.net.wifi.RSSI_CHANGED, mPermissionType:0
09-18 15:53:09.718 E/WifiConfigStore( 4195): updateConfiguration freq=5240 BSSID=8c:fe:74:23:b0:7c RSSI=-74 "RongCloud"WPA_PSK
09-18 15:53:10.264 I/System.out(23997): [sh, -c, type su]
09-18 15:53:10.264 I/System.out(23997): null
09-18 15:53:10.264 I/System.out(23997): null
09-18 15:53:10.265 I/System.out(23997): Calling by::className:com.uc.crashsdk.a.g  MethodName:a
09-18 15:53:11.844 E/dex2oat (24165): Failed to create oat file: /data/dalvik-cache/arm/data@user@0@com.UCMobile@app_SGLib@app_1567671199@libsgmain_315456410000.zip@classes.dex: Permission denied
09-18 15:53:11.844 I/dex2oat (24165): dex2oat took 759.375us (threads: 4) 
09-18 15:53:11.847 W/art     (23997): Failed execv(/system/bin/dex2oat --runtime-arg -classpath --runtime-arg  --instruction-set=arm --instruction-set-features=smp,div,atomic_ldrd_strd --runtime-arg -Xrelocate --boot-image=/system/framework/boot.art --runtime-arg -Xms64m --runtime-arg -Xmx512m --instruction-set-variant=cortex-a15 --instruction-set-features=default --dex-file=/data/user/0/com.UCMobile/app_SGLib/app_1567671199/libsgmain_315456410000.zip --oat-file=/data/dalvik-cache/arm/data@user@0@com.UCMobile@app_SGLib@app_1567671199@libsgmain_315456410000.zip@classes.dex) because non-0 exit status
09-18 15:53:12.248 W/art     (23997): Verification of java.lang.String com.taobao.wireless.security.adapter.datacollection.DeviceInfoCapturer.doCommandForString(int) took 136.228ms
09-18 15:53:12.296 E/linker  (23997): readlink('/proc/self/fd/132') failed: Permission denied [fd=132]
09-18 15:53:12.296 E/linker  (23997): warning: unable to get realpath for the library "/data/app/com.UCMobile-2/lib/arm/libsgmainso-6.4.163.so". Will use given name.
09-18 15:53:12.313 E/FileLogNode( 8924): Failed to initialize the file logger.
09-18 15:53:12.344 I/HiAd    ( 8924):  
09-18 15:53:12.344 I/HiAd    ( 8924): ============================================================================
09-18 15:53:12.344 I/HiAd    ( 8924): ====== HiAd-3.4.25.305
09-18 15:53:12.344 I/HiAd    ( 8924): ====== Brand: Huawei Model: HUAWEI MT7-TL10 Release: 6.0 API: 23
09-18 15:53:12.344 I/HiAd    ( 8924): ============================================================================
09-18 15:53:12.345 I/HiAdKit.OpenDeviceIdentifierBindService( 8924):  onBind
09-18 15:53:12.373 I/HiAdKit.OpenDeviceIdentifierServiceImpl( 8924):  getoaid
09-18 15:53:12.413 I/HiAdKit.PpsBITracker( 8924):  OpenDevice reportEventTrack
09-18 15:53:12.441 I/HiAdKit.OpenDeviceIdentifierServiceImpl( 8924):  isOaidTrackLimited
09-18 15:53:12.727 I/SendBroadcastPermission( 4195): action:android.net.wifi.RSSI_CHANGED, mPermissionType:0
09-18 15:53:12.728 E/WifiConfigStore( 4195): updateConfiguration freq=5240 BSSID=8c:fe:74:23:b0:7c RSSI=-74 "RongCloud"WPA_PSK
09-18 15:53:14.536 I/System  (23997): core_booster, getBoosterConfig = false
09-18 15:53:15.740 E/WifiConfigStore( 4195): updateConfiguration freq=5240 BSSID=8c:fe:74:23:b0:7c RSSI=-73 "RongCloud"WPA_PSK
09-18 15:53:16.506 I/SendBroadcastPermission( 4195): action:android.net.wifi.SCAN_RESULTS, mPermissionType:0
09-18 15:53:17.443 I/art     (23997): Rejecting re-init on previously-failed class java.lang.Class<com.alibaba.wireless.security.open.securityguardaccsadapter.OrangeListener>
09-18 15:53:17.449 I/art     (23997): Rejecting re-init on previously-failed class java.lang.Class<com.alibaba.wireless.security.open.securityguardaccsadapter.OrangeListener>
09-18 15:53:17.450 I/art     (23997): Rejecting re-init on previously-failed class java.lang.Class<com.alibaba.wireless.security.open.securityguardaccsadapter.OrangeListener>
09-18 15:53:17.453 I/art     (23997): Rejecting re-init on previously-failed class java.lang.Class<com.alibaba.wireless.security.open.securityguardaccsadapter.OrangeListener>
09-18 15:53:17.453 I/art     (23997): Rejecting re-init on previously-failed class java.lang.Class<com.alibaba.wireless.security.open.securityguardaccsadapter.OrangeListener>
09-18 15:53:17.458 I/art     (23997): Rejecting re-init on previously-failed class java.lang.Class<com.alibaba.wireless.security.open.securityguardaccsadapter.OrangeListener>
09-18 15:53:17.458 I/art     (23997): Rejecting re-init on previously-failed class java.lang.Class<com.alibaba.wireless.security.open.securityguardaccsadapter.OrangeListener>
09-18 15:53:17.670 I/WVCdm   ( 3794): CdmEngine::QueryStatus
09-18 15:53:17.673 I/WVCdm   ( 3794): Level3 Library Jun 15 2015 14:09:24
09-18 15:53:17.695 W/WVCdm   ( 3794): Could not read /data/mediadrm/IDM1013/ay64.dat2: No such file or directory
09-18 15:53:17.698 W/WVCdm   ( 3794): Could not load liboemcrypto.so. Falling back to L3.  dlopen failed: library "liboemcrypto.so" not found
09-18 15:53:18.759 E/WifiConfigStore( 4195): updateConfiguration freq=5240 BSSID=8c:fe:74:23:b0:7c RSSI=-72 "RongCloud"WPA_PSK
09-18 15:53:21.779 E/WifiConfigStore( 4195): updateConfiguration freq=5240 BSSID=8c:fe:74:23:b0:7c RSSI=-73 "RongCloud"WPA_PSK
09-18 15:53:24.805 E/WifiConfigStore( 4195): updateConfiguration freq=5240 BSSID=8c:fe:74:23:b0:7c RSSI=-73 "RongCloud"WPA_PSK
09-18 15:53:26.398 I/SendBroadcastPermission(23997): action:com.action.utdid, mPermissionType:0
09-18 15:53:26.583 I/System  (23997): core_booster, getBoosterConfig = false
09-18 15:53:26.596 I/System  (23997): core_booster, getBoosterConfig = false
09-18 15:53:26.813 I/Bluetooth_framework( 4195): BluetoothManagerService:Message: 20
09-18 15:53:26.813 I/Bluetooth_framework( 4195): BluetoothManagerService:Added callback: android.bluetooth.IBluetoothManagerCallback$Stub$Proxy@68b6432:true pid = 23997
09-18 15:53:26.820 W/System.err( 7860): java.lang.SecurityException: Need BLUETOOTH permission: Neither user 10207 nor current process has android.permission.BLUETOOTH.
09-18 15:53:26.833 W/System.err( 7860): 	at android.app.ContextImpl.enforce(ContextImpl.java:1595)
09-18 15:53:26.833 W/System.err( 7860): 	at android.app.ContextImpl.enforceCallingOrSelfPermission(ContextImpl.java:1627)
09-18 15:53:26.833 W/System.err( 7860): 	at android.content.ContextWrapper.enforceCallingOrSelfPermission(ContextWrapper.java:675)
09-18 15:53:26.833 W/System.err( 7860): 	at com.android.bluetooth.btservice.AdapterService.isEnabled(AdapterService.java:1671)
09-18 15:53:26.833 W/System.err( 7860): 	at com.android.bluetooth.btservice.AdapterService$AdapterServiceBinder.isEnabled(AdapterService.java:903)
09-18 15:53:26.833 W/System.err( 7860): 	at android.bluetooth.IBluetooth$Stub.onTransact(IBluetooth.java:53)
09-18 15:53:26.834 W/System.err( 7860): 	at com.android.bluetooth.btservice.AdapterService$AdapterServiceBinder.onTransact(AdapterService.java:1564)
09-18 15:53:26.834 W/System.err( 7860): 	at android.os.Binder.execTransact(Binder.java:453)
09-18 15:53:26.844 I/System.out(23997): [cat, /proc/cpuinfo, |, grep, Serial]
09-18 15:53:26.844 I/System.out(23997): null
09-18 15:53:26.844 I/System.out(23997): null
09-18 15:53:26.849 I/System.out(23997): Calling by::className:com.ta.audid.collect.DeviceInfo2  MethodName:getCPUSerial
09-18 15:53:26.919 E/PhoneInterfaceManager( 6599): [PhoneIntfMgr] getIccId: ICC ID is null or empty.
09-18 15:53:26.930 E/Thermal-daemon( 3734): [pa_0] temp_new :37  temp_old :36
09-18 15:53:26.931 E/Thermal-daemon( 3734): Report temperature: [pa_0] temp :37  report_threshold:1
09-18 15:53:26.982 W/System.err( 4195): java.lang.SecurityException: Must have android.permission.USE_FINGERPRINT permission.: Neither user 10207 nor current process has android.permission.USE_FINGERPRINT.
09-18 15:53:26.993 W/System.err( 4195): 	at android.app.ContextImpl.enforce(ContextImpl.java:1595)
09-18 15:53:26.994 W/System.err( 4195): 	at android.app.ContextImpl.enforceCallingOrSelfPermission(ContextImpl.java:1627)
09-18 15:53:26.994 W/System.err( 4195): 	at com.android.server.fingerprint.FingerprintService.checkPermission(FingerprintService.java:516)
09-18 15:53:26.994 W/System.err( 4195): 	at com.android.server.fingerprint.FingerprintService.canUseFingerprint(FingerprintService.java:570)
09-18 15:53:26.994 W/System.err( 4195): 	at com.android.server.fingerprint.FingerprintService.access$1200(FingerprintService.java:82)
09-18 15:53:26.994 W/System.err( 4195): 	at com.android.server.fingerprint.FingerprintService$FingerprintServiceWrapper.isHardwareDetected(FingerprintService.java:955)
09-18 15:53:26.994 W/System.err( 4195): 	at android.hardware.fingerprint.IFingerprintService$Stub.onTransact(IFingerprintService.java:152)
09-18 15:53:26.994 W/System.err( 4195): 	at android.os.Binder.execTransact(Binder.java:453)
09-18 15:53:27.019 I/Bluetooth( 7860): HeadsetStateMachine:Disconnected process message: 10, size: 0
09-18 15:53:27.022 I/HwPowerMonitor.PowerExceptionObservable( 6614): unhandled onEvent actionID: 3002
09-18 15:53:27.023 I/HwPowerMonitor.DayActObserver( 6614): in PowerMonitorHandler, will handle msg.what = battery_changed, Utils.isCharging() = true
09-18 15:53:27.054 W/System.err( 7860): java.lang.SecurityException: Need BLUETOOTH permission: Neither user 10207 nor current process has android.permission.BLUETOOTH.
09-18 15:53:27.055 W/System.err( 7860): 	at android.app.ContextImpl.enforce(ContextImpl.java:1595)
09-18 15:53:27.055 W/System.err( 7860): 	at android.app.ContextImpl.enforceCallingOrSelfPermission(ContextImpl.java:1627)
09-18 15:53:27.055 W/System.err( 7860): 	at android.content.ContextWrapper.enforceCallingOrSelfPermission(ContextWrapper.java:675)
09-18 15:53:27.055 W/System.err( 7860): 	at com.android.bluetooth.btservice.AdapterService.isEnabled(AdapterService.java:1671)
09-18 15:53:27.055 W/System.err( 7860): 	at com.android.bluetooth.btservice.AdapterService$AdapterServiceBinder.isEnabled(AdapterService.java:903)
09-18 15:53:27.055 W/System.err( 7860): 	at android.bluetooth.IBluetooth$Stub.onTransact(IBluetooth.java:53)
09-18 15:53:27.055 W/System.err( 7860): 	at com.android.bluetooth.btservice.AdapterService$AdapterServiceBinder.onTransact(AdapterService.java:1564)
09-18 15:53:27.055 W/System.err( 7860): 	at android.os.Binder.execTransact(Binder.java:453)
09-18 15:53:27.080 E/SELinux ( 3717): avc:  denied  { find } for service=batteryproperties scontext=u:r:untrusted_app:s0:c512,c768 tcontext=u:object_r:healthd_service:s0 tclass=service_manager
09-18 15:53:27.083 E/SELinux ( 3717): avc:  denied  { find } for service=batteryproperties scontext=u:r:untrusted_app:s0:c512,c768 tcontext=u:object_r:healthd_service:s0 tclass=service_manager
09-18 15:53:27.088 I/System.out(23997): [cat, /sys/class/power_supply/battery/uevent]
09-18 15:53:27.088 I/System.out(23997): null
09-18 15:53:27.088 I/System.out(23997): null
09-18 15:53:27.089 I/System.out(23997): Calling by::className:com.ta.audid.collect.DeviceInfo2  MethodName:getBattery0
09-18 15:53:27.832 E/WifiConfigStore( 4195): updateConfiguration freq=5240 BSSID=8c:fe:74:23:b0:7c RSSI=-72 "RongCloud"WPA_PSK
09-18 15:53:30.860 E/WifiConfigStore( 4195): updateConfiguration freq=5240 BSSID=8c:fe:74:23:b0:7c RSSI=-72 "RongCloud"WPA_PSK
09-18 15:53:31.936 E/Thermal-daemon( 3734): [charger_ic] temp_new :37  temp_old :38
09-18 15:53:31.936 E/Thermal-daemon( 3734): Report temperature: [charger_ic] temp :37  report_threshold:1
09-18 15:53:33.885 E/WifiConfigStore( 4195): updateConfiguration freq=5240 BSSID=8c:fe:74:23:b0:7c RSSI=-73 "RongCloud"WPA_PSK
09-18 15:53:36.910 E/WifiConfigStore( 4195): updateConfiguration freq=5240 BSSID=8c:fe:74:23:b0:7c RSSI=-73 "RongCloud"WPA_PSK
09-18 15:53:36.940 E/Thermal-daemon( 3734): [pa_0] temp_new :36  temp_old :37
09-18 15:53:36.941 E/Thermal-daemon( 3734): Report temperature: [pa_0] temp :36  report_threshold:1
09-18 15:53:36.942 E/Thermal-daemon( 3734): [charger_ic] temp_new :38  temp_old :37
09-18 15:53:36.942 E/Thermal-daemon( 3734): Report temperature: [charger_ic] temp :38  report_threshold:1
09-18 15:53:39.940 E/WifiConfigStore( 4195): updateConfiguration freq=5240 BSSID=8c:fe:74:23:b0:7c RSSI=-74 "RongCloud"WPA_PSK
09-18 15:53:42.963 I/SendBroadcastPermission( 4195): action:android.net.wifi.RSSI_CHANGED, mPermissionType:0
09-18 15:53:42.965 E/WifiConfigStore( 4195): updateConfiguration freq=5240 BSSID=8c:fe:74:23:b0:7c RSSI=-75 "RongCloud"WPA_PSK
09-18 15:53:45.989 E/WifiConfigStore( 4195): updateConfiguration freq=5240 BSSID=8c:fe:74:23:b0:7c RSSI=-76 "RongCloud"WPA_PSK
09-18 15:53:46.955 E/Thermal-daemon( 3734): [charger_ic] temp_new :37  temp_old :38
09-18 15:53:46.956 E/Thermal-daemon( 3734): Report temperature: [charger_ic] temp :37  report_threshold:1
09-18 15:53:49.012 I/SendBroadcastPermission( 4195): action:android.net.wifi.RSSI_CHANGED, mPermissionType:0
09-18 15:53:49.014 E/WifiConfigStore( 4195): updateConfiguration freq=5240 BSSID=8c:fe:74:23:b0:7c RSSI=-75 "RongCloud"WPA_PSK
09-18 15:53:52.042 E/WifiConfigStore( 4195): updateConfiguration freq=5240 BSSID=8c:fe:74:23:b0:7c RSSI=-74 "RongCloud"WPA_PSK
09-18 15:53:55.062 I/SendBroadcastPermission( 4195): action:android.net.wifi.RSSI_CHANGED, mPermissionType:0
09-18 15:53:55.063 E/WifiConfigStore( 4195): updateConfiguration freq=5240 BSSID=8c:fe:74:23:b0:7c RSSI=-75 "RongCloud"WPA_PSK
09-18 15:53:57.116 I/Bluetooth( 7860): HeadsetStateMachine:Disconnected process message: 10, size: 0
09-18 15:53:57.119 I/HwPowerMonitor.PowerExceptionObservable( 6614): unhandled onEvent actionID: 3002
09-18 15:53:57.120 I/HwPowerMonitor.DayActObserver( 6614): in PowerMonitorHandler, will handle msg.what = battery_changed, Utils.isCharging() = true
09-18 15:53:58.079 E/WifiConfigStore( 4195): updateConfiguration freq=5240 BSSID=8c:fe:74:23:b0:7c RSSI=-75 "RongCloud"WPA_PSK
09-18 15:54:00.011 I/TimeManager( 4781): receiver action = android.intent.action.TIME_TICK
09-18 15:54:00.037 I/HwLauncher( 7837): Model  onReceive intent=Intent { act=android.intent.action.TIME_TICK flg=0x50000014 (has extras) }
09-18 15:54:00.037 I/HwLauncher( 7837): Model  onReceive user=UserHandle{0}
09-18 15:54:00.055 I/TotemWeather( 7837): CityTimeView CityTimeView mCurrentViewMode = 10141
09-18 15:54:00.077 I/TotemWeather( 7837): CityTimeFormatView CityTimeFormatView setTimeFormat is24Hour=true,timeFormat=
09-18 15:54:00.078 I/TotemWeather( 7837): DateTimeManager send message delay millis = 60922 ms
09-18 15:54:01.103 I/SendBroadcastPermission( 4195): action:android.net.wifi.RSSI_CHANGED, mPermissionType:0
09-18 15:54:01.105 E/WifiConfigStore( 4195): updateConfiguration freq=5240 BSSID=8c:fe:74:23:b0:7c RSSI=-75 "RongCloud"WPA_PSK
09-18 15:54:01.156 W/AlarmManager( 4195): WAKEUP alarm trigger action = null elapsed = 190650902
09-18 15:54:01.186 I/HwCust  (23873): Constructor found for class android.app.HwCustAlarmManagerImpl
09-18 15:54:01.192 I/[RC:L-ping-S](23840): {"ptid":"23873-4428","interval":190800935,"enabled":true}
09-18 15:54:01.203 I/RongLog (23873): [RongLog][ NativeClient ] loginInfo: 
09-18 15:54:01.207 I/[RC:L-ping-S](23840): {"ptid":"23873-4428","interval":190800935,"enabled":false}
09-18 15:54:01.219 E/RongLog (23840): [RongLog][ RongIMClient ] mToken is cleared for terminal reconnect reason
09-18 15:54:01.974 E/Thermal-daemon( 3734): [flash_led] temp_new :37  temp_old :38
09-18 15:54:01.975 E/Thermal-daemon( 3734): Report temperature: [flash_led] temp :37  report_threshold:1
09-18 15:54:04.120 E/WifiConfigStore( 4195): updateConfiguration freq=5240 BSSID=8c:fe:74:23:b0:7c RSSI=-75 "RongCloud"WPA_PSK
09-18 15:54:06.980 E/Thermal-daemon( 3734): [flash_led] temp_new :38  temp_old :37
09-18 15:54:06.981 E/Thermal-daemon( 3734): Report temperature: [flash_led] temp :38  report_threshold:1
09-18 15:54:07.145 E/WifiConfigStore( 4195): updateConfiguration freq=5240 BSSID=8c:fe:74:23:b0:7c RSSI=-73 "RongCloud"WPA_PSK
09-18 15:54:10.172 E/WifiConfigStore( 4195): updateConfiguration freq=5240 BSSID=8c:fe:74:23:b0:7c RSSI=-73 "RongCloud"WPA_PSK
09-18 15:54:11.985 E/Thermal-daemon( 3734): [pa_0] temp_new :37  temp_old :36
09-18 15:54:11.985 E/Thermal-daemon( 3734): Report temperature: [pa_0] temp :37  report_threshold:1
09-18 15:54:12.622 E/dex2oat (24223): Failed to create oat file: /data/dalvik-cache/arm/data@user@0@com.UCMobile@app_SGLib@app_1567671199@libsgsecuritybody_315456410000.zip@classes.dex: Permission denied
09-18 15:54:12.622 I/dex2oat (24223): dex2oat took 833.541us (threads: 4) 
09-18 15:54:12.626 W/art     (23997): Failed execv(/system/bin/dex2oat --runtime-arg -classpath --runtime-arg  --instruction-set=arm --instruction-set-features=smp,div,atomic_ldrd_strd --runtime-arg -Xrelocate --boot-image=/system/framework/boot.art --runtime-arg -Xms64m --runtime-arg -Xmx512m --instruction-set-variant=cortex-a15 --instruction-set-features=default --dex-file=/data/user/0/com.UCMobile/app_SGLib/app_1567671199/libsgsecuritybody_315456410000.zip --oat-file=/data/dalvik-cache/arm/data@user@0@com.UCMobile@app_SGLib@app_1567671199@libsgsecuritybody_315456410000.zip@classes.dex) because non-0 exit status
09-18 15:54:12.816 E/linker  (23997): readlink('/proc/self/fd/139') failed: Permission denied [fd=139]
09-18 15:54:12.816 E/linker  (23997): warning: unable to get realpath for the library "/data/app/com.UCMobile-2/lib/arm/libsgsecuritybodyso-6.4.95.so". Will use given name.
09-18 15:54:13.192 E/WifiConfigStore( 4195): updateConfiguration freq=5240 BSSID=8c:fe:74:23:b0:7c RSSI=-72 "RongCloud"WPA_PSK
09-18 15:54:16.219 E/WifiConfigStore( 4195): updateConfiguration freq=5240 BSSID=8c:fe:74:23:b0:7c RSSI=-73 "RongCloud"WPA_PSK
09-18 15:54:16.992 E/Thermal-daemon( 3734): [pa_0] temp_new :36  temp_old :37
09-18 15:54:16.992 E/Thermal-daemon( 3734): Report temperature: [pa_0] temp :36  report_threshold:1
09-18 15:54:19.243 E/WifiConfigStore( 4195): updateConfiguration freq=5240 BSSID=8c:fe:74:23:b0:7c RSSI=-72 "RongCloud"WPA_PSK
09-18 15:54:21.998 E/Thermal-daemon( 3734): [pa_0] temp_new :37  temp_old :36
09-18 15:54:21.998 E/Thermal-daemon( 3734): Report temperature: [pa_0] temp :37  report_threshold:1
09-18 15:54:22.000 E/Thermal-daemon( 3734): [flash_led] temp_new :37  temp_old :38
09-18 15:54:22.001 E/Thermal-daemon( 3734): Report temperature: [flash_led] temp :37  report_threshold:1
09-18 15:54:22.261 E/WifiConfigStore( 4195): updateConfiguration freq=5240 BSSID=8c:fe:74:23:b0:7c RSSI=-72 "RongCloud"WPA_PSK
09-18 15:54:25.289 E/WifiConfigStore( 4195): updateConfiguration freq=5240 BSSID=8c:fe:74:23:b0:7c RSSI=-72 "RongCloud"WPA_PSK
09-18 15:54:27.004 E/Thermal-daemon( 3734): [pa_0] temp_new :36  temp_old :37
09-18 15:54:27.004 E/Thermal-daemon( 3734): Report temperature: [pa_0] temp :36  report_threshold:1
09-18 15:54:27.006 E/Thermal-daemon( 3734): [flash_led] temp_new :38  temp_old :37
09-18 15:54:27.007 E/Thermal-daemon( 3734): Report temperature: [flash_led] temp :38  report_threshold:1
09-18 15:54:27.180 I/Bluetooth( 7860): HeadsetStateMachine:Disconnected process message: 10, size: 0
09-18 15:54:27.183 I/HwPowerMonitor.PowerExceptionObservable( 6614): unhandled onEvent actionID: 3002
09-18 15:54:27.183 I/HwPowerMonitor.DayActObserver( 6614): in PowerMonitorHandler, will handle msg.what = battery_changed, Utils.isCharging() = true
09-18 15:54:28.318 I/SendBroadcastPermission( 4195): action:android.net.wifi.RSSI_CHANGED, mPermissionType:0
09-18 15:54:28.320 E/WifiConfigStore( 4195): updateConfiguration freq=5240 BSSID=8c:fe:74:23:b0:7c RSSI=-74 "RongCloud"WPA_PSK
09-18 15:54:31.351 E/WifiConfigStore( 4195): updateConfiguration freq=5240 BSSID=8c:fe:74:23:b0:7c RSSI=-76 "RongCloud"WPA_PSK
09-18 15:54:34.380 E/WifiConfigStore( 4195): updateConfiguration freq=5240 BSSID=8c:fe:74:23:b0:7c RSSI=-76 "RongCloud"WPA_PSK
09-18 15:54:37.398 I/SendBroadcastPermission( 4195): action:android.net.wifi.RSSI_CHANGED, mPermissionType:0
09-18 15:54:37.399 E/WifiConfigStore( 4195): updateConfiguration freq=5240 BSSID=8c:fe:74:23:b0:7c RSSI=-74 "RongCloud"WPA_PSK
09-18 15:54:40.416 E/WifiConfigStore( 4195): updateConfiguration freq=5240 BSSID=8c:fe:74:23:b0:7c RSSI=-74 "RongCloud"WPA_PSK
09-18 15:54:43.443 I/SendBroadcastPermission( 4195): action:android.net.wifi.RSSI_CHANGED, mPermissionType:0
09-18 15:54:43.445 E/WifiConfigStore( 4195): updateConfiguration freq=5240 BSSID=8c:fe:74:23:b0:7c RSSI=-77 "RongCloud"WPA_PSK
09-18 15:54:46.473 E/WifiConfigStore( 4195): updateConfiguration freq=5240 BSSID=8c:fe:74:23:b0:7c RSSI=-77 "RongCloud"WPA_PSK
09-18 15:54:47.038 E/Thermal-daemon( 3734): [flash_led] temp_new :37  temp_old :38
09-18 15:54:47.038 E/Thermal-daemon( 3734): Report temperature: [flash_led] temp :37  report_threshold:1
09-18 15:54:49.490 I/SendBroadcastPermission( 4195): action:android.net.wifi.RSSI_CHANGED, mPermissionType:0
09-18 15:54:49.492 E/WifiConfigStore( 4195): updateConfiguration freq=5240 BSSID=8c:fe:74:23:b0:7c RSSI=-75 "RongCloud"WPA_PSK
09-18 15:54:52.044 E/Thermal-daemon( 3734): [flash_led] temp_new :38  temp_old :37
09-18 15:54:52.045 E/Thermal-daemon( 3734): Report temperature: [flash_led] temp :38  report_threshold:1
09-18 15:54:52.513 I/SendBroadcastPermission( 4195): action:android.net.wifi.RSSI_CHANGED, mPermissionType:0
09-18 15:54:52.514 E/WifiConfigStore( 4195): updateConfiguration freq=5240 BSSID=8c:fe:74:23:b0:7c RSSI=-76 "RongCloud"WPA_PSK
09-18 15:54:55.542 E/WifiConfigStore( 4195): updateConfiguration freq=5240 BSSID=8c:fe:74:23:b0:7c RSSI=-76 "RongCloud"WPA_PSK
09-18 15:54:57.049 E/Thermal-daemon( 3734): [flash_led] temp_new :37  temp_old :38
09-18 15:54:57.050 E/Thermal-daemon( 3734): Report temperature: [flash_led] temp :37  report_threshold:1
09-18 15:54:57.293 I/Bluetooth( 7860): HeadsetStateMachine:Disconnected process message: 10, size: 0
09-18 15:54:57.309 I/HwPowerMonitor.PowerExceptionObservable( 6614): unhandled onEvent actionID: 3002
09-18 15:54:57.310 I/HwPowerMonitor.DayActObserver( 6614): in PowerMonitorHandler, will handle msg.what = battery_changed, Utils.isCharging() = true
09-18 15:54:58.566 I/SendBroadcastPermission( 4195): action:android.net.wifi.RSSI_CHANGED, mPermissionType:0
09-18 15:54:58.569 E/WifiConfigStore( 4195): updateConfiguration freq=5240 BSSID=8c:fe:74:23:b0:7c RSSI=-74 "RongCloud"WPA_PSK
09-18 15:55:00.010 I/TimeManager( 4781): receiver action = android.intent.action.TIME_TICK
09-18 15:55:00.041 I/HwLauncher( 7837): Model  onReceive intent=Intent { act=android.intent.action.TIME_TICK flg=0x50000014 (has extras) }
09-18 15:55:00.041 I/HwLauncher( 7837): Model  onReceive user=UserHandle{0}
09-18 15:55:00.055 I/TotemWeather( 7837): CityTimeView CityTimeView mCurrentViewMode = 10141
09-18 15:55:00.078 I/TotemWeather( 7837): CityTimeFormatView CityTimeFormatView setTimeFormat is24Hour=true,timeFormat=
09-18 15:55:00.080 I/TotemWeather( 7837): DateTimeManager send message delay millis = 60920 ms
09-18 15:55:01.594 E/WifiConfigStore( 4195): updateConfiguration freq=5240 BSSID=8c:fe:74:23:b0:7c RSSI=-73 "RongCloud"WPA_PSK
09-18 15:55:02.056 E/Thermal-daemon( 3734): [flash_led] temp_new :38  temp_old :37
09-18 15:55:02.057 E/Thermal-daemon( 3734): Report temperature: [flash_led] temp :38  report_threshold:1
09-18 15:55:04.621 E/WifiConfigStore( 4195): updateConfiguration freq=5240 BSSID=8c:fe:74:23:b0:7c RSSI=-72 "RongCloud"WPA_PSK
09-18 15:55:07.062 E/Thermal-daemon( 3734): [flash_led] temp_new :37  temp_old :38
09-18 15:55:07.062 E/Thermal-daemon( 3734): Report temperature: [flash_led] temp :37  report_threshold:1
09-18 15:55:07.268 I/Bluetooth( 7860): HeadsetStateMachine:Disconnected process message: 10, size: 0
09-18 15:55:07.288 I/HwPowerMonitor.PowerExceptionObservable( 6614): unhandled onEvent actionID: 3002
09-18 15:55:07.289 I/HwPowerMonitor.DayActObserver( 6614): in PowerMonitorHandler, will handle msg.what = battery_changed, Utils.isCharging() = true
09-18 15:55:07.644 E/WifiConfigStore( 4195): updateConfiguration freq=5240 BSSID=8c:fe:74:23:b0:7c RSSI=-73 "RongCloud"WPA_PSK
09-18 15:55:10.670 E/WifiConfigStore( 4195): updateConfiguration freq=5240 BSSID=8c:fe:74:23:b0:7c RSSI=-73 "RongCloud"WPA_PSK
09-18 15:55:13.695 I/SendBroadcastPermission( 4195): action:android.net.wifi.RSSI_CHANGED, mPermissionType:0
09-18 15:55:13.696 E/WifiConfigStore( 4195): updateConfiguration freq=5240 BSSID=8c:fe:74:23:b0:7c RSSI=-74 "RongCloud"WPA_PSK
09-18 15:55:16.725 E/WifiConfigStore( 4195): updateConfiguration freq=5240 BSSID=8c:fe:74:23:b0:7c RSSI=-75 "RongCloud"WPA_PSK
09-18 15:55:19.750 E/WifiConfigStore( 4195): updateConfiguration freq=5240 BSSID=8c:fe:74:23:b0:7c RSSI=-75 "RongCloud"WPA_PSK
09-18 15:55:22.778 E/WifiConfigStore( 4195): updateConfiguration freq=5240 BSSID=8c:fe:74:23:b0:7c RSSI=-75 "RongCloud"WPA_PSK
09-18 15:55:25.805 E/WifiConfigStore( 4195): updateConfiguration freq=5240 BSSID=8c:fe:74:23:b0:7c RSSI=-75 "RongCloud"WPA_PSK
09-18 15:55:27.376 I/Bluetooth( 7860): HeadsetStateMachine:Disconnected process message: 10, size: 0
09-18 15:55:27.380 I/HwPowerMonitor.PowerExceptionObservable( 6614): unhandled onEvent actionID: 3002
09-18 15:55:27.381 I/HwPowerMonitor.DayActObserver( 6614): in PowerMonitorHandler, will handle msg.what = battery_changed, Utils.isCharging() = true
09-18 15:55:27.613 I/SendBroadcastPermission( 4195): action:android.net.conn.DATA_ACTIVITY_CHANGE, mPermissionType:0
09-18 15:55:28.826 E/WifiConfigStore( 4195): updateConfiguration freq=5240 BSSID=8c:fe:74:23:b0:7c RSSI=-76 "RongCloud"WPA_PSK
09-18 15:55:28.965 I/art     ( 4195): Background sticky concurrent mark sweep GC freed 176535(12MB) AllocSpace objects, 78(1732KB) LOS objects, 23% free, 49MB/65MB, paused 4.135ms total 138.345ms
09-18 15:55:31.855 E/WifiConfigStore( 4195): updateConfiguration freq=5240 BSSID=8c:fe:74:23:b0:7c RSSI=-76 "RongCloud"WPA_PSK
