09-18 15:56:15.070 W/System.err(24358): 	at com.android.internal.os.ZygoteInit.main(ZygoteInit.java:684)
09-18 15:56:15.071 W/System.err(24358): android.os.DeadObjectException
09-18 15:56:15.072 W/System.err(24358): 	at android.os.BinderProxy.transactNative(Native Method)
09-18 15:56:15.072 W/System.err(24358): 	at android.os.BinderProxy.transact(Binder.java:505)
09-18 15:56:15.072 W/System.err(24358): 	at io.rong.imlib.IRLogOtherProgressCallback$Stub$Proxy.write(IRLogOtherProgressCallback.java:102)
09-18 15:56:15.072 W/System.err(24358): 	at io.rong.imlib.LibHandlerStub$61.write(LibHandlerStub.java:3190)
09-18 15:56:15.072 W/System.err(24358): 	at io.rong.common.RLog.writeFile(RLog.java:286)
09-18 15:56:15.072 W/System.err(24358): 	at io.rong.common.RLog.write(RLog.java:267)
09-18 15:56:15.072 W/System.err(24358): 	at io.rong.common.RLog.write(RLog.java:238)
09-18 15:56:15.073 W/System.err(24358): 	at io.rong.common.RLog.d(RLog.java:172)
09-18 15:56:15.073 W/System.err(24358): 	at io.rong.imlib.ipc.RongService.onDestroy(RongService.java:48)
09-18 15:56:15.073 W/System.err(24358): 	at android.app.ActivityThread.handleStopService(ActivityThread.java:3070)
09-18 15:56:15.073 W/System.err(24358): 	at android.app.ActivityThread.access$2300(ActivityThread.java:165)
09-18 15:56:15.073 W/System.err(24358): 	at android.app.ActivityThread$H.handleMessage(ActivityThread.java:1472)
09-18 15:56:15.073 W/System.err(24358): 	at android.os.Handler.dispatchMessage(Handler.java:102)
09-18 15:56:15.073 W/System.err(24358): 	at android.os.Looper.loop(Looper.java:150)
09-18 15:56:15.073 W/System.err(24358): 	at android.app.ActivityThread.main(ActivityThread.java:5546)
09-18 15:56:15.073 W/System.err(24358): 	at java.lang.reflect.Method.invoke(Native Method)
09-18 15:56:15.074 W/System.err(24358): 	at com.android.internal.os.ZygoteInit$MethodAndArgsCaller.run(ZygoteInit.java:794)
09-18 15:56:15.074 W/System.err(24358): 	at com.android.internal.os.ZygoteInit.main(ZygoteInit.java:684)
09-18 15:56:15.074 I/Process (24358): Sending signal. PID: 24358 SIG: 9
09-18 15:56:15.075 I/PgedBinderListener( 6581): kstate callback type:8 value1=24358 value2=KILLED
09-18 15:56:15.093 I/PgedBinderListener( 6581): kstate callback type:8 value1=24325 value2=KILLED
09-18 15:56:15.190 E/PackageLogInfoManager( 7513): checkPackageLogState, cr: android.app.ContextImpl$ApplicationContentResolver@8e9b714, packageNames: null
09-18 15:56:15.202 I/art     (24453): Late-enabling -Xcheck:jni
09-18 15:56:15.220 E/HsmCoreServiceImpl( 4195): onTransact in code is: 102
09-18 15:56:15.220 I/MediaProcessHandler( 4195): processOp opType: 1, uid: 10626, pid: 24325
09-18 15:56:15.220 W/MediaProcessHandler( 4195): remove target not exist, maybe the UI process: uid: 10626, pid: 24325
09-18 15:56:15.260 I/[Gralloc]( 3718): alloc w[16] h[16] format[1] usage[256]
09-18 15:56:15.261 I/[Gralloc]( 3718): alloc succ handle[0xb8b85088] stride[32]
09-18 15:56:15.265 I/[Gralloc]( 3718): alloc w[1080] h[1920] format[1] usage[2355]
09-18 15:56:15.266 I/[Gralloc]( 3718): alloc w[1080] h[1920] format[1] usage[3]
09-18 15:56:15.266 I/[Gralloc]( 3718): alloc succ handle[0xb8b86c08] stride[1120]
09-18 15:56:15.271 I/[Gralloc]( 3718): alloc succ handle[0xb8cae1a0] stride[1120]
09-18 15:56:15.272 E/HAL     (24453): load: id=gralloc != hmi->id=gralloc
09-18 15:56:15.282 I/HwSystemManager( 4979): NotificationGuideService:handle MSG_ACTIVIY_FOREGROUND, uid:10626
09-18 15:56:15.283 E/HsmCoreServiceImpl( 4195): onTransact in code is: 102
09-18 15:56:15.283 I/MediaProcessHandler( 4195): processOp opType: 1, uid: 10626, pid: 24358
09-18 15:56:15.283 W/MediaProcessHandler( 4195): remove target not exist, maybe the UI process: uid: 10626, pid: 24358
09-18 15:56:15.380 I/RongLog (24453): [RongLog][ RongIMClient ] RongIMClient
09-18 15:56:15.391 I/RongLog (24453): [RongLog][ RongIM ] init : cn.sa.im
09-18 15:56:15.460 I/FwLog   (24453): init FwLog: LogMode = 1, monitorLevel = 0, monitorType = 0
09-18 15:56:15.460 I/[RC:Log-Opened](24453): {"ptid":"24453-1*"}
09-18 15:56:15.463 I/[RC:A-init-O](24453): {"ptid":"24453-1*","appkey":"pvxdm17jpof6r","platform":"Android-23","model":"HUAWEI MT7-TL10","sdk":"2.9.22"}
09-18 15:56:15.495 I/art     (24487): Late-enabling -Xcheck:jni
09-18 15:56:15.498 I/Statistics(24453): start
09-18 15:56:15.513 I/RongLog-Push[PushNaviClient](24453): setPushNaviUrl nav.cn.ronghub.com;nav2-cn.ronghub.com
09-18 15:56:15.519 I/DeviceUtils(24453): getPhoneInformation.the phone information is: HUAWEI|HUAWEI MT7_TL10|23|WIFI||cn.sa.im
09-18 15:56:15.521 I/RongLog-Push[PushNaviClient](24453): navigation url : http://nav.cn.ronghub.com/navipush.json
09-18 15:56:15.523 I/RongLog (24453): [RongLog][ RongIMClient ] mReconnectInterval 10
09-18 15:56:15.527 I/System  (24453): core_booster, getBoosterConfig = false
09-18 15:56:15.544 I/[Gralloc]( 3718): alloc w[16] h[16] format[1] usage[256]
09-18 15:56:15.545 I/[Gralloc]( 3718): alloc succ handle[0xb8b05d58] stride[32]
09-18 15:56:15.551 E/HAL     (24487): load: id=gralloc != hmi->id=gralloc
09-18 15:56:15.586 I/RongLog (24453): [RongLog][ RongExtensionManager ] Can't find io.rong.sticker.StickerExtensionModule
09-18 15:56:15.588 W/ResourceType(24453): Invalid package identifier when getting bag for resource number 0x00000000
09-18 15:56:15.588 I/RongLog (24453): [RongLog][ DefaultExtensionModule ] not config rc_realtime_support_conversation_types in rc_config.xml
09-18 15:56:15.588 I/RongLog (24453): [RongLog][ RongExtensionManager ] registerExtensionModule DefaultExtensionModule
09-18 15:56:15.589 I/RongLog (24453): [RongLog][ InternalModuleManager ] init
09-18 15:56:15.590 I/RongLog (24453): [RongLog][ RongCallModule ] Constructor
09-18 15:56:15.592 I/RongLog (24453): [RongLog][ RongCallManager ] setReceivedCallListener, listener = io.rong.callkit.RongCallModule$2@40dcf35
09-18 15:56:15.593 I/RongLog (24453): [RongLog][ InternalModuleManager ] onInitialized
09-18 15:56:15.604 I/RongLog (24453): [RongLog][ RongExtensionManager ] registerExtensionModule SightExtensionModule
09-18 15:56:15.606 E/RongLog (24453): [RongLog][ RongExtensionManager ] Illegal extensionModule.
09-18 15:56:15.606 I/RongLog (24453): [RongLog][ RongExtensionManager ] registerExtensionModule ApkExtensionModule
09-18 15:56:15.607 I/RongLog (24453): [RongLog][ RongIM ] RongIM setOnReceiveMessageListener
09-18 15:56:15.611 I/RongLog (24487): [RongLog][ RongIMClient ] RongIMClient
09-18 15:56:15.618 W/RongLog (24487): [RongLog][ RongIM ] Init. Current process : cn.sa.im:ipc
09-18 15:56:15.620 I/System  (24453): core_booster, getBoosterConfig = false
09-18 15:56:15.623 I/RongLog (24487): [RongLog][ RongExtensionManager ] Can't find io.rong.sticker.StickerExtensionModule
09-18 15:56:15.624 I/HwCust  (24453): Constructor found for class android.app.HwCustHwWallpaperManagerImpl
09-18 15:56:15.624 I/RongLog (24487): [RongLog][ RongExtensionManager ] registerExtensionModule SightExtensionModule
09-18 15:56:15.625 E/RongLog (24487): [RongLog][ RongExtensionManager ] Illegal extensionModule.
09-18 15:56:15.625 I/RongLog (24487): [RongLog][ RongExtensionManager ] registerExtensionModule ApkExtensionModule
09-18 15:56:15.626 I/RongLog (24487): [RongLog][ RongIM ] RongIM setOnReceiveMessageListener
09-18 15:56:15.640 W/art     (24453): Before Android 4.1, method android.graphics.PorterDuffColorFilter android.support.graphics.drawable.VectorDrawableCompat.updateTintFilter(android.graphics.PorterDuffColorFilter, android.content.res.ColorStateList, android.graphics.PorterDuff$Mode) would have incorrectly overridden the package-private method in android.graphics.drawable.Drawable
09-18 15:56:15.662 I/RongLog (24453): [RongLog][ InternalModuleManager ] onLoaded
09-18 15:56:15.684 I/art     (24453): Rejecting re-init on previously-failed class java.lang.Class<android.support.v4.view.ViewCompat$OnUnhandledKeyEventListenerWrapper>
09-18 15:56:15.684 I/art     (24453): Rejecting re-init on previously-failed class java.lang.Class<android.support.v4.view.ViewCompat$OnUnhandledKeyEventListenerWrapper>
09-18 15:56:15.738 I/RongLog-Push[PushProtocalStack](24453): receive message type:CONNACK
09-18 15:56:15.774 I/[RC:A-join_chatroom-T](24453): {"ptid":"24453-1*","room_id":"1","existed":false,"count":0}
09-18 15:56:15.774 E/RongLog (24453): [RongLog][ RongIMClient ] joinChatRoom without connect!
09-18 15:56:15.778 E/[RC:A-join_chatroom-R](24453): {"ptid":"24453-1*","code":-2,"room_id":"1"}
09-18 15:56:15.778 I/TAG     (24453): APP hasn't call connect function.
09-18 15:56:15.841 I/RongLog-Push[PushProtocalStack](24453): receive message type:QUERYACK
09-18 15:56:15.845 E/RongLog-Push[PushManager](24453): Failed to config push. type:HUAWEI; errorCode:NOT_REGISTER_IN_ADMIN
09-18 15:56:15.845 E/RongLog-Push[PushManager](24453): Please fill in the parameters of HW in your RongCloud Admin.
09-18 15:56:15.849 I/SendBroadcastPermission(24453): action:io.rong.push.intent.THIRD_PARTY_PUSH_STATE, mPermissionType:0
09-18 15:56:16.117 I/RongLog (24453): [RongLog][ RongIMClient ] in Foreground
09-18 15:56:16.118 E/RongLog (24453): [RongLog][ RongIMClient ] rebind RongService: DISCONNECTED
09-18 15:56:16.123 I/RongLog-Push[RongPushClient](24453): clearAllNotifications
09-18 15:56:16.164 I/[RC:L-network_changed-S](24453): {"ptid":"24453-1*","network":"WIFI","available":true}
09-18 15:56:16.167 I/RongLog-Push[PushNaviClient](24453): navigation url : http://nav.cn.ronghub.com/navipush.json
09-18 15:56:16.196 I/RongLog (24453): [RongLog][ RongIMClient ] initMessageReceiver
09-18 15:56:16.197 E/SavePathUtils(24487): SavePath not exists..
09-18 15:56:16.203 I/RongLog (24487): [RongLog][ NavigationCacheHelper ] setUserPolicy, userPolicy = false
09-18 15:56:16.210 I/RongLog (24453): [RongLog][ ModuleManager ] init
09-18 15:56:16.211 I/RongLog (24453): [RongLog][ RongCallClient ] RongCallClient sInstance == null ?true
09-18 15:56:16.212 I/RongLog (24453): [RongLog][ RongCallClient ] init Re Initialization = false
09-18 15:56:16.225 I/RongLog (24453): [RongLog][ RealTimeLocationManager ] init false
09-18 15:56:16.226 W/ResourceType(24453): No package identifier when getting value for resource number 0x00000000
09-18 15:56:16.226 W/ResourceType(24453): Invalid package identifier when getting bag for resource number 0x00000000
09-18 15:56:16.228 I/RongLog (24453): [RongLog][ CustomServiceManager ] init false
09-18 15:56:16.233 E/RongLog-Push[PushMessageReceiver](24453): message is null. Return directly!
09-18 15:56:16.244 E/RongLog (24487): [RongLog][ NativeClient ] registerDeleteMessageType size: 2
09-18 15:56:16.273 E/HAL     (24453): load: id=gralloc != hmi->id=gralloc
09-18 15:56:16.273 I/OpenGLRenderer(24453): Initialized EGL, version 1.4
09-18 15:56:16.325 I/[Gralloc]( 3718): alloc w[1080] h[1920] format[1] usage[2816]
09-18 15:56:16.329 I/[Gralloc]( 3718): alloc succ handle[0xb8bffa00] stride[1120]
09-18 15:56:16.329 I/[Gralloc]( 3718): alloc w[1080] h[1920] format[1] usage[2816]
09-18 15:56:16.333 I/[Gralloc]( 3718): alloc succ handle[0xb8b853f0] stride[1120]
09-18 15:56:16.333 I/[Gralloc]( 3718): alloc w[1080] h[1920] format[1] usage[2816]
09-18 15:56:16.340 I/[Gralloc]( 3718): alloc succ handle[0xb8b9a810] stride[1120]
09-18 15:56:16.355 I/[RC:L-reconnect-T](24453): {"ptid":"24453-1*","sequences":0}
09-18 15:56:16.355 E/RongLog (24453): [RongLog][ RongIMClient ] token is empty!
09-18 15:56:16.357 E/[RC:L-reconnect-R](24453): {"ptid":"24453-1*","code":-1001,"network":"WIFI","sequences":0}
09-18 15:56:16.402 I/ActivityManager( 4195): Displayed cn.sa.im/.MainActivity: +1s324ms (total +1s707ms)
09-18 15:56:17.145 E/Thermal-daemon( 3734): [flash_led] temp_new :39  temp_old :38
09-18 15:56:17.146 E/Thermal-daemon( 3734): Report temperature: [flash_led] temp :39  report_threshold:1
09-18 15:56:17.147 E/Thermal-daemon( 3734): [ap] temp_new :43  temp_old :41
09-18 15:56:17.147 E/Thermal-daemon( 3734): Report temperature: [ap] temp :43  report_threshold:1
09-18 15:56:17.156 I/ThermalStateManager( 6581): triggerLevel = 0, triggerAction :{gpu=0, lcd=0, threshold_down=0, bcurrent=0, threshold_up=0, cpu_a15=0, ucurrent=0, cpu=0}
09-18 15:56:17.215 E/WifiConfigStore( 4195): updateConfiguration freq=5240 BSSID=8c:fe:74:23:b0:7c RSSI=-72 "RongCloud"WPA_PSK
09-18 15:56:17.225 I/K3V3CpuGovernorPolicy( 6581): set scene Hmp policy : 300 , 150
09-18 15:56:17.232 I/[Gralloc]( 3718): alloc w[360] h[642] format[1] usage[819]
09-18 15:56:17.234 I/[Gralloc]( 3718): alloc succ handle[0xb8b04d00] stride[416]
09-18 15:56:17.260 W/PGApi_client( 6581): recv actoionId = 10010, action = com.huawei.pgmng.PGAction@2743b94 actionId =10010 pkg =com.huawei.android.launcher extend1 =1507 extend2 = flag =3 type =1
09-18 15:56:17.260 W/PGMiddleWare( 6581): in handleAction method, action = 10010
09-18 15:56:17.260 W/PGMiddleWare( 6581): in handleAction, invoke client = com.huawei.pgmng.middleware.AudioEffectLowPowerImpl@842d05e, action = com.huawei.pgmng.PGAction@2743b94 actionId =10010 pkg =com.huawei.android.launcher extend1 =1507 extend2 = flag =3 type =1
09-18 15:56:17.272 I/HwLauncher( 7837): Launcher  onNewIntent mIsToUninstallApp = false,mIsLoading = false
09-18 15:56:17.276 I/HwLauncher( 7837): Launcher  onNewIntent end
09-18 15:56:17.281 I/HwSystemManager( 4979): NotificationGuideService:handle MSG_ACTIVIY_FOREGROUND, uid:10042
09-18 15:56:17.287 I/HwLauncher( 7837): Launcher onStart()
09-18 15:56:17.287 I/HwLauncher( 7837): Launcher dynamicIconsRegister
09-18 15:56:17.287 I/HwLauncher( 7837): DynamicUpdater registerReceiver
09-18 15:56:17.291 I/HwLauncher( 7837): DynamicUpdater call updateFolder
09-18 15:56:17.291 I/HwLauncher( 7837): WeatherDynamicUpdaterpositiveUpdate at WeatherDynamicUpdater
09-18 15:56:17.291 I/HwLauncher( 7837): DynamicIcon onResume  isvisible = true   mAttachedToWindow:false    mWindowVisible:falsecom.huawei.android.totemweather
09-18 15:56:17.292 I/HwLauncher( 7837): DynamicUpdater registerReceiver
09-18 15:56:17.296 I/HwLauncher( 7837): DynamicUpdater call updateFolder
09-18 15:56:17.296 I/HwLauncher( 7837): DynamicIcon onResume  isvisible = false   mAttachedToWindow:true    mWindowVisible:falsecom.android.deskclock
09-18 15:56:17.296 I/HwLauncher( 7837): DynamicUpdater registerReceiver
09-18 15:56:17.298 I/TotemWeather( 9856): Utils launcherIntent for weather DynamicIcon
09-18 15:56:17.298 E/TotemWeather( 9856): WidgetUtils getWidgetShowCityInfo return myLocation
09-18 15:56:17.300 I/SendBroadcastPermission( 9856): action:com.huawei.android.action.launcher_weather_icon_change, mPermissionType:0
09-18 15:56:17.303 E/HwLauncher( 7837): SettingsEx , no such field.
09-18 15:56:17.304 W/HwLauncher( 7837): Clock getDataFormat the getSystemString failed.
09-18 15:56:17.305 I/HwLauncher( 7837): DynamicUpdater call updateFolder
09-18 15:56:17.305 I/HwLauncher( 7837): DynamicIcon onResume  isvisible = false   mAttachedToWindow:true    mWindowVisible:falsecom.android.calendar
09-18 15:56:17.305 I/HwLauncher( 7837): Launcher  Launcher.onStart() cost 18 ms
09-18 15:56:17.306 I/HwLauncher( 7837): Launcher onResume()
09-18 15:56:17.307 I/HwLauncher( 7837): Launcher doResumeWork()
09-18 15:56:17.310 I/HwLauncher( 7837): Launcher  onResume mIsToUninstallApp = false
09-18 15:56:17.310 I/HwLauncher( 7837): Launcher  Launcher hot start cost 23 ms
09-18 15:56:17.311 I/HwLauncher( 7837): Launcher.MotionManager startMotionAppsReco begin,flg = 402
09-18 15:56:17.330 I/[Gralloc]( 3718): alloc w[1080] h[1920] format[1] usage[2816]
09-18 15:56:17.331 I/HwLauncher( 7837): WeatherDynamicUpdaterreceive action = com.huawei.android.action.launcher_weather_icon_change
09-18 15:56:17.333 I/HwLauncher( 7837): WeatherDynamicUpdaterreceiver data is int[] = [0, 0, 72, 0, 96, 0, 120, 0]
09-18 15:56:17.333 I/HwLauncher( 7837):  stringArray[] [sunny, num2, num5, tempc]
09-18 15:56:17.335 I/[Gralloc]( 3718): alloc succ handle[0xb8b85088] stride[1120]
09-18 15:56:17.335 I/[Gralloc]( 3718): alloc w[1080] h[1920] format[1] usage[2816]
09-18 15:56:17.338 I/TotemWeather( 7837): AbstractDualWeatherWidgetHomeView onWindowFocusChanged, hasWindowFocus= true
09-18 15:56:17.338 I/SendBroadcastPermission( 7837): action:com.huawei.android.action.ACTION_UPDATE_TIME_CHECK, mPermissionType:0
09-18 15:56:17.340 I/TotemWeather( 7837): WidgetUtils cityinfo or weatherinfo is null
09-18 15:56:17.346 I/[Gralloc]( 3718): alloc succ handle[0xb8c83400] stride[1120]
09-18 15:56:17.346 I/[Gralloc]( 3718): alloc w[1080] h[1920] format[1] usage[2816]
09-18 15:56:17.351 I/SendBroadcastPermission( 6374): action:com.baidu.input.entry.launcer, mPermissionType:0
09-18 15:56:17.356 I/[Gralloc]( 3718): alloc succ handle[0xb8b06540] stride[1120]
09-18 15:56:17.359 I/TotemWeather( 9856): CenterReceiver handleMessage msg.what = 6
09-18 15:56:17.372 I/TotemWeather( 9856): WeatherService processIntent action =com.huawei.android.action.ACTION_CITY_UPDATE_TIME_CHECK
09-18 15:56:17.377 W/PhoneInterfaceManager( 6599): shouldBlockLocation running ...
09-18 15:56:17.377 I/PhoneInterfaceManager( 6599): shouldBlockLocation  ret:false
09-18 15:56:17.390 W/MotionDetectionManager( 7837): startMotionAppsReco motionApps: 402 disabled
09-18 15:56:17.390 W/HwLauncher( 7837): Launcher.MotionManager startMotionAppsReco service flg 402 is unavailable
09-18 15:56:17.390 I/HwLauncher( 7837): Launcher.MotionManager , start MotionApps Reco end.
09-18 15:56:17.399 W/TotemWeather( 9856): HwWeatherStat getCellIdFromCellInfo->unknown type cellinfo
09-18 15:56:17.399 W/TotemWeather( 9856): SchemeTaskServer checkLocationChange can't get the cellId,do not update,return false
09-18 15:56:17.625 I/RongLog (24453): [RongLog][ RongIMClient ] saveInstance
09-18 15:56:17.630 I/RongLog (24453): [RongLog][ RongIMClient ] in Background
09-18 15:56:17.940 W/OpenGLRenderer( 7837): Incorrectly called buildLayer on View: ShortcutAndWidgetContainer, destroying layer...
09-18 15:56:17.940 W/OpenGLRenderer( 7837): Incorrectly called buildLayer on View: ShortcutAndWidgetContainer, destroying layer...
09-18 15:56:17.975 I/K3V3CpuGovernorPolicy( 6581): close previously scene Hmp policy : 300 , 150
09-18 15:56:20.238 E/WifiConfigStore( 4195): updateConfiguration freq=5240 BSSID=8c:fe:74:23:b0:7c RSSI=-73 "RongCloud"WPA_PSK
09-18 15:56:22.154 E/Thermal-daemon( 3734): [ap] temp_new :42  temp_old :43
09-18 15:56:22.154 E/Thermal-daemon( 3734): Report temperature: [ap] temp :42  report_threshold:1
09-18 15:56:23.267 E/WifiConfigStore( 4195): updateConfiguration freq=5240 BSSID=8c:fe:74:23:b0:7c RSSI=-73 "RongCloud"WPA_PSK
09-18 15:56:24.775 I/AudioFlinger( 3794): releaseWakeLock_l() AudioOut_6 mType: 0
09-18 15:56:26.295 E/WifiConfigStore( 4195): updateConfiguration freq=5240 BSSID=8c:fe:74:23:b0:7c RSSI=-73 "RongCloud"WPA_PSK
09-18 15:56:27.158 E/Thermal-daemon( 3734): [charger_ic] temp_new :38  temp_old :37
09-18 15:56:27.159 E/Thermal-daemon( 3734): Report temperature: [charger_ic] temp :38  report_threshold:1
09-18 15:56:27.162 E/Thermal-daemon( 3734): [flash_led] temp_new :38  temp_old :39
09-18 15:56:27.163 E/Thermal-daemon( 3734): Report temperature: [flash_led] temp :38  report_threshold:1
09-18 15:56:27.164 E/Thermal-daemon( 3734): [ap] temp_new :41  temp_old :42
09-18 15:56:27.164 E/Thermal-daemon( 3734): Report temperature: [ap] temp :41  report_threshold:1
09-18 15:56:28.571 W/AlarmManager( 4195): WAKEUP alarm trigger action = com.huawei.intent.action.PUSH elapsed = 190798315
09-18 15:56:28.673 I/PushLog2616(10656): [main-1]action is com.huawei.intent.action.PUSH(android/null:-1)
09-18 15:56:28.702 I/PushLog2616(10656): [ReceiverDispatcher-364]init push bastet failed!(android/null:-1)
09-18 15:56:28.715 I/PushLog2616(10656): [ReceiverDispatcher-364]read to Send:DA(android/null:-1)
09-18 15:56:28.717 I/PushLog2616(10656): [ReceiverDispatcher-364]send msg to remote srv success(android/null:-1)
09-18 15:56:29.320 E/WifiConfigStore( 4195): updateConfiguration freq=5240 BSSID=8c:fe:74:23:b0:7c RSSI=-74 "RongCloud"WPA_PSK
09-18 15:56:32.168 E/Thermal-daemon( 3734): [charger_ic] temp_new :37  temp_old :38
09-18 15:56:32.168 E/Thermal-daemon( 3734): Report temperature: [charger_ic] temp :37  report_threshold:1
09-18 15:56:32.171 E/Thermal-daemon( 3734): [ap] temp_new :40  temp_old :41
09-18 15:56:32.171 E/Thermal-daemon( 3734): Report temperature: [ap] temp :40  report_threshold:1
09-18 15:56:32.345 I/SendBroadcastPermission( 4195): action:android.net.wifi.RSSI_CHANGED, mPermissionType:0
09-18 15:56:32.347 E/WifiConfigStore( 4195): updateConfiguration freq=5240 BSSID=8c:fe:74:23:b0:7c RSSI=-75 "RongCloud"WPA_PSK
09-18 15:56:35.375 I/SendBroadcastPermission( 4195): action:android.net.wifi.RSSI_CHANGED, mPermissionType:0
09-18 15:56:35.377 E/WifiConfigStore( 4195): updateConfiguration freq=5240 BSSID=8c:fe:74:23:b0:7c RSSI=-74 "RongCloud"WPA_PSK
09-18 15:56:37.174 E/Thermal-daemon( 3734): [pa_0] temp_new :37  temp_old :36
09-18 15:56:37.174 E/Thermal-daemon( 3734): Report temperature: [pa_0] temp :37  report_threshold:1
09-18 15:56:37.175 E/Thermal-daemon( 3734): [charger_ic] temp_new :38  temp_old :37
09-18 15:56:37.175 E/Thermal-daemon( 3734): Report temperature: [charger_ic] temp :38  report_threshold:1
09-18 15:56:38.406 I/SendBroadcastPermission( 4195): action:android.net.wifi.RSSI_CHANGED, mPermissionType:0
09-18 15:56:38.408 E/WifiConfigStore( 4195): updateConfiguration freq=5240 BSSID=8c:fe:74:23:b0:7c RSSI=-75 "RongCloud"WPA_PSK
09-18 15:56:41.436 I/SendBroadcastPermission( 4195): action:android.net.wifi.RSSI_CHANGED, mPermissionType:0
09-18 15:56:41.439 E/WifiConfigStore( 4195): updateConfiguration freq=5240 BSSID=8c:fe:74:23:b0:7c RSSI=-73 "RongCloud"WPA_PSK
09-18 15:56:42.179 E/Thermal-daemon( 3734): [pa_0] temp_new :36  temp_old :37
09-18 15:56:42.180 E/Thermal-daemon( 3734): Report temperature: [pa_0] temp :36  report_threshold:1
09-18 15:56:42.182 E/Thermal-daemon( 3734): [charger_ic] temp_new :37  temp_old :38
09-18 15:56:42.183 E/Thermal-daemon( 3734): Report temperature: [charger_ic] temp :37  report_threshold:1
09-18 15:56:42.185 E/Thermal-daemon( 3734): [ap] temp_new :39  temp_old :40
09-18 15:56:42.185 E/Thermal-daemon( 3734): Report temperature: [ap] temp :39  report_threshold:1
09-18 15:56:44.465 E/WifiConfigStore( 4195): updateConfiguration freq=5240 BSSID=8c:fe:74:23:b0:7c RSSI=-74 "RongCloud"WPA_PSK
09-18 15:56:47.486 I/SendBroadcastPermission( 4195): action:android.net.wifi.RSSI_CHANGED, mPermissionType:0
09-18 15:56:47.488 E/WifiConfigStore( 4195): updateConfiguration freq=5240 BSSID=8c:fe:74:23:b0:7c RSSI=-75 "RongCloud"WPA_PSK
09-18 15:56:50.516 E/WifiConfigStore( 4195): updateConfiguration freq=5240 BSSID=8c:fe:74:23:b0:7c RSSI=-76 "RongCloud"WPA_PSK
09-18 15:56:53.546 I/SendBroadcastPermission( 4195): action:android.net.wifi.RSSI_CHANGED, mPermissionType:0
09-18 15:56:53.549 E/WifiConfigStore( 4195): updateConfiguration freq=5240 BSSID=8c:fe:74:23:b0:7c RSSI=-75 "RongCloud"WPA_PSK
09-18 15:56:56.576 E/WifiConfigStore( 4195): updateConfiguration freq=5240 BSSID=8c:fe:74:23:b0:7c RSSI=-74 "RongCloud"WPA_PSK
09-18 15:56:57.201 E/Thermal-daemon( 3734): [pa_0] temp_new :37  temp_old :36
09-18 15:56:57.202 E/Thermal-daemon( 3734): Report temperature: [pa_0] temp :37  report_threshold:1
09-18 15:56:57.614 I/Bluetooth( 7860): HeadsetStateMachine:Disconnected process message: 10, size: 0
09-18 15:56:57.634 I/HwPowerMonitor.PowerExceptionObservable( 6614): unhandled onEvent actionID: 3002
09-18 15:56:57.635 I/HwPowerMonitor.DayActObserver( 6614): in PowerMonitorHandler, will handle msg.what = battery_changed, Utils.isCharging() = true
09-18 15:56:59.606 E/WifiConfigStore( 4195): updateConfiguration freq=5240 BSSID=8c:fe:74:23:b0:7c RSSI=-74 "RongCloud"WPA_PSK
09-18 15:57:00.016 I/TimeManager( 4781): receiver action = android.intent.action.TIME_TICK
09-18 15:57:00.044 I/HwLauncher( 7837): Model  onReceive intent=Intent { act=android.intent.action.TIME_TICK flg=0x50000014 (has extras) }
09-18 15:57:00.044 I/HwLauncher( 7837): Model  onReceive user=UserHandle{0}
09-18 15:57:00.060 I/TotemWeather( 7837): CityTimeView CityTimeView mCurrentViewMode = 10141
09-18 15:57:00.104 I/TotemWeather( 7837): CityTimeFormatView CityTimeFormatView setTimeFormat is24Hour=true,timeFormat=
09-18 15:57:00.105 I/TotemWeather( 7837): DateTimeManager send message delay millis = 60895 ms
09-18 15:57:00.107 I/HwLauncher( 7837): ClockDynamicUpdater date changed begin
09-18 15:57:00.107 I/HwLauncher( 7837): ClockDynamicUpdater date changed end
09-18 15:57:00.108 E/HwLauncher( 7837): SettingsEx , no such field.
09-18 15:57:00.108 W/HwLauncher( 7837): Clock getDataFormat the getSystemString failed.
09-18 15:57:00.109 I/HwLauncher( 7837): CalenderDynamicUpdater date changed begin
09-18 15:57:00.109 I/HwLauncher( 7837): CalenderDynamicUpdater date changed end
09-18 15:57:00.109 I/HwLauncher( 7837): DynamicIconData , getDrawableForDynamic begin, pkg = com.android.deskclock, picName = deskclock_bg
09-18 15:57:00.109 I/HwLauncher( 7837): DynamicIconData , getDrawableForDynamic end, pkg = com.android.deskclock, picName = deskclock_bg
09-18 15:57:00.111 I/HwLauncher( 7837): ClockDynamicUpdater clock update folder at ClockDynamicUpdater
09-18 15:57:00.111 I/HwLauncher( 7837): DynamicUpdater updateBitmap end and send update message
09-18 15:57:00.112 I/HwLauncher( 7837): DynamicUpdater call updateFolder
09-18 15:57:02.206 E/Thermal-daemon( 3734): [pa_0] temp_new :36  temp_old :37
09-18 15:57:02.206 E/Thermal-daemon( 3734): Report temperature: [pa_0] temp :36  report_threshold:1
09-18 15:57:02.629 E/WifiConfigStore( 4195): updateConfiguration freq=5240 BSSID=8c:fe:74:23:b0:7c RSSI=-73 "RongCloud"WPA_PSK
09-18 15:57:05.656 E/WifiConfigStore( 4195): updateConfiguration freq=5240 BSSID=8c:fe:74:23:b0:7c RSSI=-74 "RongCloud"WPA_PSK
09-18 15:57:08.684 E/WifiConfigStore( 4195): updateConfiguration freq=5240 BSSID=8c:fe:74:23:b0:7c RSSI=-74 "RongCloud"WPA_PSK
09-18 15:57:11.713 E/WifiConfigStore( 4195): updateConfiguration freq=5240 BSSID=8c:fe:74:23:b0:7c RSSI=-74 "RongCloud"WPA_PSK
09-18 15:57:12.223 E/Thermal-daemon( 3734): [flash_led] temp_new :37  temp_old :38
09-18 15:57:12.223 E/Thermal-daemon( 3734): Report temperature: [flash_led] temp :37  report_threshold:1
09-18 15:57:14.740 E/WifiConfigStore( 4195): updateConfiguration freq=5240 BSSID=8c:fe:74:23:b0:7c RSSI=-73 "RongCloud"WPA_PSK
09-18 15:57:17.178 I/SendBroadcastPermission( 4195): action:android.net.conn.DATA_ACTIVITY_CHANGE, mPermissionType:0
09-18 15:57:17.767 E/WifiConfigStore( 4195): updateConfiguration freq=5240 BSSID=8c:fe:74:23:b0:7c RSSI=-74 "RongCloud"WPA_PSK
09-18 15:57:18.762 I/SendBroadcastPermission( 4195): action:android.net.conn.DATA_ACTIVITY_CHANGE, mPermissionType:0
09-18 15:57:20.795 I/SendBroadcastPermission( 4195): action:android.net.wifi.RSSI_CHANGED, mPermissionType:0
09-18 15:57:20.797 E/WifiConfigStore( 4195): updateConfiguration freq=5240 BSSID=8c:fe:74:23:b0:7c RSSI=-75 "RongCloud"WPA_PSK
09-18 15:57:22.233 E/Thermal-daemon( 3734): [flash_led] temp_new :38  temp_old :37
09-18 15:57:22.233 E/Thermal-daemon( 3734): Report temperature: [flash_led] temp :38  report_threshold:1
09-18 15:57:23.825 E/WifiConfigStore( 4195): updateConfiguration freq=5240 BSSID=8c:fe:74:23:b0:7c RSSI=-76 "RongCloud"WPA_PSK
09-18 15:57:26.853 E/WifiConfigStore( 4195): updateConfiguration freq=5240 BSSID=8c:fe:74:23:b0:7c RSSI=-77 "RongCloud"WPA_PSK
09-18 15:57:27.240 E/Thermal-daemon( 3734): [flash_led] temp_new :37  temp_old :38
09-18 15:57:27.240 E/Thermal-daemon( 3734): Report temperature: [flash_led] temp :37  report_threshold:1
09-18 15:57:27.686 I/Bluetooth( 7860): HeadsetStateMachine:Disconnected process message: 10, size: 0
09-18 15:57:27.690 I/HwPowerMonitor.PowerExceptionObservable( 6614): unhandled onEvent actionID: 3002
09-18 15:57:27.690 I/HwPowerMonitor.DayActObserver( 6614): in PowerMonitorHandler, will handle msg.what = battery_changed, Utils.isCharging() = true
09-18 15:57:27.808 W/HwPowerMonitor.DayActObserver( 6614): mModemLogStatsTimes = 0, ModemLogState = 0, mModemLogStatsTimes = 0
09-18 15:57:27.808 I/System.out( 6614): [dumpsys, batteryinfo]
09-18 15:57:27.808 I/System.out( 6614): null
09-18 15:57:27.808 I/System.out( 6614): null
09-18 15:57:27.808 I/System.out( 6614): Calling by::className:com.huawei.android.powermonitor.utils.TemperatureLogCollector  MethodName:execCommand
09-18 15:57:27.855 I/System.out( 6614): [dumpsys, batterystats]
09-18 15:57:27.856 I/System.out( 6614): null
09-18 15:57:27.856 I/System.out( 6614): null
09-18 15:57:27.858 I/System.out( 6614): Calling by::className:com.huawei.android.powermonitor.utils.TemperatureLogCollector  MethodName:execCommand
09-18 15:57:27.975 E/HwPowerMonitor.DayActObserver( 6614): no dumpsys batteryinfo.use batterystats
09-18 15:57:29.876 E/WifiConfigStore( 4195): updateConfiguration freq=5240 BSSID=8c:fe:74:23:b0:7c RSSI=-76 "RongCloud"WPA_PSK
09-18 15:57:32.246 E/Thermal-daemon( 3734): [flash_led] temp_new :38  temp_old :37
09-18 15:57:32.247 E/Thermal-daemon( 3734): Report temperature: [flash_led] temp :38  report_threshold:1
09-18 15:57:32.900 I/SendBroadcastPermission( 4195): action:android.net.wifi.RSSI_CHANGED, mPermissionType:0
09-18 15:57:32.901 E/WifiConfigStore( 4195): updateConfiguration freq=5240 BSSID=8c:fe:74:23:b0:7c RSSI=-75 "RongCloud"WPA_PSK
09-18 15:57:35.928 E/WifiConfigStore( 4195): updateConfiguration freq=5240 BSSID=8c:fe:74:23:b0:7c RSSI=-73 "RongCloud"WPA_PSK
09-18 15:57:37.254 E/Thermal-daemon( 3734): [flash_led] temp_new :37  temp_old :38
09-18 15:57:37.254 E/Thermal-daemon( 3734): Report temperature: [flash_led] temp :37  report_threshold:1
09-18 15:57:38.951 I/SendBroadcastPermission( 4195): action:android.net.wifi.RSSI_CHANGED, mPermissionType:0
09-18 15:57:38.954 E/WifiConfigStore( 4195): updateConfiguration freq=5240 BSSID=8c:fe:74:23:b0:7c RSSI=-74 "RongCloud"WPA_PSK
09-18 15:57:41.981 I/SendBroadcastPermission( 4195): action:android.net.wifi.RSSI_CHANGED, mPermissionType:0
09-18 15:57:41.983 E/WifiConfigStore( 4195): updateConfiguration freq=5240 BSSID=8c:fe:74:23:b0:7c RSSI=-74 "RongCloud"WPA_PSK
09-18 15:57:42.259 E/Thermal-daemon( 3734): [flash_led] temp_new :38  temp_old :37
09-18 15:57:42.260 E/Thermal-daemon( 3734): Report temperature: [flash_led] temp :38  report_threshold:1
09-18 15:57:45.011 E/WifiConfigStore( 4195): updateConfiguration freq=5240 BSSID=8c:fe:74:23:b0:7c RSSI=-74 "RongCloud"WPA_PSK
09-18 15:57:47.266 E/Thermal-daemon( 3734): [flash_led] temp_new :37  temp_old :38
09-18 15:57:47.266 E/Thermal-daemon( 3734): Report temperature: [flash_led] temp :37  report_threshold:1
09-18 15:57:48.039 I/SendBroadcastPermission( 4195): action:android.net.wifi.RSSI_CHANGED, mPermissionType:0
09-18 15:57:48.041 E/WifiConfigStore( 4195): updateConfiguration freq=5240 BSSID=8c:fe:74:23:b0:7c RSSI=-75 "RongCloud"WPA_PSK
09-18 15:57:48.582 W/AlarmManager( 4195): WAKEUP alarm trigger action = com.android.bluetooth.btservice.action.ALARM_WAKEUP elapsed = 190878292
09-18 15:57:48.587 I/bt_btm  ( 7860): btm_ble_timeout
09-18 15:57:48.588 I/bt_btm  ( 7860): btm_gen_resolvable_private_addr
09-18 15:57:48.588 I/bt_btm  ( 7860): btm_ble_timeout
09-18 15:57:48.588 I/bt_btm  ( 7860): btm_gen_resolvable_private_addr
09-18 15:57:48.595 I/bt_btm  ( 7860): btm_gen_resolve_paddr_low
09-18 15:57:48.595 I/bt_btm  ( 7860): btm_gen_resolve_paddr_cmpl
09-18 15:57:48.602 I/bt_btm  ( 7860): btm_gen_resolve_paddr_low
09-18 15:57:48.602 I/bt_btm  ( 7860): btm_gen_resolve_paddr_cmpl
09-18 15:57:51.143 I/SendBroadcastPermission( 4195): action:android.net.wifi.RSSI_CHANGED, mPermissionType:0
09-18 15:57:51.144 E/WifiConfigStore( 4195): updateConfiguration freq=5240 BSSID=8c:fe:74:23:b0:7c RSSI=-75 "RongCloud"WPA_PSK
09-18 15:57:54.151 E/WifiConfigStore( 4195): updateConfiguration freq=5240 BSSID=8c:fe:74:23:b0:7c RSSI=-75 "RongCloud"WPA_PSK
09-18 15:57:54.950 I/SendBroadcastPermission( 4195): action:android.net.wifi.SCAN_RESULTS, mPermissionType:0
09-18 15:57:57.177 E/WifiConfigStore( 4195): updateConfiguration freq=5240 BSSID=8c:fe:74:23:b0:7c RSSI=-73 "RongCloud"WPA_PSK
09-18 15:57:57.771 I/Bluetooth( 7860): HeadsetStateMachine:Disconnected process message: 10, size: 0
09-18 15:57:57.776 I/HwPowerMonitor.PowerExceptionObservable( 6614): unhandled onEvent actionID: 3002
09-18 15:57:57.783 I/HwPowerMonitor.DayActObserver( 6614): in PowerMonitorHandler, will handle msg.what = battery_changed, Utils.isCharging() = true
09-18 15:57:59.853 I/HwLauncher( 7837):  FPSMonitor [Launcher , dispatchTouchEvent begin, false, true] down event  x = 990 y = 990
09-18 15:57:59.853 I/HwLauncher( 7837): Launcher  while lockScreenOrientation,isRotationEnabled is false!
09-18 15:57:59.854 I/HwLauncher( 7837):  FPSMonitor [PagedView , onIntercept] down event  x = 990 y = 990
09-18 15:57:59.861 I/HwLauncher( 7837):  FPSMonitor [Launcher , dispatchTouchEvent end, false, true] down event  x = 990 y = 990
09-18 15:57:59.894 I/HwLauncher( 7837):  FPSMonitor startScroll xMoved = true  xPaged = true xDiff =  52
09-18 15:57:59.899 I/HwLauncher( 7837): QuickActionView hide() animated = true, fromSticky = true
09-18 15:57:59.899 I/HwLauncher( 7837): QuickActionView hide() action view has already hidden, return.
09-18 15:57:59.961 I/HwLauncher( 7837):  FPSMonitor [Launcher , dispatchTouchEvent begin, false, true] up event  x = 542 y = 542
09-18 15:57:59.962 I/HwLauncher( 7837):  FPSMonitor [PagedView , onTouchEvent] up event  x = 542 y = 542
09-18 15:57:59.967 I/HwLauncher( 7837):  FPSMonitor snapToPage whichPage = 3 delta = 662 duration = 228
09-18 15:57:59.968 I/HwLauncher( 7837): Launcher mUnlockScreenRunnbale  getOrientationEnabled false 
09-18 15:57:59.968 I/HwLauncher( 7837):  FPSMonitor [Launcher , dispatchTouchEvent end, false, true] up event  x = 542 y = 542
09-18 15:58:00.003 I/TimeManager( 4781): receiver action = android.intent.action.TIME_TICK
09-18 15:58:00.029 I/HwLauncher( 7837): Model  onReceive intent=Intent { act=android.intent.action.TIME_TICK flg=0x50000014 (has extras) }
09-18 15:58:00.029 I/HwLauncher( 7837): Model  onReceive user=UserHandle{0}
09-18 15:58:00.096 I/TotemWeather( 7837): CityTimeView CityTimeView mCurrentViewMode = 10141
09-18 15:58:00.111 I/TotemWeather( 7837): CityTimeFormatView CityTimeFormatView setTimeFormat is24Hour=true,timeFormat=
09-18 15:58:00.112 I/TotemWeather( 7837): DateTimeManager send message delay millis = 60888 ms
09-18 15:58:00.112 I/HwLauncher( 7837): ClockDynamicUpdater date changed begin
09-18 15:58:00.112 I/HwLauncher( 7837): ClockDynamicUpdater date changed end
09-18 15:58:00.113 E/HwLauncher( 7837): SettingsEx , no such field.
09-18 15:58:00.113 W/HwLauncher( 7837): Clock getDataFormat the getSystemString failed.
09-18 15:58:00.114 I/HwLauncher( 7837): DynamicIconData , getDrawableForDynamic begin, pkg = com.android.deskclock, picName = deskclock_bg
09-18 15:58:00.114 I/HwLauncher( 7837): DynamicIconData , getDrawableForDynamic end, pkg = com.android.deskclock, picName = deskclock_bg
09-18 15:58:00.117 I/HwLauncher( 7837): ClockDynamicUpdater clock update folder at ClockDynamicUpdater
09-18 15:58:00.117 I/HwLauncher( 7837): DynamicUpdater updateBitmap end and send update message
09-18 15:58:00.120 I/HwLauncher( 7837): CalenderDynamicUpdater date changed begin
09-18 15:58:00.120 I/HwLauncher( 7837): CalenderDynamicUpdater date changed end
09-18 15:58:00.128 I/HwLauncher( 7837): DynamicUpdater call updateFolder
09-18 15:58:00.195 I/SendBroadcastPermission( 4195): action:android.net.wifi.RSSI_CHANGED, mPermissionType:0
09-18 15:58:00.196 E/WifiConfigStore( 4195): updateConfiguration freq=5240 BSSID=8c:fe:74:23:b0:7c RSSI=-75 "RongCloud"WPA_PSK
09-18 15:58:00.323 I/HwLauncher( 7837):  FPSMonitor endScroll
09-18 15:58:02.089 I/HwLauncher( 7837):  FPSMonitor [Launcher , dispatchTouchEvent begin, false, true] down event  x = 568 y = 568
09-18 15:58:02.090 I/HwLauncher( 7837): Launcher  while lockScreenOrientation,isRotationEnabled is false!
09-18 15:58:02.092 I/HwLauncher( 7837):  FPSMonitor [PagedView , onIntercept] down event  x = 568 y = 568
09-18 15:58:02.096 I/HwLauncher( 7837):  FPSMonitor [Launcher , dispatchTouchEvent end, false, true] down event  x = 568 y = 568
09-18 15:58:02.112 I/HwLauncher( 7837):  FPSMonitor startScroll xMoved = true  xPaged = true xDiff =  93
09-18 15:58:02.170 I/HwLauncher( 7837):  FPSMonitor [Launcher , dispatchTouchEvent begin, false, true] up event  x = 919 y = 919
09-18 15:58:02.170 I/HwLauncher( 7837):  FPSMonitor [PagedView , onTouchEvent] up event  x = 919 y = 919
09-18 15:58:02.171 I/HwLauncher( 7837):  FPSMonitor snapToPage whichPage = 2 delta = -707 duration = 376
09-18 15:58:02.171 I/HwLauncher( 7837): Launcher mUnlockScreenRunnbale  getOrientationEnabled false 
09-18 15:58:02.172 I/HwLauncher( 7837):  FPSMonitor [Launcher , dispatchTouchEvent end, false, true] up event  x = 919 y = 919
09-18 15:58:02.284 E/Thermal-daemon( 3734): [flash_led] temp_new :38  temp_old :37
09-18 15:58:02.285 E/Thermal-daemon( 3734): Report temperature: [flash_led] temp :38  report_threshold:1
09-18 15:58:02.541 I/HwLauncher( 7837):  FPSMonitor endScroll
09-18 15:58:02.716 I/HwLauncher( 7837):  FPSMonitor [Launcher , dispatchTouchEvent begin, false, true] down event  x = 165 y = 165
09-18 15:58:02.716 I/HwLauncher( 7837): Launcher  while lockScreenOrientation,isRotationEnabled is false!
09-18 15:58:02.717 I/HwLauncher( 7837):  FPSMonitor [PagedView , onIntercept] down event  x = 165 y = 165
09-18 15:58:02.719 I/HwLauncher( 7837):  FPSMonitor [Launcher , dispatchTouchEvent end, false, true] down event  x = 165 y = 165
09-18 15:58:02.774 I/HwLauncher( 7837):  FPSMonitor [Launcher , dispatchTouchEvent begin, false, true] up event  x = 165 y = 165
09-18 15:58:02.775 I/HwLauncher( 7837):  FPSMonitor [PagedView , onIntercept] up event  x = 165 y = 165
09-18 15:58:02.776 I/HwLauncher( 7837): QuickActionView hide() animated = true, fromSticky = true
09-18 15:58:02.776 I/HwLauncher( 7837): QuickActionView hide() action view has already hidden, return.
09-18 15:58:02.776 I/HwLauncher( 7837): Launcher mUnlockScreenRunnbale  getOrientationEnabled false 
09-18 15:58:02.776 I/HwLauncher( 7837):  FPSMonitor [Launcher , dispatchTouchEvent end, false, true] up event  x = 165 y = 165
09-18 15:58:02.777 W/ResourceType( 7837): No known package when getting name for resource number 0x9c040001
09-18 15:58:02.777 I/HwLauncher( 7837): Launcher onclick begin com.huawei.android.launcher.BubbleTextView{ebcc008 VFED..CL. ...P..ID 0,410-211,700 #9c040001}
09-18 15:58:02.777 I/HwLauncher( 7837): Launcher.Utilities  startActivitySafely useLaunchAnimation = true
09-18 15:58:02.777 I/HwLauncher( 7837): Launcher.Utilities  startActivitySafely begin startActivity() for current user
09-18 15:58:02.786 I/K3V3CpuGovernorPolicy( 6581): set scene Hmp policy : 300 , 150
09-18 15:58:02.795 I/HwLauncher( 7837): Launcher.Utilities  startActivitySafely end startActivity() for current user
09-18 15:58:02.795 I/HwLauncher( 7837): Launcher onclick end
09-18 15:58:02.800 I/TotemWeather( 7837): AbstractDualWeatherWidgetHomeView onWindowFocusChanged, hasWindowFocus= false
09-18 15:58:02.804 I/HwLauncher( 7837): Launcher onPause()
09-18 15:58:02.806 I/HwLauncher( 7837): Launcher.MotionManager stopMotionAppsReco begin,flg = 403
09-18 15:58:02.807 W/HwLauncher( 7837): Launcher.MotionManager stopMotionAppsReco service flg 403 is unavailable
09-18 15:58:02.808 I/HwLauncher( 7837): Launcher.MotionManager stopMotionAppsReco begin,flg = 402
09-18 15:58:02.808 W/HwLauncher( 7837): Launcher.MotionManager stopMotionAppsReco service flg 402 is unavailable
09-18 15:58:02.811 W/PGApi_client( 6581): recv actoionId = 10000, action = com.huawei.pgmng.PGAction@e1ca63d actionId =10000 pkg =cn.sa.im extend1 =1510 extend2 = flag =3 type =1
09-18 15:58:02.811 W/PGMiddleWare( 6581): in handleAction method, action = 10000
09-18 15:58:02.811 W/PGMiddleWare( 6581): in handleAction, invoke client = com.huawei.pgmng.middleware.AudioEffectLowPowerImpl@842d05e, action = com.huawei.pgmng.PGAction@e1ca63d actionId =10000 pkg =cn.sa.im extend1 =1510 extend2 = flag =3 type =1
09-18 15:58:02.830 I/RongLog (24453): [RongLog][ RongIMClient ] in Foreground
09-18 15:58:02.831 I/HwSystemManager( 4979): NotificationGuideService:handle MSG_ACTIVIY_FOREGROUND, uid:10626
09-18 15:58:02.834 I/RongLog-Push[RongPushClient](24453): clearAllNotifications
09-18 15:58:02.867 I/[Gralloc]( 3718): alloc w[1080] h[1920] format[1] usage[2816]
09-18 15:58:02.872 I/[Gralloc]( 3718): alloc succ handle[0xb8b88648] stride[1120]
09-18 15:58:02.872 I/[Gralloc]( 3718): alloc w[1080] h[1920] format[1] usage[2816]
09-18 15:58:02.876 I/[Gralloc]( 3718): alloc succ handle[0xb8c8d830] stride[1120]
09-18 15:58:02.876 I/[Gralloc]( 3718): alloc w[1080] h[1920] format[1] usage[2816]
09-18 15:58:02.883 I/[Gralloc]( 3718): alloc succ handle[0xb8c61618] stride[1120]
09-18 15:58:03.182 I/HwLauncher( 7837): Launcher mUnlockScreenRunnbale  getOrientationEnabled false 
09-18 15:58:03.182 I/HwLauncher( 7837): Launcher onStop()
09-18 15:58:03.212 E/WifiConfigStore( 4195): updateConfiguration freq=5240 BSSID=8c:fe:74:23:b0:7c RSSI=-76 "RongCloud"WPA_PSK
09-18 15:58:03.439 I/Log_println( 6374): get_android_log_exception_write comes...
09-18 15:58:03.441 I/logserver( 3900): thread_exception_monitor, select ret = 1
09-18 15:58:03.441 I/logserver( 3900): handle_exception_events:priority==[67] log_type =[message], tag==[app-baiduinput]
09-18 15:58:03.441 I/logserver( 3900): dispatchMessage: category == app-baiduinput, level = C
09-18 15:58:03.441 I/logserver( 3900): handle_app_msg,level=256,mask=255
09-18 15:58:03.442 I/logserver( 3900): write_msg_file, write file: /data/log/logcache/20190918155803_app-baiduinput.txt
09-18 15:58:03.442 I/logserver( 3900): remove_last_modify_file, into 1 times, file_dir:
09-18 15:58:03.443 I/logserver( 3900): get_disk_available_size, Disk_available = 1403338752 B = 1338 MB
09-18 15:58:03.443 I/logserver( 3900): pack_files, output_path is /data/log/unzip.
09-18 15:58:03.443 I/logserver( 3900): move_input_files, create dir [/data/log/unzip/MT7-TL10_MT7-TL10C00B577_0000000000_20190918155803_app-baiduinput]
09-18 15:58:03.445 I/logserver( 3900): Process 4011 opened FIFO(12) for O_WRONLY
09-18 15:58:03.445 I/logserver( 3900): notify_logcontrol_with_level, 4011 sent /data/log/unzip/MT7-TL10_MT7-TL10C00B577_0000000000_20190918155803_app-baiduinput 
09-18 15:58:03.445 I/logserver( 3900): process_event
09-18 15:58:03.445 I/logserver( 3900): handle_fifo_msg, read res = 460, client pid = 4011, command = send log, data=/data/log/unzip/MT7-TL10_MT7-TL10C00B577_0000000000_20190918155803_app-baiduinput
09-18 15:58:03.445 I/logserver( 3900): handle_fifo_msg, 4011 sent /data/log/unzip/MT7-TL10_MT7-TL10C00B577_0000000000_20190918155803_app-baiduinput 
09-18 15:58:03.445 I/logserver( 3900): thread_logcontrol: /data/log/logcontrol has changed.
09-18 15:58:03.445 I/logserver( 3900): handle_notify_event, send msg [submit:trigger=0,bugtype=21,modulename=app,level=256,testtype=NORMAL,path=/data/log/unzip/MT7-TL10_MT7-TL10C00B577_0000000000_20190918155803_app-baiduinput,mode=1;]
09-18 15:58:03.445 I/Log_println( 6374): get_android_log_exception_write comes...
09-18 15:58:03.446 I/logserver( 3900): send_to_client, send to (9) res = 163
09-18 15:58:03.446 I/logserver( 3900): thread_exception_monitor, select ret = 1
09-18 15:58:03.446 I/logserver( 3900): handle_exception_events:priority==[67] log_type =[message], tag==[app-baiduinput]
09-18 15:58:03.446 I/logserver( 3900): dispatchMessage: category == app-baiduinput, level = C
09-18 15:58:03.446 I/logserver( 3900): handle_app_msg,level=256,mask=255
09-18 15:58:03.447 I/logserver( 3900): write_msg_file, write file: /data/log/logcache/20190918155803_app-baiduinput.txt
09-18 15:58:03.447 I/logserver( 3900): remove_last_modify_file, into 1 times, file_dir:
09-18 15:58:03.447 E/LogCollectService( 7513): Level = 256
09-18 15:58:03.447 I/logserver( 3900): get_disk_available_size, Disk_available = 1403326464 B = 1338 MB
09-18 15:58:03.447 I/logserver( 3900): pack_files, output_path is /data/log/unzip.
09-18 15:58:03.448 I/logserver( 3900): Process 4011 opened FIFO(12) for O_WRONLY
09-18 15:58:03.448 I/logserver( 3900): notify_logcontrol_with_level, 4011 sent /data/log/unzip/MT7-TL10_MT7-TL10C00B577_0000000000_20190918155803_app-baiduinput 
09-18 15:58:03.448 I/logserver( 3900): process_event
09-18 15:58:03.448 I/logserver( 3900): handle_fifo_msg, read res = 460, client pid = 4011, command = send log, data=/data/log/unzip/MT7-TL10_MT7-TL10C00B577_0000000000_20190918155803_app-baiduinput
09-18 15:58:03.448 I/logserver( 3900): handle_fifo_msg, 4011 sent /data/log/unzip/MT7-TL10_MT7-TL10C00B577_0000000000_20190918155803_app-baiduinput 
09-18 15:58:03.448 I/logserver( 3900): thread_logcontrol: /data/log/logcontrol has changed.
09-18 15:58:03.448 I/logserver( 3900): handle_notify_event, send msg [submit:trigger=0,bugtype=21,modulename=app,level=256,testtype=NORMAL,path=/data/log/unzip/MT7-TL10_MT7-TL10C00B577_0000000000_20190918155803_app-baiduinput,mode=1;]
09-18 15:58:03.448 I/logserver( 3900): send_to_client, send to (9) res = 163
09-18 15:58:03.450 E/LogCollectService( 7513): Level = 256
09-18 15:58:03.524 I/K3V3CpuGovernorPolicy( 6581): close previously scene Hmp policy : 300 , 150
09-18 15:58:04.006 W/PhoneInterfaceManager( 6599): shouldBlockLocation running ...
09-18 15:58:04.010 I/PhoneInterfaceManager( 6599): shouldBlockLocation  ret:false
09-18 15:58:04.020 W/PhoneInterfaceManager( 6599): shouldBlockLocation running ...
09-18 15:58:04.020 I/PhoneInterfaceManager( 6599): shouldBlockLocation  ret:false
09-18 15:58:04.071 I/System  ( 6374): core_booster, getBoosterConfig = false
09-18 15:58:04.163 I/[Gralloc]( 3718): alloc w[360] h[642] format[1] usage[819]
09-18 15:58:04.166 I/[Gralloc]( 3718): alloc succ handle[0xb8b8b188] stride[416]
09-18 15:58:04.178 E/HsmCoreServiceImpl( 4195): onTransact in code is: 103
09-18 15:58:04.178 I/MediaProcessHandler( 4195): playingUids: 
09-18 1