--------- beginning of system
06-04 16:40:12.984 I/chatty  ( 1243): uid=1000(system) Binder:1243_10 expire 6 lines
06-04 16:40:13.956 I/chatty  ( 1728): uid=1000(system) Binder:1728_5 expire 10 lines
06-04 16:40:15.518 I/chatty  ( 1243): uid=1000(system) UEventObserver expire 12 lines
06-04 16:40:16.070 I/chatty  ( 1728): uid=1000(system) com.huawei.systemserver expire 10 lines
06-04 16:40:16.547 D/ActivityThread(10130): Attach thread to application
06-04 16:40:16.737 I/chatty  ( 1243): uid=1000(system) Binder:1243_1A expire 13 lines
06-04 16:40:16.836 D/ActivityThread(10161): Attach thread to application
06-04 16:40:16.858 D/ActivityThread(10179): Attach thread to application
06-04 16:40:16.886 D/ActivityThread(10196): Attach thread to application
06-04 16:40:16.912 I/chatty  ( 1243): uid=1000(system) Binder:1243_1F expire 5 lines
06-04 16:40:16.913 D/ActivityThread(10210): Attach thread to application
06-04 16:40:16.936 I/chatty  ( 1243): uid=1000(system) Binder:1243_C expire 7 lines
06-04 16:40:17.344 D/HwCustConnectivityManagerImpl(10179): isBlockNetworkRequestByNonAis, INVALID_SUBSCRIPTION_ID
06-04 16:40:17.346 I/chatty  ( 1243): uid=1000(system) Binder:1243_14 expire 27 lines
06-04 16:40:17.374 D/HwCustConnectivityManagerImpl(10179): isBlockNetworkRequestByNonAis, INVALID_SUBSCRIPTION_ID
06-04 16:40:17.490 D/HwCustConnectivityManagerImpl(10179): isBlockNetworkRequestByNonAis, INVALID_SUBSCRIPTION_ID
06-04 16:40:18.087 I/chatty  ( 1243): uid=1000(system) ActivityManager expire 11 lines
06-04 16:40:18.108 I/chatty  ( 1243): uid=1000(system) ActivityManager expire 10 lines
06-04 16:40:18.108 I/chatty  ( 1243): uid=1000(system) MultiTaskManage expire 10 lines
06-04 16:40:18.130 D/ActivityThread(10293): Attach thread to application
06-04 16:40:18.995 I/chatty  ( 1243): uid=1000(system) Binder:1243_1B expire 122 lines
06-04 16:40:19.130 D/ActivityThread(10316): Attach thread to application
06-04 16:40:19.465 I/chatty  ( 1243): uid=1000(system) Binder:1243_3 expire 6 lines
06-04 16:40:19.932 D/HwCustConnectivityManagerImpl(10316): isBlockNetworkRequestByNonAis, INVALID_SUBSCRIPTION_ID
06-04 16:40:21.621 W/SettingsEx( 1814): SettingsEx.Systemex.getString deprecated use Settings.System.getString instead ;callers=com.huawei.db.util.MmsSmsUtil.isEnableFilterUnknowSender:1481 com.android.providers.telephony.MmsSmsProvider.query:1089 android.content.ContentProvider.query:1086 
06-04 16:40:21.642 W/SettingsEx( 1814): SettingsEx.Systemex.getString deprecated use Settings.System.getString instead ;callers=com.huawei.db.util.MmsSmsUtil.isEnableFilterUnknowSender:1481 com.android.providers.telephony.MmsSmsProvider.query:1089 android.content.ContentProvider.query:1086 
06-04 16:40:22.357 D/ActivityThread(10408): Attach thread to application
06-04 16:40:23.126 I/chatty  ( 1243): uid=1000(system) Thread-34 expire 11 lines
06-04 16:40:25.723 I/chatty  ( 1728): uid=1000(system) HwCommBoosterTh expire 15 lines
06-04 16:40:31.144 I/chatty  ( 1243): uid=1000(system) Binder:1243_6 expire 17 lines
06-04 16:40:32.795 I/storaged(  720): storaged_t::event: storage_info refreshed.
06-04 16:40:35.822 W/ContextImpl( 3584): Calling a method in the system process without a qualified user: android.app.ContextImpl.sendBroadcast:1155 android.content.ContextWrapper.sendBroadcast:444 ey.a:37 ey.i:83 eg.d:37 
06-04 16:40:35.844 I/chatty  ( 1728): uid=1000(system) Binder:1728_4 expire 12 lines
06-04 16:40:35.894 D/ActivityThread(10439): Attach thread to application
06-04 16:40:35.895 I/chatty  ( 1243): uid=1000(system) Binder:1243_8 expire 12 lines
06-04 16:40:35.897 I/chatty  ( 1243): uid=1000(system) android.display expire 2 lines
06-04 16:40:35.920 I/chatty  ( 1243): uid=1000 system_server expire 10 lines
06-04 16:40:36.334 D/ActivityThread(10482): Attach thread to application
06-04 16:40:36.353 D/ActivityThread(10495): Attach thread to application
06-04 16:40:36.403 I/chatty  ( 1243): uid=1000(system) Binder:1243_16 expire 3 lines
06-04 16:40:36.923 I/chatty  ( 1243): uid=1000(system) ConnectivitySer expire 5 lines
06-04 16:40:38.695 D/ActivityThread(10627): Attach thread to application
06-04 16:40:38.864 I/chatty  ( 1243): uid=1000(system) Binder:1243_F expire 4 lines
06-04 16:40:38.963 I/chatty  ( 1728): uid=1000(system) Binder:1728_3 expire 9 lines
06-04 16:40:51.988 W/SocketListener(  549): sending broadcast to Pid = 1243, Uid = 1000 
06-04 16:40:51.990 I/chatty  ( 1243): uid=1000(system) NetdConnector expire 10 lines
06-04 16:40:51.992 I/chatty  ( 1243): uid=1000(system) android.fg expire 14 lines
06-04 16:40:52.244 W/SocketListener(  549): sending broadcast to Pid = 1243, Uid = 1000 
06-04 16:40:54.636 I/chatty  ( 1243): uid=1000(system) Binder:1243_15 expire 2 lines
06-04 16:40:56.467 I/chatty  ( 1728): uid=1000(system) com.huawei.systemserver expire 12 lines
06-04 16:41:16.954 I/chatty  ( 1243): uid=1000(system) UEventObserver expire 18 lines
06-04 16:41:29.619 W/SocketListener(  549): sending broadcast to Pid = 1243, Uid = 1000 
06-04 16:41:31.266 W/SocketListener(  549): sending broadcast to Pid = 1243, Uid = 1000 
06-04 16:41:32.796 I/storaged(  720): storaged_t::event: storage_info refreshed.
06-04 16:41:36.231 I/chatty  ( 1243): uid=1000(system) Binder:1243_6 expire 13 lines
06-04 16:41:43.040 D/ActivityThread(10678): Attach thread to application
06-04 16:41:43.205 I/chatty  ( 1243): uid=1000(system) Binder:1243_12 expire 1 line
06-04 16:41:43.301 I/chatty  ( 1728): uid=1000(system) Binder:1728_7 expire 6 lines
06-04 16:41:51.381 W/SocketListener(  549): sending broadcast to Pid = 1243, Uid = 1000 
06-04 16:41:51.383 I/chatty  ( 1243): uid=1000(system) NetdConnector expire 12 lines
06-04 16:41:54.875 I/chatty  ( 1243): uid=1000 system_server expire 11 lines
06-04 16:41:56.502 I/chatty  ( 1728): uid=1000(system) com.huawei.systemserver expire 19 lines
06-04 16:42:09.184 W/SocketListener(  549): sending broadcast to Pid = 1243, Uid = 1000 
06-04 16:42:25.517 I/chatty  ( 1243): uid=1000(system) Binder:1243_14 expire 13 lines
06-04 16:42:25.537 I/chatty  ( 1243): uid=1000(system) android.ui expire 2 lines
06-04 16:42:25.909 D/ActivityThread(10707): Attach thread to application
06-04 16:42:32.797 I/storaged(  720): storaged_t::event: storage_info refreshed.
06-04 16:42:35.669 W/SocketListener(  549): sending broadcast to Pid = 1243, Uid = 1000 
06-04 16:42:49.113 I/chatty  ( 1243): uid=1000(system) UEventObserver expire 24 lines
06-04 16:43:02.849 W/SocketListener(  549): sending broadcast to Pid = 1243, Uid = 1000 
06-04 16:43:16.744 D/ActivityThread(10741): Attach thread to application
06-04 16:43:16.905 W/ContextImpl(10741): Calling a method in the system process without a qualified user: android.app.ContextImpl.startService:1764 android.content.ContextWrapper.startService:664 com.huawei.hiwibd.android.trigger.HiWiTrigger.startHiWIService:149 com.huawei.hiwibd.android.trigger.HiWiJobService$1.handleMessage:33 android.os.Handler.dispatchMessage:112 
06-04 16:43:16.924 I/chatty  ( 1243): uid=1000 system_server expire 16 lines
06-04 16:43:18.344 I/chatty  ( 1243): uid=1000(system) Binder:1243_19 expire 10 lines
06-04 16:43:18.588 I/chatty  ( 1243): uid=1000(system) Binder:1243_7 expire 17 lines
06-04 16:43:28.476 I/chatty  ( 1243): uid=1000(system) android.bg expire 5 lines
06-04 16:43:32.798 I/storaged(  720): storaged_t::event: storage_info refreshed.
06-04 16:43:35.855 I/chatty  ( 1243): uid=1000(system) NetdConnector expire 16 lines
06-04 16:43:36.625 I/chatty  ( 1728): uid=1000(system) com.huawei.systemserver expire 10 lines
06-04 16:43:46.264 I/chatty  ( 1243): uid=1000(system) ActivityManager expire 2 lines
06-04 16:43:46.264 I/chatty  ( 1243): uid=1000(system) MultiTaskManage expire 2 lines
06-04 16:43:46.302 D/ActivityThread(10816): Attach thread to application
06-04 16:43:46.623 I/chatty  ( 1243): uid=1000(system) Binder:1243_19 expire 9 lines
06-04 16:43:48.373 W/SocketListener(  549): sending broadcast to Pid = 1243, Uid = 1000 
06-04 16:43:50.554 I/chatty  ( 1243): uid=1000(system) UEventObserver expire 12 lines
06-04 16:43:56.564 W/SocketListener(  549): sending broadcast to Pid = 1243, Uid = 1000 
06-04 16:44:04.526 W/ContextImpl( 1762): Calling a method in the system process without a qualified user: android.app.ContextImpl.bindService:1844 android.content.ContextWrapper.bindService:698 com.huawei.hms.api.HuaweiApiClientImpl.f:558 com.huawei.hms.api.HuaweiApiClientImpl.connect:397 com.huawei.lcagent.service.process.push.PushTokenManager.connectPush:150 
06-04 16:44:05.967 I/chatty  ( 1243): uid=1000(system) watchdog expire 10 lines
06-04 16:44:32.799 I/storaged(  720): storaged_t::event: storage_info refreshed.
06-04 16:44:35.920 W/ContextImpl( 3584): Calling a method in the system process without a qualified user: android.app.ContextImpl.sendBroadcast:1155 android.content.ContextWrapper.sendBroadcast:444 ey.a:37 ey.i:83 eg.d:37 
06-04 16:44:35.994 I/chatty  ( 1243): uid=1000(system) Binder:1243_6 expire 11 lines
06-04 16:44:51.860 W/SocketListener(  549): sending broadcast to Pid = 1243, Uid = 1000 
06-04 16:44:52.002 I/chatty  ( 1243): uid=1000(system) UEventObserver expire 12 lines
06-04 16:44:52.470 I/chatty  ( 1243): uid=1000(system) Binder:1243_7 expire 10 lines
06-04 16:44:52.492 I/chatty  ( 1243): uid=1000(system) ActivityManager expire 5 lines
06-04 16:44:52.502 W/ContextImpl( 4595): Calling a method in the system process without a qualified user: android.app.ContextImpl.bindService:1844 android.content.ContextWrapper.bindService:698 com.huawei.hiai.awareness.service.AwarenessManager.bindService:165 com.huawei.hiai.awareness.service.AwarenessManager.connectService:79 com.huawei.decision.integration.operator.devicestatus.CA.CAServiceImpl.<init>:223 
06-04 16:44:56.643 I/chatty  ( 1728): uid=1000(system) com.huawei.systemserver expire 11 lines
06-04 16:45:01.608 I/chatty  ( 1243): uid=1000 system_server expire 13 lines
06-04 16:45:11.797 W/SocketListener(  549): sending broadcast to Pid = 1243, Uid = 1000 
06-04 16:45:27.188 W/SocketListener(  549): sending broadcast to Pid = 1243, Uid = 1000 
06-04 16:45:32.800 I/storaged(  720): storaged_t::event: storage_info refreshed.
06-04 16:45:36.510 W/SocketListener(  549): sending broadcast to Pid = 1243, Uid = 1000 
06-04 16:45:36.699 I/chatty  ( 1728): uid=1000(system) com.huawei.systemserver expire 14 lines
06-04 16:45:39.917 I/chatty  ( 1243): uid=1000(system) NetdConnector expire 20 lines
06-04 16:45:44.600 I/chatty  ( 1243): uid=1000(system) UEventObserver expire 18 lines
06-04 16:45:59.380 D/ActivityThread(10936): Attach thread to application
06-04 16:46:00.173 I/chatty  ( 1243): uid=1000(system) Thread-34 expire 1 line
06-04 16:46:00.211 W/SocketListener(  549): sending broadcast to Pid = 1243, Uid = 1000 
06-04 16:46:00.217 I/chatty  ( 1243): uid=1000(system) android.fg expire 8 lines
06-04 16:46:11.155 I/chatty  ( 1243): uid=1000(system) Binder:1243_20 expire 13 lines
06-04 16:46:22.651 W/SocketListener(  549): sending broadcast to Pid = 1243, Uid = 1000 
06-04 16:46:24.158 I/chatty  ( 1243): uid=1000(system) UEventObserver expire 18 lines
06-04 16:46:32.801 I/storaged(  720): storaged_t::event: storage_info refreshed.
06-04 16:46:40.916 W/SocketListener(  549): sending broadcast to Pid = 1243, Uid = 1000 
06-04 16:46:56.769 I/chatty  ( 1728): uid=1000(system) com.huawei.systemserver expire 10 lines
06-04 16:47:26.307 W/SocketListener(  549): sending broadcast to Pid = 1243, Uid = 1000 
06-04 16:47:32.802 I/storaged(  720): storaged_t::event: storage_info refreshed.
06-04 16:47:41.589 W/SocketListener(  549): sending broadcast to Pid = 1243, Uid = 1000 
06-04 16:47:56.323 I/chatty  ( 1243): uid=1000(system) UEventObserver expire 18 lines
06-04 16:47:57.772 I/chatty  ( 1243): uid=1000(system) Binder:1243_7 expire 8 lines
06-04 16:48:03.461 W/SocketListener(  549): sending broadcast to Pid = 1243, Uid = 1000 
06-04 16:48:16.802 I/chatty  ( 1728): uid=1000(system) com.huawei.systemserver expire 7 lines
06-04 16:48:18.708 W/SocketListener(  549): sending broadcast to Pid = 1243, Uid = 1000 
06-04 16:48:19.061 W/SocketListener(  549): sending broadcast to Pid = 1243, Uid = 1000 
06-04 16:48:27.036 I/chatty  ( 1243): uid=1000(system) UEventObserver expire 6 lines
06-04 16:48:32.803 I/storaged(  720): storaged_t::event: storage_info refreshed.
06-04 16:48:32.803 I/storaged(  720): storaged_t::event: Pidm reported.
06-04 16:48:32.804 E/storaged(  720): pid_info get_pids failed
06-04 16:48:36.529 I/chatty  ( 1243): uid=1000(system) NetdConnector expire 28 lines
06-04 16:48:36.575 I/chatty  ( 1243): uid=1000(system) Binder:1243_20 expire 4 lines
06-04 16:48:56.834 D/SmartDualCardSM( 1728): IdleState:got msg.what=EVENT_HARD_SWITCH_CONDITION_CHECK
06-04 16:48:56.859 E/SmartDualCardTraffic( 1728): getMealTrafficImpl fail,invalid imsi
06-04 16:48:56.859 D/SmartDualCardSM( 1728): boosterDump:prop=true SdcSwitchOn=false DataSwitchOn=true WifiConnect=true AirplaneOn=false ScreenOn=false VSimEnabled=false CallOn=false AppState=GENERAL_BACKGROUND HidataAppState=GENERAL_BACKGROUND defaultDataSub=1 default4GSlot=1 DataOn=false M_MmsUtPdp=false userType=2
06-04 16:48:56.877 D/SmartDualCardSM( 1728): isSlaveCardNetworkBad return true,mSignalStrength=2,mNetworkType=3,mDownlinkSpeedLimit=1048576,mDataRoaming=false
06-04 16:48:56.881 E/SmartDualCardTraffic( 1728): getMealTrafficImpl fail,invalid imsi
06-04 16:48:56.881 D/SmartDualCardSM( 1728): boosterDump:SlaveActive=false SameOperator=false M_NetworkBad=false S_NetworkBad=true M_DLSpeedLimit=1048576 S_DLSpeedLimit=1048576 M_DataRoam=false S_DataRoam=false VPNMode=false TetherOn=false AppQoeSlow=false HidataAppQoeSlow=false GameExpBad=false DsdsState=1 S_TrafficEnough=true
06-04 16:48:57.760 I/chatty  ( 1243): uid=1000(system) UEventObserver expire 6 lines
06-04 16:49:03.989 I/chatty  ( 1243): uid=1000(system) ConnectivitySer expire 4 lines
06-04 16:49:05.998 I/chatty  ( 1243): uid=1000(system) watchdog expire 1 line
06-04 16:49:06.020 I/chatty  ( 1243): uid=1000 system_server expire 2 lines
06-04 16:49:06.037 W/ContextImpl( 3584): Calling a method in the system process without a qualified user: android.app.ContextImpl.sendBroadcast:1155 android.content.ContextWrapper.sendBroadcast:444 ey.a:37 ey.i:83 eg.d:37 
06-04 16:49:06.039 I/chatty  ( 1243): uid=1000(system) Binder:1243_7 expire 4 lines
06-04 16:49:06.101 I/chatty  ( 1243): uid=1000(system) Binder:1243_20 expire 1 line
06-04 16:49:06.112 W/ContextImpl( 3584): Calling a method in the system process without a qualified user: android.app.ContextImpl.sendBroadcast:1155 android.content.ContextWrapper.sendBroadcast:444 ey.a:73 ey.a:195 ew.b:104 
06-04 16:49:06.138 I/chatty  ( 1243): uid=1000(system) Binder:1243_6 expire 4 lines
06-04 16:49:06.166 I/chatty  ( 1243): uid=1000(system) Binder:1243_20 expire 1 line
06-04 16:49:16.856 D/SmartDualCardSM( 1728): IdleState:got msg.what=EVENT_HARD_SWITCH_CONDITION_CHECK
06-04 16:49:28.487 I/chatty  ( 1243): uid=1000(system) UEventObserver expire 6 lines
06-04 16:49:32.805 I/storaged(  720): storaged_t::event: storage_info refreshed.
06-04 16:49:33.204 W/SocketListener(  549): sending broadcast to Pid = 1243, Uid = 1000 
06-04 16:49:33.208 I/chatty  ( 1243): uid=1000(system) NetdConnector expire 2 lines
06-04 16:49:33.212 I/chatty  ( 1243): uid=1000(system) android.fg expire 1 line
06-04 16:49:36.001 I/chatty  ( 1243): uid=1000(system) watchdog expire 1 line
06-04 16:49:36.878 D/SmartDualCardSM( 1728): IdleState:got msg.what=EVENT_HARD_SWITCH_CONDITION_CHECK
06-04 16:49:36.900 E/SmartDualCardTraffic( 1728): getMealTrafficImpl fail,invalid imsi
06-04 16:49:36.900 D/SmartDualCardSM( 1728): boosterDump:prop=true SdcSwitchOn=false DataSwitchOn=true WifiConnect=true AirplaneOn=false ScreenOn=false VSimEnabled=false CallOn=false AppState=GENERAL_BACKGROUND HidataAppState=GENERAL_BACKGROUND defaultDataSub=1 default4GSlot=1 DataOn=false M_MmsUtPdp=false userType=2
06-04 16:49:36.911 D/SmartDualCardSM( 1728): isSlaveCardNetworkBad return true,mSignalStrength=2,mNetworkType=3,mDownlinkSpeedLimit=1048576,mDataRoaming=false
06-04 16:49:36.913 E/SmartDualCardTraffic( 1728): getMealTrafficImpl fail,invalid imsi
06-04 16:49:36.913 D/SmartDualCardSM( 1728): boosterDump:SlaveActive=false SameOperator=false M_NetworkBad=false S_NetworkBad=true M_DLSpeedLimit=1048576 S_DLSpeedLimit=1048576 M_DataRoam=false S_DataRoam=false VPNMode=false TetherOn=false AppQoeSlow=false HidataAppQoeSlow=false GameExpBad=false DsdsState=1 S_TrafficEnough=true
06-04 16:49:56.900 D/SmartDualCardSM( 1728): IdleState:got msg.what=EVENT_HARD_SWITCH_CONDITION_CHECK
06-04 16:49:59.193 I/chatty  ( 1243): uid=1000(system) UEventObserver expire 18 lines
06-04 16:50:01.648 I/chatty  ( 1243): uid=1000(system) android.bg expire 4 lines
06-04 16:50:01.651 I/chatty  ( 1243): uid=1000 system_server expire 16 lines
06-04 16:50:01.656 I/chatty  ( 1243): uid=1000(system) ActivityManager expire 4 lines
06-04 16:50:01.687 I/chatty  ( 1243): uid=1000(system) Binder:1243_6 expire 3 lines
06-04 16:50:01.697 I/chatty  ( 1243): uid=1000(system) NetdConnector expire 10 lines
06-04 16:50:01.697 I/chatty  ( 1243): uid=1000(system) Binder:1243_7 expire 5 lines
06-04 16:50:01.710 I/chatty  ( 1243): uid=1000(system) Binder:1243_20 expire 5 lines
06-04 16:50:01.714 I/chatty  ( 1243): uid=1000(system) android.ui expire 2 lines
06-04 16:50:01.781 W/SocketListener(  549): sending broadcast to Pid = 1243, Uid = 1000 
06-04 16:50:01.794 I/chatty  ( 1243): uid=1000(system) android.fg expire 1 line
06-04 16:50:06.004 I/chatty  ( 1243): uid=1000(system) watchdog expire 3 lines
06-04 16:50:15.963 I/chatty  ( 1243): uid=1000(system) HwBinder:1243_3 expire 1 line
06-04 16:50:16.906 D/SmartDualCardSM( 1728): IdleState:got msg.what=EVENT_HARD_SWITCH_CONDITION_CHECK
06-04 16:50:16.928 E/SmartDualCardTraffic( 1728): getMealTrafficImpl fail,invalid imsi
06-04 16:50:16.929 D/SmartDualCardSM( 1728): boosterDump:prop=true SdcSwitchOn=false DataSwitchOn=true WifiConnect=true AirplaneOn=false ScreenOn=false VSimEnabled=false CallOn=false AppState=GENERAL_BACKGROUND HidataAppState=GENERAL_BACKGROUND defaultDataSub=1 default4GSlot=1 DataOn=false M_MmsUtPdp=false userType=2
06-04 16:50:16.939 D/SmartDualCardSM( 1728): isSlaveCardNetworkBad return true,mSignalStrength=2,mNetworkType=3,mDownlinkSpeedLimit=1048576,mDataRoaming=false
06-04 16:50:16.941 E/SmartDualCardTraffic( 1728): getMealTrafficImpl fail,invalid imsi
06-04 16:50:16.941 D/SmartDualCardSM( 1728): boosterDump:SlaveActive=false SameOperator=false M_NetworkBad=false S_NetworkBad=true M_DLSpeedLimit=1048576 S_DLSpeedLimit=1048576 M_DataRoam=false S_DataRoam=false VPNMode=false TetherOn=false AppQoeSlow=false HidataAppQoeSlow=false GameExpBad=false DsdsState=1 S_TrafficEnough=true
06-04 16:50:21.852 I/chatty  ( 1243): uid=1000(system) NetdConnector expire 4 lines
06-04 16:50:29.916 I/chatty  ( 1243): uid=1000(system) UEventObserver expire 12 lines
06-04 16:50:32.806 I/storaged(  720): storaged_t::event: storage_info refreshed.
06-04 16:50:34.024 I/chatty  ( 1243): uid=1000(system) Binder:1243_19 expire 10 lines
06-04 16:50:36.928 D/SmartDualCardSM( 1728): IdleState:got msg.what=EVENT_HARD_SWITCH_CONDITION_CHECK
06-04 16:50:56.930 D/SmartDualCardSM( 1728): IdleState:got msg.what=EVENT_HARD_SWITCH_CONDITION_CHECK
06-04 16:50:56.952 E/SmartDualCardTraffic( 1728): getMealTrafficImpl fail,invalid imsi
06-04 16:50:56.953 D/SmartDualCardSM( 1728): boosterDump:prop=true SdcSwitchOn=false DataSwitchOn=true WifiConnect=true AirplaneOn=false ScreenOn=false VSimEnabled=false CallOn=false AppState=GENERAL_BACKGROUND HidataAppState=GENERAL_BACKGROUND defaultDataSub=1 default4GSlot=1 DataOn=false M_MmsUtPdp=false userType=2
06-04 16:50:56.970 D/SmartDualCardSM( 1728): isSlaveCardNetworkBad return true,mSignalStrength=2,mNetworkType=3,mDownlinkSpeedLimit=1048576,mDataRoaming=false
06-04 16:50:56.974 E/SmartDualCardTraffic( 1728): getMealTrafficImpl fail,invalid imsi
06-04 16:50:56.974 D/SmartDualCardSM( 1728): boosterDump:SlaveActive=false SameOperator=false M_NetworkBad=false S_NetworkBad=true M_DLSpeedLimit=1048576 S_DLSpeedLimit=1048576 M_DataRoam=false S_DataRoam=false VPNMode=false TetherOn=false AppQoeSlow=false HidataAppQoeSlow=false GameExpBad=false DsdsState=1 S_TrafficEnough=true
06-04 16:51:16.952 D/SmartDualCardSM( 1728): IdleState:got msg.what=EVENT_HARD_SWITCH_CONDITION_CHECK
06-04 16:51:29.628 I/chatty  ( 1243): uid=1000(system) keyAppHanderThr expire 2 lines
06-04 16:51:29.699 I/chatty  ( 1243): uid=1000(system) ActivityManager expire 5 lines
06-04 16:51:29.709 I/chatty  ( 1243): uid=1000(system) MultiTaskManage expire 1 line
06-04 16:51:29.720 D/ActivityThread(11121): Attach thread to application
06-04 16:51:29.763 I/chatty  ( 1243): uid=1000(system) Binder:1243_1C expire 1 line
06-04 16:51:29.773 I/chatty  ( 1243): uid=1000 system_server expire 2 lines
06-04 16:51:29.805 W/ContextImpl(10741): Calling a method in the system process without a qualified user: android.app.ContextImpl.startService:1764 android.content.ContextWrapper.startService:664 com.huawei.hiwibd.android.trigger.HiWiTrigger.startHiWIService:149 com.huawei.hiwibd.android.trigger.HiWiJobService$1.handleMessage:33 android.os.Handler.dispatchMessage:112 
06-04 16:51:30.152 E/ActivityThread(11121): Failed to find provider info for com.tencent.mm.coolassist.debugprovider
06-04 16:51:31.366 I/chatty  ( 1243): uid=1000(system) UEventObserver expire 6 lines
06-04 16:51:31.817 I/chatty  ( 1243): uid=1000(system) Binder:1243_6 expire 3 lines
06-04 16:51:32.312 I/chatty  ( 1243): uid=1000(system) Binder:1243_19 expire 4 lines
06-04 16:51:32.393 I/chatty  ( 1243): uid=1000(system) Binder:1243_6 expire 2 lines
06-04 16:51:32.467 I/chatty  ( 1243): uid=1000(system) Binder:1243_19 expire 5 lines
06-04 16:51:32.531 I/chatty  ( 1243): uid=1000(system) Binder:1243_6 expire 3 lines
06-04 16:51:32.559 I/chatty  ( 1243): uid=1000(system) Binder:1243_19 expire 1 line
06-04 16:51:32.638 I/chatty  ( 1243): uid=1000(system) Binder:1243_1C expire 2 lines
06-04 16:51:32.699 I/chatty  ( 1243): uid=1000(system) Binder:1243_19 expire 1 line
06-04 16:51:32.701 I/chatty  ( 1243): uid=1000(system) Binder:1243_6 expire 1 line
06-04 16:51:32.705 I/chatty  ( 1243): uid=1000(system) Binder:1243_1C expire 1 line
06-04 16:51:32.721 I/chatty  ( 1243): uid=1000(system) Binder:1243_6 expire 2 lines
06-04 16:51:32.765 I/chatty  ( 1243): uid=1000(system) Binder:1243_19 expire 1 line
06-04 16:51:32.807 I/storaged(  720): storaged_t::event: storage_info refreshed.
06-04 16:51:35.435 I/chatty  ( 1243): uid=1000(system) keyAppHanderThr expire 3 lines
06-04 16:51:35.488 I/chatty  ( 1243): uid=1000(system) ActivityManager expire 6 lines
06-04 16:51:35.489 I/chatty  ( 1243): uid=1000(system) MultiTaskManage expire 2 lines
06-04 16:51:35.517 D/ActivityThread(11216): Attach thread to application
06-04 16:51:35.541 I/chatty  ( 1243): uid=1000(system) Binder:1243_19 expire 26 lines
06-04 16:51:35.916 E/ActivityThread(11216): Failed to find provider info for com.tencent.mm.coolassist.debugprovider
06-04 16:51:36.012 I/chatty  ( 1243): uid=1000(system) watchdog expire 7 lines
06-04 16:51:36.119 E/ActivityThread(11216): Failed to find provider info for com.google.android.gsf.gservices
06-04 16:51:36.120 I/chatty  ( 1243): uid=1000(system) Binder:1243_8 expire 7 lines
06-04 16:51:36.125 E/ActivityThread(11216): Failed to find provider info for com.google.android.gsf.gservices
06-04 16:51:36.127 E/ActivityThread(11216): Failed to find provider info for com.google.android.gms.phenotype
06-04 16:51:36.129 E/ActivityThread(11216): Failed to find provider info for com.google.android.gsf.gservices
06-04 16:51:36.150 E/ActivityThread(11216): Failed to find provider info for com.google.android.gsf.gservices
06-04 16:51:36.228 I/chatty  (11216): uid=10716(com.tencent.mm) identical 1 line
06-04 16:51:36.238 E/ActivityThread(11216): Failed to find provider info for com.google.android.gsf.gservices
06-04 16:51:36.268 E/ActivityThread(11216): Failed to find provider info for com.google.android.gsf.gservices
06-04 16:51:36.970 D/SmartDualCardSM( 1728): IdleState:got msg.what=EVENT_HARD_SWITCH_CONDITION_CHECK
06-04 16:51:37.003 E/SmartDualCardTraffic( 1728): getMealTrafficImpl fail,invalid imsi
06-04 16:51:37.003 D/SmartDualCardSM( 1728): boosterDump:prop=true SdcSwitchOn=false DataSwitchOn=true WifiConnect=true AirplaneOn=false ScreenOn=false VSimEnabled=false CallOn=false AppState=GENERAL_BACKGROUND HidataAppState=GENERAL_BACKGROUND defaultDataSub=1 default4GSlot=1 DataOn=false M_MmsUtPdp=false userType=2
06-04 16:51:37.028 D/SmartDualCardSM( 1728): isSlaveCardNetworkBad return true,mSignalStrength=2,mNetworkType=3,mDownlinkSpeedLimit=1048576,mDataRoaming=false
06-04 16:51:37.033 E/SmartDualCardTraffic( 1728): getMealTrafficImpl fail,invalid imsi
06-04 16:51:37.033 D/SmartDualCardSM( 1728): boosterDump:SlaveActive=false SameOperator=false M_NetworkBad=false S_NetworkBad=true M_DLSpeedLimit=1048576 S_DLSpeedLimit=1048576 M_DataRoam=false S_DataRoam=false VPNMode=false TetherOn=false AppQoeSlow=false HidataAppQoeSlow=false GameExpBad=false DsdsState=1 S_TrafficEnough=true
06-04 16:51:38.237 I/BoosterSwitchP( 1728): notifyUidState do nothing
06-04 16:51:38.237 I/DeepNoDisturbP( 1728): notifyUidState
06-04 16:51:38.237 I/BrowserChrP( 1728): notifyUidState
06-04 16:51:38.733 I/chatty  ( 1243): uid=1000(system) Thread-34 expire 2 lines
06-04 16:51:39.704 W/ContextImpl( 1782): Calling a method in the system process without a qualified user: android.app.ContextImpl.bindService:1844 android.content.ContextWrapper.bindService:698 com.huawei.nb.searchmanager.service.RemoteIndexSearchManager.ensureIndexSearchServiceBound:124 com.huawei.nb.searchmanager.service.RemoteIndexSearchManager.migrate:342 com.huawei.nb.searchmanager.service.RemoteIndexSearchManager.migrateIntent:301 
06-04 16:51:39.778 D/ActivityThread(11323): Attach thread to application
06-04 16:51:39.911 W/ContextImpl(11323): Calling a method in the system process without a qualified user: android.app.ContextImpl.startService:1764 android.content.ContextWrapper.startService:664 com.huawei.nb.service.HwNaturalBase.onCreate:24 android.app.Instrumentation.callApplicationOnCreate:1162 android.app.ActivityThread.handleBindApplication:6717 
06-04 16:51:39.954 W/ContextImpl(11323): Calling a method in the system process without a qualified user: android.app.ContextImpl.bindService:1844 android.content.ContextWrapper.bindService:698 com.huawei.nb.client.RemoteServiceConnection.open:90 com.huawei.nb.client.Proxy.connect:118 com.huawei.nb.searchmanager.searchengine.service.DataServiceProxyManager.connectDataService:87 
06-04 16:51:41.207 I/chatty  ( 1243): uid=1000(system) Binder:1243_6 expire 7 lines
06-04 16:51:42.969 W/ContextImpl(11323): Calling a method in the system process without a qualified user: android.app.ContextImpl.bindService:1844 android.content.ContextWrapper.bindService:698 com.huawei.nb.client.RemoteServiceConnection.open:90 com.huawei.nb.client.Proxy.connect:118 com.huawei.nb.client.DualProxy.connect:31 
06-04 16:51:42.974 W/ContextImpl(11323): Calling a method in the system process without a qualified user: android.app.ContextImpl.bindService:1844 android.content.ContextWrapper.bindService:698 com.huawei.nb.client.RemoteServiceConnection.open:90 com.huawei.nb.client.Proxy.connect:118 com.huawei.nb.client.DualProxy.access$001:10 
06-04 16:51:56.993 D/SmartDualCardSM( 1728): IdleState:got msg.what=EVENT_HARD_SWITCH_CONDITION_CHECK
06-04 16:52:02.069 I/chatty  ( 1243): uid=1000(system) UEventObserver expire 12 lines
06-04 16:52:06.136 I/chatty  ( 1243): uid=1000 system_server expire 12 lines
06-04 16:52:06.200 I/chatty  ( 1243): uid=1000(system) Binder:1243_12 expire 10 lines
06-04 16:52:17.008 D/SmartDualCardSM( 1728): IdleState:got msg.what=EVENT_HARD_SWITCH_CONDITION_CHECK
06-04 16:52:17.032 E/SmartDualCardTraffic( 1728): getMealTrafficImpl fail,invalid imsi
06-04 16:52:17.032 D/SmartDualCardSM( 1728): boosterDump:prop=true SdcSwitchOn=false DataSwitchOn=true WifiConnect=true AirplaneOn=false ScreenOn=false VSimEnabled=false CallOn=false AppState=GENERAL_BACKGROUND HidataAppState=GENERAL_BACKGROUND defaultDataSub=1 default4GSlot=1 DataOn=false M_MmsUtPdp=false userType=2
06-04 16:52:17.045 D/SmartDualCardSM( 1728): isSlaveCardNetworkBad return true,mSignalStrength=2,mNetworkType=3,mDownlinkSpeedLimit=1048576,mDataRoaming=false
06-04 16:52:17.048 E/SmartDualCardTraffic( 1728): getMealTrafficImpl fail,invalid imsi
06-04 16:52:17.048 D/SmartDualCardSM( 1728): boosterDump:SlaveActive=false SameOperator=false M_NetworkBad=false S_NetworkBad=true M_DLSpeedLimit=1048576 S_DLSpeedLimit=1048576 M_DataRoam=false S_DataRoam=false VPNMode=false TetherOn=false AppQoeSlow=false HidataAppQoeSlow=false GameExpBad=false DsdsState=1 S_TrafficEnough=true
06-04 16:52:26.011 I/chatty  ( 1243): uid=1000(system) android.bg expire 3 lines
06-04 16:52:26.091 I/chatty  ( 1243): uid=1000(system) NetdConnector expire 10 lines
06-04 16:52:29.726 I/BoosterSwitchP( 1728): notifyUidState do nothing
06-04 16:52:29.726 I/DeepNoDisturbP( 1728): notifyUidState
06-04 16:52:29.726 I/BrowserChrP( 1728): notifyUidState
06-04 16:52:32.808 I/storaged(  720): storaged_t::event: storage_info refreshed.
06-04 16:52:37.017 D/SmartDualCardSM( 1728): IdleState:got msg.what=EVENT_HARD_SWITCH_CONDITION_CHECK
06-04 16:52:41.619 W/SocketListener(  549): sending broadcast to Pid = 1243, Uid = 1000 
06-04 16:52:41.625 I/chatty  ( 1243): uid=1000(system) android.fg expire 6 lines
06-04 16:52:57.022 D/SmartDualCardSM( 1728): IdleState:got msg.what=EVENT_HARD_SWITCH_CONDITION_CHECK
06-04 16:52:57.045 E/SmartDualCardTraffic( 1728): getMealTrafficImpl fail,invalid imsi
06-04 16:52:57.045 D/SmartDualCardSM( 1728): boosterDump:prop=true SdcSwitchOn=false DataSwitchOn=true WifiConnect=true AirplaneOn=false ScreenOn=false VSimEnabled=false CallOn=false AppState=GENERAL_BACKGROUND HidataAppState=GENERAL_BACKGROUND defaultDataSub=1 default4GSlot=1 DataOn=false M_MmsUtPdp=false userType=2
06-04 16:52:57.059 D/SmartDualCardSM( 1728): isSlaveCardNetworkBad return true,mSignalStrength=2,mNetworkType=3,mDownlinkSpeedLimit=1048576,mDataRoaming=false
06-04 16:52:57.061 E/SmartDualCardTraffic( 1728): getMealTrafficImpl fail,invalid imsi
06-04 16:52:57.062 D/SmartDualCardSM( 1728): boosterDump:SlaveActive=false SameOperator=false M_NetworkBad=false S_NetworkBad=true M_DLSpeedLimit=1048576 S_DLSpeedLimit=1048576 M_DataRoam=false S_DataRoam=false VPNMode=false TetherOn=false AppQoeSlow=false HidataAppQoeSlow=false GameExpBad=false DsdsState=1 S_TrafficEnough=true
06-04 16:52:59.875 W/SocketListener(  549): sending broadcast to Pid = 1243, Uid = 1000 
06-04 16:53:03.522 I/chatty  ( 1243): uid=1000(system) UEventObserver expire 18 lines
06-04 16:53:06.161 I/chatty  ( 1243): uid=1000(system) Binder:1243_19 expire 2 lines
06-04 16:53:14.904 W/SocketListener(  549): sending broadcast to Pid = 1243, Uid = 1000 
06-04 16:53:15.163 I/chatty  ( 1243): uid=1000(system) HwBinder:1243_3 expire 1 line
06-04 16:53:15.231 I/chatty  ( 1243): uid=1000(system) ActivityManager expire 3 lines
06-04 16:53:15.363 I/chatty  ( 1243): uid=1000(system) Binder:1243_17 expire 7 lines
06-04 16:53:15.374 W/SocketListener(  549): sending broadcast to Pid = 1243, Uid = 1000 
06-04 16:53:17.032 D/SmartDualCardSM( 1728): IdleState:got msg.what=EVENT_HARD_SWITCH_CONDITION_CHECK
06-04 16:53:29.765 I/chatty  ( 1243): uid=1000(system) Binder:1243_E expire 3 lines
06-04 16:53:32.809 I/storaged(  720): storaged_t::event: storage_info refreshed.
06-04 16:53:34.234 I/chatty  ( 1243): uid=1000(system) UEventObserver expire 12 lines
06-04 16:53:37.045 D/SmartDualCardSM( 1728): IdleState:got msg.what=EVENT_HARD_SWITCH_CONDITION_CHECK
06-04 16:53:37.069 E/SmartDualCardTraffic( 1728): getMealTrafficImpl fail,invalid imsi
06-04 16:53:37.069 D/SmartDualCardSM( 1728): boosterDump:prop=true SdcSwitchOn=false DataSwitchOn=true WifiConnect=true AirplaneOn=false ScreenOn=false VSimEnabled=false CallOn=false AppState=GENERAL_BACKGROUND HidataAppState=GENERAL_BACKGROUND defaultDataSub=1 default4GSlot=1 DataOn=false M_MmsUtPdp=false userType=2
06-04 16:53:37.080 D/SmartDualCardSM( 1728): isSlaveCardNetworkBad return true,mSignalStrength=2,mNetworkType=3,mDownlinkSpeedLimit=1048576,mDataRoaming=false
06-04 16:53:37.083 E/SmartDualCardTraffic( 1728): getMealTrafficImpl fail,invalid imsi
06-04 16:53:37.083 D/SmartDualCardSM( 1728): boosterDump:SlaveActive=false SameOperator=false M_NetworkBad=false S_NetworkBad=true M_DLSpeedLimit=1048576 S_DLSpeedLimit=1048576 M_DataRoam=false S_DataRoam=false VPNMode=false TetherOn=false AppQoeSlow=false HidataAppQoeSlow=false GameExpBad=false DsdsState=1 S_TrafficEnough=true
06-04 16:53:42.804 W/SocketListener(  549): sending broadcast to Pid = 1243, Uid = 1000 
06-04 16:53:42.807 I/chatty  ( 1243): uid=1000(system) NetdConnector expire 10 lines
06-04 16:53:54.583 W/SocketListener(  549): sending broadcast to Pid = 1243, Uid = 1000 
06-04 16:53:57.059 D/SmartDualCardSM( 1728): IdleState:got msg.what=EVENT_HARD_SWITCH_CONDITION_CHECK
06-04 16:54:12.032 I/chatty  ( 1243): uid=1000(system) android.ui expire 1 line
06-04 16:54:17.081 D/SmartDualCardSM( 1728): IdleState:got msg.what=EVENT_HARD_SWITCH_CONDITION_CHECK
06-04 16:54:17.105 E/SmartDualCardTraffic( 1728): getMealTrafficImpl fail,invalid imsi
06-04 16:54:17.105 D/SmartDualCardSM( 1728): boosterDump:prop=true SdcSwitchOn=false DataSwitchOn=true WifiConnect=true AirplaneOn=false ScreenOn=false VSimEnabled=false CallOn=false AppState=GENERAL_BACKGROUND HidataAppState=GENERAL_BACKGROUND defaultDataSub=1 default4GSlot=1 DataOn=false M_MmsUtPdp=false userType=2
06-04 16:54:17.116 D/SmartDualCardSM( 1728): isSlaveCardNetworkBad return true,mSignalStrength=2,mNetworkType=3,mDownlinkSpeedLimit=1048576,mDataRoaming=false
06-04 16:54:17.119 E/SmartDualCardTraffic( 1728): getMealTrafficImpl fail,invalid imsi
06-04 16:54:17.119 D/SmartDualCardSM( 1728): boosterDump:SlaveActive=false SameOperator=false M_NetworkBad=false S_NetworkBad=true M_DLSpeedLimit=1048576 S_DLSpeedLimit=1048576 M_DataRoam=false S_DataRoam=false VPNMode=false TetherOn=false AppQoeSlow=false HidataAppQoeSlow=false GameExpBad=false DsdsState=1 S_TrafficEnough=true
06-04 16:54:32.810 I/storaged(  720): storaged_t::event: storage_info refreshed.
06-04 16:54:35.674 I/chatty  ( 1243): uid=1000(system) UEventObserver expire 6 lines
06-04 16:54:37.104 D/SmartDualCardSM( 1728): IdleState:got msg.what=EVENT_HARD_SWITCH_CONDITION_CHECK
06-04 16:54:42.964 W/SocketListener(  549): sending broadcast to Pid = 1243, Uid = 1000 
06-04 16:54:42.971 I/chatty  ( 1243): uid=1000(system) android.fg expire 1 line
06-04 16:54:53.044 I/chatty  ( 1243): uid=1000 system_server expire 3 lines
06-04 16:54:53.586 I/chatty  ( 1243): uid=1000(system) android.bg expire 1 line
06-04 16:54:53.631 I/chatty  ( 1243): uid=1000(system) NetdConnector expire 2 lines
06-04 16:54:57.126 D/SmartDualCardSM( 1728): IdleState:got msg.what=EVENT_HARD_SWITCH_CONDITION_CHECK
06-04 16:54:57.149 E/SmartDualCardTraffic( 1728): getMealTrafficImpl fail,invalid imsi
06-04 16:54:57.150 D/SmartDualCardSM( 1728): boosterDump:prop=true SdcSwitchOn=false DataSwitchOn=true WifiConnect=true AirplaneOn=false ScreenOn=false VSimEnabled=false CallOn=false AppState=GENERAL_BACKGROUND HidataAppState=GENERAL_BACKGROUND defaultDataSub=1 default4GSlot=1 DataOn=false M_MmsUtPdp=false userType=2
06-04 16:54:57.161 D/SmartDualCardSM( 1728): isSlaveCardNetworkBad return true,mSignalStrength=2,mNetworkType=3,mDownlinkSpeedLimit=1048576,mDataRoaming=false
06-04 16:54:57.164 E/SmartDualCardTraffic( 1728): getMealTrafficImpl fail,invalid imsi
06-04 16:54:57.164 D/SmartDualCardSM( 1728): boosterDump:SlaveActive=false SameOperator=false M_NetworkBad=false S_NetworkBad=true M_DLSpeedLimit=1048576 S_DLSpeedLimit=1048576 M_DataRoam=false S_DataRoam=false VPNMode=false TetherOn=false AppQoeSlow=false HidataAppQoeSlow=false GameExpBad=false DsdsState=1 S_TrafficEnough=true
06-04 16:55:05.341 I/chatty  ( 1243): uid=1000(system) Binder:1243_E expire 1 line
06-04 16:55:05.360 I/chatty  ( 1243): uid=1000 system_server expire 3 lines
06-04 16:55:05.372 I/chatty  ( 1243): uid=1000(system) Binder:1243_E expire 1 line
06-04 16:55:05.373 I/chatty  ( 1243): uid=1000 system_server expire 3 lines
06-04 16:55:05.379 I/chatty  ( 1243): uid=1000(system) Binder:1243_12 expire 1 line
06-04 16:55:05.384 I/chatty  ( 1243): uid=1000 system_server expire 11 lines
06-04 16:55:05.388 I/chatty  ( 1243): uid=1000(system) Binder:1243_12 expire 8 lines
06-04 16:55:05.436 I/chatty  ( 1243): uid=1000(system) Binder:1243_17 expire 7 lines
06-04 16:55:06.036 I/chatty  ( 1243): uid=1000(system) watchdog expire 6 lines
06-04 16:55:06.264 W/SocketListener(  549): sending broadcast to Pid = 1243, Uid = 1000 
06-04 16:55:06.267 I/chatty  ( 1243): uid=1000(system) NetdConnector expire 8 lines
06-04 16:55:06.271 I/chatty  ( 1243): uid=1000(system) android.fg expire 4 lines
06-04 16:55:06.416 I/chatty  ( 1243): uid=1000(system) UEventObserver expire 12 lines
06-04 16:55:17.137 D/SmartDualCardSM( 1728): IdleState:got msg.what=EVENT_HARD_SWITCH_CONDITION_CHECK
06-04 16:55:26.414 I/BoosterSwitchP( 1728): notifyUidState do nothing
06-04 16:55:26.414 I/DeepNoDisturbP( 1728): notifyUidState
06-04 16:55:26.414 I/BrowserChrP( 1728): notifyUidState
06-04 16:55:26.913 I/chatty  ( 1243): uid=1000(system) Thread-34 expire 1 line
06-04 16:55:28.017 I/chatty  ( 1243): uid=1000 system_server expire 12 lines
06-04 16:55:28.024 I/chatty  ( 1243): uid=1000(system) keyAppHanderThr expire 1 line
06-04 16:55:28.050 I/chatty  ( 1243): uid=1000(system) Binder:1243_7 expire 15 lines
06-04 16:55:32.811 I/storaged(  720): storaged_t::event: storage_info refreshed.
06-04 16:55:37.160 D/SmartDualCardSM( 1728): IdleState:got msg.what=EVENT_HARD_SWITCH_CONDITION_CHECK
06-04 16:55:37.181 E/SmartDualCardTraffic( 1728): getMealTrafficImpl fail,invalid imsi
06-04 16:55:37.182 D/SmartDualCardSM( 1728): boosterDump:prop=true SdcSwitchOn=false DataSwitchOn=true WifiConnect=true AirplaneOn=false ScreenOn=false VSimEnabled=false CallOn=false AppState=GENERAL_BACKGROUND HidataAppState=GENERAL_BACKGROUND defaultDataSub=1 default4GSlot=1 DataOn=false M_MmsUtPdp=false userType=2
06-04 16:55:37.196 D/SmartDualCardSM( 1728): isSlaveCardNetworkBad return true,mSignalStrength=2,mNetworkType=3,mDownlinkSpeedLimit=1048576,mDataRoaming=false
06-04 16:55:37.199 E/SmartDualCardTraffic( 1728): getMealTrafficImpl fail,invalid imsi
06-04 16:55:37.199 D/SmartDualCardSM( 1728): boosterDump:SlaveActive=false SameOperator=false M_NetworkBad=false S_NetworkBad=true M_DLSpeedLimit=1048576 S_DLSpeedLimit=1048576 M_DataRoam=false S_DataRoam=false VPNMode=false TetherOn=false AppQoeSlow=false HidataAppQoeSlow=false GameExpBad=false DsdsState=1 S_TrafficEnough=true
06-04 16:55:38.519 I/chatty  ( 1243): uid=1000(system) UEventObserver expire 12 lines
06-04 16:55:38.523 I/chatty  ( 1243): uid=1000(system) HwBinder:1243_3 expire 1 line
06-04 16:55:38.587 I/chatty  ( 1243): uid=1000(system) ActivityManager expire 2 lines
06-04 16:55:38.604 I/chatty  ( 1243): uid=1000(system) Binder:1243_19 expire 10 lines
06-04 16:55:55.428 I/chatty  ( 1243): uid=1000(system) Binder:1243_6 expire 7 lines
06-04 16:55:56.453 I/chatty  ( 1243): uid=1000(system) Binder:1243_E expire 2 lines
06-04 16:55:57.171 D/SmartDualCardSM( 1728): IdleState:got msg.what=EVENT_HARD_SWITCH_CONDITION_CHECK
06-04 16:56:07.833 I/chatty  ( 1243): uid=1000(system) UEventObserver expire 12 lines
06-04 16:56:17.178 D/SmartDualCardSM( 1728): IdleState:got msg.what=EVENT_HARD_SWITCH_CONDITION_CHECK
06-04 16:56:17.203 E/SmartDualCardTraffic( 1728): getMealTrafficImpl fail,invalid imsi
06-04 16:56:17.203 D/SmartDualCardSM( 1728): boosterDump:prop=true SdcSwitchOn=false DataSwitchOn=true WifiConnect=true AirplaneOn=false ScreenOn=false VSimEnabled=false CallOn=false AppState=GENERAL_BACKGROUND HidataAppState=GENERAL_BACKGROUND defaultDataSub=1 default4GSlot=1 DataOn=false M_MmsUtPdp=false userType=2
06-04 16:56:17.220 D/SmartDualCardSM( 1728): isSlaveCardNetworkBad return true,mSignalStrength=2,mNetworkType=3,mDownlinkSpeedLimit=1048576,mDataRoaming=false
06-04 16:56:17.223 E/SmartDualCardTraffic( 1728): getMealTrafficImpl fail,invalid imsi
06-04 16:56:17.223 D/SmartDualCardSM( 1728): boosterDump:SlaveActive=false SameOperator=false M_NetworkBad=false S_NetworkBad=true M_DLSpeedLimit=1048576 S_DLSpeedLimit=1048576 M_DataRoam=false S_DataRoam=false VPNMode=false TetherOn=false AppQoeSlow=false HidataAppQoeSlow=false GameExpBad=false DsdsState=1 S_TrafficEnough=true
06-04 16:56:23.573 W/SocketListener(  549): sending broadcast to Pid = 1243, Uid = 1000 
06-04 16:56:32.812 I/storaged(  720): storaged_t::event: storage_info refreshed.
06-04 16:56:37.200 D/SmartDualCardSM( 1728): IdleState:got msg.what=EVENT_HARD_SWITCH_CONDITION_CHECK
06-04 16:56:39.208 W/SocketListener(  549): sending broadcast to Pid = 1243, Uid = 1000 
06-04 16:56:57.211 D/SmartDualCardSM( 1728): IdleState:got msg.what=EVENT_HARD_SWITCH_CONDITION_CHECK
06-04 16:56:57.234 E/SmartDualCardTraffic( 1728): getMealTrafficImpl fail,invalid imsi
06-04 16:56:57.234 D/SmartDualCardSM( 1728): boosterDump:prop=true SdcSwitchOn=false DataSwitchOn=true WifiConnect=true AirplaneOn=false ScreenOn=false VSimEnabled=false CallOn=false AppState=GENERAL_BACKGROUND HidataAppState=GENERAL_BACKGROUND defaultDataSub=1 default4GSlot=1 DataOn=false M_MmsUtPdp=false userType=2
06-04 16:56:57.244 D/SmartDualCardSM( 1728): isSlaveCardNetworkBad return true,mSignalStrength=2,mNetworkType=3,mDownlinkSpeedLimit=1048576,mDataRoaming=false
06-04 16:56:57.247 E/SmartDualCardTraffic( 1728): getMealTrafficImpl fail,invalid imsi
06-04 16:56:57.247 D/SmartDualCardSM( 1728): boosterDump:SlaveActive=false SameOperator=false M_NetworkBad=false S_NetworkBad=true M_DLSpeedLimit=1048576 S_DLSpeedLimit=1048576 M_DataRoam=false S_DataRoam=false VPNMode=false TetherOn=false AppQoeSlow=false HidataAppQoeSlow=false GameExpBad=false DsdsState=1 S_TrafficEnough=true
06-04 16:57:05.559 W/SocketListener(  549): sending broadcast to Pid = 1243, Uid = 1000 
06-04 16:57:09.284 I/chatty  ( 1243): uid=1000(system) UEventObserver expire 12 lines
06-04 16:57:17.234 D/SmartDualCardSM( 1728): IdleState:got msg.what=EVENT_HARD_SWITCH_CONDITION_CHECK
06-04 16:57:32.813 I/storaged(  720): storaged_t::event: storage_info refreshed.
06-04 16:57:37.255 D/SmartDualCardSM( 1728): IdleState:got msg.what=EVENT_HARD_SWITCH_CONDITION_CHECK
06-04 16:57:37.278 E/SmartDualCardTraffic( 1728): getMealTrafficImpl fail,invalid imsi
06-04 16:57:37.279 D/SmartDualCardSM( 1728): boosterDump:prop=true SdcSwitchOn=false DataSwitchOn=true WifiConnect=true AirplaneOn=false ScreenOn=false VSimEnabled=false CallOn=false AppState=GENERAL_BACKGROUND HidataAppState=GENERAL_BACKGROUND defaultDataSub=1 default4GSlot=1 DataOn=false M_MmsUtPdp=false userType=2
06-04 16:57:37.289 D/SmartDualCardSM( 1728): isSlaveCardNetworkBad return true,mSignalStrength=2,mNetworkType=3,mDownlinkSpeedLimit=1048576,mDataRoaming=false
06-04 16:57:37.292 E/SmartDualCardTraffic( 1728): getMealTrafficImpl fail,invalid imsi
06-04 16:57:37.292 D/SmartDualCardSM( 1728): boosterDump:SlaveActive=false SameOperator=false M_NetworkBad=false S_NetworkBad=true M_DLSpeedLimit=1048576 S_DLSpeedLimit=1048576 M_DataRoam=false S_DataRoam=false VPNMode=false TetherOn=false AppQoeSlow=false HidataAppQoeSlow=false GameExpBad=false DsdsState=1 S_TrafficEnough=true
06-04 16:57:41.068 I/chatty  ( 1243): uid=1000(system) InputReader expire 4 lines
06-04 16:57:41.074 I/chatty  ( 1243): uid=1000(system) PowerManagerSer expire 7 lines
06-04 16:57:41.113 W/KeyguardViewMediator( 1628): notifyDrawn as: ScreenTurningOn 
06-04 16:57:41.119 I/chatty  ( 1243): uid=1000(system) android.anim expire 5 lines
06-04 16:57:41.119 I/chatty  ( 1243): uid=1000(system) android.display expire 2 lines
06-04 16:57:41.128 I/chatty  ( 1243): uid=1000(system) android.ui expire 6 lines
06-04 16:57:41.141 I/chatty  ( 1243): uid=1000(system) Binder:1243_8 expire 11 lines
06-04 16:57:41.149 I/chatty  ( 1243): uid=1000(system) Binder:1243_7 expire 1 line
06-04 16:57:41.175 I/chatty  ( 1243): uid=1000(system) WifiP2pService expire 6 lines
06-04 16:57:41.190 D/vold    (  502): idle maintenance stopped
06-04 16:57:41.193 I/BoosterGameP( 1728): handleStateChanged reason=2
06-04 16:57:41.194 I/chatty  ( 1243): uid=1000(system) WifiStateMachin expire 1 line
06-04 16:57:41.197 E/BoosterGameP( 1728): inValidCQI:-1
06-04 16:57:41.197 I/BoosterVideoP( 1728): handleStateChanged reason=2
06-04 16:57:41.213 I/chatty  ( 1243): uid=1000(system) hw_finger_unloc expire 1 line
06-04 16:57:41.241 I/BoosterSwitchP( 1728): handleStateChanged reason=2
06-04 16:57:41.244 I/DeepNoDisturbP( 1728): handleStateChanged reason=2
06-04 16:57:41.246 I/DeepNoDisturbSM( 1728): setScreenState isScreenOn=true
06-04 16:57:41.246 I/DeepNoDisturbSM( 1728): IdleState processMessage msg.what=EVENT_SCREEN_ON
06-04 16:57:41.247 I/HidataAppQoeP( 1728): handleStateChanged reason=2
06-04 16:57:41.250 I/DeepNoDisturbSM( 1728): isWifiConnected = true
06-04 16:57:41.254 I/chatty  ( 1243): uid=1000 system_server expire 1 line
06-04 16:57:41.254 I/PreDnsQuery( 1728): handleStateChanged reason=2
06-04 16:57:41.256 I/PreDnsQuery( 1728): No need to handled!
06-04 16:57:41.256 I/BrowserChrP( 1728): handleStateChanged
06-04 16:57:41.260 I/DeepNoDisturbSM( 1728): isNetworkTypeSuitDeepNoDisturbMode networkType = 7
06-04 16:57:41.260 I/DeepNoDisturbSM( 1728): isCorrectState=true mIsCallOn=false mGameStatus=0 defaultDataSubId=1 default4GSlotId=1 mIsDefaultDataOn=false mIsScreenOn=true deepNoDisturbModeProp=true isDeepNoDisturbSwitchOn=false isGameDndSwitchOn=false isNetworkTypeSuitDeepNoDisturbMode=false isAirplaneModeOn()=false
06-04 16:57:41.260 I/DeepNoDisturbSM( 1728): isNeedEnterDeepNoDisturbMode false
06-04 16:57:41.260 D/SmartDualCardSM( 1728): IdleState:got msg.what=EVENT_SCREEN_ON
06-04 16:57:41.260 D/SmartDualCardSM( 1728): startSearchNetworkTimer,time=2000
06-04 16:57:41.260 D/SmartDualCardSM( 1728): no switch,wait master card network search result.
06-04 16:57:41.303 I/chatty  ( 1243): uid=1000(system) ActivityManager expire 1 line
06-04 16:57:41.303 I/chatty  ( 1243): uid=1000(system) MultiTaskManage expire 1 line
06-04 16:57:41.309 I/chatty  ( 1243): uid=1000(system) Binder:1243_12 expire 1 line
06-04 16:57:41.314 W/SocketListener(  549): sending broadcast to Pid = 1243, Uid = 1000 
06-04 16:57:41.314 D/ActivityThread(11558): Attach thread to application
06-04 16:57:41.315 I/chatty  ( 1243): uid=1000(system) NetdConnector expire 2 lines
06-04 16:57:41.316 I/chatty  ( 1243): uid=1000(system) android.fg expire 1 line
06-04 16:57:41.331 I/chatty  ( 1243): uid=1000(system) Binder:1243_12 expire 1 line
06-04 16:57:41.336 I/chatty  ( 1243): uid=1000(system) Binder:1243_20 expire 1 line
06-04 16:57:41.337 I/chatty  ( 1243): uid=1000(system) ActivityManager expire 17 lines
06-04 16:57:41.341 I/chatty  ( 1243): uid=1000(system) Binder:1243_12 expire 20 lines
06-04 16:57:41.397 I/chatty  ( 1243): uid=1000(system) Binder:1243_19 expire 6 lines
06-04 16:57:41.403 I/chatty  ( 1243): uid=1000(system) PhotonicModulat expire 1 line
06-04 16:57:41.403 I/chatty  ( 1243): uid=1000(system) PowerManagerSer expire 3 lines
06-04 16:57:41.404 I/chatty  ( 1243): uid=1000(system) Binder:1243_8 expire 2 lines
06-04 16:57:41.440 I/chatty  ( 1243): uid=1000 system_server expire 19 lines
06-04 16:57:41.447 I/chatty  ( 1243): uid=1000(system) Binder:1243_20 expire 6 lines
06-04 16:57:41.457 I/DeepNoDisturbP( 1728): handleStateChanged reason=8
06-04 16:57:41.460 I/HidataAppQoeP( 1728): handleStateChanged reason=8
06-04 16:57:41.462 I/PreDnsQuery( 1728): handleStateChanged reason=8
06-04 16:57:41.463 I/PreDnsQuery( 1728): No need to handled!
06-04 16:57:41.463 I/BrowserChrP( 1728): handleStateChanged
06-04 16:57:43.262 D/SmartDualCardSM( 1728): IdleState:got msg.what=EVENT_SEARCH_NETWORK_TIMEOUT
06-04 16:57:43.263 E/SmartDualCardSM( 1728): isNeedMonitorAppQoe return false,invalid params,mForegroundAppUid=-1
06-04 16:57:43.264 D/SmartDualCardSM( 1728): resetAppQoeState
06-04 16:57:44.068 I/chatty  ( 1243): uid=1000(system) android.ui expire 20 lines
06-04 16:57:47.468 I/DeepNoDisturbP( 1728): handleStateChanged reason=8
06-04 16:57:47.487 I/HidataAppQoeP( 1728): handleStateChanged reason=8
06-04 16:57:47.500 I/PreDnsQuery( 1728): handleStateChanged reason=8
06-04 16:57:47.503 I/PreDnsQuery( 1728): No need to handled!
06-04 16:57:47.503 I/BrowserChrP( 1728): handleStateChanged
06-04 16:57:47.509 I/chatty  ( 1243): uid=1000(system) NetdConnector expire 6 lines
06-04 16:57:49.941 I/chatty  ( 1243): uid=1000(system) Binder:1243_E expire 10 lines
06-04 16:57:49.973 D/FaceRecognizeService( 1728): resetTimeout begin!
06-04 16:57:49.976 E/FaceRecognizeService( 1728): handleMessage EVT = 1002
06-04 16:57:49.976 D/AntiBruteForceProcessor( 1728): Reset facerecognize lockout, clearAttemptCounter=true
06-04 16:57:49.980 D/AntiBruteForceProcessor( 1728): resetTotalFailedTimes current total times = 0
06-04 16:57:50.030 W/KeyguardViewMediator( 1628): kgsvc callback -> .keyguardGoingAway 4 false false
06-04 16:57:50.110 I/chatty  ( 1243): uid=1000(system) tworkPolicy.uid expire 2 lines
06-04 16:57:50.118 I/chatty  ( 1243): uid=1000(system) HwActivityManag expire 1 line
06-04 16:57:50.122 D/SmartDualCardConfig( 1728): getAppType,pkgName=com.huawei.android.launcher,appType=301
06-04 16:57:50.122 D/SmartDualCardSM( 1728): onUidStateUpdate isSkip,uid=10062,name=com.huawei.android.launcher
06-04 16:57:50.125 I/chatty  ( 1243): uid=1000(system) android.anim expire 7 lines
06-04 16:57:50.175 W/KeyguardViewMediator( 1628): callback -> onShowingStateChanged.
06-04 16:57:50.178 W/KeyguardViewMediator( 1628): KgSvc reportKeyguardShowingChanged. cost = 3
