09-18 15:50:11.870 E/RegisteredServicesCache( 6566): ServiceStateFileVersion=1.0
09-18 15:50:11.870 E/RegisteredServicesCache( 6566): Next Tag=services
09-18 15:50:11.870 E/RegisteredServicesCache( 6566):  Writing service state Data Always
09-18 15:50:11.879 I/HwLauncher( 7837): Launcher onStart()
09-18 15:50:11.879 I/HwLauncher( 7837): Launcher dynamicIconsRegister
09-18 15:50:11.879 I/HwLauncher( 7837): DynamicUpdater registerReceiver
09-18 15:50:11.885 I/HwLauncher( 7837): DynamicUpdater call updateFolder
09-18 15:50:11.886 I/HwLauncher( 7837): DynamicIcon onResume  isvisible = true   mAttachedToWindow:false    mWindowVisible:falsecom.huawei.android.totemweather
09-18 15:50:11.886 I/HwLauncher( 7837): DynamicUpdater registerReceiver
09-18 15:50:11.887 I/HwLauncher( 7837): WeatherDynamicUpdaterpositiveUpdate at WeatherDynamicUpdater
09-18 15:50:11.889 I/HwLauncher( 7837): DynamicUpdater call updateFolder
09-18 15:50:11.889 I/HwLauncher( 7837): DynamicIcon onResume  isvisible = false   mAttachedToWindow:true    mWindowVisible:falsecom.android.deskclock
09-18 15:50:11.889 I/HwLauncher( 7837): DynamicUpdater registerReceiver
09-18 15:50:11.897 I/HwLauncher( 7837): DynamicUpdater call updateFolder
09-18 15:50:11.897 I/HwLauncher( 7837): DynamicIcon onResume  isvisible = false   mAttachedToWindow:true    mWindowVisible:falsecom.android.calendar
09-18 15:50:11.898 I/HwLauncher( 7837): Launcher  Launcher.onStart() cost 19 ms
09-18 15:50:11.898 I/HwLauncher( 7837): Launcher onResume()
09-18 15:50:11.899 I/HwLauncher( 7837): Launcher doResumeWork()
09-18 15:50:11.904 I/TotemWeather( 9856): Utils launcherIntent for weather DynamicIcon
09-18 15:50:11.904 E/TotemWeather( 9856): WidgetUtils getWidgetShowCityInfo return myLocation
09-18 15:50:11.904 I/HwLauncher( 7837): Launcher.MotionManager startMotionAppsReco begin,flg = 402
09-18 15:50:11.905 I/SendBroadcastPermission( 9856): action:com.huawei.android.action.launcher_weather_icon_change, mPermissionType:0
09-18 15:50:11.910 I/HwSystemManager( 4979): NotificationGuideService:handle MSG_ACTIVIY_FOREGROUND, uid:10042
09-18 15:50:11.924 E/HwLauncher( 7837): SettingsEx , no such field.
09-18 15:50:11.924 W/HwLauncher( 7837): Clock getDataFormat the getSystemString failed.
09-18 15:50:11.925 I/HwLauncher( 7837): DynamicIconData , getDrawableForDynamic begin, pkg = com.android.deskclock, picName = deskclock_bg
09-18 15:50:11.925 I/HwLauncher( 7837): DynamicIconData , getDrawableForDynamic end, pkg = com.android.deskclock, picName = deskclock_bg
09-18 15:50:11.929 I/HwLauncher( 7837): Launcher  onResume mIsToUninstallApp = false
09-18 15:50:11.929 I/HwLauncher( 7837): Launcher  Launcher hot start cost 50 ms
09-18 15:50:11.932 I/HwLauncher( 7837): ClockDynamicUpdater clock update folder at ClockDynamicUpdater
09-18 15:50:11.932 I/HwLauncher( 7837): DynamicUpdater updateBitmap end and send update message
09-18 15:50:11.974 W/InputDispatcher( 4195): channel '4e80524 cn.sa.im/cn.sa.im.MainActivity (server)' ~ Consumer closed input channel or an error occurred.  events=0x9
09-18 15:50:11.974 E/InputDispatcher( 4195): channel '4e80524 cn.sa.im/cn.sa.im.MainActivity (server)' ~ Channel is unrecoverably broken and will be disposed!
09-18 15:50:12.031 W/InputDispatcher( 4195): Attempted to unregister already unregistered input channel '4e80524 cn.sa.im/cn.sa.im.MainActivity (server)'
09-18 15:50:12.031 I/[Gralloc]( 3718): alloc w[1080] h[1920] format[1] usage[2816]
09-18 15:50:12.033 I/HwLauncher( 7837): WeatherDynamicUpdaterreceive action = com.huawei.android.action.launcher_weather_icon_change
09-18 15:50:12.034 I/HwLauncher( 7837): WeatherDynamicUpdaterreceiver data is int[] = [0, 0, 72, 0, 96, 0, 120, 0]
09-18 15:50:12.034 I/HwLauncher( 7837):  stringArray[] [sunny, num2, num5, tempc]
09-18 15:50:12.035 I/[Gralloc]( 3718): alloc succ handle[0xb8c1e618] stride[1120]
09-18 15:50:12.035 I/[Gralloc]( 3718): alloc w[1080] h[1920] format[1] usage[2816]
09-18 15:50:12.038 I/[Gralloc]( 3718): alloc succ handle[0xb8be5e00] stride[1120]
09-18 15:50:12.038 I/[Gralloc]( 3718): alloc w[1080] h[1920] format[1] usage[2816]
09-18 15:50:12.043 I/[Gralloc]( 3718): alloc succ handle[0xb8b97b20] stride[1120]
09-18 15:50:12.043 I/HwLauncher( 7837): DynamicUpdater call updateFolder
09-18 15:50:12.050 W/MotionDetectionManager( 7837): startMotionAppsReco motionApps: 402 disabled
09-18 15:50:12.050 W/HwLauncher( 7837): Launcher.MotionManager startMotionAppsReco service flg 402 is unavailable
09-18 15:50:12.050 I/HwLauncher( 7837): Launcher.MotionManager , start MotionApps Reco end.
09-18 15:50:12.067 I/TotemWeather( 7837): AbstractDualWeatherWidgetHomeView onWindowFocusChanged, hasWindowFocus= true
09-18 15:50:12.067 I/SendBroadcastPermission( 7837): action:com.huawei.android.action.ACTION_UPDATE_TIME_CHECK, mPermissionType:0
09-18 15:50:12.069 I/TotemWeather( 7837): WidgetUtils cityinfo or weatherinfo is null
09-18 15:50:12.072 I/TotemWeather( 9856): CenterReceiver handleMessage msg.what = 6
09-18 15:50:12.083 I/TotemWeather( 9856): WeatherService processIntent action =com.huawei.android.action.ACTION_CITY_UPDATE_TIME_CHECK
09-18 15:50:12.087 W/PhoneInterfaceManager( 6599): shouldBlockLocation running ...
09-18 15:50:12.087 I/PhoneInterfaceManager( 6599): shouldBlockLocation  ret:false
09-18 15:50:12.103 W/TotemWeather( 9856): HwWeatherStat getCellIdFromCellInfo->unknown type cellinfo
09-18 15:50:12.103 W/TotemWeather( 9856): SchemeTaskServer checkLocationChange can't get the cellId,do not update,return false
09-18 15:50:12.142 I/SendBroadcastPermission( 6374): action:com.baidu.input.entry.launcer, mPermissionType:0
09-18 15:50:12.361 I/art     ( 4781): Starting a blocking GC Explicit
09-18 15:50:12.388 I/art     ( 4781): Explicit concurrent mark sweep GC freed 5906(387KB) AllocSpace objects, 10(16MB) LOS objects, 37% free, 26MB/42MB, paused 427us total 26.912ms
09-18 15:50:12.394 I/art     ( 4781): Starting a blocking GC Explicit
09-18 15:50:12.413 I/art     ( 4781): Explicit concurrent mark sweep GC freed 456(22KB) AllocSpace objects, 0(0B) LOS objects, 37% free, 26MB/42MB, paused 446us total 18.963ms
09-18 15:50:12.631 W/OpenGLRenderer( 7837): Incorrectly called buildLayer on View: ShortcutAndWidgetContainer, destroying layer...
09-18 15:50:12.631 W/OpenGLRenderer( 7837): Incorrectly called buildLayer on View: ShortcutAndWidgetContainer, destroying layer...
09-18 15:50:14.278 E/WifiConfigStore( 4195): updateConfiguration freq=5240 BSSID=8c:fe:74:23:b0:7c RSSI=-77 "RongCloud"WPA_PSK
09-18 15:50:16.711 E/Thermal-daemon( 3734): [flash_led] temp_new :39  temp_old :38
09-18 15:50:16.711 E/Thermal-daemon( 3734): Report temperature: [flash_led] temp :39  report_threshold:1
09-18 15:50:17.309 E/WifiConfigStore( 4195): updateConfiguration freq=5240 BSSID=8c:fe:74:23:b0:7c RSSI=-77 "RongCloud"WPA_PSK
09-18 15:50:20.335 I/SendBroadcastPermission( 4195): action:android.net.wifi.RSSI_CHANGED, mPermissionType:0
09-18 15:50:20.338 E/WifiConfigStore( 4195): updateConfiguration freq=5240 BSSID=8c:fe:74:23:b0:7c RSSI=-75 "RongCloud"WPA_PSK
09-18 15:50:21.717 E/Thermal-daemon( 3734): [flash_led] temp_new :38  temp_old :39
09-18 15:50:21.718 E/Thermal-daemon( 3734): Report temperature: [flash_led] temp :38  report_threshold:1
09-18 15:50:21.718 E/Thermal-daemon( 3734): [ap] temp_new :40  temp_old :41
09-18 15:50:21.719 E/Thermal-daemon( 3734): Report temperature: [ap] temp :40  report_threshold:1
09-18 15:50:23.367 E/WifiConfigStore( 4195): updateConfiguration freq=5240 BSSID=8c:fe:74:23:b0:7c RSSI=-75 "RongCloud"WPA_PSK
09-18 15:50:26.394 E/WifiConfigStore( 4195): updateConfiguration freq=5240 BSSID=8c:fe:74:23:b0:7c RSSI=-73 "RongCloud"WPA_PSK
09-18 15:50:26.560 I/HwPowerMonitor.PowerExceptionObservable( 6614): unhandled onEvent actionID: 3002
09-18 15:50:26.561 I/HwPowerMonitor.DayActObserver( 6614): in PowerMonitorHandler, will handle msg.what = battery_changed, Utils.isCharging() = true
09-18 15:50:26.565 I/Bluetooth( 7860): HeadsetStateMachine:Disconnected process message: 10, size: 0
09-18 15:50:29.411 E/WifiConfigStore( 4195): updateConfiguration freq=5240 BSSID=8c:fe:74:23:b0:7c RSSI=-74 "RongCloud"WPA_PSK
09-18 15:50:32.438 I/SendBroadcastPermission( 4195): action:android.net.wifi.RSSI_CHANGED, mPermissionType:0
09-18 15:50:32.441 E/WifiConfigStore( 4195): updateConfiguration freq=5240 BSSID=8c:fe:74:23:b0:7c RSSI=-76 "RongCloud"WPA_PSK
09-18 15:50:35.466 E/WifiConfigStore( 4195): updateConfiguration freq=5240 BSSID=8c:fe:74:23:b0:7c RSSI=-78 "RongCloud"WPA_PSK
09-18 15:50:36.736 E/Thermal-daemon( 3734): [ap] temp_new :39  temp_old :40
09-18 15:50:36.737 E/Thermal-daemon( 3734): Report temperature: [ap] temp :39  report_threshold:1
09-18 15:50:38.495 E/WifiConfigStore( 4195): updateConfiguration freq=5240 BSSID=8c:fe:74:23:b0:7c RSSI=-78 "RongCloud"WPA_PSK
09-18 15:50:41.523 E/WifiConfigStore( 4195): updateConfiguration freq=5240 BSSID=8c:fe:74:23:b0:7c RSSI=-79 "RongCloud"WPA_PSK
09-18 15:50:43.576 I/SendBroadcastPermission( 4195): action:android.net.conn.DATA_ACTIVITY_CHANGE, mPermissionType:0
09-18 15:50:44.551 E/WifiConfigStore( 4195): updateConfiguration freq=5240 BSSID=8c:fe:74:23:b0:7c RSSI=-80 "RongCloud"WPA_PSK
09-18 15:50:47.580 E/WifiConfigStore( 4195): updateConfiguration freq=5240 BSSID=8c:fe:74:23:b0:7c RSSI=-77 "RongCloud"WPA_PSK
09-18 15:50:50.610 I/SendBroadcastPermission( 4195): action:android.net.wifi.RSSI_CHANGED, mPermissionType:0
09-18 15:50:50.613 E/WifiConfigStore( 4195): updateConfiguration freq=5240 BSSID=8c:fe:74:23:b0:7c RSSI=-74 "RongCloud"WPA_PSK
09-18 15:50:52.565 I/SendBroadcastPermission( 4195): action:android.net.conn.DATA_ACTIVITY_CHANGE, mPermissionType:0
09-18 15:50:53.642 E/WifiConfigStore( 4195): updateConfiguration freq=5240 BSSID=8c:fe:74:23:b0:7c RSSI=-74 "RongCloud"WPA_PSK
09-18 15:50:56.658 I/Bluetooth( 7860): HeadsetStateMachine:Disconnected process message: 10, size: 0
09-18 15:50:56.665 I/HwPowerMonitor.PowerExceptionObservable( 6614): unhandled onEvent actionID: 3002
09-18 15:50:56.666 I/HwPowerMonitor.DayActObserver( 6614): in PowerMonitorHandler, will handle msg.what = battery_changed, Utils.isCharging() = true
09-18 15:50:56.689 E/WifiConfigStore( 4195): updateConfiguration freq=5240 BSSID=8c:fe:74:23:b0:7c RSSI=-74 "RongCloud"WPA_PSK
09-18 15:50:59.715 E/WifiConfigStore( 4195): updateConfiguration freq=5240 BSSID=8c:fe:74:23:b0:7c RSSI=-73 "RongCloud"WPA_PSK
09-18 15:51:00.010 I/TimeManager( 4781): receiver action = android.intent.action.TIME_TICK
09-18 15:51:00.036 I/HwLauncher( 7837): Model  onReceive intent=Intent { act=android.intent.action.TIME_TICK flg=0x50000014 (has extras) }
09-18 15:51:00.037 I/HwLauncher( 7837): Model  onReceive user=UserHandle{0}
09-18 15:51:00.059 I/TotemWeather( 7837): CityTimeView CityTimeView mCurrentViewMode = 10141
09-18 15:51:00.092 I/TotemWeather( 7837): CityTimeFormatView CityTimeFormatView setTimeFormat is24Hour=true,timeFormat=
09-18 15:51:00.092 I/TotemWeather( 7837): DateTimeManager send message delay millis = 60908 ms
09-18 15:51:00.095 I/HwLauncher( 7837): ClockDynamicUpdater date changed begin
09-18 15:51:00.095 I/HwLauncher( 7837): ClockDynamicUpdater date changed end
09-18 15:51:00.096 E/HwLauncher( 7837): SettingsEx , no such field.
09-18 15:51:00.096 W/HwLauncher( 7837): Clock getDataFormat the getSystemString failed.
09-18 15:51:00.097 I/HwLauncher( 7837): CalenderDynamicUpdater date changed begin
09-18 15:51:00.097 I/HwLauncher( 7837): CalenderDynamicUpdater date changed end
09-18 15:51:00.097 I/HwLauncher( 7837): DynamicIconData , getDrawableForDynamic begin, pkg = com.android.deskclock, picName = deskclock_bg
09-18 15:51:00.097 I/HwLauncher( 7837): DynamicIconData , getDrawableForDynamic end, pkg = com.android.deskclock, picName = deskclock_bg
09-18 15:51:00.100 I/HwLauncher( 7837): ClockDynamicUpdater clock update folder at ClockDynamicUpdater
09-18 15:51:00.100 I/HwLauncher( 7837): DynamicUpdater updateBitmap end and send update message
09-18 15:51:00.101 I/HwLauncher( 7837): DynamicUpdater call updateFolder
09-18 15:51:02.744 E/WifiConfigStore( 4195): updateConfiguration freq=5240 BSSID=8c:fe:74:23:b0:7c RSSI=-73 "RongCloud"WPA_PSK
09-18 15:51:05.762 E/WifiConfigStore( 4195): updateConfiguration freq=5240 BSSID=8c:fe:74:23:b0:7c RSSI=-73 "RongCloud"WPA_PSK
09-18 15:51:07.286 I/Bluetooth( 7860): HeadsetStateMachine:Disconnected process message: 10, size: 0
09-18 15:51:07.288 I/HwPowerMonitor.PowerExceptionObservable( 6614): unhandled onEvent actionID: 3002
09-18 15:51:07.288 I/HwPowerMonitor.DayActObserver( 6614): in PowerMonitorHandler, will handle msg.what = battery_changed, Utils.isCharging() = true
09-18 15:51:08.789 E/WifiConfigStore( 4195): updateConfiguration freq=5240 BSSID=8c:fe:74:23:b0:7c RSSI=-73 "RongCloud"WPA_PSK
09-18 15:51:08.936 I/SendBroadcastPermission( 4195): action:android.net.conn.DATA_ACTIVITY_CHANGE, mPermissionType:0
09-18 15:51:11.808 E/WifiConfigStore( 4195): updateConfiguration freq=5240 BSSID=8c:fe:74:23:b0:7c RSSI=-73 "RongCloud"WPA_PSK
09-18 15:51:14.787 I/SendBroadcastPermission( 4195): action:android.net.conn.DATA_ACTIVITY_CHANGE, mPermissionType:0
09-18 15:51:14.827 E/WifiConfigStore( 4195): updateConfiguration freq=5240 BSSID=8c:fe:74:23:b0:7c RSSI=-72 "RongCloud"WPA_PSK
09-18 15:51:17.852 E/WifiConfigStore( 4195): updateConfiguration freq=5240 BSSID=8c:fe:74:23:b0:7c RSSI=-71 "RongCloud"WPA_PSK
09-18 15:51:20.880 E/WifiConfigStore( 4195): updateConfiguration freq=5240 BSSID=8c:fe:74:23:b0:7c RSSI=-72 "RongCloud"WPA_PSK
09-18 15:51:21.792 E/Thermal-daemon( 3734): [pa_0] temp_new :36  temp_old :37
09-18 15:51:21.793 E/Thermal-daemon( 3734): Report temperature: [pa_0] temp :36  report_threshold:1
09-18 15:51:23.908 E/WifiConfigStore( 4195): updateConfiguration freq=5240 BSSID=8c:fe:74:23:b0:7c RSSI=-71 "RongCloud"WPA_PSK
09-18 15:51:26.740 I/Bluetooth( 7860): HeadsetStateMachine:Disconnected process message: 10, size: 0
09-18 15:51:26.746 I/HwPowerMonitor.PowerExceptionObservable( 6614): unhandled onEvent actionID: 3002
09-18 15:51:26.746 I/HwPowerMonitor.DayActObserver( 6614): in PowerMonitorHandler, will handle msg.what = battery_changed, Utils.isCharging() = true
09-18 15:51:26.932 E/WifiConfigStore( 4195): updateConfiguration freq=5240 BSSID=8c:fe:74:23:b0:7c RSSI=-72 "RongCloud"WPA_PSK
09-18 15:51:28.372 W/AlarmManager( 4195): WAKEUP alarm trigger action = com.huawei.intent.action.PUSH elapsed = 190498116
09-18 15:51:28.386 I/PushLog2616(10656): [main-1]action is com.huawei.intent.action.PUSH(android/null:-1)
09-18 15:51:28.408 I/PushLog2616(10656): [ReceiverDispatcher-364]init push bastet failed!(android/null:-1)
09-18 15:51:28.423 I/PushLog2616(10656): [ReceiverDispatcher-364]read to Send:DA(android/null:-1)
09-18 15:51:28.425 I/PushLog2616(10656): [ReceiverDispatcher-364]send msg to remote srv success(android/null:-1)
09-18 15:51:29.645 I/HwLauncher( 7837):  FPSMonitor [Launcher , dispatchTouchEvent begin, false, true] down event  x = 156 y = 156
09-18 15:51:29.645 I/HwLauncher( 7837): Launcher  while lockScreenOrientation,isRotationEnabled is false!
09-18 15:51:29.646 I/HwLauncher( 7837):  FPSMonitor [PagedView , onIntercept] down event  x = 156 y = 156
09-18 15:51:29.653 I/HwLauncher( 7837):  FPSMonitor [Launcher , dispatchTouchEvent end, false, true] down event  x = 156 y = 156
09-18 15:51:29.676 I/HwLauncher( 7837):  FPSMonitor [Launcher , dispatchTouchEvent begin, false, true] up event  x = 152 y = 152
09-18 15:51:29.677 I/HwLauncher( 7837):  FPSMonitor [PagedView , onIntercept] up event  x = 152 y = 152
09-18 15:51:29.678 I/HwLauncher( 7837): QuickActionView hide() animated = true, fromSticky = true
09-18 15:51:29.678 I/HwLauncher( 7837): QuickActionView hide() action view has already hidden, return.
09-18 15:51:29.678 I/HwLauncher( 7837): Launcher mUnlockScreenRunnbale  getOrientationEnabled false 
09-18 15:51:29.679 I/HwLauncher( 7837):  FPSMonitor [Launcher , dispatchTouchEvent end, false, true] up event  x = 152 y = 152
09-18 15:51:29.679 W/ResourceType( 7837): No known package when getting name for resource number 0x9c040001
09-18 15:51:29.680 I/HwLauncher( 7837): Launcher onclick begin com.huawei.android.launcher.BubbleTextView{ebcc008 VFED..CL. ...P..ID 0,410-211,700 #9c040001}
09-18 15:51:29.680 I/HwLauncher( 7837): Launcher.Utilities  startActivitySafely useLaunchAnimation = true
09-18 15:51:29.680 I/HwLauncher( 7837): Launcher.Utilities  startActivitySafely begin startActivity() for current user
09-18 15:51:29.690 I/K3V3CpuGovernorPolicy( 6581): set scene Hmp policy : 300 , 150
09-18 15:51:29.743 I/HwLauncher( 7837): Launcher.Utilities  startActivitySafely end startActivity() for current user
09-18 15:51:29.743 I/HwLauncher( 7837): Launcher onclick end
09-18 15:51:29.748 I/HwLauncher( 7837): Launcher onPause()
09-18 15:51:29.754 I/HwLauncher( 7837): Launcher.MotionManager stopMotionAppsReco begin,flg = 402
09-18 15:51:29.754 W/HwLauncher( 7837): Launcher.MotionManager stopMotionAppsReco service flg 402 is unavailable
09-18 15:51:29.755 I/HwLauncher( 7837): Launcher.MotionManager stopMotionAppsReco begin,flg = 403
09-18 15:51:29.755 W/HwLauncher( 7837): Launcher.MotionManager stopMotionAppsReco service flg 403 is unavailable
09-18 15:51:29.776 I/[Gralloc]( 3718): alloc w[1080] h[1920] format[1] usage[2355]
09-18 15:51:29.777 I/[Gralloc]( 3718): alloc succ handle[0xb8b7e838] stride[1120]
09-18 15:51:29.777 I/[Gralloc]( 3718): alloc w[1080] h[1920] format[1] usage[3]
09-18 15:51:29.784 I/art     (23703): Late-enabling -Xcheck:jni
09-18 15:51:29.785 I/[Gralloc]( 3718): alloc succ handle[0xb8cae1a0] stride[1120]
09-18 15:51:29.788 I/TotemWeather( 7837): AbstractDualWeatherWidgetHomeView onWindowFocusChanged, hasWindowFocus= false
09-18 15:51:29.830 W/PGApi_client( 6581): recv actoionId = 10000, action = com.huawei.pgmng.PGAction@8dc78e8 actionId =10000 pkg =cn.sa.im extend1 =1499 extend2 = flag =3 type =1
09-18 15:51:29.830 W/PGMiddleWare( 6581): in handleAction method, action = 10000
09-18 15:51:29.831 W/PGMiddleWare( 6581): in handleAction, invoke client = com.huawei.pgmng.middleware.AudioEffectLowPowerImpl@842d05e, action = com.huawei.pgmng.PGAction@8dc78e8 actionId =10000 pkg =cn.sa.im extend1 =1499 extend2 = flag =3 type =1
09-18 15:51:29.841 I/[Gralloc]( 3718): alloc w[16] h[16] format[1] usage[256]
09-18 15:51:29.842 I/[Gralloc]( 3718): alloc succ handle[0xb8b869d8] stride[32]
09-18 15:51:29.848 E/HAL     (23703): load: id=gralloc != hmi->id=gralloc
09-18 15:51:29.849 I/HwSystemManager( 4979): NotificationGuideService:handle MSG_ACTIVIY_FOREGROUND, uid:10626
09-18 15:51:29.910 I/RongLog (23703): [RongLog][ RongIMClient ] RongIMClient
09-18 15:51:29.915 I/RongLog (23703): [RongLog][ RongIM ] init : cn.sa.im
09-18 15:51:29.944 E/WifiConfigStore( 4195): updateConfiguration freq=5240 BSSID=8c:fe:74:23:b0:7c RSSI=-72 "RongCloud"WPA_PSK
09-18 15:51:29.967 I/FwLog   (23703): init FwLog: LogMode = 1, monitorLevel = 0, monitorType = 0
09-18 15:51:29.968 I/[RC:Log-Opened](23703): {"ptid":"23703-1*"}
09-18 15:51:29.971 I/[RC:A-init-O](23703): {"ptid":"23703-1*","appkey":"pvxdm17jpof6r","platform":"Android-23","model":"HUAWEI MT7-TL10","sdk":"2.9.22"}
09-18 15:51:30.004 I/Statistics(23703): start
09-18 15:51:30.006 I/art     (23736): Late-enabling -Xcheck:jni
09-18 15:51:30.018 I/RongLog-Push[PushNaviClient](23703): setPushNaviUrl nav.cn.ronghub.com;nav2-cn.ronghub.com
09-18 15:51:30.022 I/DeviceUtils(23703): getPhoneInformation.the phone information is: HUAWEI|HUAWEI MT7_TL10|23|WIFI||cn.sa.im
09-18 15:51:30.024 I/RongLog-Push[PushNaviClient](23703): navigation url : http://nav.cn.ronghub.com/navipush.json
09-18 15:51:30.025 I/RongLog (23703): [RongLog][ RongIMClient ] mReconnectInterval 10
09-18 15:51:30.059 I/[Gralloc]( 3718): alloc w[16] h[16] format[1] usage[256]
09-18 15:51:30.060 I/[Gralloc]( 3718): alloc succ handle[0xb8b80720] stride[32]
09-18 15:51:30.060 I/System  (23703): core_booster, getBoosterConfig = false
09-18 15:51:30.072 E/HAL     (23736): load: id=gralloc != hmi->id=gralloc
09-18 15:51:30.123 I/RongLog (23736): [RongLog][ RongIMClient ] RongIMClient
09-18 15:51:30.131 I/RongLog (23703): [RongLog][ RongExtensionManager ] Can't find io.rong.sticker.StickerExtensionModule
09-18 15:51:30.134 W/ResourceType(23703): Invalid package identifier when getting bag for resource number 0x00000000
09-18 15:51:30.134 I/RongLog (23703): [RongLog][ DefaultExtensionModule ] not config rc_realtime_support_conversation_types in rc_config.xml
09-18 15:51:30.135 W/RongLog (23736): [RongLog][ RongIM ] Init. Current process : cn.sa.im:ipc
09-18 15:51:30.135 I/RongLog (23703): [RongLog][ RongExtensionManager ] registerExtensionModule DefaultExtensionModule
09-18 15:51:30.136 I/RongLog (23703): [RongLog][ InternalModuleManager ] init
09-18 15:51:30.138 I/RongLog (23703): [RongLog][ RongCallModule ] Constructor
09-18 15:51:30.141 I/RongLog (23703): [RongLog][ RongCallManager ] setReceivedCallListener, listener = io.rong.callkit.RongCallModule$2@40dcf35
09-18 15:51:30.143 I/RongLog (23736): [RongLog][ RongExtensionManager ] Can't find io.rong.sticker.StickerExtensionModule
09-18 15:51:30.143 I/RongLog (23703): [RongLog][ InternalModuleManager ] onInitialized
09-18 15:51:30.144 I/RongLog (23736): [RongLog][ RongExtensionManager ] registerExtensionModule SightExtensionModule
09-18 15:51:30.146 E/RongLog (23736): [RongLog][ RongExtensionManager ] Illegal extensionModule.
09-18 15:51:30.146 I/art     ( 4195): Background partial concurrent mark sweep GC freed 134074(9MB) AllocSpace objects, 53(4MB) LOS objects, 24% free, 49MB/65MB, paused 3.061ms total 199.497ms
09-18 15:51:30.146 I/RongLog (23736): [RongLog][ RongExtensionManager ] registerExtensionModule ApkExtensionModule
09-18 15:51:30.148 I/RongLog (23736): [RongLog][ RongIM ] RongIM setOnReceiveMessageListener
09-18 15:51:30.167 I/RongLog (23703): [RongLog][ RongExtensionManager ] registerExtensionModule SightExtensionModule
09-18 15:51:30.169 I/System  (23703): core_booster, getBoosterConfig = false
09-18 15:51:30.172 E/RongLog (23703): [RongLog][ RongExtensionManager ] Illegal extensionModule.
09-18 15:51:30.173 I/RongLog (23703): [RongLog][ RongExtensionManager ] registerExtensionModule ApkExtensionModule
09-18 15:51:30.174 I/RongLog (23703): [RongLog][ RongIM ] RongIM setOnReceiveMessageListener
09-18 15:51:30.187 I/HwCust  (23703): Constructor found for class android.app.HwCustHwWallpaperManagerImpl
09-18 15:51:30.210 I/[RC:A-connect-T](23703): {"ptid":"23703-1*","token":"rbdI/5jrPxR4aQ2078HhWnHte7+VrAhsnSjOcYQ3SKOCXhodQlcZYZ5acv4syCtN0dsYRNvxZh44fo4VR5s+6A=="}
09-18 15:51:30.210 I/[RC:L-connect-T](23703): {"ptid":"23703-1*","sequences":0}
09-18 15:51:30.212 E/[RC:L-connect-R](23703): {"ptid":"23703-1*","code":-1002,"network":"WIFI","sequences":0}
09-18 15:51:30.215 I/RongLog (23703): [RongLog][ RongIMClient ] in Foreground
09-18 15:51:30.216 E/RongLog (23703): [RongLog][ RongIMClient ] rebind RongService: DISCONNECTED
09-18 15:51:30.236 I/[RC:L-network_changed-S](23703): {"ptid":"23703-1*","network":"WIFI","available":true}
09-18 15:51:30.238 I/RongLog-Push[PushNaviClient](23703): navigation url : http://nav.cn.ronghub.com/navipush.json
09-18 15:51:30.263 I/RongLog (23703): [RongLog][ RongIMClient ] initMessageReceiver
09-18 15:51:30.265 E/SavePathUtils(23736): SavePath not exists..
09-18 15:51:30.272 I/RongLog (23736): [RongLog][ NavigationCacheHelper ] setUserPolicy, userPolicy = false
09-18 15:51:30.280 I/RongLog (23703): [RongLog][ ModuleManager ] init
09-18 15:51:30.280 I/RongLog (23703): [RongLog][ RongCallClient ] RongCallClient sInstance == null ?true
09-18 15:51:30.281 I/RongLog (23703): [RongLog][ RongCallClient ] init Re Initialization = false
09-18 15:51:30.291 I/RongLog (23703): [RongLog][ RealTimeLocationManager ] init false
09-18 15:51:30.293 W/ResourceType(23703): No package identifier when getting value for resource number 0x00000000
09-18 15:51:30.294 I/RongLog-Push[PushProtocalStack](23703): receive message type:CONNACK
09-18 15:51:30.294 W/ResourceType(23703): Invalid package identifier when getting bag for resource number 0x00000000
09-18 15:51:30.295 I/RongLog (23703): [RongLog][ CustomServiceManager ] init false
09-18 15:51:30.315 E/RongLog (23736): [RongLog][ NativeClient ] registerDeleteMessageType size: 2
09-18 15:51:30.332 E/HAL     (23703): load: id=gralloc != hmi->id=gralloc
09-18 15:51:30.333 I/OpenGLRenderer(23703): Initialized EGL, version 1.4
09-18 15:51:30.370 I/[Gralloc]( 3718): alloc w[1080] h[1920] format[1] usage[2816]
09-18 15:51:30.372 I/[RC:L-reconnect-T](23703): {"ptid":"23703-1*","sequences":0}
09-18 15:51:30.374 I/[Gralloc]( 3718): alloc succ handle[0xb8bffa00] stride[1120]
09-18 15:51:30.374 I/[Gralloc]( 3718): alloc w[1080] h[1920] format[1] usage[2816]
09-18 15:51:30.377 I/[Gralloc]( 3718): alloc succ handle[0xb8be5e00] stride[1120]
09-18 15:51:30.377 I/[Gralloc]( 3718): alloc w[1080] h[1920] format[1] usage[2816]
09-18 15:51:30.378 I/RongLog (23703): [RongLog][ RongCallClient ] addConnectivityStateChangedListener ConnectionStatus : Connecting
09-18 15:51:30.381 I/[Gralloc]( 3718): alloc succ handle[0xb8b7e910] stride[1120]
09-18 15:51:30.388 I/[RC:L-connect-T](23703): {"ptid":"23703-1*","sequences":0}
09-18 15:51:30.389 W/RongLog (23703): [RongLog][ RongIMClient ] Current state is connecting, cache callback: io.rong.imlib.RongIMClient$3@393b1cc
09-18 15:51:30.398 I/[RC:L-get_navi-S](23703): {"ptid":"23736-4411","cache_valid":false,"delta_time":150327}
09-18 15:51:30.402 I/RongLog-Push[PushProtocalStack](23703): receive message type:QUERYACK
09-18 15:51:30.405 E/RongLog-Push[PushManager](23703): Failed to config push. type:HUAWEI; errorCode:NOT_REGISTER_IN_ADMIN
09-18 15:51:30.405 E/RongLog-Push[PushManager](23703): Please fill in the parameters of HW in your RongCloud Admin.
09-18 15:51:30.410 I/SendBroadcastPermission(23703): action:io.rong.push.intent.THIRD_PARTY_PUSH_STATE, mPermissionType:0
09-18 15:51:30.414 E/RongLog-Push[PushMessageReceiver](23703): message is null. Return directly!
09-18 15:51:30.419 I/ActivityManager( 4195): Displayed cn.sa.im/.ui.activity.SplashActivity: +655ms
09-18 15:51:30.421 I/HwLauncher( 7837): Launcher mUnlockScreenRunnbale  getOrientationEnabled false 
09-18 15:51:30.421 I/HwLauncher( 7837): Launcher onStop()
09-18 15:51:30.542 I/K3V3CpuGovernorPolicy( 6581): close previously scene Hmp policy : 300 , 150
09-18 15:51:30.909 I/[RC:L-get_navi-T](23703): {"ptid":"23736-4429","url":"http://nav.cn.ronghub.com/navi.xml","ip":"221.194.148.84"}
09-18 15:51:30.936 I/System  (23736): core_booster, getBoosterConfig = false
09-18 15:51:30.995 I/[RC:L-get_navi-R](23703): {"ptid":"23736-4429","code":200,"url":"http://nav.cn.ronghub.com/navi.xml","duration":74,"ip":"221.194.148.84"}
09-18 15:51:31.003 I/[RC:L-decode_navi-S](23703): {"ptid":"23736-4429","code":0}
09-18 15:51:31.010 I/RongLog (23736): [RongLog][ NavigationCacheHelper ] isConnPolicyEnable, userPolicy = false, naviPolicy = true
09-18 15:51:31.026 I/RongLog (23736): [RongLog][ NavigationClient ] request end: 200, force = false
09-18 15:51:31.026 I/[RC:P-connect-T](23703): {"ptid":"23736-1*","strategy":"parallel","cached":"120.92.13.85:443,120.92.13.85:8035","use":"120.92.13.85:443,120.92.13.85:8035"}
09-18 15:51:31.078 I/[RC:P-reason-C](23703): {"ptid":"23736-4433","action":"tcp_connect","reason":"120.92.13.85:443"}
09-18 15:51:31.090 I/[RC:P-reason-C](23703): {"ptid":"23736-4433","action":"tcp_connect","reason":"120.92.13.85:8035"}
09-18 15:51:31.093 I/[RC:P-connect_entry-S](23703): {"ptid":"23736-4433","code":0,"cmp":"120.92.13.85:443","duration":13}
09-18 15:51:31.095 E/RongLog (23736): [RongLog][ NativeClient ] connectionCollection onComplete120.92.13.85 443 0 13
09-18 15:51:31.099 E/[RC:P-connect_entry-S](23703): {"ptid":"23736-4433","code":-1,"cmp":"120.92.13.85:8035","duration":0}
09-18 15:51:31.101 E/RongLog (23736): [RongLog][ NativeClient ] connectionCollection onComplete120.92.13.85 8035 -1 0
09-18 15:51:31.105 I/[RC:P-reason-C](23703): {"ptid":"23736-4433","action":"send_connect","reason":"connect:35"}
09-18 15:51:31.149 I/[RC:P-connect-R](23703): {"ptid":"23736-4433","status_code":0,"user_id":"10003","native_code":0,"duration":11,"network":"WIFI"}
09-18 15:51:31.154 I/HwCust  (23736): Constructor found for class android.app.HwCustAlarmManagerImpl
09-18 15:51:31.156 I/[RC:L-ping-S](23703): {"ptid":"23736-4433","interval":190650902,"enabled":true}
09-18 15:51:31.159 I/[RC:L-reconnect-R](23703): {"ptid":"23703-4444","code":0,"sequences":0}
09-18 15:51:31.166 I/RongLog (23703): [RongLog][ RongCallClient ] addConnectivityStateChangedListener ConnectionStatus : Connect Success.
09-18 15:51:31.170 I/RongLog (23703): [RongLog][ RongIMClient ] connect success and start replenish heartbeat in foreground
09-18 15:51:31.173 W/RongLog (23703): [RongLog][ RongIMClient ] Release cached callback : io.rong.imlib.RongIMClient$3@393b1cc
09-18 15:51:31.174 I/[RC:L-reconnect-R](23703): {"ptid":"23703-4444","code":0,"sequences":0}
09-18 15:51:31.175 I/[RC:L-ping-S](23703): {"ptid":"23736-4412","interval":2000,"enabled":true}
09-18 15:51:31.177 I/[RC:A-connect-R](23703): {"ptid":"23703-1*","code":0,"user_id":"10003"}
09-18 15:51:31.203 I/RongLog (23703): [RongLog][ InternalModuleManager ] onConnected
09-18 15:51:31.207 I/RongLog (23703): [RongLog][ RongCallManager ] setCallListener, listener = io.rong.callkit.RongCallProxy@a4904c9
09-18 15:51:31.244 W/art     (23703): Before Android 4.1, method android.graphics.PorterDuffColorFilter android.support.graphics.drawable.VectorDrawableCompat.updateTintFilter(android.graphics.PorterDuffColorFilter, android.content.res.ColorStateList, android.graphics.PorterDuff$Mode) would have incorrectly overridden the package-private method in android.graphics.drawable.Drawable
09-18 15:51:31.268 I/art     (23703): Rejecting re-init on previously-failed class java.lang.Class<android.support.v4.view.ViewCompat$OnUnhandledKeyEventListenerWrapper>
09-18 15:51:31.268 I/art     (23703): Rejecting re-init on previously-failed class java.lang.Class<android.support.v4.view.ViewCompat$OnUnhandledKeyEventListenerWrapper>
09-18 15:51:31.356 I/[RC:A-join_chatroom-T](23703): {"ptid":"23703-1*","room_id":"1","existed":false,"count":0}
09-18 15:51:31.367 I/[RC:L-join_chatroom-T](23703): {"ptid":"23736-4414","room_id":"1","existed":false}
09-18 15:51:31.393 I/RongLog (23703): [RongLog][ InternalModuleManager ] onLoaded
09-18 15:51:31.399 I/[RC:L-join_chatroom-R](23703): {"ptid":"23736-4433","code":0,"room_id":"1"}
09-18 15:51:31.401 I/[RC:A-join_chatroom-R](23703): {"ptid":"23703-4408","code":0,"room_id":"1"}
09-18 15:51:31.428 I/RongLog-Push[RongPushClient](23703): clearAllNotifications
09-18 15:51:31.791 I/[Gralloc]( 3718): alloc w[1080] h[1920] format[1] usage[2816]
09-18 15:51:31.796 I/[Gralloc]( 3718): alloc succ handle[0xb8b7e660] stride[1120]
09-18 15:51:31.796 I/[Gralloc]( 3718): alloc w[1080] h[1920] format[1] usage[2816]
09-18 15:51:31.801 E/Thermal-daemon( 3734): [pa_0] temp_new :37  temp_old :36
09-18 15:51:31.801 E/Thermal-daemon( 3734): Report temperature: [pa_0] temp :37  report_threshold:1
09-18 15:51:31.805 E/Thermal-daemon( 3734): [ap] temp_new :40  temp_old :39
09-18 15:51:31.805 E/Thermal-daemon( 3734): Report temperature: [ap] temp :40  report_threshold:1
09-18 15:51:31.805 I/[Gralloc]( 3718): alloc succ handle[0xb8be5c28] stride[1120]
09-18 15:51:31.805 I/[Gralloc]( 3718): alloc w[1080] h[1920] format[1] usage[2816]
09-18 15:51:31.821 I/[Gralloc]( 3718): alloc succ handle[0xb8c6d388] stride[1120]
09-18 15:51:31.883 I/RongLog (23703): [RongLog][ RongUserInfoManager ] getUserInfo : 10001
09-18 15:51:31.884 I/RongLog (23703): [RongLog][ RongUserInfoManager ] getUserInfo : 10001
09-18 15:51:31.884 I/RongLog (23703): [RongLog][ RongUserInfoManager ] userId:10003
09-18 15:51:31.885 I/RongLog (23703): [RongLog][ RongUserInfoManager ] getUserInfo : 10003
09-18 15:51:31.895 I/ActivityManager( 4195): Displayed cn.sa.im/.MainActivity: +677ms
09-18 15:51:31.950 I/RongLog (23703): [RongLog][ RongNotificationManager ] onEventMainThread. userInfoio.rong.imlib.model.UserInfo@f16b777
09-18 15:51:31.953 I/RongLog (23703): [RongLog][ ConversationListFragment ] UserInfo 10001 
09-18 15:51:31.953 I/RongLog (23703): [RongLog][ RongNotificationManager ] onEventMainThread. userInfoio.rong.imlib.model.UserInfo@59c8fe4
09-18 15:51:31.954 I/RongLog (23703): [RongLog][ ConversationListFragment ] UserInfo 10003 
09-18 15:51:32.671 I/RongLog (23703): [RongLog][ ConversationFragment ] onCreate
09-18 15:51:32.672 I/RongLog (23703): [RongLog][ InternalModuleManager ] onLoaded
09-18 15:51:32.731 I/RongLog (23703): [RongLog][ DefaultExtensionModule ] attach 0
09-18 15:51:32.731 I/RongLog (23703): [RongLog][ DefaultExtensionModule ] attach 0
09-18 15:51:32.738 I/RongLog (23703): [RongLog][ RealTimeLocationManager ] addListener
09-18 15:51:32.752 I/RongLog-Push[RongPushClient](23703): clearAllNotifications
09-18 15:51:32.800 I/[Gralloc]( 3718): alloc w[1080] h[1920] format[1] usage[2816]
09-18 15:51:32.804 I/[Gralloc]( 3718): alloc succ handle[0xb8c1f588] stride[1120]
09-18 15:51:32.805 I/[Gralloc]( 3718): alloc w[1080] h[1920] format[1] usage[2816]
09-18 15:51:32.808 I/[Gralloc]( 3718): alloc succ handle[0xb8c0e960] stride[1120]
09-18 15:51:32.808 I/[Gralloc]( 3718): alloc w[1080] h[1920] format[1] usage[2816]
09-18 15:51:32.812 I/[Gralloc]( 3718): alloc succ handle[0xb8b88180] stride[1120]
09-18 15:51:32.825 I/RongLog (23703): [RongLog][ ConversationFragment ] getHistoryMessage 10
09-18 15:51:32.838 I/ActivityManager( 4195): Displayed cn.sa.im/.ui.activity.ConversationDynamicActivity: +205ms
09-18 15:51:32.885 I/RongLog (23703): [RongLog][ RongUserInfoManager ] getUserInfo : 10003
09-18 15:51:32.915 I/RongLog (23703): [RongLog][ RongUserInfoManager ] getUserInfo : 10003
09-18 15:51:32.952 I/RongLog (23703): [RongLog][ RongUserInfoManager ] getUserInfo : 10001
09-18 15:51:32.954 E/WifiConfigStore( 4195): updateConfiguration freq=5240 BSSID=8c:fe:74:23:b0:7c RSSI=-73 "RongCloud"WPA_PSK
09-18 15:51:32.974 I/TAG     (23703): 3{{{{{
09-18 15:51:32.974 I/TAG     (23703): 1}}}}}}
09-18 15:51:32.974 I/TAG     (23703): @@@@@@@
09-18 15:51:32.975 I/RongLog (23703): [RongLog][ RongUserInfoManager ] getUserInfo : 10003
09-18 15:51:33.178 I/[RC:L-ping-S](23703): {"ptid":"23736-4434","interval":15000,"enabled":"polling"}
09-18 15:51:33.255 I/RongLog (23703): [RongLog][ RongIMClient ] saveInstance
09-18 15:51:35.970 E/WifiConfigStore( 4195): updateConfiguration freq=5240 BSSID=8c:fe:74:23:b0:7c RSSI=-73 "RongCloud"WPA_PSK
09-18 15:51:36.808 E/Thermal-daemon( 3734): [flash_led] temp_new :39  temp_old :38
09-18 15:51:36.808 E/Thermal-daemon( 3734): Report temperature: [flash_led] temp :39  report_threshold:1
09-18 15:51:36.809 E/Thermal-daemon( 3734): [ap] temp_new :41  temp_old :40
09-18 15:51:36.809 E/Thermal-daemon( 3734): Report temperature: [ap] temp :41  report_threshold:1
09-18 15:51:37.237 I/TAG     (23703): 13<<<
09-18 15:51:37.342 I/AudioFlinger( 3794): acquireWakeLock_l() AudioOut_6 mType: 0 status 0
09-18 15:51:37.345 I/AudioFlinger( 3794): updateWakeLockUids_l() AudioOut_6 mType: 0 status 0
09-18 15:51:37.430 I/[Gralloc]( 3718): alloc w[1080] h[1920] format[1] usage[2816]
09-18 15:51:37.435 I/[Gralloc]( 3718): alloc succ handle[0xb8be5f68] stride[1120]
09-18 15:51:37.435 I/[Gralloc]( 3718): alloc w[1080] h[1920] format[1] usage[2816]
09-18 15:51:37.444 I/[Gralloc]( 3718): alloc succ handle[0xb8c832a0] stride[1120]
09-18 15:51:37.445 I/[Gralloc]( 3718): alloc w[1080] h[1920] format[1] usage[2816]
09-18 15:51:37.455 I/[Gralloc]( 3718): alloc succ handle[0xb8b8b1b8] stride[1120]
09-18 15:51:37.477 E/[RC:L-crash_main_trb-F](23703): {"ptid":"23703-1*","stack":"java.lang.NoClassDefFoundError: Failed resolution of: Lio/rong/common/rlog/RLog;\\n\tat io.rong.sight.player.EasyVideoPlayer.onSurfaceTextureAvailable(EasyVideoPlayer.java:571)\\n\tat android.view.TextureView.getHardwareLayer(TextureView.java:368)\\n\tat android.view.View.updateDisplayListIfDirty(View.java:15261)\\n\tat android.view.View.draw(View.java:16072)\\n\tat android.view.ViewGroup.drawChild(ViewGroup.java:3622)\\n\tat android.view.ViewGroup.dispatchDraw(ViewGroup.java:3409)\\n\tat android.view.View.draw(View.java:16305)\\n\tat android.view.View.updateDisplayListIfDirty(View.java:15284)\\n\tat android.view.View.draw(View.java:16072)\\n\tat android.view.ViewGroup.drawChild(ViewGroup.java:3622)\\n\tat android.view.ViewGroup.dispatchDraw(ViewGroup.java:3409)\\n\tat android.view.View.updateDisplayListIfDirty(View.java:15279)\\n\tat android.view.View.draw(View.java:16072)\\n\tat android.view.ViewGroup.drawChild(ViewGroup.java:3622)\\n\tat android.view.ViewGroup.dispatchDraw(ViewGroup.java:3409)\\n\tat android.view.View.updateDisplayListIfDirty(View.java:15279)\\n\tat android.view.View.draw(View.java:16072)\\n\tat android.view.ViewGroup.drawChild(ViewGroup.java:3622)\\n\tat android.view.ViewGroup.dispatchDraw(ViewGroup.java:3409)\\n\tat android.view.View.draw(View.java:16305)\\n\tat android.view.View.updateDisplayListIfDirty(View.java:15284)\\n\tat android.view.View.draw(View.java:16072)\\n\tat android.view.ViewGroup.drawChild(ViewGroup.java:3622)\\n\tat android.view.ViewGroup.dispatchDraw(ViewGroup.java:3409)\\n\tat android.view.View.updateDisplayListIfDirty(View.java:15279)\\n\tat android.view.View.draw(View.java:16072)\\n\tat android.view.ViewGroup.drawChild(ViewGroup.java:3622)\\n\tat android.view.ViewGroup.dispatchDraw(ViewGroup.java:3409)\\n\tat android.view.View.updateDisplayListIfDirty(View.java:15279)\\n\tat android.view.View.draw(View.java:16072)\\n\tat android.view.ViewGroup.drawChild(ViewGroup.java:3622)\\n\tat android.view.ViewGroup.dispatchDraw(ViewGroup.java:3409)\\n\tat android.view.View.draw(View.java:16305)\\n\tat com.android.internal.policy.PhoneWindow$DecorView.draw(PhoneWindow.java:2760)\\n\tat android.view.View.updateDisplayListIfDirty(View.java:15284)\\n\tat android.view.ThreadedRenderer.updateViewTreeDisplayList(ThreadedRenderer.java:295)\\n\tat android.view.ThreadedRenderer.updateRootDisplayList(ThreadedRenderer.java:301)\\n\tat android.view.ThreadedRenderer.draw(ThreadedRenderer.java:345)\\n\tat android.view.ViewRootImpl.draw(ViewRootImpl.java:2687)\\n\tat android.view.ViewRootImpl.performDraw(ViewRootImpl.java:2496)\\n\tat android.view.ViewRootImpl.performTraversals(ViewRootImpl.java:2121)\\n\tat android.view.ViewRootImpl.doTraversal(ViewRootImpl.java:1139)\\n\tat android.view.ViewRootImpl$TraversalRunnable.run(ViewRootImpl.java:6238)\\n\tat android.view.Choreographer$CallbackRecord.run(Choreographer.java:884)\\n\tat android.view.Choreographer.doCallbacks(Choreographer.java:696)\\n\tat android.view.Choreographer.doFrame(Choreographer.java:631)\\n\tat android.view.Choreographer$FrameDisplayEventReceiver.run(Choreographer.java:870)\\n\tat android.os.Handler.handleCallback(Handler.java:743)\\n\tat android.os.Handler.dispatchMessage(Handler.java:95)\\n\tat android.os.Looper.loop(Looper.java:150)\\n\tat android.app.ActivityThread.main(ActivityThread.java:5546)\\n\tat java.lang.reflect.Method.invoke(Native Method)\\n\tat com.android.internal.os.ZygoteInit$MethodAndArgsCaller.run(ZygoteInit.java:794)\\n\tat com.android.internal.os.ZygoteInit.main(ZygoteInit.java:684)\\nCaused by: java.lang.ClassNotFoundException: Didn't find class \"io.rong.common.rlog.RLog\" on path: DexPathList[[zip file \"/data/app/cn.sa.im-2/base.apk\"],nativeLibraryDirectories=[/data/app/cn.sa.im-2/lib/arm, /data/app/cn.sa.im-2/base.apk!/lib/armeabi-v7a, /vendor/lib, /system/lib]]\\n\tat dalvik.system.BaseDexClassLoader.findClass(BaseDexClassLoader.java:56)\\n\tat java.lang.ClassLoader.loadClass(ClassLoader.java:511)\\n\tat java.lang.ClassLoader.loadClass(
09-18 15:51:37.495 I/logserver( 3900): handle_logfile_events, Object Path:/data/system/dropbox/, mask=0x00000080
09-18 15:51:37.495 I/logserver( 3900): process_one_event, event->len=48, name=data_app_wtf@1568793097494.txt.gz
09-18 15:51:37.495 I/logserver( 3900): find_first_match: find match, plogs(type=2, pfile=/data/system/dropbox/, match=_wtf)
09-18 15:51:37.495 I/SendBroadcastPermission( 4195): action:android.intent.action.DROPBOX_ENTRY_ADDED, mPermissionType:0
09-18 15:51:37.498 I/logserver( 3900): is_all_ready, all key files were ready.
09-18 15:51:37.498 I/logserver( 3900): find_fault_appname, 1459, type is not ANR/FC/VMREBOOT.
09-18 15:51:37.498 I/logserver( 3900): is_only_tombstone, not force close type, return.
09-18 15:51:37.498 I/logserver( 3900): archive_and_send, pos=3, type=wtf, output=20190918155137_wtf
09-18 15:51:37.498 I/logserver( 3900): archive_and_send, don't tar and send (wtf)
09-18 15:51:37.498 I/logserver( 3900): clean_cur_cache:999, system(rm -r /data/log/logcache/-1228457680/* > /dev/null 2>&1)
09-18 15:51:37.507 I/SendBroadcastPermission( 4195): action:android.intent.action.DROPBOX_ENTRY_ADDED, mPermissionType:0
09-18 15:51:37.508 W/System.err( 4195): java.lang.NullPointerException: Attempt to invoke virtual method 'int com.huawei.lcagent.client.LogCollectManager.getUserType()' on a null object reference
09-18 15:51:37.508 W/System.err( 4195): 	at com.android.server.util.ReportTools.getUserType(ReportTools.java:86)
09-18 15:51:37.508 W/System.err( 4195): 	at com.android.server.util.ReportTools.isBetaUser(ReportTools.java:73)
09-18 15:51:37.508 W/System.err( 4195): 	at com.android.server.util.ReportTools.report(ReportTools.java:58)
09-18 15:51:37.508 W/System.err( 4195): 	at com.android.server.util.HwUserBehaviourRecord.appExitRecord(HwUserBehaviourRecord.java:65)
09-18 15:51:37.508 W/System.err( 4195): 	at com.android.server.am.ActivityManagerService$UiHandler.handleMessage(ActivityManagerService.java:1561)
09-18 15:51:37.508 W/System.err( 4195): 	at android.os.Handler.dispatchMessage(Handler.java:102)
09-18 15:51:37.508 W/System.err( 4195): 	at android.os.Looper.loop(Looper.java:150)
09-18 15:51:37.508 W/System.err( 4195): 	at android.os.HandlerThread.run(HandlerThread.java:61)
09-18 15:51:37.508 W/System.err( 4195): 	at com.android.server.ServiceThread.run(ServiceThread.java:46)
09-18 15:51:37.508 E/ReportTools( 4195): This is not beta user build
09-18 15:51:37.509 I/Process (23703): Sending signal. PID: 23703 SIG: 9
09-18 15:51:37.511 I/PgedBinderListener( 6581): kstate callback type:8 value1=23703 value2=KILLED
09-18 15:51:37.528 I/logserver( 3900): handle_logfile_events, Object Path:/data/system/dropbox/, mask=0x00000080
09-18 15:51:37.528 I/logserver( 3900): process_one_event, event->len=48, name=data_app_crash@1568793097499.txt.gz
09-18 15:51:37.528 I/logserver( 3900): find_first_match: find match, plogs(type=1, pfile=/data/system/dropbox/, match=app_crash)
09-18 15:51:37.530 I/logserver( 3900): is_all_ready, any file is ready in non-keyfile exception.
09-18 15:51:37.530 I/logserver( 3900): extract_appname, forward search, appname=
09-18 15:51:37.531 I/logserver( 3900): archive_and_send, pos=0, type=crash, output=20190918155137_crash
09-18 15:51:37.531 I/logserver( 3900): ---copy_match_files enter!!--
09-18 15:51:37.531 I/logserver( 3900): [copy_match_files,864]: copy [/data/system/dropbox/data_app_crash@1568793097499.txt.gz] to [/data/log/logcache/-1228457680/data_app_crash@1568793097499.txt.gz]
09-18 15:51:37.531 I/logserver( 3900): get_fault_appname, appname=NULL
09-18 15:51:37.531 E/logserver( 3900): set_output_postfix: NULL pointer.
09-18 15:51:37.531 E/logserver( 3900): special_handle: NULL pointer.
09-18 15:51:37.531 I/logserver( 3900): handle_archive_exception, BASIC_MODE
09-18 15:51:37.531 I/logserver( 3900): remove_last_modify_file, into 1 times, file_dir:
09-18 15:51:37.531 I/logserver( 3900): remove_last_modify_file, into 1 times, file_dir:
09-18 15:51:37.531 I/logserver( 3900): handle_archive_exception, pModuleName = null
09-18 15:51:37.532 I/logserver( 3900): get_disk_available_size, Disk_available = 1403400192 B = 1338 MB
09-18 15:51:37.532 I/logserver( 3900): pack_files, output_path is /data/log/unzip.
09-18 15:51:37.532 I/logserver( 3900): move_input_files, create dir [/data/log/unzip/MT7-TL10_MT7-TL10C00B577_0000000000_20190918155137_crash]
09-18 15:51:37.535 I/logserver( 3900): handle_archive_exception, into set notify_type
09-18 15:51:37.535 I/logserver( 3900): get_notify_mode, 1
09-18 15:51:37.535 I/logserver( 3900): Process 4009 opened FIFO(12) for O_WRONLY
09-18 15:51:37.535 I/logserver( 3900): notify_logcontrol, 4009 sent /data/log/unzip/MT7-TL10_MT7-TL10C00B577_0000000000_20190918155137_crash 
09-18 15:51:37.535 I/logserver( 3900): process_event
09-18 15:51:37.535 I/logserver( 3900): check_dir_size, dir[/data/log/coredump/] doesn't exist
09-18 15:51:37.535 I/logserver( 3900): handle_fifo_msg, read res = 460, client pid = 4009, command = send log, data=/data/log/unzip/MT7-TL10_MT7-TL10C00B577_0000000000_20190918155137_crash
09-18 15:51:37.535 I/logserver( 3900): handle_fifo_msg, 4009 sent /data/log/unzip/MT7-TL10_MT7-TL10C00B577_0000000000_20190918155137_crash 
09-18 15:51:37.535 I/logserver( 3900): clean_cur_cache:999, system(rm -r /data/log/logcache/-1228457680/* > /dev/null 2>&1)
09-18 15:51:37.535 I/logserver( 3900): thread_logcontrol: /data/log/logcontrol has changed.
09-18 15:51:37.536 I/logserver( 3900): handle_notify_event, send msg [submit:trigger=0,bugtype=2,modulename=null,level=1,testtype=NORMAL,path=/data/log/unzip/MT7-TL10_MT7-TL10C00B577_0000000000_20190918155137_crash,mode=1;]
09-18 15:51:37.536 I/logserver( 3900): send_to_client, send to (9) res = 152
09-18 15:51:37.542 E/AprStatisticsFile( 7513): null apk name
09-18 15:51:37.543 W/DeviceInfoFile( 7513): !devFile.exists()
09-18 15:51:37.556 I/System.out( 7513): [chown, system.log, /log/LogService/3/done/Stabilization_MT7-TL10_MT7-TL10C00B577_KsCGBk406Qf28J$6Cbk62arx+EMKArrN9e8HHSD$nTg=_20190918155137_crash_NORMAL.zip]
09-18 15:51:37.556 I/System.out( 7513): null
09-18 15:51:37.556 I/System.out( 7513): null
09-18 15:51:37.557 I/System.out( 7513): Calling by::className:com.huawei.lcagent.util.FileUtils  MethodName:runCommand
09-18 15:51:37.584 I/System.out( 7513): [chmod, 640, /log/LogService/3/done/Stabilization_MT7-TL10_MT7-TL10C00B577_KsCGBk406Qf28J$6Cbk62arx+EMKArrN9e8HHSD$nTg=_20190918155137_crash_NORMAL.zip]
09-18 15:51:37.585 I/System.out( 7513): null
09-18 15:51:37.585 I/System.out( 7513): null
09-18 15:51:37.585 I/System.out( 7513): Calling by::className:com.huawei.lcagent.util.FileUtils  MethodName:runCommand
09-18 15:51:37.672 I/art     (23840): Late-enabling -Xcheck:jni
09-18 15:51:37.678 E/PackageLogInfoManager( 7513): checkPackageLogState, cr: android.app.ContextImpl$ApplicationContentResolver@8e9b714, packageNames: null
09-18 15:51:37.703 E/HsmCoreServiceImpl( 4195): onTransact in code is: 102
09-18 15:51:37.703 I/MediaProcessHandler( 4195): processOp opType: 1, uid: 10626, pid: 23703
09-18 15:51:37.703 W/MediaProcessHandler( 4195): remove target not exist, maybe the UI process: uid: 10626, pid: 23703
09-18 15:51:37.714 W/System.err(23736): android.os.DeadObjectException
09-18 15:51:37.714 W/System.err(23736): 	at android.os.BinderProxy.transactNative(Native Method)
09-18 15:51:37.714 W/System.err(23736): 	at android.os.BinderProxy.transact(Binder.java:505)
09-18 15:51:37.714 W/System.err(23736): 	at io.rong.imlib.IRLogOtherProgressCallback$Stub$Proxy.write(IRLogOtherProgressCallback.java:102)
09-18 15:51:37.714 W/System.err(23736): 	at io.rong.imlib.LibHandlerStub$61.write(LibHandlerStub.java:3190)
09-18 15:51:37.715 W/System.err(23736): 	at io.rong.common.RLog.writeFile(RLog.java:286)
09-18 15:51:37.715 W/System.err(23736): 	at io.rong.common.RLog.write(RLog.java:267)
09-18 15:51:37.715 W/System.err(23736): 	at io.rong.common.RLog.write(RLog.java:238)
09-18 15:51:37.715 W/System.err(23736): 	at io.rong.common.RLog.d(RLog.java:172)
09-18 15:51:37.715 W/System.err(23736): 	at io.rong.imlib.ipc.RongService.onUnbind(RongService.java:42)
09-18 15:51:37.715 W/System.err(23736): 	at android.app.ActivityThread.handleUnbindService(ActivityThread.java:2961)
09-18 15:51:37.715 W/System.err(23736): 	at android.app.ActivityThread.access$2100(ActivityThread.java:165)
09-18 15:51:37.715 W/System.err(23736): 	at android.app.ActivityThread$H.handleMessage(ActivityThread.java:1462)
09-18 15:51:37.715 W/System.err(23736): 	at android.os.Handler.dispatchMessage(Handler.java:102)
09-18 15:51:37.715 W/System.err(23736): 	at android.os.Looper.loop(Looper.java:150)
09-18 15:51:37.715 W/System.err(23736): 	at android.app.ActivityThread.main(ActivityThread.java:5546)
09-18 15:51:37.715 W/System.err(23736): 	at java.lang.reflect.Method.invoke(Native Method)
09-18 15:51:37.715 W/System.err(23736): 	at com.android.internal.os.ZygoteInit$MethodAndArgsCaller.run(ZygoteInit.java:794)
09-18 15:51:37.715 W/System.err(23736): 	at com.android.internal.os.ZygoteInit.main(ZygoteInit.java:684)
09-18 15:51:37.716 W/System.err(23736): android.os.DeadObjectException
09-18 15:51:37.716 W/System.err(23736): 	at android.os.BinderProxy.transactNative(Native Method)
09-18 15:51:37.716 W/System.err(23736): 	at android.os.BinderProxy.transact(Binder.java:505)
09-18 15:51:37.716 W/System.err(23736): 	at io.rong.imlib.IRLogOtherProgressCallback$Stub$Proxy.write(IRLogOtherProgressCallback.java:102)
09-18 15:51:37.716 W/System.err(23736): 	at io.rong.imlib.LibHandlerStub$61.write(LibHandlerStub.java:3190)
09-18 15:51:37.717 W/System.err(23736): 	at io.rong.common.RLog.writeFile(RLog.java:286)
09-18 15:51:37.717 W/System.err(23736): 	at io.rong.common.RLog.write(RLog.java:267)
09-18 15:51:37.717 W/System.err(23736): 	at io.rong.common.RLog.write(RLog.java:238)
09-18 15:51:37.717 W/System.err(23736): 	at io.rong.common.RLog.d(RLog.java:172)
09-18 15:51:37.717 W/System.err(23736): 	at io.rong.imlib.ipc.RongService.onDestroy(RongService.java:48)
09-18 15:51:37.717 W/System.err(23736): 	at android.app.ActivityThread.handleStopService(ActivityThread.java:3070)
