06-04 11:21:22.257 D/ActivityThread( 8234): Attach thread to application
06-04 11:21:22.446 I/chatty  ( 1252): uid=1000(system) android.ui expire 22 lines
06-04 11:21:22.796 D/ActivityThread( 8343): Attach thread to application
06-04 11:21:22.850 I/DeepNoDisturbP( 1735): handleStateChanged reason=8
06-04 11:21:22.859 I/HidataAppQoeP( 1735): handleStateChanged reason=8
06-04 11:21:22.866 I/PreDnsQuery( 1735): handleStateChanged reason=8
06-04 11:21:22.868 I/PreDnsQuery( 1735): No need to handled!
06-04 11:21:22.868 I/BrowserChrP( 1735): handleStateChanged
06-04 11:21:22.976 I/chatty  ( 1252): uid=1000(system) Binder:1252_7 expire 16 lines
06-04 11:21:23.052 I/chatty  ( 1252): uid=1000(system) android.anim expire 4 lines
06-04 11:21:23.067 W/SocketListener(  556): sending broadcast to Pid = 1252, Uid = 1000 
06-04 11:21:23.068 I/chatty  ( 1252): uid=1000(system) NetdConnector expire 4 lines
06-04 11:21:23.070 I/chatty  ( 1252): uid=1000(system) android.fg expire 2 lines
06-04 11:21:23.072 I/chatty  ( 1252): uid=1000(system) NetworkStats expire 5 lines
06-04 11:21:23.195 I/chatty  ( 1252): uid=1000(system) Binder:1252_8 expire 13 lines
06-04 11:21:23.264 D/ActivityThread( 8409): Attach thread to application
06-04 11:21:23.296 W/SettingsEx( 1837): SettingsEx.Systemex.getString deprecated use Settings.System.getString instead ;callers=com.huawei.db.util.MmsSmsUtil.isEnableFilterUnknowSender:1481 com.android.providers.telephony.MmsSmsProvider.query:1089 android.content.ContentProvider.query:1086 
06-04 11:21:23.312 W/SettingsEx( 1837): SettingsEx.Systemex.getString deprecated use Settings.System.getString instead ;callers=com.huawei.db.util.MmsSmsUtil.isEnableFilterUnknowSender:1481 com.android.providers.telephony.MmsSmsProvider.query:1089 android.content.ContentProvider.query:1086 
06-04 11:21:23.346 W/ContextImpl( 1789): Calling a method in the system process without a qualified user: android.app.ContextImpl.startService:1764 android.content.ContextWrapper.startService:664 com.huawei.nb.plugin.ServiceStarter$a.l:34 com.huawei.nb.job.a.run:167 com.huawei.nb.g.a.a.run:49 
06-04 11:21:23.606 D/HwCustConnectivityManagerImpl( 8206): isBlockNetworkRequestByNonAis, INVALID_SUBSCRIPTION_ID
06-04 11:21:23.617 D/HwCustConnectivityManagerImpl( 8206): isBlockNetworkRequestByNonAis, INVALID_SUBSCRIPTION_ID
06-04 11:21:23.638 I/chatty  ( 1252): uid=1000(system) Binder:1252_10 expire 8 lines
06-04 11:21:23.701 E/ActivityThread( 8343): Failed to find provider info for service_oversea_rom
06-04 11:21:23.760 D/ActivityThread( 8467): Attach thread to application
06-04 11:21:24.075 I/chatty  ( 1252): uid=1000(system) Binder:1252_14 expire 49 lines
06-04 11:21:24.276 I/chatty  ( 1252): uid=1000(system) Binder:1252_5 expire 33 lines
06-04 11:21:24.619 I/storaged(  726): storaged_t::event: storage_info refreshed.
06-04 11:21:24.748 I/chatty  ( 1252): uid=1000(system) Binder:1252_10 expire 13 lines
06-04 11:21:24.946 I/chatty  ( 1252): uid=1000(system) ActivityManager expire 3 lines
06-04 11:21:24.946 I/chatty  ( 1252): uid=1000(system) MultiTaskManage expire 3 lines
06-04 11:21:24.957 D/ActivityThread( 8520): Attach thread to application
06-04 11:21:25.155 I/chatty  ( 1252): uid=1000(system) android.ui expire 29 lines
06-04 11:21:25.430 I/chatty  ( 1252): uid=1000(system) ActivityManager expire 4 lines
06-04 11:21:25.455 D/ActivityThread( 8555): Attach thread to application
06-04 11:21:25.588 I/BoosterSwitchP( 1735): notifyUidState do nothing
06-04 11:21:25.588 I/DeepNoDisturbP( 1735): notifyUidState
06-04 11:21:25.588 I/BrowserChrP( 1735): notifyUidState
06-04 11:21:26.089 I/chatty  ( 1252): uid=1000(system) Thread-34 expire 8 lines
06-04 11:21:26.212 E/ActivityThread( 8343): Failed to find provider info for service_oversea_rom
06-04 11:21:26.514 I/chatty  ( 1252): uid=1000 system_server expire 23 lines
06-04 11:21:26.615 I/BoosterSwitchP( 1735): notifyUidState do nothing
06-04 11:21:26.615 I/DeepNoDisturbP( 1735): notifyUidState
06-04 11:21:26.615 I/BrowserChrP( 1735): notifyUidState
06-04 11:21:27.831 I/chatty  ( 1252): uid=1000(system) watchdog expire 1 line
06-04 11:21:28.348 W/ContextImpl( 1789): Calling a method in the system process without a qualified user: android.app.ContextImpl.startService:1764 android.content.ContextWrapper.startService:664 com.huawei.nb.plugin.ServiceStarter$a.l:34 com.huawei.nb.job.a.run:167 com.huawei.nb.g.a.a.run:49 
06-04 11:21:28.761 I/chatty  ( 1252): uid=1000(system) Binder:1252_19 expire 10 lines
06-04 11:21:28.761 I/BoosterSwitchP( 1735): notifyUidState do nothing
06-04 11:21:28.761 I/DeepNoDisturbP( 1735): notifyUidState
06-04 11:21:28.761 I/BrowserChrP( 1735): notifyUidState
06-04 11:21:28.762 I/BoosterSwitchP( 1735): notifyUidState do nothing
06-04 11:21:28.763 I/DeepNoDisturbP( 1735): notifyUidState
06-04 11:21:28.763 I/BrowserChrP( 1735): notifyUidState
06-04 11:21:28.845 I/DeepNoDisturbP( 1735): handleStateChanged reason=8
06-04 11:21:28.852 I/HidataAppQoeP( 1735): handleStateChanged reason=8
06-04 11:21:28.859 I/PreDnsQuery( 1735): handleStateChanged reason=8
06-04 11:21:28.861 I/PreDnsQuery( 1735): No need to handled!
06-04 11:21:28.861 I/BrowserChrP( 1735): handleStateChanged
06-04 11:21:29.140 I/chatty  ( 1252): uid=1000(system) Binder:1252_B expire 3 lines
06-04 11:21:29.285 I/chatty  ( 1252): uid=1000(system) Binder:1252_6 expire 2 lines
06-04 11:21:29.990 I/chatty  ( 1252): uid=1000(system) UEventObserver expire 12 lines
06-04 11:21:29.994 I/chatty  ( 1252): uid=1000(system) HwBinder:1252_4 expire 1 line
06-04 11:21:30.093 I/chatty  ( 1252): uid=1000(system) Binder:1252_7 expire 4 lines
06-04 11:21:30.960 I/chatty  ( 1252): uid=1000(system) HwHiNetworkMana expire 1 line
06-04 11:21:30.978 I/BoosterSwitchP( 1735): notifyUidState do nothing
06-04 11:21:30.978 I/DeepNoDisturbP( 1735): notifyUidState
06-04 11:21:30.978 I/BrowserChrP( 1735): notifyUidState
06-04 11:21:31.035 I/chatty  ( 1252): uid=1000(system) Binder:1252_4 expire 13 lines
06-04 11:21:31.039 I/BoosterSwitchP( 1735): notifyUidState do nothing
06-04 11:21:31.040 I/DeepNoDisturbP( 1735): notifyUidState
06-04 11:21:31.040 I/BrowserChrP( 1735): notifyUidState
06-04 11:21:31.198 I/chatty  ( 1252): uid=1000(system) Binder:1252_1B expire 18 lines
06-04 11:21:31.390 I/BoosterSwitchP( 1735): notifyUidState do nothing
06-04 11:21:31.390 I/DeepNoDisturbP( 1735): notifyUidState
06-04 11:21:31.390 I/BrowserChrP( 1735): notifyUidState
06-04 11:21:31.650 I/chatty  ( 1252): uid=1000(system) Binder:1252_9 expire 13 lines
06-04 11:21:33.349 W/ContextImpl( 1789): Calling a method in the system process without a qualified user: android.app.ContextImpl.startService:1764 android.content.ContextWrapper.startService:664 com.huawei.nb.plugin.ServiceStarter$a.l:34 com.huawei.nb.job.a.run:167 com.huawei.nb.g.a.a.run:49 
06-04 11:21:34.846 I/DeepNoDisturbP( 1735): handleStateChanged reason=8
06-04 11:21:34.848 I/HidataAppQoeP( 1735): handleStateChanged reason=8
06-04 11:21:34.854 I/PreDnsQuery( 1735): handleStateChanged reason=8
06-04 11:21:34.855 I/PreDnsQuery( 1735): No need to handled!
06-04 11:21:34.855 I/BrowserChrP( 1735): handleStateChanged
06-04 11:21:37.369 D/ActivityThread( 8689): Attach thread to application
06-04 11:21:37.494 I/BoosterSwitchP( 1735): notifyUidState do nothing
06-04 11:21:37.494 I/DeepNoDisturbP( 1735): notifyUidState
06-04 11:21:37.494 I/BrowserChrP( 1735): notifyUidState
06-04 11:21:37.496 I/chatty  ( 1252): uid=1000 system_server expire 7 lines
06-04 11:21:37.815 I/chatty  ( 1252): uid=1000(system) Binder:1252_13 expire 7 lines
06-04 11:21:38.089 I/chatty  ( 1252): uid=1000(system) Binder:1252_12 expire 3 lines
06-04 11:21:38.189 I/chatty  ( 1252): uid=1000 system_server expire 7 lines
06-04 11:21:38.351 W/ContextImpl( 1789): Calling a method in the system process without a qualified user: android.app.ContextImpl.startService:1764 android.content.ContextWrapper.startService:664 com.huawei.nb.plugin.ServiceStarter$a.l:34 com.huawei.nb.job.a.run:167 com.huawei.nb.g.a.a.run:49 
06-04 11:21:38.352 I/chatty  ( 1252): uid=1000(system) Binder:1252_D expire 33 lines
06-04 11:21:38.700 I/chatty  ( 1252): uid=1000(system) Binder:1252_1B expire 20 lines
06-04 11:21:39.083 I/chatty  ( 1252): uid=1000(system) android.ui expire 62 lines
06-04 11:21:39.199 I/chatty  ( 1252): uid=1000(system) android.anim expire 15 lines
06-04 11:21:39.482 D/SmartDualCardSM( 1735): IdleState:got msg.what=EVENT_HARD_SWITCH_CONDITION_CHECK
06-04 11:21:39.482 I/chatty  ( 1252): uid=1000(system) Binder:1252_A expire 24 lines
06-04 11:21:39.503 I/chatty  ( 1252): uid=1000(system) HwActivityManag expire 2 lines
06-04 11:21:39.513 I/chatty  ( 1252): uid=1000(system) Binder:1252_17 expire 5 lines
06-04 11:21:39.585 I/CommandQueue( 1626): updateBarBgColor
06-04 11:21:39.585 D/CommandQueue( 1626): CommandQueue, setBarBackgroundColor
06-04 11:21:40.721 W/SocketListener(  556): sending broadcast to Pid = 1252, Uid = 1000 
06-04 11:21:40.723 I/chatty  ( 1252): uid=1000(system) NetdConnector expire 20 lines
06-04 11:21:40.726 I/chatty  ( 1252): uid=1000(system) android.fg expire 10 lines
06-04 11:21:40.729 I/chatty  ( 1252): uid=1000(system) NetworkStats expire 25 lines
06-04 11:21:40.865 I/DeepNoDisturbP( 1735): handleStateChanged reason=8
06-04 11:21:40.888 I/HidataAppQoeP( 1735): handleStateChanged reason=8
06-04 11:21:40.896 I/PreDnsQuery( 1735): handleStateChanged reason=8
06-04 11:21:40.897 I/PreDnsQuery( 1735): No need to handled!
06-04 11:21:40.897 I/BrowserChrP( 1735): handleStateChanged
06-04 11:21:41.587 I/chatty  ( 1252): uid=1000(system) ActivityManager expire 2 lines
06-04 11:21:41.627 I/chatty  ( 1252): uid=1000(system) ActivityManager expire 2 lines
06-04 11:21:41.628 I/chatty  ( 1252): uid=1000(system) MultiTaskManage expire 2 lines
06-04 11:21:41.653 D/ActivityThread( 8765): Attach thread to application
06-04 11:21:41.805 I/BoosterSwitchP( 1735): notifyUidState do nothing
06-04 11:21:41.805 I/DeepNoDisturbP( 1735): notifyUidState
06-04 11:21:41.805 I/BrowserChrP( 1735): notifyUidState
06-04 11:21:42.311 I/chatty  ( 1252): uid=1000(system) Thread-34 expire 6 lines
06-04 11:21:42.726 W/SocketListener(  556): sending broadcast to Pid = 1252, Uid = 1000 
06-04 11:21:43.353 W/ContextImpl( 1789): Calling a method in the system process without a qualified user: android.app.ContextImpl.startService:1764 android.content.ContextWrapper.startService:664 com.huawei.nb.plugin.ServiceStarter$a.l:34 com.huawei.nb.job.a.run:167 com.huawei.nb.g.a.a.run:49 
06-04 11:21:43.406 E/OllieTelephony( 1735): sendFullData err:-2
06-04 11:21:43.521 W/ContextImpl( 1775): Calling a method in the system process without a qualified user: android.app.ContextImpl.startService:1764 android.content.ContextWrapper.startService:664 com.huawei.ncdft.wifi.routermodelrecognition.HwRouterModelRecognition.startRmcService:282 com.huawei.ncdft.wifi.routermodelrecognition.HwRouterModelRecognition.access$000:43 com.huawei.ncdft.wifi.routermodelrecognition.HwRouterModelRecognition$RouterHandler.handleMessage:130 
06-04 11:21:43.574 D/ActivityThread( 8787): Attach thread to application
06-04 11:21:43.613 I/BoosterSwitchP( 1735): notifyUidState do nothing
06-04 11:21:43.613 I/DeepNoDisturbP( 1735): notifyUidState
06-04 11:21:43.613 I/BrowserChrP( 1735): notifyUidState
06-04 11:21:43.697 I/BoosterSwitchP( 1735): notifyUidState do nothing
06-04 11:21:43.697 I/DeepNoDisturbP( 1735): notifyUidState
06-04 11:21:43.698 I/BrowserChrP( 1735): notifyUidState
06-04 11:21:43.700 I/chatty  ( 1252): uid=1000 system_server expire 2 lines
06-04 11:21:43.711 I/HwCoreAppHelperService( 1735): LocalReceiver receives:android.intent.action.PACKAGE_RESTARTED,pkg:com.huawei.wifiprobqeservice,uid:10074
06-04 11:21:44.737 W/SocketListener(  556): sending broadcast to Pid = 1252, Uid = 1000 
06-04 11:21:45.562 I/chatty  ( 1252): uid=1000(system) Binder:1252_13 expire 2 lines
06-04 11:21:45.584 I/BoosterSwitchP( 1735): notifyUidState do nothing
06-04 11:21:45.585 I/DeepNoDisturbP( 1735): notifyUidState
06-04 11:21:45.585 I/BrowserChrP( 1735): notifyUidState
06-04 11:21:45.602 I/BoosterSwitchP( 1735): notifyUidState do nothing
06-04 11:21:45.603 I/DeepNoDisturbP( 1735): notifyUidState
06-04 11:21:45.603 I/BrowserChrP( 1735): notifyUidState
06-04 11:21:45.893 I/BoosterSwitchP( 1735): notifyUidState do nothing
06-04 11:21:45.893 I/DeepNoDisturbP( 1735): notifyUidState
06-04 11:21:45.893 I/BrowserChrP( 1735): notifyUidState
06-04 11:21:46.741 W/SocketListener(  556): sending broadcast to Pid = 1252, Uid = 1000 
06-04 11:21:47.507 I/chatty  ( 1252): uid=1000(system) ConnectivitySer expire 4 lines
06-04 11:21:48.356 W/ContextImpl( 1789): Calling a method in the system process without a qualified user: android.app.ContextImpl.startService:1764 android.content.ContextWrapper.startService:664 com.huawei.nb.plugin.ServiceStarter$a.l:34 com.huawei.nb.job.a.run:167 com.huawei.nb.g.a.a.run:49 
06-04 11:21:48.746 W/SocketListener(  556): sending broadcast to Pid = 1252, Uid = 1000 
06-04 11:21:49.718 I/chatty  ( 1252): uid=1000(system) Binder:1252_1B expire 8 lines
06-04 11:21:49.796 I/chatty  ( 1252): uid=1000(system) Binder:1252_D expire 6 lines
06-04 11:21:51.858 I/chatty  ( 1252): uid=1000(system) UEventObserver expire 12 lines
06-04 11:21:51.863 I/chatty  ( 1252): uid=1000(system) HwBinder:1252_4 expire 1 line
06-04 11:21:51.909 I/chatty  ( 1252): uid=1000(system) Binder:1252_18 expire 2 lines
06-04 11:21:51.918 I/chatty  ( 1252): uid=1000(system) Binder:1252_1 expire 3 lines
06-04 11:21:51.996 W/SocketListener(  556): sending broadcast to Pid = 1252, Uid = 1000 
06-04 11:21:51.997 I/chatty  ( 1252): uid=1000(system) NetdConnector expire 22 lines
06-04 11:21:51.999 I/chatty  ( 1252): uid=1000(system) android.fg expire 12 lines
06-04 11:21:52.000 I/chatty  ( 1252): uid=1000(system) NetworkStats expire 25 lines
06-04 11:21:53.360 W/ContextImpl( 1789): Calling a method in the system process without a qualified user: android.app.ContextImpl.startService:1764 android.content.ContextWrapper.startService:664 com.huawei.nb.plugin.ServiceStarter$a.l:34 com.huawei.nb.job.a.run:167 com.huawei.nb.g.a.a.run:49 
06-04 11:21:53.362 I/chatty  ( 1252): uid=1000(system) Binder:1252_1 expire 10 lines
06-04 11:21:53.387 I/chatty  ( 1252): uid=1000(system) android.ui expire 63 lines
06-04 11:21:53.532 I/DeepNoDisturbP( 1735): handleStateChanged reason=8
06-04 11:21:53.553 I/HidataAppQoeP( 1735): handleStateChanged reason=8
06-04 11:21:53.566 I/PreDnsQuery( 1735): handleStateChanged reason=8
06-04 11:21:53.567 I/PreDnsQuery( 1735): No need to handled!
06-04 11:21:53.568 I/BrowserChrP( 1735): handleStateChanged
06-04 11:21:53.999 W/SocketListener(  556): sending broadcast to Pid = 1252, Uid = 1000 
06-04 11:21:54.405 I/chatty  ( 1252): uid=1000(system) Binder:1252_16 expire 7 lines
06-04 11:21:55.146 I/chatty  ( 1252): uid=1000(system) Binder:1252_18 expire 23 lines
06-04 11:21:56.001 W/SocketListener(  556): sending broadcast to Pid = 1252, Uid = 1000 
06-04 11:21:57.833 I/chatty  ( 1252): uid=1000(system) watchdog expire 1 line
06-04 11:21:58.005 W/SocketListener(  556): sending broadcast to Pid = 1252, Uid = 1000 
06-04 11:21:58.363 W/ContextImpl( 1789): Calling a method in the system process without a qualified user: android.app.ContextImpl.startService:1764 android.content.ContextWrapper.startService:664 com.huawei.nb.plugin.ServiceStarter$a.l:34 com.huawei.nb.job.a.run:167 com.huawei.nb.g.a.a.run:49 
06-04 11:21:58.381 I/chatty  ( 1252): uid=1000(system) android.bg expire 2 lines
06-04 11:21:58.765 W/SocketListener(  556): sending broadcast to Pid = 1252, Uid = 1000 
06-04 11:21:59.489 D/SmartDualCardSM( 1735): IdleState:got msg.what=EVENT_HARD_SWITCH_CONDITION_CHECK
06-04 11:21:59.502 E/SmartDualCardTraffic( 1735): getMealTrafficImpl fail,invalid imsi
06-04 11:21:59.502 D/SmartDualCardSM( 1735): boosterDump:prop=true SdcSwitchOn=false DataSwitchOn=true WifiConnect=true AirplaneOn=false ScreenOn=true VSimEnabled=false CallOn=false AppState=GENERAL_BACKGROUND HidataAppState=GENERAL_BACKGROUND defaultDataSub=1 default4GSlot=1 DataOn=false M_MmsUtPdp=false userType=2
06-04 11:21:59.521 D/SmartDualCardSM( 1735): isSlaveCardNetworkBad return true,mSignalStrength=2,mNetworkType=3,mDownlinkSpeedLimit=1048576,mDataRoaming=false
06-04 11:21:59.526 E/SmartDualCardTraffic( 1735): getMealTrafficImpl fail,invalid imsi
06-04 11:21:59.526 D/SmartDualCardSM( 1735): boosterDump:SlaveActive=false SameOperator=false M_NetworkBad=false S_NetworkBad=true M_DLSpeedLimit=1048576 S_DLSpeedLimit=1048576 M_DataRoam=false S_DataRoam=false VPNMode=false TetherOn=false AppQoeSlow=false HidataAppQoeSlow=false GameExpBad=false DsdsState=1 S_TrafficEnough=true
06-04 11:21:59.801 I/chatty  ( 1252): uid=1000(system) ActivityManager expire 2 lines
06-04 11:21:59.802 I/chatty  ( 1252): uid=1000(system) MultiTaskManage expire 2 lines
06-04 11:21:59.825 D/ActivityThread( 8864): Attach thread to application
06-04 11:22:00.002 I/chatty  ( 1252): uid=1000 system_server expire 3 lines
06-04 11:22:00.314 W/SocketListener(  556): sending broadcast to Pid = 1252, Uid = 1000 
06-04 11:22:00.706 I/chatty  ( 1252): uid=1000(system) UEventObserver expire 6 lines
06-04 11:22:00.733 I/chatty  ( 1252): uid=1000(system) batterystats-wo expire 2 lines
06-04 11:22:01.708 I/chatty  ( 1252): uid=1000(system) ActivityManager expire 7 lines
06-04 11:22:03.367 W/ContextImpl( 1789): Calling a method in the system process without a qualified user: android.app.ContextImpl.startService:1764 android.content.ContextWrapper.startService:664 com.huawei.nb.plugin.ServiceStarter$a.l:34 com.huawei.nb.job.a.run:167 com.huawei.nb.g.a.a.run:49 
06-04 11:22:04.560 I/chatty  ( 1252): uid=1000(system) NetdConnector expire 6 lines
06-04 11:22:05.917 I/chatty  ( 1252): uid=1000(system) android.anim expire 13 lines
06-04 11:22:05.948 I/BoosterSwitchP( 1735): notifyUidState do nothing
06-04 11:22:05.948 I/DeepNoDisturbP( 1735): notifyUidState
06-04 11:22:05.948 I/BrowserChrP( 1735): notifyUidState
06-04 11:22:05.973 I/chatty  ( 1252): uid=1000(system) android.ui expire 16 lines
06-04 11:22:06.167 W/SocketListener(  556): sending broadcast to Pid = 1252, Uid = 1000 
06-04 11:22:06.170 I/chatty  ( 1252): uid=1000(system) android.fg expire 2 lines
06-04 11:22:06.172 I/chatty  ( 1252): uid=1000(system) NetworkStats expire 5 lines
06-04 11:22:06.414 I/chatty  ( 1252): uid=1000(system) Thread-34 expire 1 line
06-04 11:22:06.995 I/chatty  ( 1252): uid=1000(system) Binder:1252_A expire 14 lines
06-04 11:22:07.015 I/chatty  ( 1252): uid=1000(system) Binder:1252_D expire 3 lines
06-04 11:22:07.891 D/ActivityThread( 8931): Attach thread to application
06-04 11:22:07.960 I/chatty  ( 1252): uid=1000(system) ThirdAppHandler expire 2 lines
06-04 11:22:08.020 I/chatty  ( 1252): uid=1000(system) HwActivityManag expire 2 lines
06-04 11:22:08.202 I/chatty  ( 1252): uid=1000(system) Binder:1252_1 expire 6 lines
06-04 11:22:08.202 I/CommandQueue( 1626): updateBarBgColor
06-04 11:22:08.202 D/CommandQueue( 1626): CommandQueue, setBarBackgroundColor
06-04 11:22:08.207 I/chatty  ( 1252): uid=1000(system) android.display expire 2 lines
06-04 11:22:08.369 W/ContextImpl( 1789): Calling a method in the system process without a qualified user: android.app.ContextImpl.startService:1764 android.content.ContextWrapper.startService:664 com.huawei.nb.plugin.ServiceStarter$a.l:34 com.huawei.nb.job.a.run:167 com.huawei.nb.g.a.a.run:49 
06-04 11:22:08.499 I/chatty  ( 1252): uid=1000(system) Binder:1252_1 expire 8 lines
06-04 11:22:08.569 I/chatty  ( 1252): uid=1000(system) android.ui expire 38 lines
06-04 11:22:08.675 I/chatty  ( 1252): uid=1000(system) Binder:1252_A expire 32 lines
06-04 11:22:08.780 I/chatty  ( 1252): uid=1000(system) ThirdAppHandler expire 20 lines
06-04 11:22:08.788 I/chatty  ( 1252): uid=1000(system) Binder:1252_D expire 1 line
06-04 11:22:08.794 I/chatty  ( 1252): uid=1000(system) Binder:1252_18 expire 4 lines
06-04 11:22:08.822 I/chatty  ( 1252): uid=1000(system) Binder:1252_16 expire 14 lines
06-04 11:22:08.841 I/chatty  ( 1252): uid=1000(system) sManagerService expire 2 lines
06-04 11:22:08.844 I/BoosterSwitchP( 1735): notifyUidState do nothing
06-04 11:22:08.844 I/DeepNoDisturbP( 1735): notifyUidState
06-04 11:22:08.844 I/BrowserChrP( 1735): notifyUidState
06-04 11:22:08.881 I/chatty  ( 1252): uid=1000(system) Binder:1252_1B expire 2 lines
06-04 11:22:08.909 I/chatty  ( 1252): uid=1000 system_server expire 1 line
06-04 11:22:08.935 I/BoosterSwitchP( 1735): notifyUidState do nothing
06-04 11:22:08.935 I/DeepNoDisturbP( 1735): notifyUidState
06-04 11:22:08.935 I/BrowserChrP( 1735): notifyUidState
06-04 11:22:09.085 I/chatty  ( 1252): uid=1000(system) Binder:1252_9 expire 2 lines
06-04 11:22:09.210 I/chatty  ( 1252): uid=1000(system) Binder:1252_C expire 23 lines
06-04 11:22:09.344 I/chatty  ( 1252): uid=1000(system) Thread-34 expire 4 lines
06-04 11:22:09.703 I/chatty  ( 1252): uid=1000(system) Binder:1252_13 expire 8 lines
06-04 11:22:10.758 W/SocketListener(  556): sending broadcast to Pid = 1252, Uid = 1000 
06-04 11:22:10.759 I/chatty  ( 1252): uid=1000(system) NetdConnector expire 18 lines
06-04 11:22:10.761 I/chatty  ( 1252): uid=1000(system) android.fg expire 10 lines
06-04 11:22:10.762 I/chatty  ( 1252): uid=1000(system) NetworkStats expire 10 lines
06-04 11:22:11.439 I/DeepNoDisturbP( 1735): handleStateChanged reason=8
06-04 11:22:11.445 I/HidataAppQoeP( 1735): handleStateChanged reason=8
06-04 11:22:11.458 I/PreDnsQuery( 1735): handleStateChanged reason=8
06-04 11:22:11.459 I/PreDnsQuery( 1735): No need to handled!
06-04 11:22:11.459 I/BrowserChrP( 1735): handleStateChanged
06-04 11:22:11.561 I/CommandQueue( 1626): updateBarBgColor
06-04 11:22:11.561 D/CommandQueue( 1626): CommandQueue, setBarBackgroundColor
06-04 11:22:11.642 I/chatty  ( 1252): uid=1000(system) WifiScanningSer expire 2 lines
06-04 11:22:11.807 I/chatty  ( 1252): uid=1000(system) android.anim expire 11 lines
06-04 11:22:13.102 W/SocketListener(  556): sending broadcast to Pid = 1252, Uid = 1000 
06-04 11:22:13.371 W/ContextImpl( 1789): Calling a method in the system process without a qualified user: android.app.ContextImpl.startService:1764 android.content.ContextWrapper.startService:664 com.huawei.nb.plugin.ServiceStarter$a.l:34 com.huawei.nb.job.a.run:167 com.huawei.nb.g.a.a.run:49 
06-04 11:22:13.803 W/SocketListener(  556): sending broadcast to Pid = 1252, Uid = 1000 
06-04 11:22:14.864 W/SocketListener(  556): sending broadcast to Pid = 1252, Uid = 1000 
06-04 11:22:15.137 I/BoosterSwitchP( 1735): notifyUidState do nothing
06-04 11:22:15.138 I/DeepNoDisturbP( 1735): notifyUidState
06-04 11:22:15.138 I/BrowserChrP( 1735): notifyUidState
06-04 11:22:15.183 I/chatty  ( 1252): uid=1000(system) ConnectivitySer expire 6 lines
06-04 11:22:15.183 I/chatty  ( 1252): uid=1000(system) Binder:1252_8 expire 20 lines
06-04 11:22:15.188 I/BoosterSwitchP( 1735): notifyUidState do nothing
06-04 11:22:15.188 I/DeepNoDisturbP( 1735): notifyUidState
06-04 11:22:15.188 I/BrowserChrP( 1735): notifyUidState
06-04 11:22:15.406 I/chatty  ( 1252): uid=1000(system) Binder:1252_17 expire 2 lines
06-04 11:22:15.699 I/HwLBSService.HwNLPDBManager( 1723): query loc Form Cell Table
06-04 11:22:15.706 I/chatty  ( 1723): uid=1000(system) HwLocation identical 5 lines
06-04 11:22:15.706 I/HwLBSService.HwNLPDBManager( 1723): query loc Form Cell Table
06-04 11:22:15.819 I/HwLBSService.HwNLPDBManager( 1723): query loc Form Cell Table
06-04 11:22:15.819 I/HwLBSService.HwNLPDBManager( 1723): query loc Form Cell Table
06-04 11:22:15.829 I/chatty  ( 1252): uid=1000(system) LocationThread expire 5 lines
06-04 11:22:15.837 I/chatty  ( 1252): uid=1000 system_server expire 1 line
06-04 11:22:15.975 I/chatty  ( 1252): uid=1000(system) Binder:1252_2 expire 5 lines
06-04 11:22:15.991 D/libgps  (  734): proxy_gps_inject_location: called.
06-04 11:22:16.063 W/SocketListener(  556): sending broadcast to Pid = 1252, Uid = 1000 
06-04 11:22:16.118 I/chatty  ( 1252): uid=1000(system) HwActivityManag expire 2 lines
06-04 11:22:16.167 I/chatty  ( 1252): uid=1000(system) Binder:1252_E expire 6 lines
06-04 11:22:16.193 I/chatty  ( 1252): uid=1000(system) ActivityManager expire 1 line
06-04 11:22:16.194 I/chatty  ( 1252): uid=1000(system) MultiTaskManage expire 1 line
06-04 11:22:16.206 D/ActivityThread( 9125): Attach thread to application
06-04 11:22:16.210 I/CommandQueue( 1626): updateBarBgColor
06-04 11:22:16.210 D/CommandQueue( 1626): CommandQueue, setBarBackgroundColor
06-04 11:22:16.217 I/chatty  ( 1252): uid=1000(system) Binder:1252_12 expire 14 lines
06-04 11:22:17.446 I/DeepNoDisturbP( 1735): handleStateChanged reason=8
06-04 11:22:17.449 I/HidataAppQoeP( 1735): handleStateChanged reason=8
06-04 11:22:17.455 I/PreDnsQuery( 1735): handleStateChanged reason=8
06-04 11:22:17.457 I/PreDnsQuery( 1735): No need to handled!
06-04 11:22:17.457 I/BrowserChrP( 1735): handleStateChanged
06-04 11:22:17.721 I/chatty  ( 1252): uid=1000(system) Binder:1252_E expire 10 lines
06-04 11:22:18.002 I/chatty  ( 1252): uid=1000(system) ThirdAppHandler expire 11 lines
06-04 11:22:18.209 I/chatty  ( 1252): uid=1000(system) android.ui expire 29 lines
06-04 11:22:18.218 I/chatty  ( 1252): uid=1000(system) Binder:1252_A expire 10 lines
06-04 11:22:18.228 I/chatty  ( 1252): uid=1000(system) HwActivityManag expire 2 lines
06-04 11:22:18.252 I/chatty  ( 1252): uid=1000(system) Binder:1252_2 expire 24 lines
06-04 11:22:18.255 I/CommandQueue( 1626): updateBarBgColor
06-04 11:22:18.255 D/CommandQueue( 1626): CommandQueue, setBarBackgroundColor
06-04 11:22:18.279 I/chatty  ( 1252): uid=1000(system) android.anim expire 5 lines
06-04 11:22:18.373 W/ContextImpl( 1789): Calling a method in the system process without a qualified user: android.app.ContextImpl.startService:1764 android.content.ContextWrapper.startService:664 com.huawei.nb.plugin.ServiceStarter$a.l:34 com.huawei.nb.job.a.run:167 com.huawei.nb.g.a.a.run:49 
06-04 11:22:18.549 I/BoosterSwitchP( 1735): notifyUidState do nothing
06-04 11:22:18.549 I/DeepNoDisturbP( 1735): notifyUidState
06-04 11:22:18.549 I/BrowserChrP( 1735): notifyUidState
06-04 11:22:19.053 I/chatty  ( 1252): uid=1000(system) Thread-34 expire 4 lines
06-04 11:22:19.158 I/chatty  ( 1252): uid=1000(system) Binder:1252_16 expire 1 line
06-04 11:22:19.493 D/SmartDualCardSM( 1735): IdleState:got msg.what=EVENT_HARD_SWITCH_CONDITION_CHECK
06-04 11:22:20.326 I/BoosterSwitchP( 1735): notifyUidState do nothing
06-04 11:22:20.326 I/DeepNoDisturbP( 1735): notifyUidState
06-04 11:22:20.326 I/BrowserChrP( 1735): notifyUidState
06-04 11:22:20.699 I/chatty  ( 1252): uid=1000(system) ActivityManager expire 6 lines
06-04 11:22:20.699 I/chatty  ( 1252): uid=1000(system) MultiTaskManage expire 6 lines
06-04 11:22:20.713 D/ActivityThread( 9214): Attach thread to application
06-04 11:22:23.374 W/ContextImpl( 1789): Calling a method in the system process without a qualified user: android.app.ContextImpl.startService:1764 android.content.ContextWrapper.startService:664 com.huawei.nb.plugin.ServiceStarter$a.l:34 com.huawei.nb.job.a.run:167 com.huawei.nb.g.a.a.run:49 
06-04 11:22:23.453 I/DeepNoDisturbP( 1735): handleStateChanged reason=8
06-04 11:22:23.468 I/HidataAppQoeP( 1735): handleStateChanged reason=8
06-04 11:22:23.475 I/PreDnsQuery( 1735): handleStateChanged reason=8
06-04 11:22:23.477 I/PreDnsQuery( 1735): No need to handled!
06-04 11:22:23.477 I/BrowserChrP( 1735): handleStateChanged
06-04 11:22:24.629 I/storaged(  726): storaged_t::event: storage_info refreshed.
06-04 11:22:27.836 I/chatty  ( 1252): uid=1000(system) watchdog expire 2 lines
06-04 11:22:28.376 W/ContextImpl( 1789): Calling a method in the system process without a qualified user: android.app.ContextImpl.startService:1764 android.content.ContextWrapper.startService:664 com.huawei.nb.plugin.ServiceStarter$a.l:34 com.huawei.nb.job.a.run:167 com.huawei.nb.g.a.a.run:49 
06-04 11:22:28.378 I/chatty  ( 1252): uid=1000(system) Binder:1252_2 expire 2 lines
06-04 11:22:29.456 I/DeepNoDisturbP( 1735): handleStateChanged reason=8
06-04 11:22:29.460 I/HidataAppQoeP( 1735): handleStateChanged reason=8
06-04 11:22:29.467 I/PreDnsQuery( 1735): handleStateChanged reason=8
06-04 11:22:29.468 I/PreDnsQuery( 1735): No need to handled!
06-04 11:22:29.468 I/BrowserChrP( 1735): handleStateChanged
06-04 11:22:31.435 I/chatty  ( 1252): uid=1000(system) UEventObserver expire 24 lines
06-04 11:22:31.442 I/chatty  ( 1252): uid=1000(system) HwBinder:1252_4 expire 2 lines
06-04 11:22:31.516 I/chatty  ( 1252): uid=1000(system) ActivityManager expire 7 lines
06-04 11:22:31.600 I/chatty  ( 1252): uid=1000(system) Binder:1252_1 expire 10 lines
06-04 11:22:32.977 I/chatty  ( 1252): uid=1000(system) Binder:1252_12 expire 18 lines
06-04 11:22:33.379 W/ContextImpl( 1789): Calling a method in the system process without a qualified user: android.app.ContextImpl.startService:1764 android.content.ContextWrapper.startService:664 com.huawei.nb.plugin.ServiceStarter$a.l:34 com.huawei.nb.job.a.run:167 com.huawei.nb.g.a.a.run:49 
06-04 11:22:34.489 I/DeepNoDisturbP( 1735): handleStateChanged reason=8
06-04 11:22:34.498 I/HidataAppQoeP( 1735): handleStateChanged reason=8
06-04 11:22:34.506 I/PreDnsQuery( 1735): handleStateChanged reason=8
06-04 11:22:34.508 I/PreDnsQuery( 1735): No need to handled!
06-04 11:22:34.508 I/BrowserChrP( 1735): handleStateChanged
06-04 11:22:37.498 I/chatty  ( 1252): uid=1000 system_server expire 14 lines
06-04 11:22:37.596 D/ActivityThread( 9325): Attach thread to application
06-04 11:22:37.690 I/BoosterSwitchP( 1735): notifyUidState do nothing
06-04 11:22:37.690 I/DeepNoDisturbP( 1735): notifyUidState
06-04 11:22:37.690 I/BrowserChrP( 1735): notifyUidState
06-04 11:22:38.382 W/ContextImpl( 1789): Calling a method in the system process without a qualified user: android.app.ContextImpl.startService:1764 android.content.ContextWrapper.startService:664 com.huawei.nb.plugin.ServiceStarter$a.l:34 com.huawei.nb.job.a.run:167 com.huawei.nb.g.a.a.run:49 
06-04 11:22:38.383 I/chatty  ( 1252): uid=1000(system) Binder:1252_5 expire 5 lines
06-04 11:22:39.497 D/SmartDualCardSM( 1735): IdleState:got msg.what=EVENT_HARD_SWITCH_CONDITION_CHECK
06-04 11:22:39.515 E/SmartDualCardTraffic( 1735): getMealTrafficImpl fail,invalid imsi
06-04 11:22:39.515 D/SmartDualCardSM( 1735): boosterDump:prop=true SdcSwitchOn=false DataSwitchOn=true WifiConnect=true AirplaneOn=false ScreenOn=true VSimEnabled=false CallOn=false AppState=GENERAL_BACKGROUND HidataAppState=GENERAL_BACKGROUND defaultDataSub=1 default4GSlot=1 DataOn=false M_MmsUtPdp=false userType=2
06-04 11:22:39.527 D/SmartDualCardSM( 1735): isSlaveCardNetworkBad return true,mSignalStrength=2,mNetworkType=3,mDownlinkSpeedLimit=1048576,mDataRoaming=false
06-04 11:22:39.532 E/SmartDualCardTraffic( 1735): getMealTrafficImpl fail,invalid imsi
06-04 11:22:39.532 D/SmartDualCardSM( 1735): boosterDump:SlaveActive=false SameOperator=false M_NetworkBad=false S_NetworkBad=true M_DLSpeedLimit=1048576 S_DLSpeedLimit=1048576 M_DataRoam=false S_DataRoam=false VPNMode=false TetherOn=false AppQoeSlow=false HidataAppQoeSlow=false GameExpBad=false DsdsState=1 S_TrafficEnough=true
06-04 11:22:43.385 W/ContextImpl( 1789): Calling a method in the system process without a qualified user: android.app.ContextImpl.startService:1764 android.content.ContextWrapper.startService:664 com.huawei.nb.plugin.ServiceStarter$a.l:34 com.huawei.nb.job.a.run:167 com.huawei.nb.g.a.a.run:49 
06-04 11:22:44.068 I/chatty  ( 1252): uid=1000(system) android.ui expire 16 lines
06-04 11:22:44.759 I/DeepNoDisturbP( 1735): handleStateChanged reason=8
06-04 11:22:44.762 I/HidataAppQoeP( 1735): handleStateChanged reason=8
06-04 11:22:44.769 I/PreDnsQuery( 1735): handleStateChanged reason=8
06-04 11:22:44.770 I/PreDnsQuery( 1735): No need to handled!
06-04 11:22:44.770 I/BrowserChrP( 1735): handleStateChanged
06-04 11:22:45.858 D/ActivityThread( 9371): Attach thread to application
06-04 11:22:45.965 I/chatty  ( 1252): uid=1000(system) Binder:1252_17 expire 10 lines
06-04 11:22:45.967 I/BoosterSwitchP( 1735): notifyUidState do nothing
06-04 11:22:45.967 I/DeepNoDisturbP( 1735): notifyUidState
06-04 11:22:45.967 I/BrowserChrP( 1735): notifyUidState
06-04 11:22:48.226 I/chatty  ( 1252): uid=1000(system) Binder:1252_14 expire 3 lines
06-04 11:22:48.388 W/ContextImpl( 1789): Calling a method in the system process without a qualified user: android.app.ContextImpl.startService:1764 android.content.ContextWrapper.startService:664 com.huawei.nb.plugin.ServiceStarter$a.l:34 com.huawei.nb.job.a.run:167 com.huawei.nb.g.a.a.run:49 
06-04 11:22:50.741 I/DeepNoDisturbP( 1735): handleStateChanged reason=8
06-04 11:22:50.749 I/HidataAppQoeP( 1735): handleStateChanged reason=8
06-04 11:22:50.760 I/PreDnsQuery( 1735): handleStateChanged reason=8
06-04 11:22:50.764 I/PreDnsQuery( 1735): No need to handled!
06-04 11:22:50.764 I/BrowserChrP( 1735): handleStateChanged
06-04 11:22:53.392 W/ContextImpl( 1789): Calling a method in the system process without a qualified user: android.app.ContextImpl.startService:1764 android.content.ContextWrapper.startService:664 com.huawei.nb.plugin.ServiceStarter$a.l:34 com.huawei.nb.job.a.run:167 com.huawei.nb.g.a.a.run:49 
06-04 11:22:56.746 I/DeepNoDisturbP( 1735): handleStateChanged reason=8
06-04 11:22:56.763 I/HidataAppQoeP( 1735): handleStateChanged reason=8
06-04 11:22:56.788 I/PreDnsQuery( 1735): handleStateChanged reason=8
06-04 11:22:56.791 I/PreDnsQuery( 1735): No need to handled!
06-04 11:22:56.791 I/BrowserChrP( 1735): handleStateChanged
06-04 11:22:58.398 W/ContextImpl( 1789): Calling a method in the system process without a qualified user: android.app.ContextImpl.startService:1764 android.content.ContextWrapper.startService:664 com.huawei.nb.plugin.ServiceStarter$a.l:34 com.huawei.nb.job.a.run:167 com.huawei.nb.g.a.a.run:49 
06-04 11:22:59.502 D/SmartDualCardSM( 1735): IdleState:got msg.what=EVENT_HARD_SWITCH_CONDITION_CHECK
06-04 11:23:00.005 I/chatty  ( 1252): uid=1000 system_server expire 5 lines
06-04 11:23:00.334 I/chatty  ( 1252): uid=1000(system) android.ui expire 6 lines
06-04 11:23:00.679 D/ActivityThread( 9447): Attach thread to application
06-04 11:23:00.774 I/chatty  ( 1252): uid=1000(system) Binder:1252_17 expire 6 lines
06-04 11:23:00.927 I/chatty  ( 1252): uid=1000(system) Binder:1252_E expire 2 lines
06-04 11:23:00.931 I/chatty  ( 1252): uid=1000(system) Binder:1252_12 expire 7 lines
06-04 11:23:00.956 I/BoosterSwitchP( 1735): notifyUidState do nothing
06-04 11:23:00.956 I/DeepNoDisturbP( 1735): notifyUidState
06-04 11:23:00.956 I/BrowserChrP( 1735): notifyUidState
06-04 11:23:00.965 D/ActivityThread( 9476): Attach thread to application
06-04 11:23:00.986 I/BoosterSwitchP( 1735): notifyUidState do nothing
06-04 11:23:00.986 I/DeepNoDisturbP( 1735): notifyUidState
06-04 11:23:00.986 I/BrowserChrP( 1735): notifyUidState
06-04 11:23:01.027 D/ActivityThread( 9491): Attach thread to application
06-04 11:23:01.103 I/chatty  ( 1252): uid=1000(system) ActivityManager expire 7 lines
06-04 11:23:01.104 I/chatty  ( 1252): uid=1000(system) MultiTaskManage expire 2 lines
06-04 11:23:01.109 I/        ( 9491): RegisterNatives OK!
06-04 11:23:01.110 D/ActivityThread( 9515): Attach thread to application
06-04 11:23:01.115 I/chatty  ( 1252): uid=1000(system) Binder:1252_E expire 13 lines
06-04 11:23:01.133 I/chatty  ( 1252): uid=1000(system) Binder:1252_D expire 1 line
06-04 11:23:01.133 I/chatty  ( 1252): uid=1000(system) ConnectivitySer expire 1 line
06-04 11:23:01.133 I/chatty  ( 1252): uid=1000(system) Binder:1252_5 expire 15 lines
06-04 11:23:01.136 I/BoosterSwitchP( 1735): notifyUidState do nothing
06-04 11:23:01.136 I/DeepNoDisturbP( 1735): notifyUidState
06-04 11:23:01.136 I/BrowserChrP( 1735): notifyUidState
06-04 11:23:01.275 I/chatty  ( 1252): uid=1000(system) Binder:1252_B expire 2 lines
06-04 11:23:01.395 I/chatty  ( 1252): uid=1000 system_server expire 10 lines
06-04 11:23:01.458 I/chatty  ( 1252): uid=1000(system) android.ui expire 26 lines
06-04 11:23:01.459 I/chatty  ( 1252): uid=1000(system) Thread-34 expire 3 lines
06-04 11:23:01.575 I/chatty  ( 1252): uid=1000(system) Binder:1252_18 expire 9 lines
06-04 11:23:01.659 I/chatty  ( 1252): uid=1000(system) android.anim expire 11 lines
06-04 11:23:02.151 I/chatty  ( 1252): uid=1000(system) UEventObserver expire 18 lines
06-04 11:23:02.791 I/DeepNoDisturbP( 1735): handleStateChanged reason=8
06-04 11:23:02.794 I/HidataAppQoeP( 1735): handleStateChanged reason=8
06-04 11:23:02.805 I/PreDnsQuery( 1735): handleStateChanged reason=8
06-04 11:23:02.807 I/PreDnsQuery( 1735): No need to handled!
06-04 11:23:02.808 I/BrowserChrP( 1735): handleStateChanged
06-04 11:23:02.815 I/chatty  ( 1252): uid=1000(system) NetdConnector expire 6 lines
06-04 11:23:03.034 I/CommandQueue( 1626): updateBarBgColor
06-04 11:23:03.034 D/CommandQueue( 1626): CommandQueue, setBarBackgroundColor
06-04 11:23:03.035 I/chatty  ( 1252): uid=1000(system) ActivityManager expire 3 lines
06-04 11:23:03.053 I/chatty  ( 1252): uid=1000(system) Binder:1252_14 expire 3 lines
06-04 11:23:03.271 D/ActivityThread( 9560): Attach thread to application
06-04 11:23:03.402 W/ContextImpl( 1789): Calling a method in the system process without a qualified user: android.app.ContextImpl.startService:1764 android.content.ContextWrapper.startService:664 com.huawei.nb.plugin.ServiceStarter$a.l:34 com.huawei.nb.job.a.run:167 com.huawei.nb.g.a.a.run:49 
06-04 11:23:03.416 E/OllieTelephony( 1735): sendFullData err:-2
06-04 11:23:04.941 I/chatty  ( 1252): uid=1000(system) android.display expire 3 lines
06-04 11:23:05.126 I/chatty  ( 1252): uid=1000(system) WifiScanningSer expire 1 line
06-04 11:23:07.256 W/SocketListener(  556): sending broadcast to Pid = 1252, Uid = 1000 
06-04 11:23:07.261 I/chatty  ( 1252): uid=1000(system) android.fg expire 2 lines
06-04 11:23:08.403 W/ContextImpl( 1789): Calling a method in the system process without a qualified user: android.app.ContextImpl.startService:1764 android.content.ContextWrapper.startService:664 com.huawei.nb.plugin.ServiceStarter$a.l:34 com.huawei.nb.job.a.run:167 com.huawei.nb.g.a.a.run:49 
06-04 11:23:08.404 I/chatty  ( 1252): uid=1000(system) Binder:1252_4 expire 26 lines
06-04 11:23:11.780 I/chatty  ( 1252): uid=1000(system) Binder:1252_1A expire 3 lines
06-04 11:23:11.795 I/chatty  ( 1252): uid=1000(system) HwActivityManag expire 8 lines
06-04 11:23:11.874 I/chatty  ( 1252): uid=1000(system) Binder:1252_1 expire 20 lines
06-04 11:23:11.878 I/CommandQueue( 1626): updateBarBgColor
06-04 11:23:11.878 D/CommandQueue( 1626): CommandQueue, setBarBackgroundColor
06-04 11:23:11.879 I/chatty  ( 1252): uid=1000(system) android.ui expire 40 lines
06-04 11:23:11.904 I/chatty  ( 1252): uid=1000(system) android.anim expire 20 lines
06-04 11:23:12.884 I/DeepNoDisturbP( 1735): handleStateChanged reason=8
06-04 11:23:12.907 I/HidataAppQoeP( 1735): handleStateChanged reason=8
06-04 11:23:12.926 I/PreDnsQuery( 1735): handleStateChanged reason=8
06-04 11:23:12.929 I/PreDnsQuery( 1735): No need to handled!
06-04 11:23:12.929 I/BrowserChrP( 1735): handleStateChanged
06-04 11:23:13.107 I/chatty  ( 1252): uid=1000 system_server expire 6 lines
06-04 11:23:13.406 W/ContextImpl( 1789): Calling a method in the system process without a qualified user: android.app.ContextImpl.startService:1764 android.content.ContextWrapper.startService:664 com.huawei.nb.plugin.ServiceStarter$a.l:34 com.huawei.nb.job.a.run:167 com.huawei.nb.g.a.a.run:49 
06-04 11:23:13.789 I/chatty  ( 1252): uid=1000(system) HwBinder:1252_4 expire 1 line
06-04 11:23:13.948 I/chatty  ( 1252): uid=1000(system) Binder:1252_5 expire 24 lines
06-04 11:23:14.540 I/CommandQueue( 1626): updateBarBgColor
06-04 11:23:14.540 D/CommandQueue( 1626): CommandQueue, setBarBackgroundColor
06-04 11:23:14.568 I/chatty  ( 1252): uid=1000(system) android.ui expire 32 lines
06-04 11:23:14.568 I/chatty  ( 1252): uid=1000(system) android.anim expire 11 lines
06-04 11:23:15.199 I/chatty  ( 1252): uid=1000 system_server expire 2 lines
06-04 11:23:16.376 I/chatty  ( 1252): uid=1000(system) Binder:1252_4 expire 13 lines
06-04 11:23:18.408 W/ContextImpl( 1789): Calling a method in the system process without a qualified user: android.app.ContextImpl.startService:1764 android.content.ContextWrapper.startService:664 com.huawei.nb.plugin.ServiceStarter$a.l:34 com.huawei.nb.job.a.run:167 com.huawei.nb.g.a.a.run:49 
06-04 11:23:18.890 I/DeepNoDisturbP( 1735): handleStateChanged reason=8
06-04 11:23:18.900 I/HidataAppQoeP( 1735): handleStateChanged reason=8
06-04 11:23:18.911 I/PreDnsQuery( 1735): handleStateChanged reason=8
06-04 11:23:18.913 I/PreDnsQuery( 1735): No need to handled!
06-04 11:23:18.913 I/BrowserChrP( 1735): handleStateChanged
06-04 11:23:18.918 I/chatty  ( 1252): uid=1000(system) NetdConnector expire 2 lines
06-04 11:23:19.504 D/SmartDualCardSM( 1735): IdleState:got msg.what=EVENT_HARD_SWITCH_CONDITION_CHECK
06-04 11:23:19.540 E/SmartDualCardTraffic( 1735): getMealTrafficImpl fail,invalid imsi
06-04 11:23:19.540 D/SmartDualCardSM( 1735): boosterDump:prop=true SdcSwitchOn=false DataSwitchOn=true WifiConnect=true AirplaneOn=false ScreenOn=true VSimEnabled=false CallOn=false AppState=GENERAL_BACKGROUND HidataAppState=GENERAL_BACKGROUND defaultDataSub=1 default4GSlot=1 DataOn=false M_MmsUtPdp=false userType=2
06-04 11:23:19.559 D/SmartDualCardSM( 1735): isSlaveCardNetworkBad return true,mSignalStrength=2,mNetworkType=3,mDownlinkSpeedLimit=1048576,mDataRoaming=false
06-04 11:23:19.562 E/SmartDualCardTraffic( 1735): getMealTrafficImpl fail,invalid imsi
06-04 11:23:19.563 D/SmartDualCardSM( 1735): boosterDump:SlaveActive=false SameOperator=false M_NetworkBad=false S_NetworkBad=true M_DLSpeedLimit=1048576 S_DLSpeedLimit=1048576 M_DataRoam=false S_DataRoam=false VPNMode=false TetherOn=false AppQoeSlow=false HidataAppQoeSlow=false GameExpBad=false DsdsState=1 S_TrafficEnough=true
06-04 11:23:22.358 I/chatty  ( 1252): uid=1000(system) Binder:1252_1A expire 1 line
06-04 11:23:22.439 I/chatty  ( 1252): uid=1000(system) Binder:1252_1 expire 1 line
06-04 11:23:23.411 W/ContextImpl( 1789): Calling a method in the system process without a qualified user: android.app.ContextImpl.startService:1764 android.content.ContextWrapper.startService:664 com.huawei.nb.plugin.ServiceStarter$a.l:34 com.huawei.nb.job.a.run:167 com.huawei.nb.g.a.a.run:49 
06-04 11:23:24.629 I/storaged(  726): storaged_t::event: storage_info refreshed.
06-04 11:23:24.802 I/chatty  ( 1252): uid=1000(system) android.ui expire 42 lines
06-04 11:23:25.037 I/chatty  ( 1252): uid=1000(system) Binder:1252_14 expire 11 lines
06-04 11:23:25.440 I/chatty  ( 1252): uid=1000(system) Binder:1252_5 expire 10 lines
06-04 11:23:27.843 I/chatty  ( 1252): uid=1000(system) watchdog expire 1 line
06-04 11:23:28.415 W/ContextImpl( 1789): Calling a method in the system process without a qualified user: android.app.ContextImpl.startService:1764 android.content.ContextWrapper.startService:664 com.huawei.nb.plugin.ServiceStarter$a.l:34 com.huawei.nb.job.a.run:167 com.huawei.nb.g.a.a.run:49 
06-04 11:23:28.951 I/chatty  ( 1252): uid=1000(system) ActivityManager expire 1 line
06-04 11:23:32.870 I/chatty  ( 1252): uid=1000(system) UEventObserver expire 6 lines
06-04 11:23:33.418 W/ContextImpl( 1789): Calling a method in the system process without a qualified user: android.app.ContextImpl.startService:1764 android.content.ContextWrapper.startService:664 com.huawei.nb.plugin.ServiceStarter$a.l:34 com.huawei.nb.job.a.run:167 com.huawei.nb.g.a.a.run:49 
06-04 11:23:33.421 I/chatty  ( 1252): uid=1000(system) Binder:1252_4 expire 28 lines
06-04 11:23:35.480 I/chatty  ( 1252): uid=1000(system) HwActivityManag expire 4 lines
06-04 11:23:35.579 I/chatty  ( 1252): uid=1000(system) Binder:1252_B expire 2 lines
06-04 11:23:35.592 I/CommandQueue( 1626): updateBarBgColor
06-04 11:23:35.592 D/CommandQueue( 1626): CommandQueue, setBarBackgroundColor
06-04 11:23:35.592 I/chatty  ( 1252): uid=1000(system) android.ui expire 35 lines
06-04 11:23:35.618 I/chatty  ( 1252): uid=1000(system) android.anim expire 16 lines
06-04 11:23:35.635 I/chatty  ( 1252): uid=1000(system) android.display expire 2 lines
06-04 11:23:36.753 I/BoosterSwitchP( 1735): notifyUidState do nothing
06-04 11:23:36.753 I/DeepNoDisturbP( 1735): notifyUidState
06-04 11:23:36.753 I/BrowserChrP( 1735): notifyUidState
06-04 11:23:36.764 I/BoosterSwitchP( 1735): notifyUidState do nothing
06-04 11:23:36.764 I/DeepNoDisturbP( 1735): notifyUidState
06-04 11:23:36.764 I/BrowserChrP( 1735): notifyUidState
06-04 11:23:37.025 I/chatty  ( 1252): uid=1000(system) Binder:1252_5 expire 9 lines
06-04 11:23:37.210 I/chatty  ( 1252): uid=1000(system) Binder:1252_14 expire 9 lines
06-04 11:23:37.221 I/CommandQueue( 1626): updateBarBgColor
06-04 11:23:37.221 D/CommandQueue( 1626): CommandQueue, setBarBackgroundColor
06-04 11:23:37.249 I/chatty  ( 1252): uid=1000(system) Thread-34 expire 2 lines
06-04 11:23:38.422 W/ContextImpl( 1789): Calling a method in the system process without a qualified user: android.app.ContextImpl.startService:1764 android.content.ContextWrapper.startService:664 com.huawei.nb.plugin.ServiceStarter$a.l:34 com.huawei.nb.job.a.run:167 com.huawei.nb.g.a.a.run:49 
06-04 11:23:38.903 I/chatty  ( 1252): uid=1000(system) android.ui expire 41 lines
06-04 11:23:39.001 I/chatty  ( 1252): uid=1000(system) Binder:1252_14 expire 11 lines
06-04 11:23:39.492 I/chatty  ( 1252): uid=1000(system) Binder:1252_5 expire 10 lines
06-04 11:23:39.525 D/SmartDualCardSM( 1735): IdleState:got msg.what=EVENT_HARD_SWITCH_CONDITION_CHECK
06-04 11:23:39.571 I/chatty  ( 1252): uid=1000(system) Binder:1252_4 expire 15 lines
06-04 11:23:39.592 I/chatty  ( 1252): uid=1000(system) Binder:1252_B expire 6 lines
06-04 11:23:43.425 W/ContextImpl( 1789): Calling a method in the system process without a qualified user: android.app.ContextImpl.startService:1764 android.content.ContextWrapper.startService:664 com.huawei.nb.plugin.ServiceStarter$a.l:34 com.huawei.nb.job.a.run:167 com.huawei.nb.g.a.a.run:49 
06-04 11:23:43.615 I/DeepNoDisturbP( 1735): handleStateChanged reason=8
06-04 11:23:43.631 I/HidataAppQoeP( 1735): handleStateChanged reason=8
06-04 11:23:43.640 I/PreDnsQuery( 1735): handleStateChanged reason=8
06-04 11:23:43.641 I/PreDnsQuery( 1735): No need to handled!
06-04 11:23:43.641 I/BrowserChrP( 1735): handleStateChanged
06-04 11:23:48.429 W/ContextImpl( 1789): Calling a method in the system process without a qualified user: android.app.ContextImpl.startService:1764 android.content.ContextWrapper.startService:664 com.huawei.nb.plugin.ServiceStarter$a.l:34 com.huawei.nb.job.a.run:167 com.huawei.nb.g.a.a.run:49 
06-04 11:23:49.515 I/chatty  ( 1252): uid=1000(system) ConnectivitySer expire 4 lines
06-04 11:23:49.612 I/DeepNoDisturbP( 1735): handleStateChanged reason=8
06-04 11:23:49.627 I/HidataAppQoeP( 1735): handleStateChanged reason=8
06-04 11:23:49.646 I/PreDnsQuery( 1735): handleStateChanged reason=8
06-04 11:23:49.648 I/PreDnsQuery( 1735): No need to handled!
06-04 11:23:49.648 I/BrowserChrP( 1735): handleStateChanged
06-04 11:23:49.731 I/chatty  ( 1252): uid=1000(system) android.ui expire 14 lines
06-04 11:23:53.431 W/ContextImpl( 1789): Calling a method in the system process without a qualified user: android.app.ContextImpl.startService:1764 android.content.ContextWrapper.startService:664 com.huawei.nb.plugin.ServiceStarter$a.l:34 com.huawei.nb.job.a.run:167 com.huawei.nb.g.a.a.run:49 
06-04 11:23:53.432 I/chatty  ( 1252): uid=1000(system) Binder:1252_4 expire 13 lines
06-04 11:23:53.849 I/DeepNoDisturbP( 1735): handleStateChanged reason=8
06-04 11:23:53.864 I/HidataAppQoeP( 1735): handleStateChanged reason=8
06-04 11:23:53.879 I/PreDnsQuery( 1735): handleStateChanged reason=8
06-04 11:23:53.881 I/PreDnsQuery( 1735): No need to handled!
06-04 11:23:53.881 I/BrowserChrP( 1735): handleStateChanged
06-04 11:23:54.740 I/chatty  ( 1252): uid=1000(system) UEventObserver expire 24 lines
06-04 11:23:54.746 I/chatty  ( 1252): uid=1000(system) HwBinder:1252_4 expire 2 lines
06-04 11:23:54.793 I/chatty  ( 1252): uid=1000(system) ActivityManager expire 5 lines
06-04 11:23:57.846 I/chatty  ( 1252): uid=1000(system) watchdog expire 2 lines
06-04 11:23:58.434 W/ContextImpl( 1789): Calling a method in the system process without a qualified user: android.app.ContextImpl.startService:1764 android.content.ContextWrapper.startService:664 com.huawei.nb.plugin.ServiceStarter$a.l:34 com.huawei.nb.job.a.run:167 com.huawei.nb.g.a.a.run:49 
06-04 11:23:59.532 D/SmartDualCardSM( 1735): IdleState:got msg.what=EVENT_HARD_SWITCH_CONDITION_CHECK
06-04 11:23:59.546 E/SmartDualCardTraffic( 1735): getMealTrafficImpl fail,invalid imsi
06-04 11:23:59.546 D/SmartDualCardSM( 1735): boosterDump:prop=true SdcSwitchOn=false DataSwitchOn=true WifiConnect=true AirplaneOn=false ScreenOn=true VSimEnabled=false CallOn=false AppState=GENERAL_BACKGROUND HidataAppState=GENERAL_BACKGROUND defaultDataSub=1 default4GSlot=1 DataOn=false M_MmsUtPdp=false userType=2
06-04 11:23:59.553 D/SmartDualCardSM( 1735): isSlaveCardNetworkBad return true,mSignalStrength=2,mNetworkType=3,mDownlinkSpeedLimit=1048576,mDataRoaming=false
06-04 11:23:59.555 E/SmartDualCardTraffic( 1735): getMealTrafficImpl fail,invalid imsi
06-04 11:23:59.555 D/SmartDualCardSM( 1735): boosterDump:SlaveActive=false SameOperator=false M_NetworkBad=false S_NetworkBad=true M_DLSpeedLimit=1048576 S_DLSpeedLimit=1048576 M_DataRoam=false S_DataRoam=false VPNMode=false TetherOn=false AppQoeSlow=false HidataAppQoeSlow=false GameExpBad=false DsdsState=1 S_TrafficEnough=true
06-04 11:23:59.859 I/DeepNoDisturbP( 1735): handleStateChanged reason=8
06-04 11:23:59.871 I/HidataAppQoeP( 1735): handleStateChanged reason=8
06-04 11:23:59.887 I/PreDnsQuery( 1735): handleStateChanged reason=8
06-04 11:23:59.890 I/PreDnsQuery( 1735): No need to handled!
