06-04 16:57:50.191 I/chatty  ( 1243): uid=1000(system) Binder:1243_17 expire 7 lines
06-04 16:57:50.247 I/chatty  ( 1243): uid=1000(system) WifiP2pService expire 6 lines
06-04 16:57:50.374 I/chatty  ( 1243): uid=1000(system) Thread-34 expire 1 line
06-04 16:57:50.436 I/chatty  ( 1243): uid=1000(system) android.ui expire 7 lines
06-04 16:57:50.500 I/chatty  ( 1243): uid=1000(system) Binder:1243_7 expire 3 lines
06-04 16:57:53.472 I/DeepNoDisturbP( 1728): handleStateChanged reason=8
06-04 16:57:53.488 I/HidataAppQoeP( 1728): handleStateChanged reason=8
06-04 16:57:53.500 I/PreDnsQuery( 1728): handleStateChanged reason=8
06-04 16:57:53.503 I/PreDnsQuery( 1728): No need to handled!
06-04 16:57:53.503 I/BrowserChrP( 1728): handleStateChanged
06-04 16:57:55.009 I/chatty  ( 1243): uid=1000(system) android.ui expire 15 lines
06-04 16:57:57.847 I/chatty  ( 1243): uid=1000(system) Binder:1243_7 expire 6 lines
06-04 16:57:57.862 I/chatty  ( 1243): uid=1000(system) HwActivityManag expire 1 line
06-04 16:57:57.863 I/chatty  ( 1243): uid=1000(system) android.ui expire 1 line
06-04 16:57:57.864 I/chatty  ( 1243): uid=1000(system) android.anim expire 1 line
06-04 16:57:57.866 I/chatty  ( 1243): uid=1000(system) Binder:1243_7 expire 1 line
06-04 16:57:57.874 I/chatty  ( 1243): uid=1000(system) android.anim expire 6 lines
06-04 16:57:57.875 I/chatty  ( 1243): uid=1000(system) Binder:1243_7 expire 13 lines
06-04 16:57:57.877 I/chatty  ( 1243): uid=1000(system) android.ui expire 15 lines
06-04 16:57:57.879 I/chatty  ( 1243): uid=1000(system) HwActivityManag expire 3 lines
06-04 16:57:57.886 I/chatty  ( 1243): uid=1000 system_server expire 1 line
06-04 16:57:57.889 I/chatty  ( 1243): uid=1000 system_server expire 3 lines
06-04 16:57:57.890 I/chatty  ( 1243): uid=1000(system) ActivityManager expire 7 lines
06-04 16:57:57.893 I/chatty  ( 1243): uid=1000(system) MultiTaskManage expire 7 lines
06-04 16:57:57.898 D/ActivityThread(11620): Attach thread to application
06-04 16:57:57.921 D/ActivityThread(11634): Attach thread to application
06-04 16:57:57.929 I/chatty  ( 1243): uid=1000(system) HwGameAssistant expire 1 line
06-04 16:57:57.930 I/chatty  ( 1243): uid=1000(system) Binder:1243_17 expire 5 lines
06-04 16:57:57.934 I/BoosterSwitchP( 1728): notifyUidState do nothing
06-04 16:57:57.934 I/DeepNoDisturbP( 1728): notifyUidState
06-04 16:57:57.934 I/BrowserChrP( 1728): notifyUidState
06-04 16:57:57.934 I/chatty  ( 1243): uid=1000(system) Binder:1243_6 expire 1 line
06-04 16:57:57.934 I/HwNetworkPolicyManager( 1998): getHwUidPolicy uid = 11185 policy = 0
06-04 16:57:57.939 I/chatty  ( 1243): uid=1000(system) android.bg expire 1 line
06-04 16:57:57.940 I/chatty  ( 1243): uid=1000(system) Binder:1243_12 expire 10 lines
06-04 16:57:57.952 I/chatty  ( 1243): uid=1000(system) Binder:1243_E expire 3 lines
06-04 16:57:57.971 I/chatty  ( 1243): uid=1000(system) ConnectivitySer expire 64 lines
06-04 16:57:57.971 I/BoosterSwitchP( 1728): notifyUidState do nothing
06-04 16:57:57.971 I/DeepNoDisturbP( 1728): notifyUidState
06-04 16:57:57.971 I/BrowserChrP( 1728): notifyUidState
06-04 16:57:57.978 I/chatty  ( 1243): uid=1000(system) Binder:1243_14 expire 5 lines
06-04 16:57:58.472 I/chatty  ( 1243): uid=1000(system) Thread-34 expire 1 line
06-04 16:57:58.510 V/ActivityThread(11634): Skipping new config:{1.0 ?mcc?mnc [zh_CN_#Hans,en_CN] ldltr sw360dp w360dp h578dp 480dpi nrml long port finger -keyb/v/h -nav/h winConfig={ mBounds=Rect(0, 0 - 0, 0) mAppBounds=Rect(0, 0 - 1080, 1808) mWindowingMode=fullscreen mActivityType=undefined} nonFullScreen=0 suim:1 s.7}, config:{1.0 ?mcc?mnc [zh_CN_#Hans,en_CN] ldltr sw360dp w360dp h578dp 480dpi nrml long port finger -keyb/v/h -nav/h winConfig={ mBounds=Rect(0, 0 - 0, 0) mAppBounds=Rect(0, 0 - 1080, 1808) mWindowingMode=fullscreen mActivityType=undefined} nonFullScreen=0 suim:1 s.7} for app:com.seeyon.cmp
06-04 16:57:58.690 I/chatty  ( 1243): uid=1000(system) Binder:1243_1F expire 6 lines
06-04 16:57:58.696 V/ActivityThread(11634): callActivityOnCreate
06-04 16:57:58.701 I/chatty  ( 1243): uid=1000(system) Binder:1243_13 expire 13 lines
06-04 16:57:58.826 I/chatty  ( 1243): uid=1000(system) ActivityManager expire 1 line
06-04 16:57:58.866 D/ActivityThread(11754): Attach thread to application
06-04 16:57:58.895 I/chatty  ( 1243): uid=1000(system) WifiScanningSer expire 1 line
06-04 16:57:58.924 I/chatty  ( 1243): uid=1000(system) Binder:1243_8 expire 3 lines
06-04 16:57:58.927 W/ContextImpl(11754): Calling a method in the system process without a qualified user: android.app.ContextImpl.startService:1764 android.content.ContextWrapper.startService:664 android.content.ContextWrapper.startService:664 com.huawei.hwdetectrepair.smartnotify.eventlistener.InstantMessageReceiver.invokeSmartNotifyService:62 com.huawei.hwdetectrepair.smartnotify.eventlistener.InstantMessageReceiver.onReceive:43 
06-04 16:57:58.936 I/chatty  ( 1243): uid=1000(system) Binder:1243_A expire 2 lines
06-04 16:57:58.936 I/chatty  ( 1243): uid=1000(system) Binder:1243_1B expire 1 line
06-04 16:57:58.937 I/chatty  ( 1243): uid=1000(system) Binder:1243_9 expire 5 lines
06-04 16:57:58.945 D/ActivityThread(11779): Attach thread to application
06-04 16:57:58.969 D/ActivityThread(11792): Attach thread to application
06-04 16:57:59.005 D/HwCustConnectivityManagerImpl(11634): isBlockNetworkRequestByNonAis, INVALID_SUBSCRIPTION_ID
06-04 16:57:59.007 D/HwCustConnectivityManagerImpl(11634): isBlockNetworkRequestByNonAis, INVALID_SUBSCRIPTION_ID
06-04 16:57:59.162 I/chatty  ( 1243): uid=1000(system) Binder:1243_1E expire 1 line
06-04 16:57:59.184 I/BoosterSwitchP( 1728): notifyUidState do nothing
06-04 16:57:59.184 I/DeepNoDisturbP( 1728): notifyUidState
06-04 16:57:59.185 I/BrowserChrP( 1728): notifyUidState
06-04 16:57:59.257 D/ActivityThread(11634): add activity client record, r= ActivityRecord{b097fb9 token=android.os.BinderProxy@450c0b0 {com.seeyon.cmp/com.seeyon.cmp.ui.LoadActivity}} token= android.os.BinderProxy@450c0b0
06-04 16:57:59.326 D/ActivityThread(11877): Attach thread to application
06-04 16:57:59.339 D/HwCustConnectivityManagerImpl(11634): isBlockNetworkRequestByNonAis, INVALID_SUBSCRIPTION_ID
06-04 16:57:59.340 D/HwCustConnectivityManagerImpl(11634): isBlockNetworkRequestByNonAis, INVALID_SUBSCRIPTION_ID
06-04 16:57:59.347 I/HidataAppQoeP( 1728): foregroundUidAdd uid: 11185 name: com.seeyon.cmp activity state: true
06-04 16:57:59.349 I/chatty  ( 1243): uid=1000 system_server expire 2 lines
06-04 16:57:59.351 D/SmartDualCardConfig( 1728): getAppType,pkgName=com.seeyon.cmp,appType=12
06-04 16:57:59.352 D/SmartDualCardSM( 1728): onUidStateUpdate,uid=11185,appName=com.seeyon.cmp,state=FOREGROUND
06-04 16:57:59.359 D/SmartDualCardConfig( 1728): getAppType,pkgName=com.seeyon.cmp,appType=12
06-04 16:57:59.359 D/SmartDualCardSM( 1728): updateAppState mAppState=2
06-04 16:57:59.359 D/SmartDualCardConfig( 1728): addForegroundAppToList,size()=1,uid=11185
06-04 16:57:59.365 E/SmartDualCardTraffic( 1728): getMealTrafficImpl fail,invalid imsi
06-04 16:57:59.369 D/SmartDualCardSM( 1728): isNeedMonitorAppQoe return false
06-04 16:57:59.370 D/SmartDualCardSM( 1728): resetAppQoeState
06-04 16:57:59.372 D/SmartDualCardSM( 1728): IdleState:got msg.what=EVENT_APP_MOVE_FOREGROUND
06-04 16:57:59.372 I/DollieChr( 1728): handleForegroundAppUpdateMsg,mAppState=1,scenes=2,mForegroundAppName=
06-04 16:57:59.380 I/chatty  ( 1243): uid=1000(system) Binder:1243_18 expire 2 lines
06-04 16:57:59.381 I/CommandQueue( 1628): updateBarBgColor
06-04 16:57:59.381 D/CommandQueue( 1628): CommandQueue, setBarBackgroundColor
06-04 16:57:59.391 D/ActivityThread(11916): Attach thread to application
06-04 16:57:59.397 I/chatty  ( 1243): uid=1000(system) android.bg expire 1 line
06-04 16:57:59.404 I/chatty  ( 1243): uid=1000(system) NetdConnector expire 2 lines
06-04 16:57:59.405 I/chatty  ( 1243): uid=1000 system_server expire 1 line
06-04 16:57:59.406 I/chatty  ( 1243): uid=1000(system) Binder:1243_C expire 1 line
06-04 16:57:59.422 I/chatty  ( 1243): uid=1000(system) Binder:1243_17 expire 1 line
06-04 16:57:59.425 I/BoosterSwitchP( 1728): notifyUidState do nothing
06-04 16:57:59.425 I/DeepNoDisturbP( 1728): notifyUidState
06-04 16:57:59.425 I/BrowserChrP( 1728): notifyUidState
06-04 16:57:59.497 I/chatty  ( 1243): uid=1000(system) android.ui expire 1 line
06-04 16:57:59.497 I/chatty  ( 1243): uid=1000(system) android.anim expire 15 lines
06-04 16:57:59.500 I/chatty  ( 1243): uid=1000(system) android.ui expire 18 lines
06-04 16:57:59.501 I/chatty  ( 1243): uid=1000(system) Binder:1243_18 expire 42 lines
06-04 16:57:59.511 I/chatty  ( 1243): uid=1000(system) android.display expire 2 lines
06-04 16:57:59.539 I/chatty  ( 1243): uid=1000(system) Binder:1243_17 expire 12 lines
06-04 16:57:59.539 I/chatty  ( 1243): uid=1000(system) Binder:1243_13 expire 1 line
06-04 16:57:59.559 I/chatty  ( 1243): uid=1000(system) Binder:1243_1B expire 5 lines
06-04 16:57:59.609 I/chatty  ( 1243): uid=1000(system) Binder:1243_C expire 14 lines
06-04 16:57:59.609 I/chatty  ( 1243): uid=1000(system) Binder:1243_1D expire 7 lines
06-04 16:57:59.667 I/chatty  ( 1243): uid=1000(system) Binder:1243_16 expire 17 lines
06-04 16:57:59.685 I/chatty  ( 1243): uid=1000(system) Thread-34 expire 2 lines
06-04 16:57:59.842 I/chatty  ( 1243): uid=1000(system) tworkPolicy.uid expire 2 lines
06-04 16:57:59.842 D/SmartDualCardConfig( 1728): getAppType,pkgName=com.huawei.android.launcher,appType=301
06-04 16:57:59.842 D/SmartDualCardSM( 1728): onUidStateUpdate isSkip,uid=10062,name=com.huawei.android.launcher
06-04 16:57:59.846 I/chatty  ( 1243): uid=1000(system) NetdConnector expire 12 lines
06-04 16:57:59.853 I/chatty  ( 1243): uid=1000(system) android.bg expire 1 line
06-04 16:57:59.854 I/BoosterSwitchP( 1728): notifyUidState do nothing
06-04 16:57:59.854 I/DeepNoDisturbP( 1728): notifyUidState
06-04 16:57:59.854 I/BrowserChrP( 1728): notifyUidState
06-04 16:58:00.004 I/chatty  ( 1243): uid=1000 system_server expire 2 lines
06-04 16:58:00.192 I/chatty  ( 1243): uid=1000(system) Binder:1243_6 expire 2 lines
06-04 16:58:00.452 I/chatty  ( 1243): uid=1000(system) PowerManagerSer expire 1 line
06-04 16:58:00.459 W/SocketListener(  549): sending broadcast to Pid = 1243, Uid = 1000 
06-04 16:58:00.463 I/chatty  ( 1243): uid=1000(system) android.fg expire 4 lines
06-04 16:58:00.465 I/chatty  ( 1243): uid=1000(system) NetworkStats expire 5 lines
06-04 16:58:00.659 W/SocketListener(  549): sending broadcast to Pid = 1243, Uid = 1000 
06-04 16:58:00.903 I/chatty  ( 1243): uid=1000(system) Binder:1243_F expire 15 lines
06-04 16:58:00.918 I/chatty  ( 1243): uid=1000(system) HwActivityManag expire 2 lines
06-04 16:58:00.945 I/HwLBSService.HwNLPDBManager( 1715): query loc Form Cell Table
06-04 16:58:00.950 I/chatty  ( 1715): uid=1000(system) HwLocation identical 5 lines
06-04 16:58:00.950 I/HwLBSService.HwNLPDBManager( 1715): query loc Form Cell Table
06-04 16:58:01.029 I/HwLBSService.HwNLPDBManager( 1715): query loc Form Cell Table
06-04 16:58:01.029 I/HwLBSService.HwNLPDBManager( 1715): query loc Form Cell Table
06-04 16:58:01.037 I/chatty  ( 1243): uid=1000(system) LocationThread expire 9 lines
06-04 16:58:01.043 I/chatty  ( 1243): uid=1000 system_server expire 1 line
06-04 16:58:01.059 I/chatty  ( 1243): uid=1000(system) ActivityManager expire 1 line
06-04 16:58:01.059 I/chatty  ( 1243): uid=1000(system) MultiTaskManage expire 1 line
06-04 16:58:01.082 D/ActivityThread(12036): Attach thread to application
06-04 16:58:01.100 I/chatty  ( 1243): uid=1000(system) Binder:1243_7 expire 1 line
06-04 16:58:01.104 D/libgps  (  734): proxy_gps_inject_location: called.
06-04 16:58:01.177 I/chatty  ( 1243): uid=1000(system) ThirdAppHandler expire 1 line
06-04 16:58:01.210 V/ActivityThread(11634): Skipping new config:{1.0 ?mcc?mnc [zh_CN_#Hans,en_CN] ldltr sw360dp w360dp h578dp 480dpi nrml long port finger -keyb/v/h -nav/h winConfig={ mBounds=Rect(0, 0 - 0, 0) mAppBounds=Rect(0, 0 - 1080, 1808) mWindowingMode=fullscreen mActivityType=undefined} nonFullScreen=0 suim:1 s.7}, config:{1.0 ?mcc?mnc [zh_CN_#Hans,en_CN] ldltr sw360dp w360dp h578dp 480dpi nrml long port finger -keyb/v/h -nav/h winConfig={ mBounds=Rect(0, 0 - 0, 0) mAppBounds=Rect(0, 0 - 1080, 1808) mWindowingMode=fullscreen mActivityType=undefined} nonFullScreen=0 suim:1 s.7} for app:com.seeyon.cmp
06-04 16:58:01.212 V/ActivityThread(11634): callActivityOnCreate
06-04 16:58:01.317 D/ActivityThread(11634): add activity client record, r= ActivityRecord{6a24eeb token=android.os.BinderProxy@c5ab072 {com.seeyon.cmp/com.seeyon.cmp.ui.main.MainActivity}} token= android.os.BinderProxy@c5ab072
06-04 16:58:01.372 I/chatty  ( 1243): uid=1000 system_server expire 1 line
06-04 16:58:01.404 D/libgps  (  734): proxy_gps_inject_location: called.
06-04 16:58:01.519 I/chatty  ( 1243): uid=1000(system) ActivityManager expire 2 lines
06-04 16:58:01.876 I/chatty  ( 1243): uid=1000(system) UEventObserver expire 12 lines
06-04 16:58:01.880 I/chatty  ( 1243): uid=1000(system) HwBinder:1243_3 expire 1 line
06-04 16:58:01.969 I/chatty  ( 1243): uid=1000(system) android.ui expire 23 lines
06-04 16:58:01.999 I/chatty  ( 1243): uid=1000(system) Binder:1243_17 expire 9 lines
06-04 16:58:02.001 D/ActivityThread(11634): Remove activity client record, r= ActivityRecord{b097fb9 token=android.os.BinderProxy@450c0b0 {com.seeyon.cmp/com.seeyon.cmp.ui.LoadActivity}} token= android.os.BinderProxy@450c0b0
06-04 16:58:02.003 I/chatty  ( 1243): uid=1000(system) ActivityManager expire 7 lines
06-04 16:58:02.003 I/chatty  ( 1243): uid=1000(system) MultiTaskManage expire 2 lines
06-04 16:58:02.007 D/ActivityThread(12175): Attach thread to application
06-04 16:58:02.010 I/chatty  ( 1243): uid=1000(system) ConnectivitySer expire 37 lines
06-04 16:58:02.027 I/chatty  ( 1243): uid=1000(system) Binder:1243_1D expire 2 lines
06-04 16:58:02.031 I/chatty  ( 1243): uid=1000(system) Binder:1243_F expire 7 lines
06-04 16:58:02.041 I/BoosterSwitchP( 1728): notifyUidState do nothing
06-04 16:58:02.042 I/DeepNoDisturbP( 1728): notifyUidState
06-04 16:58:02.042 I/BrowserChrP( 1728): notifyUidState
06-04 16:58:02.062 I/chatty  ( 1243): uid=1000(system) Binder:1243_16 expire 9 lines
06-04 16:58:02.133 I/chatty  ( 1243): uid=1000(system) Binder:1243_7 expire 2 lines
06-04 16:58:02.406 I/chatty  ( 1243): uid=1000(system) ThirdAppHandler expire 1 line
06-04 16:58:02.538 I/chatty  ( 1243): uid=1000(system) Thread-34 expire 1 line
06-04 16:58:02.549 W/SocketListener(  549): sending broadcast to Pid = 1243, Uid = 1000 
06-04 16:58:02.551 I/chatty  ( 1243): uid=1000(system) NetdConnector expire 12 lines
06-04 16:58:02.553 I/chatty  ( 1243): uid=1000(system) android.fg expire 2 lines
06-04 16:58:02.559 I/chatty  ( 1243): uid=1000(system) NetworkStats expire 5 lines
06-04 16:58:02.906 I/DeepNoDisturbP( 1728): handleStateChanged reason=8
06-04 16:58:02.916 I/HidataAppQoeP( 1728): handleStateChanged reason=8
06-04 16:58:02.930 I/PreDnsQuery( 1728): handleStateChanged reason=8
06-04 16:58:02.931 I/PreDnsQuery( 1728): No need to handled!
06-04 16:58:02.932 I/BrowserChrP( 1728): handleStateChanged
06-04 16:58:04.153 D/HwCustConnectivityManagerImpl(11634): isBlockNetworkRequestByNonAis, INVALID_SUBSCRIPTION_ID
06-04 16:58:04.158 D/HwCustConnectivityManagerImpl(11634): isBlockNetworkRequestByNonAis, INVALID_SUBSCRIPTION_ID
06-04 16:58:04.203 I/chatty  ( 1243): uid=1000(system) Binder:1243_13 expire 10 lines
06-04 16:58:04.594 D/ActivityThread(12230): Attach thread to application
06-04 16:58:06.054 I/chatty  ( 1243): uid=1000(system) watchdog expire 1 line
06-04 16:58:06.261 I/chatty  ( 1243): uid=1000(system) Binder:1243_1F expire 9 lines
06-04 16:58:06.300 I/chatty  ( 1243): uid=1000(system) HwActivityManag expire 2 lines
06-04 16:58:06.303 V/ActivityThread(11634): Skipping new config:{1.0 ?mcc?mnc [zh_CN_#Hans,en_CN] ldltr sw360dp w360dp h578dp 480dpi nrml long port finger -keyb/v/h -nav/h winConfig={ mBounds=Rect(0, 0 - 0, 0) mAppBounds=Rect(0, 0 - 1080, 1808) mWindowingMode=fullscreen mActivityType=undefined} nonFullScreen=0 suim:1 s.7}, config:{1.0 ?mcc?mnc [zh_CN_#Hans,en_CN] ldltr sw360dp w360dp h578dp 480dpi nrml long port finger -keyb/v/h -nav/h winConfig={ mBounds=Rect(0, 0 - 0, 0) mAppBounds=Rect(0, 0 - 1080, 1808) mWindowingMode=fullscreen mActivityType=undefined} nonFullScreen=0 suim:1 s.7} for app:com.seeyon.cmp
06-04 16:58:06.307 V/ActivityThread(11634): callActivityOnCreate
06-04 16:58:06.308 I/chatty  ( 1243): uid=1000(system) tworkPolicy.uid expire 4 lines
06-04 16:58:06.349 D/ActivityThread(11634): add activity client record, r= ActivityRecord{551b150 token=android.os.BinderProxy@cd6d1af {com.seeyon.cmp/com.seeyon.cmp.ui.StackWebViewActivity}} token= android.os.BinderProxy@cd6d1af
06-04 16:58:06.355 I/chatty  ( 1243): uid=1000(system) android.anim expire 7 lines
06-04 16:58:06.376 I/CommandQueue( 1628): updateBarBgColor
06-04 16:58:06.376 D/CommandQueue( 1628): CommandQueue, setBarBackgroundColor
06-04 16:58:06.402 I/chatty  ( 1243): uid=1000(system) android.display expire 3 lines
06-04 16:58:07.443 I/chatty  ( 1243): uid=1000(system) android.anim expire 20 lines
06-04 16:58:07.447 I/chatty  ( 1243): uid=1000(system) android.ui expire 63 lines
06-04 16:58:08.254 I/chatty  ( 1243): uid=1000(system) Binder:1243_16 expire 7 lines
06-04 16:58:08.904 I/DeepNoDisturbP( 1728): handleStateChanged reason=8
06-04 16:58:08.922 I/HidataAppQoeP( 1728): handleStateChanged reason=8
06-04 16:58:08.934 I/PreDnsQuery( 1728): handleStateChanged reason=8
06-04 16:58:08.935 I/PreDnsQuery( 1728): No need to handled!
06-04 16:58:08.935 I/BrowserChrP( 1728): handleStateChanged
06-04 16:58:09.127 I/chatty  ( 1243): uid=1000(system) Binder:1243_1F expire 6 lines
06-04 16:58:09.150 D/ActivityThread(11634): Remove activity client record, r= ActivityRecord{6a24eeb token=android.os.BinderProxy@c5ab072 {com.seeyon.cmp/com.seeyon.cmp.ui.main.MainActivity}} token= android.os.BinderProxy@c5ab072
06-04 16:58:09.159 I/chatty  ( 1243): uid=1000(system) Binder:1243_13 expire 11 lines
06-04 16:58:09.166 I/chatty  ( 1243): uid=1000(system) HwActivityManag expire 6 lines
06-04 16:58:09.167 V/ActivityThread(11634): Skipping new config:{1.0 ?mcc?mnc [zh_CN_#Hans,en_CN] ldltr sw360dp w360dp h578dp 480dpi nrml long port finger -keyb/v/h -nav/h winConfig={ mBounds=Rect(0, 0 - 0, 0) mAppBounds=Rect(0, 0 - 1080, 1808) mWindowingMode=fullscreen mActivityType=undefined} nonFullScreen=0 suim:1 s.7}, config:{1.0 ?mcc?mnc [zh_CN_#Hans,en_CN] ldltr sw360dp w360dp h578dp 480dpi nrml long port finger -keyb/v/h -nav/h winConfig={ mBounds=Rect(0, 0 - 0, 0) mAppBounds=Rect(0, 0 - 1080, 1808) mWindowingMode=fullscreen mActivityType=undefined} nonFullScreen=0 suim:1 s.7} for app:com.seeyon.cmp
06-04 16:58:09.170 V/ActivityThread(11634): callActivityOnCreate
06-04 16:58:09.250 D/ActivityThread(11634): add activity client record, r= ActivityRecord{70ab84b token=android.os.BinderProxy@bd792f {com.seeyon.cmp/com.seeyon.cmp.ui.LoadActivity}} token= android.os.BinderProxy@bd792f
06-04 16:58:09.266 I/chatty  ( 1243): uid=1000(system) Binder:1243_F expire 1 line
06-04 16:58:09.272 I/chatty  ( 1243): uid=1000(system) Binder:1243_6 expire 14 lines
06-04 16:58:09.281 I/chatty  ( 1243): uid=1000(system) Binder:1243_17 expire 9 lines
06-04 16:58:09.288 I/CommandQueue( 1628): updateBarBgColor
06-04 16:58:09.288 D/CommandQueue( 1628): CommandQueue, setBarBackgroundColor
06-04 16:58:09.349 I/chatty  ( 1243): uid=1000(system) ActivityManager expire 1 line
06-04 16:58:09.349 I/chatty  ( 1243): uid=1000(system) MultiTaskManage expire 1 line
06-04 16:58:09.361 D/ActivityThread(12320): Attach thread to application
06-04 16:58:09.744 D/ActivityThread(11634): Remove activity client record, r= ActivityRecord{551b150 token=android.os.BinderProxy@cd6d1af {com.seeyon.cmp/com.seeyon.cmp.ui.StackWebViewActivity}} token= android.os.BinderProxy@cd6d1af
06-04 16:58:10.447 V/ActivityThread(11634): Skipping new config:{1.0 ?mcc?mnc [zh_CN_#Hans,en_CN] ldltr sw360dp w360dp h578dp 480dpi nrml long port finger -keyb/v/h -nav/h winConfig={ mBounds=Rect(0, 0 - 0, 0) mAppBounds=Rect(0, 0 - 1080, 1808) mWindowingMode=fullscreen mActivityType=undefined} nonFullScreen=0 suim:1 s.7}, config:{1.0 ?mcc?mnc [zh_CN_#Hans,en_CN] ldltr sw360dp w360dp h578dp 480dpi nrml long port finger -keyb/v/h -nav/h winConfig={ mBounds=Rect(0, 0 - 0, 0) mAppBounds=Rect(0, 0 - 1080, 1808) mWindowingMode=fullscreen mActivityType=undefined} nonFullScreen=0 suim:1 s.7} for app:com.seeyon.cmp
06-04 16:58:10.451 V/ActivityThread(11634): callActivityOnCreate
06-04 16:58:10.467 D/ActivityThread(11634): add activity client record, r= ActivityRecord{5a1a29a token=android.os.BinderProxy@5a841db {com.seeyon.cmp/com.seeyon.cmp.ui.serversite.ServerSiteActivity}} token= android.os.BinderProxy@5a841db
06-04 16:58:10.501 I/CommandQueue( 1628): updateBarBgColor
06-04 16:58:10.501 D/CommandQueue( 1628): CommandQueue, setBarBackgroundColor
06-04 16:58:10.720 I/chatty  ( 1243): uid=1000(system) UEventObserver expire 6 lines
06-04 16:58:12.223 I/chatty  ( 1243): uid=1000(system) ActivityManager expire 1 line
06-04 16:58:12.239 I/chatty  ( 1243): uid=1000(system) NetdConnector expire 8 lines
06-04 16:58:12.243 I/chatty  ( 1243): uid=1000(system) Binder:1243_C expire 5 lines
06-04 16:58:12.279 I/chatty  ( 1243): uid=1000 system_server expire 1 line
06-04 16:58:12.683 W/SocketListener(  549): sending broadcast to Pid = 1243, Uid = 1000 
06-04 16:58:12.684 I/chatty  ( 1243): uid=1000(system) android.fg expire 4 lines
06-04 16:58:12.685 I/chatty  ( 1243): uid=1000(system) NetworkStats expire 25 lines
06-04 16:58:14.905 I/chatty  ( 1728): uid=1000(system) HwCommBoosterTh expire 15 lines
06-04 16:58:15.106 W/SocketListener(  549): sending broadcast to Pid = 1243, Uid = 1000 
06-04 16:58:15.117 I/chatty  ( 1243): uid=1000(system) Binder:1243_F expire 11 lines
06-04 16:58:15.120 I/CommandQueue( 1628): updateBarBgColor
06-04 16:58:15.120 D/CommandQueue( 1628): CommandQueue, setBarBackgroundColor
06-04 16:58:15.120 I/chatty  ( 1243): uid=1000(system) android.ui expire 41 lines
06-04 16:58:15.133 I/chatty  ( 1243): uid=1000(system) NetdConnector expire 20 lines
06-04 16:58:15.139 I/chatty  ( 1243): uid=1000(system) android.anim expire 10 lines
06-04 16:58:15.192 I/chatty  ( 1243): uid=1000(system) Binder:1243_8 expire 6 lines
06-04 16:58:15.364 D/ActivityThread(11634): Remove activity client record, r= ActivityRecord{5a1a29a token=android.os.BinderProxy@5a841db {com.seeyon.cmp/com.seeyon.cmp.ui.serversite.ServerSiteActivity}} token= android.os.BinderProxy@5a841db
06-04 16:58:15.368 I/chatty  ( 1243): uid=1000(system) Binder:1243_1F expire 4 lines
06-04 16:58:17.000 I/chatty  ( 1243): uid=1000(system) ActivityManager expire 11 lines
06-04 16:58:17.356 W/SocketListener(  549): sending broadcast to Pid = 1243, Uid = 1000 
06-04 16:58:17.357 I/chatty  ( 1243): uid=1000(system) android.fg expire 10 lines
06-04 16:58:18.947 I/chatty  ( 1243): uid=1000(system) Binder:1243_10 expire 13 lines
06-04 16:58:19.142 I/chatty  ( 1243): uid=1000(system) Binder:1243_9 expire 2 lines
06-04 16:58:19.149 I/chatty  ( 1243): uid=1000 system_server expire 13 lines
06-04 16:58:19.233 I/chatty  ( 1243): uid=1000(system) Binder:1243_1B expire 4 lines
06-04 16:58:19.250 I/chatty  ( 1243): uid=1000(system) Binder:1243_19 expire 4 lines
06-04 16:58:19.285 I/chatty  ( 1243): uid=1000(system) Binder:1243_17 expire 2 lines
06-04 16:58:19.374 I/chatty  ( 1728): uid=1000(system) com.huawei.systemserver expire 13 lines
06-04 16:58:19.680 W/SocketListener(  549): sending broadcast to Pid = 1243, Uid = 1000 
06-04 16:58:19.959 I/chatty  ( 1243): uid=1000(system) Binder:1243_12 expire 48 lines
06-04 16:58:19.965 I/chatty  ( 1728): uid=1000(system) Binder:1728_8 expire 12 lines
06-04 16:58:20.462 I/chatty  ( 1243): uid=1000(system) Thread-34 expire 9 lines
06-04 16:58:20.927 I/chatty  ( 1243): uid=1000(system) Binder:1243_1D expire 33 lines
06-04 16:58:20.943 I/chatty  ( 1243): uid=1000(system) Binder:1243_B expire 15 lines
06-04 16:58:21.336 I/chatty  ( 1243): uid=1000(system) Binder:1243_7 expire 25 lines
06-04 16:58:21.875 W/SocketListener(  549): sending broadcast to Pid = 1243, Uid = 1000 
06-04 16:58:22.432 I/chatty  ( 1243): uid=1000(system) android.bg expire 4 lines
06-04 16:58:24.287 W/SocketListener(  549): sending broadcast to Pid = 1243, Uid = 1000 
06-04 16:58:24.289 I/chatty  ( 1243): uid=1000(system) NetworkStats expire 11 lines
06-04 16:58:24.425 I/chatty  ( 1243): uid=1000(system) Binder:1243_2 expire 14 lines
06-04 16:58:25.062 I/chatty  ( 1243): uid=1000(system) Binder:1243_11 expire 29 lines
06-04 16:58:25.062 I/chatty  ( 1243): uid=1000(system) ConnectivitySer expire 26 lines
06-04 16:58:27.516 I/chatty  ( 1243): uid=1000(system) Binder:1243_18 expire 14 lines
06-04 16:58:29.618 I/chatty  ( 1243): uid=1000(system) WifiScanningSer expire 9 lines
06-04 16:58:31.370 W/SocketListener(  549): sending broadcast to Pid = 1243, Uid = 1000 
06-04 16:58:31.375 I/chatty  ( 1243): uid=1000(system) NetdConnector expire 18 lines
06-04 16:58:31.584 I/HwLBSService.HwNLPDBManager( 1715): query loc Form Cell Table
06-04 16:58:31.584 I/chatty  ( 1715): uid=1000(system) HwLocation identical 12 lines
06-04 16:58:31.584 I/HwLBSService.HwNLPDBManager( 1715): query loc Form Cell Table
06-04 16:58:31.629 I/chatty  ( 1243): uid=1000(system) android.ui expire 139 lines
06-04 16:58:31.708 I/HwLBSService.HwNLPDBManager( 1715): query loc Form Cell Table
06-04 16:58:31.810 I/HwLBSService.HwNLPDBManager( 1715): query loc Form Cell Table
06-04 16:58:31.826 I/chatty  ( 1243): uid=1000(system) LocationThread expire 11 lines
06-04 16:58:31.833 I/chatty  ( 1243): uid=1000 system_server expire 1 line
06-04 16:58:31.920 I/chatty  ( 1243): uid=1000(system) Binder:1243_E expire 23 lines
06-04 16:58:31.921 I/chatty  ( 1243): uid=1000(system) Binder:1243_14 expire 49 lines
06-04 16:58:31.921 D/libgps  (  734): proxy_gps_inject_location: called.
06-04 16:58:32.458 I/chatty  ( 1728): uid=1000(system) Binder:1728_4 expire 6 lines
06-04 16:58:32.814 I/storaged(  720): storaged_t::event: storage_info refreshed.
06-04 16:58:32.955 I/chatty  ( 1243): uid=1000(system) Binder:1243_15 expire 42 lines
06-04 16:58:33.024 I/chatty  ( 1243): uid=1000(system) android.anim expire 13 lines
06-04 16:58:33.214 W/SocketListener(  549): sending broadcast to Pid = 1243, Uid = 1000 
06-04 16:58:33.218 I/chatty  ( 1243): uid=1000(system) android.fg expire 19 lines
06-04 16:58:33.696 I/chatty  ( 1243): uid=1000(system) HwActivityManag expire 12 lines
06-04 16:58:33.744 I/chatty  ( 1243): uid=1000(system) ThirdAppHandler expire 59 lines
06-04 16:58:33.751 V/ActivityThread(11634): Skipping new config:{1.0 ?mcc?mnc [zh_CN_#Hans,en_CN] ldltr sw360dp w360dp h578dp 480dpi nrml long port finger -keyb/v/h -nav/h winConfig={ mBounds=Rect(0, 0 - 0, 0) mAppBounds=Rect(0, 0 - 1080, 1808) mWindowingMode=fullscreen mActivityType=undefined} nonFullScreen=0 suim:1 s.7}, config:{1.0 ?mcc?mnc [zh_CN_#Hans,en_CN] ldltr sw360dp w360dp h578dp 480dpi nrml long port finger -keyb/v/h -nav/h winConfig={ mBounds=Rect(0, 0 - 0, 0) mAppBounds=Rect(0, 0 - 1080, 1808) mWindowingMode=fullscreen mActivityType=undefined} nonFullScreen=0 suim:1 s.7} for app:com.seeyon.cmp
06-04 16:58:33.753 V/ActivityThread(11634): callActivityOnCreate
06-04 16:58:33.830 D/ActivityThread(11634): add activity client record, r= ActivityRecord{6a35a3d token=android.os.BinderProxy@2e4a80f {com.seeyon.cmp/com.seeyon.cmp.ui.main.MainActivity}} token= android.os.BinderProxy@2e4a80f
06-04 16:58:33.906 I/chatty  ( 1243): uid=1000(system) android.display expire 10 lines
06-04 16:58:34.547 D/ActivityThread(11634): Remove activity client record, r= ActivityRecord{70ab84b token=android.os.BinderProxy@bd792f {com.seeyon.cmp/com.seeyon.cmp.ui.LoadActivity}} token= android.os.BinderProxy@bd792f
06-04 16:58:36.057 I/chatty  ( 1243): uid=1000(system) watchdog expire 3 lines
06-04 16:58:37.060 I/chatty  ( 1728): uid=1000(system) HwCommBoosterTh expire 10 lines
06-04 16:58:37.667 I/chatty  ( 1243): uid=1000(system) ActivityManager expire 11 lines
06-04 16:58:37.667 I/chatty  ( 1243): uid=1000(system) MultiTaskManage expire 9 lines
06-04 16:58:37.676 D/ActivityThread(12447): Attach thread to application
06-04 16:58:38.336 I/chatty  ( 1243): uid=1000(system) Binder:1243_11 expire 37 lines
06-04 16:58:41.436 I/chatty  ( 1243): uid=1000(system) UEventObserver expire 18 lines
06-04 16:58:49.513 I/chatty  ( 1243): uid=1000(system) Binder:1243_12 expire 18 lines
06-04 16:58:49.522 V/ActivityThread(11634): Skipping new config:{1.0 ?mcc?mnc [zh_CN_#Hans,en_CN] ldltr sw360dp w360dp h578dp 480dpi nrml long port finger -keyb/v/h -nav/h winConfig={ mBounds=Rect(0, 0 - 0, 0) mAppBounds=Rect(0, 0 - 1080, 1808) mWindowingMode=fullscreen mActivityType=undefined} nonFullScreen=0 suim:1 s.7}, config:{1.0 ?mcc?mnc [zh_CN_#Hans,en_CN] ldltr sw360dp w360dp h578dp 480dpi nrml long port finger -keyb/v/h -nav/h winConfig={ mBounds=Rect(0, 0 - 0, 0) mAppBounds=Rect(0, 0 - 1080, 1808) mWindowingMode=fullscreen mActivityType=undefined} nonFullScreen=0 suim:1 s.7} for app:com.seeyon.cmp
06-04 16:58:49.523 I/chatty  ( 1243): uid=1000(system) tworkPolicy.uid expire 8 lines
06-04 16:58:49.524 V/ActivityThread(11634): callActivityOnCreate
06-04 16:58:49.563 D/ActivityThread(11634): add activity client record, r= ActivityRecord{99216d7 token=android.os.BinderProxy@f8ff070 {com.seeyon.cmp/com.seeyon.cmp.ui.StackWebViewActivity}} token= android.os.BinderProxy@f8ff070
06-04 16:58:49.568 I/chatty  ( 1243): uid=1000(system) android.anim expire 19 lines
06-04 16:58:49.575 I/chatty  ( 1243): uid=1000(system) Binder:1243_F expire 8 lines
06-04 16:58:49.588 I/chatty  ( 1243): uid=1000(system) Binder:1243_11 expire 14 lines
06-04 16:58:49.607 I/CommandQueue( 1628): updateBarBgColor
06-04 16:58:49.607 D/CommandQueue( 1628): CommandQueue, setBarBackgroundColor
06-04 16:58:49.706 I/chatty  ( 1243): uid=1000(system) ThirdAppHandler expire 1 line
06-04 16:58:49.789 I/chatty  ( 1243): uid=1000(system) Binder:1243_1 expire 22 lines
06-04 16:58:49.790 I/CommandQueue( 1628): updateBarBgColor
06-04 16:58:49.790 D/CommandQueue( 1628): CommandQueue, setBarBackgroundColor
06-04 16:58:51.162 V/ActivityThread(11634): Skipping new config:{1.0 ?mcc?mnc [zh_CN_#Hans,en_CN] ldltr sw360dp w360dp h578dp 480dpi nrml long port finger -keyb/v/h -nav/h winConfig={ mBounds=Rect(0, 0 - 0, 0) mAppBounds=Rect(0, 0 - 1080, 1808) mWindowingMode=fullscreen mActivityType=undefined} nonFullScreen=0 suim:1 s.7}, config:{1.0 ?mcc?mnc [zh_CN_#Hans,en_CN] ldltr sw360dp w360dp h578dp 480dpi nrml long port finger -keyb/v/h -nav/h winConfig={ mBounds=Rect(0, 0 - 0, 0) mAppBounds=Rect(0, 0 - 1080, 1808) mWindowingMode=fullscreen mActivityType=undefined} nonFullScreen=0 suim:1 s.7} for app:com.seeyon.cmp
06-04 16:58:51.166 V/ActivityThread(11634): callActivityOnCreate
06-04 16:58:51.184 D/ActivityThread(11634): add activity client record, r= ActivityRecord{6f8419e token=android.os.BinderProxy@115d98f {com.seeyon.cmp/com.seeyon.rongyun.activity.ConversationActivity}} token= android.os.BinderProxy@115d98f
06-04 16:58:56.662 I/chatty  ( 1728): uid=1000(system) HwCommBoosterTh expire 15 lines
06-04 16:58:58.113 I/chatty  ( 1243): uid=1000(system) keyAppHanderThr expire 1 line
06-04 16:59:01.385 W/SocketListener(  549): sending broadcast to Pid = 1243, Uid = 1000 
06-04 16:59:01.390 I/chatty  ( 1243): uid=1000(system) NetdConnector expire 12 lines
06-04 16:59:01.463 I/chatty  ( 1243): uid=1000(system) Binder:1243_1D expire 14 lines
06-04 16:59:01.600 I/HwLBSService.HwNLPDBManager( 1715): query loc Form Cell Table
06-04 16:59:01.623 I/HwLBSService.HwNLPDBManager( 1715): query loc Form Cell Table
06-04 16:59:01.646 I/chatty  ( 1243): uid=1000 system_server expire 1 line
06-04 16:59:01.734 I/chatty  ( 1243): uid=1000(system) Binder:1243_13 expire 15 lines
06-04 16:59:01.740 I/chatty  ( 1243): uid=1000(system) Binder:1243_1 expire 12 lines
06-04 16:59:01.744 I/chatty  ( 1243): uid=1000(system) Binder:1243_A expire 11 lines
06-04 16:59:01.749 D/libgps  (  734): proxy_gps_inject_location: called.
06-04 16:59:06.022 I/chatty  ( 1243): uid=1000(system) Binder:1243_7 expire 10 lines
06-04 16:59:07.200 I/chatty  ( 1243): uid=1000(system) android.ui expire 24 lines
06-04 16:59:07.313 I/chatty  ( 1243): uid=1000(system) android.anim expire 11 lines
06-04 16:59:12.176 I/chatty  ( 1243): uid=1000(system) HwBinder:1243_3 expire 1 line
06-04 16:59:12.271 I/chatty  ( 1243): uid=1000(system) Binder:1243_14 expire 32 lines
06-04 16:59:15.786 D/ActivityThread(11634): Remove activity client record, r= ActivityRecord{6f8419e token=android.os.BinderProxy@115d98f {com.seeyon.cmp/com.seeyon.rongyun.activity.ConversationActivity}} token= android.os.BinderProxy@115d98f
06-04 16:59:16.348 I/chatty  ( 1728): uid=1000(system) HwCommBoosterTh expire 10 lines
06-04 16:59:17.752 I/chatty  ( 1243): uid=1000(system) Binder:1243_2 expire 33 lines
06-04 16:59:17.806 I/CommandQueue( 1628): updateBarBgColor
06-04 16:59:17.806 D/CommandQueue( 1628): CommandQueue, setBarBackgroundColor
06-04 16:59:17.806 I/chatty  ( 1243): uid=1000(system) android.ui expire 105 lines
06-04 16:59:18.049 D/ActivityThread(11634): Remove activity client record, r= ActivityRecord{99216d7 token=android.os.BinderProxy@f8ff070 {com.seeyon.cmp/com.seeyon.cmp.ui.StackWebViewActivity}} token= android.os.BinderProxy@f8ff070
06-04 16:59:19.383 I/chatty  ( 1728): uid=1000(system) com.huawei.systemserver expire 19 lines
06-04 16:59:20.003 I/chatty  ( 1243): uid=1000(system) Binder:1243_20 expire 14 lines
06-04 16:59:21.885 V/ActivityThread(11634): Skipping new config:{1.0 ?mcc?mnc [zh_CN_#Hans,en_CN] ldltr sw360dp w360dp h578dp 480dpi nrml long port finger -keyb/v/h -nav/h winConfig={ mBounds=Rect(0, 0 - 0, 0) mAppBounds=Rect(0, 0 - 1080, 1808) mWindowingMode=fullscreen mActivityType=undefined} nonFullScreen=0 suim:1 s.7}, config:{1.0 ?mcc?mnc [zh_CN_#Hans,en_CN] ldltr sw360dp w360dp h578dp 480dpi nrml long port finger -keyb/v/h -nav/h winConfig={ mBounds=Rect(0, 0 - 0, 0) mAppBounds=Rect(0, 0 - 1080, 1808) mWindowingMode=fullscreen mActivityType=undefined} nonFullScreen=0 suim:1 s.7} for app:com.seeyon.cmp
06-04 16:59:21.890 V/ActivityThread(11634): callActivityOnCreate
06-04 16:59:21.944 D/ActivityThread(11634): add activity client record, r= ActivityRecord{b2e60cc token=android.os.BinderProxy@ede303b {com.seeyon.cmp/com.seeyon.cmp.ui.StackWebViewActivity}} token= android.os.BinderProxy@ede303b
06-04 16:59:21.951 I/chatty  ( 1243): uid=1000(system) android.anim expire 43 lines
06-04 16:59:21.963 I/chatty  ( 1243): uid=1000(system) Binder:1243_10 expire 60 lines
06-04 16:59:21.979 I/CommandQueue( 1628): updateBarBgColor
06-04 16:59:21.979 D/CommandQueue( 1628): CommandQueue, setBarBackgroundColor
06-04 16:59:26.071 I/chatty  ( 1243): uid=1000(system) Binder:1243_7 expire 10 lines
06-04 16:59:26.084 D/ActivityThread(11634): Remove activity client record, r= ActivityRecord{6a35a3d token=android.os.BinderProxy@2e4a80f {com.seeyon.cmp/com.seeyon.cmp.ui.main.MainActivity}} token= android.os.BinderProxy@2e4a80f
06-04 16:59:26.104 I/chatty  ( 1243): uid=1000(system) HwActivityManag expire 12 lines
06-04 16:59:26.104 V/ActivityThread(11634): Skipping new config:{1.0 ?mcc?mnc [zh_CN_#Hans,en_CN] ldltr sw360dp w360dp h578dp 480dpi nrml long port finger -keyb/v/h -nav/h winConfig={ mBounds=Rect(0, 0 - 0, 0) mAppBounds=Rect(0, 0 - 1080, 1808) mWindowingMode=fullscreen mActivityType=undefined} nonFullScreen=0 suim:1 s.7}, config:{1.0 ?mcc?mnc [zh_CN_#Hans,en_CN] ldltr sw360dp w360dp h578dp 480dpi nrml long port finger -keyb/v/h -nav/h winConfig={ mBounds=Rect(0, 0 - 0, 0) mAppBounds=Rect(0, 0 - 1080, 1808) mWindowingMode=fullscreen mActivityType=undefined} nonFullScreen=0 suim:1 s.7} for app:com.seeyon.cmp
06-04 16:59:26.107 V/ActivityThread(11634): callActivityOnCreate
06-04 16:59:26.165 D/ActivityThread(11634): add activity client record, r= ActivityRecord{9abf124 token=android.os.BinderProxy@76927db {com.seeyon.cmp/com.seeyon.cmp.ui.LoadActivity}} token= android.os.BinderProxy@76927db
06-04 16:59:26.668 D/ActivityThread(11634): Remove activity client record, r= ActivityRecord{b2e60cc token=android.os.BinderProxy@ede303b {com.seeyon.cmp/com.seeyon.cmp.ui.StackWebViewActivity}} token= android.os.BinderProxy@ede303b
06-04 16:59:27.082 I/CommandQueue( 1628): updateBarBgColor
06-04 16:59:27.082 D/CommandQueue( 1628): CommandQueue, setBarBackgroundColor
06-04 16:59:27.121 I/chatty  ( 1243): uid=1000 system_server expire 1 line
06-04 16:59:27.135 D/ActivityThread(12715): Attach thread to application
06-04 16:59:27.162 D/ActivityThread(12730): Attach thread to application
06-04 16:59:27.170 I/chatty  ( 1243): uid=1000(system) HwGameAssistant expire 1 line
06-04 16:59:27.175 I/chatty  ( 1728): uid=1000(system) Binder:1728_2 expire 3 lines
06-04 16:59:27.177 I/HwNetworkPolicyManager( 1998): getHwUidPolicy uid = 1000 policy = 0
06-04 16:59:27.258 V/ActivityThread(12730): Skipping new config:{1.0 ?mcc?mnc [zh_CN_#Hans,en_CN] ldltr sw360dp w360dp h578dp 480dpi nrml long port finger -keyb/v/h -nav/h winConfig={ mBounds=Rect(0, 0 - 0, 0) mAppBounds=Rect(0, 0 - 1080, 1808) mWindowingMode=fullscreen mActivityType=undefined} nonFullScreen=0 suim:1 s.7}, config:{1.0 ?mcc?mnc [zh_CN_#Hans,en_CN] ldltr sw360dp w360dp h578dp 480dpi nrml long port finger -keyb/v/h -nav/h winConfig={ mBounds=Rect(0, 0 - 0, 0) mAppBounds=Rect(0, 0 - 1080, 1808) mWindowingMode=fullscreen mActivityType=undefined} nonFullScreen=0 suim:1 s.7} for app:com.android.settings
06-04 16:59:27.276 V/ActivityThread(12730): callActivityOnCreate
06-04 16:59:27.367 I/chatty  ( 1728): uid=1000(system) HwCommBoosterTh expire 13 lines
06-04 16:59:27.415 W/ContextImpl(12730): Calling a method in the system process without a qualified user: android.app.ContextImpl.bindService:1844 android.content.ContextWrapper.bindService:698 com.android.settings.wifi.WifiSettingsHwBase.bindInstantOnline:853 com.android.settings.wifi.WifiSettings.onCreate:421 android.app.Fragment.performCreate:2516 
06-04 16:59:27.444 D/ActivityThread(12762): Attach thread to application
06-04 16:59:27.502 D/HwCustConnectivityManagerImpl(12762): isBlockNetworkRequestByNonAis, INVALID_SUBSCRIPTION_ID
06-04 16:59:27.507 D/ActivityThread(12730): add activity client record, r= ActivityRecord{3f1018e token=android.os.BinderProxy@78da44f {com.android.settings/com.android.settings.Settings$WifiSettingsActivity}} token= android.os.BinderProxy@78da44f
06-04 16:59:27.514 D/HwCustConnectivityManagerImpl(12730): isBlockNetworkRequestByNonAis, INVALID_SUBSCRIPTION_ID
06-04 16:59:27.521 W/ContextImpl(12730): Calling a method in the system process without a qualified user: android.app.ContextImpl.bindService:1844 android.content.ContextWrapper.bindService:698 com.android.settings.wifi.WifiSettingsHwBase.bindInstantOnline:853 com.android.settings.wifi.WifiSettingsHwBase.startInstantOnlineDiscover:870 com.android.settings.wifi.WifiSettingsHwBase.onResume:707 
06-04 16:59:27.548 D/ActivityThread(12787): Attach thread to application
06-04 16:59:27.665 I/CommandQueue( 1628): updateBarBgColor
06-04 16:59:27.665 D/CommandQueue( 1628): CommandQueue, setBarBackgroundColor
06-04 16:59:27.681 I/chatty  ( 1243): uid=1000(system) WifiP2pService expire 18 lines
06-04 16:59:27.683 W/ContextImpl(12730): Calling a method in the system process without a qualified user: android.app.ContextImpl.bindService:1844 android.content.ContextWrapper.bindService:698 com.android.settings.wifi.WifiSettingsHwBase.bindInstantOnline:853 com.android.settings.wifi.WifiSettingsHwBase.startInstantOnlineDiscover:870 com.android.settings.wifi.WifiSettingsHwBase.startScan:813 
06-04 16:59:27.707 I/chatty  ( 1243): uid=1000(system) PowerManagerSer expire 1 line
06-04 16:59:27.999 I/chatty  ( 1728): uid=1000(system) DollieAdapter expire 1 line
06-04 16:59:28.001 I/chatty  ( 1728): uid=1000(system) DollieChrTh expire 1 line
06-04 16:59:28.020 I/chatty  ( 1728): uid=1000(system) Binder:1728_5 expire 3 lines
06-04 16:59:28.563 I/chatty  ( 1243): uid=1000(system) Binder:1243_E expire 10 lines
06-04 16:59:29.456 W/SocketListener(  549): sending broadcast to Pid = 1243, Uid = 1000 
06-04 16:59:29.459 I/chatty  ( 1243): uid=1000(system) NetdConnector expire 90 lines
06-04 16:59:29.788 I/HwLBSService.HwNLPDBManager( 1715): query loc Form Cell Table
06-04 16:59:29.836 I/chatty  ( 1715): uid=1000(system) HwLocation identical 7 lines
06-04 16:59:29.836 I/HwLBSService.HwNLPDBManager( 1715): query loc Form Cell Table
06-04 16:59:29.848 I/chatty  ( 1243): uid=1000(system) LocationThread expire 7 lines
06-04 16:59:29.852 I/chatty  ( 1243): uid=1000 system_server expire 1 line
06-04 16:59:29.882 I/chatty  ( 1243): uid=1000(system) Binder:1243_14 expire 14 lines
06-04 16:59:29.885 D/libgps  (  734): proxy_gps_inject_location: called.
06-04 16:59:30.543 I/chatty  ( 1243): uid=1000(system) WifiService expire 7 lines
06-04 16:59:30.624 I/chatty  ( 1243): uid=1000 system_server expire 40 lines
06-04 16:59:30.696 I/chatty  ( 1243): uid=1000(system) WifiStateMachin expire 14 lines
06-04 16:59:30.710 D/ActivityThread(12851): Attach thread to application
06-04 16:59:30.749 W/wificond(  722): Scan is not started. Ignore abort request
06-04 16:59:30.762 W/SocketListener(  549): sending broadcast to Pid = 1243, Uid = 1000 
06-04 16:59:30.769 I/chatty  ( 1728): uid=1000(system) Binder:1728_7 expire 3 lines
06-04 16:59:30.769 W/SocketListener(  549): sending broadcast to Pid = 1243, Uid = 1000 
06-04 16:59:30.773 W/SocketListener(  549): sending broadcast to Pid = 1243, Uid = 1000 
06-04 16:59:30.918 I/chatty  ( 1243): uid=1000(system) ConnectivitySer expire 163 lines
06-04 16:59:30.997 W/SocketListener(  549): sending broadcast to Pid = 1243, Uid = 1000 
06-04 16:59:30.997 I/chatty  (  549): uid=0(root) /system/bin/netd identical 8 lines
06-04 16:59:30.997 W/SocketListener(  549): sending broadcast to Pid = 1243, Uid = 1000 
06-04 16:59:31.013 I/chatty  ( 1243): uid=1000(system) IpClient.wlan0 expire 16 lines
06-04 16:59:31.021 W/SocketListener(  549): sending broadcast to Pid = 1243, Uid = 1000 
06-04 16:59:31.029 I/chatty  ( 1243): uid=1000(system) NetworkPolicy expire 12 lines
06-04 16:59:31.034 I/chatty  ( 1243): uid=1000(system) Binder:1243_18 expire 12 lines
06-04 16:59:31.053 W/SocketListener(  549): sending broadcast to Pid = 1243, Uid = 1000 
06-04 16:59:31.053 W/SocketListener(  549): sending broadcast to Pid = 1243, Uid = 1000 
06-04 16:59:31.105 I/chatty  ( 1243): uid=1000(system) android.fg expire 11 lines
06-04 16:59:31.108 W/SocketListener(  549): sending broadcast to Pid = 1243, Uid = 1000 
06-04 16:59:31.124 I/chatty  ( 1243): uid=1000(system) ActivityManager expire 15 lines
06-04 16:59:31.137 D/libgps  (  734): proxy_agps_ril_request_setid_cb: called.
06-04 16:59:31.138 I/libgps  (  734): proxy_agps_ril_update_network_availability: available(0), apn(dummy-apn)
06-04 16:59:31.144 D/libgps  (  734): proxy_agps_ril_set_set_id: called.
06-04 16:59:31.197 W/SocketListener(  549): sending broadcast to Pid = 1243, Uid = 1000 
06-04 16:59:31.200 W/SocketListener(  549): sending broadcast to Pid = 1243, Uid = 1000 
06-04 16:59:31.246 I/chatty  ( 1243): uid=1000(system) Binder:1243_2 expire 14 lines
06-04 16:59:31.931 I/chatty  ( 1728): uid=1000(system) com.huawei.systemserver expire 19 lines
06-04 16:59:32.028 I/chatty  ( 1243): uid=1000(system) android.ui expire 52 lines
06-04 16:59:32.211 W/SocketListener(  549): sending broadcast to Pid = 1243, Uid = 1000 
06-04 16:59:32.506 W/SocketListener(  549): sending broadcast to Pid = 1243, Uid = 1000 
06-04 16:59:32.572 I/chatty  ( 1243): uid=1000(system) Binder:1243_15 expire 10 lines
06-04 16:59:32.679 I/chatty  ( 1243): uid=1000(system) NetworkStats expire 12 lines
06-04 16:59:32.689 I/chatty  ( 1728): uid=1000(system) HwCommBoosterTh expire 10 lines
06-04 16:59:32.702 I/chatty  ( 1728): uid=1000(system) com.huawei.systemserver expire 1 line
06-04 16:59:32.815 I/storaged(  720): storaged_t::event: storage_info refreshed.
06-04 16:59:32.820 I/chatty  ( 1243): uid=1000(system) NetworkTimeUpda expire 1 line
06-04 16:59:32.876 I/chatty  ( 1243): uid=1000(system) Binder:1243_12 expire 11 lines
06-04 16:59:33.179 W/ContextImpl( 1998): Calling a method in the system process without a qualified user: android.app.ContextImpl.startService:1764 android.content.ContextWrapper.startService:664 com.huawei.netassistant.wifisecure.HsmWifiDetectManager.handleWifiStateChangeEvent:147 com.huawei.netassistant.wifisecure.WifiStateReceiver.doInBackground:26 java.lang.reflect.Method.invoke:-2 
06-04 16:59:33.246 I/chatty  ( 1243): uid=1000(system) ActivityManager expire 8 lines
06-04 16:59:33.269 D/ActivityThread(12964): Attach thread to application
06-04 16:59:33.358 W/ContextImpl(12964): Calling a method in the system process without a qualified user: android.app.ContextImpl.bindService:1844 android.content.ContextWrapper.bindService:698 com.huawei.library.stat.client.HsmStatProxy.bindService:276 com.huawei.library.stat.client.HsmStatProxy.access$000:34 com.huawei.library.stat.client.HsmStatProxy$1.handleMessage:67 
06-04 16:59:33.383 I/chatty  ( 1728): uid=1000(system) HwCommBoosterTh expire 8 lines
06-04 16:59:33.419 W/SocketListener(  549): sending broadcast to Pid = 1243, Uid = 1000 
06-04 16:59:33.785 W/ContextImpl( 1998): Calling a method in the system process without a qualified user: android.app.ContextImpl.startService:1764 android.content.ContextWrapper.startService:664 com.huawei.systemmanager.rainbow.client.background.service.CloudBroadcastHandlerService.startRainbowCommonService:121 com.huawei.systemmanager.rainbow.client.background.service.CloudBroadcastHandlerService.access$000:23 com.huawei.systemmanager.rainbow.client.background.service.CloudBroadcastHandlerService$1.onReceive:90 
06-04 16:59:33.826 W/ContextImpl( 1998): Calling a method in the system process without a qualified user: android.app.ContextImpl.startService:1764 android.content.ContextWrapper.startService:664 com.huawei.systemmanager.service.InitValueService$ConnectivityBroadcastReceiver.scheduleSpaceCleanUpdate:115 com.huawei.systemmanager.service.InitValueService$ConnectivityBroadcastReceiver.onReceive:91 android.app.LoadedApk$ReceiverDispatcher$Args.lambda$getRunnable$0:1533 
06-04 16:59:33.904 D/ActivityThread(12996): Attach thread to application
06-04 16:59:34.018 W/ContextImpl(12996): Calling a method in the system process without a qualified user: android.app.ContextImpl.bindService:1844 android.content.ContextWrapper.bindService:698 com.huawei.library.stat.client.HsmStatProxy.bindService:276 com.huawei.library.stat.client.HsmStatProxy.access$000:34 com.huawei.library.stat.client.HsmStatProxy$1.handleMessage:67 
06-04 16:59:34.279 I/chatty  ( 1243): uid=1000(system) Binder:1243_10 expire 10 lines
06-04 16:59:35.567 I/chatty  ( 1243): uid=1000(system) android.anim expire 13 lines
06-04 16:59:36.427 W/ContextImpl(12964): Calling a method in the system process without a qualified user: android.app.ContextImpl.bindService:1844 android.content.ContextWrapper.bindService:698 tmsdkobf.hj.bn:41 tmsdk.common.TMSDKContext.init:63 com.huawei.library.sdk.tmsdk.TMSdkEngine.init:55 
06-04 16:59:36.465 W/ContextImpl(12964): Calling a method in the system process without a qualified user: android.app.ContextImpl.startService:1764 android.content.ContextWrapper.startService:664 tmsdk.common.TMSDKContext.init:214 com.huawei.library.sdk.tmsdk.TMSdkEngine.init:55 com.huawei.library.sdk.tmsdk.TMSdkEngine.initTMSDK:37 
06-04 16:59:39.241 I/chatty  ( 1243): uid=1000(system) Binder:1243_1 expire 22 lines
06-04 16:59:39.408 I/chatty  ( 1728): uid=1000(system) com.huawei.systemserver expire 6 lines
06-04 16:59:39.466 W/ContextImpl(12964): Calling a method in the system process without a qualified user: android.app.ContextImpl.sendBroadcast:1155 android.content.ContextWrapper.sendBroadcast:444 tmsdkobf.mi.a:55 tmsdkobf.mn$4$2$1.a:99 tmsdkobf.mi$1.a:438 
06-04 16:59:40.143 I/chatty  ( 1728): uid=1000(system) Binder:1728_5 expire 3 lines
06-04 16:59:40.177 I/chatty  ( 1728): uid=1000(system) HwCommBoosterTh expire 10 lines
06-04 16:59:40.219 I/chatty  ( 1243): uid=1000(system) NetdConnector expire 18 lines
06-04 16:59:40.755 I/chatty  ( 1243): uid=1000(system) Binder:1243_20 expire 13 lines
06-04 16:59:40.785 V/ActivityThread(12730): Skipping new config:{1.0 ?mcc?mnc [zh_CN_#Hans,en_CN] ldltr sw360dp w360dp h578dp 480dpi nrml long port finger -keyb/v/h -nav/h winConfig={ mBounds=Rect(0, 0 - 0, 0) mAppBounds=Rect(0, 0 - 1080, 1808) mWindowingMode=fullscreen mActivityType=undefined} nonFullScreen=0 suim:1 s.7}, config:{1.0 ?mcc?mnc [zh_CN_#Hans,en_CN] ldltr sw360dp w360dp h578dp 480dpi nrml long port finger -keyb/v/h -nav/h winConfig={ mBounds=Rect(0, 0 - 0, 0) mAppBounds=Rect(0, 0 - 1080, 1808) mWindowingMode=fullscreen mActivityType=undefined} nonFullScreen=0 suim:1 s.7} for app:com.android.settings
06-04 16:59:40.790 V/ActivityThread(12730): callActivityOnCreate
06-04 16:59:40.792 D/HwCustConnectivityManagerImpl(12730): isBlockNetworkRequestByNonAis, INVALID_SUBSCRIPTION_ID
06-04 16:59:40.801 D/ActivityThread(12730): add activity client record, r= ActivityRecord{87fa1c2 token=android.os.BinderProxy@3066186 {com.android.settings/com.android.settings.wifi.WifiNoInternetDialog}} token= android.os.BinderProxy@3066186
06-04 16:59:40.816 I/chatty  ( 1243): uid=1000(system) Binder:1243_14 expire 16 lines
06-04 16:59:41.543 I/chatty  ( 1243): uid=1000 system_server expire 25 lines
06-04 16:59:42.905 I/chatty  ( 1243): uid=1000(system) UEventObserver expire 18 lines
06-04 16:59:43.149 D/ActivityThread(12730): Remove activity client record, r= ActivityRecord{87fa1c2 token=android.os.BinderProxy@3066186 {com.android.settings/com.android.settings.wifi.WifiNoInternetDialog}} token= android.os.BinderProxy@3066186
