06-04 11:30:19.699 I/HidataAppQoeP( 1735): foregroundUidRemove uid: 11178 name: com.seeyon.cmp
06-04 11:30:19.700 D/SmartDualCardConfig( 1735): getAppType,pkgName=com.seeyon.cmp,appType=12
06-04 11:30:19.700 D/SmartDualCardSM( 1735): onUidStateUpdate,uid=11178,appName=com.seeyon.cmp,state=BACKGROUND
06-04 11:30:19.700 D/SmartDualCardConfig( 1735): removeAppFromList,after remove,size()=0,uid=11178
06-04 11:30:19.701 D/SmartDualCardConfig( 1735): getAppType,pkgName=com.seeyon.cmp,appType=12
06-04 11:30:19.701 D/SmartDualCardSM( 1735): updateAppState mAppState=1
06-04 11:30:19.701 D/SmartDualCardSM( 1735): IdleState:got msg.what=EVENT_APP_MOVE_BACKGROUND
06-04 11:30:19.701 D/SmartDualCardSM( 1735): startAppBackgroundTimer
06-04 11:30:19.701 I/DollieChr( 1735): handleForegroundAppUpdateMsg,mAppState=2,scenes=1,mForegroundAppName=com.seeyon.cmp
06-04 11:30:19.703 I/HwLauncher( 1859): Launcher onNewIntent() DragLayer visibility = 0, alpha = 1.0
06-04 11:30:19.703 W/HwLauncher( 1859): Workspace  changeState() state no change.
06-04 11:30:19.704 W/InputMethodManagerService( 1252): Ignoring hideSoftInput of uid 10062: com.android.internal.view.IInputMethodClient$Stub$Proxy@2fac638
06-04 11:30:19.705 E/HwLauncher( 1859): SettingsEx , no such field.
06-04 11:30:19.705 W/HwLauncher( 1859): Clock getDataFormat the getSystemString failed.
06-04 11:30:19.706 D/ZrHung.AppEyeUiProbe( 1859): notify runnable to start.
06-04 11:30:19.706 D/ZrHung.AppEyeUiProbe( 1859): restart watching
06-04 11:30:19.706 I/HiSearch10.0.11.305( 4285): [LauncherOverlayService]: LAUNCHER_INTERACTION from launcher and invoke invokeId = -111
06-04 11:30:19.706 I/HiSearch10.0.11.305( 4285): [LauncherOverlayService]: isOverlayClosed = true
06-04 11:30:19.706 I/HiSearch10.0.11.305( 4285): [LauncherOverlayService]: LAUNCHER_INTERACTION from launcher and invoke, overlay closed, return. 
06-04 11:30:19.708 W/HwActivityManagerServiceEx( 1252): HwActivityNotifier end call for activityLifeState under user 0 cost 0
06-04 11:30:19.708 I/chatty  ( 1252): uid=1000(system) HwHiStreamManag expire 3 lines
06-04 11:30:19.709 I/OPCollectLog( 1775): AppChangeImpl: uid: 10062 pkg: com.huawei.android.launcher class: com.huawei.android.launcher.unihome.UniHomeLauncher
06-04 11:30:19.709 I/OPCollectLog( 1775): HwForegroundAppAction:handleMessage 
06-04 11:30:19.709 D/OPCollectLog( 1775): HwForegroundAppAction:FG executeWithArgs
06-04 11:30:19.709 I/OPCollectLog( 1775): OPCollectUtils:ODMF Api Version:2.12.1
06-04 11:30:19.709 I/chatty  ( 1252): uid=1000(system) HwHiNetworkMana expire 4 lines
06-04 11:30:19.709 I/HwNavigationBarView( 1626): updateAssistantButtonInGuestureMode(), vis=true,isGestureNavEnable=false
06-04 11:30:19.709 I/chatty  ( 1252): uid=1000(system) HwAPPQoEActivit expire 7 lines
06-04 11:30:19.709 I/OPCollectLog( 1775): Action:HwForegroundAppAction executed successfully
06-04 11:30:19.709 I/chatty  ( 1252): uid=1000(system) WifiService expire 11 lines
06-04 11:30:19.709 D/OPCollectLog( 1775): OdmfCollectScheduler:handleMessage msg: 4
06-04 11:30:19.711 I/OPCollectLog( 1775): OdmfHelper:insert com.huawei.nb.model.collectencrypt.RawFgAPPEvent success 
06-04 11:30:19.713 I/[HwRecSys]OdmfCollectScheduler( 3169): handleMessage msg: 6
06-04 11:30:19.713 I/[HwRecSys]HwRecSysService( 3169):  cur pkg: com.huawei.android.launcher
06-04 11:30:19.713 E/[HwRecSys]HwRecSysService( 3169): getIsRportDirectService is false!
06-04 11:30:19.714 I/Zygote  (  558): say something before unblock SIGCHLD, uid: 10128 pid: 12397, do not delete this log!
06-04 11:30:19.714 D/SmartDualCardConfig( 1735): getAppType,pkgName=com.huawei.android.launcher,appType=301
06-04 11:30:19.714 D/SmartDualCardSM( 1735): onUidStateUpdate isSkip,uid=10062,name=com.huawei.android.launcher
06-04 11:30:19.715 I/ActivityManager( 1252): Start proc 12397:com.huawei.rcsserviceapplication:service/u0a128 for service com.huawei.rcsserviceapplication/com.huawei.rcs.service.RcsService
06-04 11:30:19.715 E/ProcessInfoCollector( 1252): getProcessInfo: failed to find this proc 
06-04 11:30:19.716 V/WindowManager( 1252): Checking 1 opening apps (frozen=false timeout=false), Track: relayout performsurface
06-04 11:30:19.716 I/StatusBarDisable( 1252): setFlags what=0 which=1 pkg=Window{5fef7df u0 com.seeyon.cmp/com.seeyon.cmp.ui.main.MainActivity}
06-04 11:30:19.716 V/WindowManager( 1252): Check opening app=AppWindowToken{f2b17f5 token=Token{d83012c ActivityRecord{40680df u0 com.huawei.android.launcher/.unihome.UniHomeLauncher t1}}}: allDrawn=false startingDisplayed=false startingMoved=false isRelaunching()=false startingWindow=null
06-04 11:30:19.718 D/        (  631): doWinFrameOptStatusRecog begin to recog Layer result=2
06-04 11:30:19.718 V/HwPhoneWindowManager( 1252): updateSystemUiColorLw window=Window{b88a65f u0 com.huawei.android.launcher/com.huawei.android.launcher.unihome.UniHomeLauncher},EmuiStyle=-1,StatusBarColor=0x0,NavigationBarColor=0x0, mForceNotchStatusBar=false
06-04 11:30:19.718 I/ication:servic(12397): Reinit property: dalvik.vm.checkjni= false
06-04 11:30:19.720 E/ication:servic(12397): Not starting debugger since process cannot load the jdwp agent.
06-04 11:30:19.720 D/mali_winsys( 1859): EGLint new_window_surface(egl_winsys_display *, void *, EGLSurface, EGLConfig, egl_winsys_surface **, EGLBoolean) returns 0x3000
06-04 11:30:19.721 I/GRALLOC (  590): getCallingPid=631, shrFd=32,fmt=0x1,intFmt=0x200000001,btStrd=4352,size=8486912,pid=590 
06-04 11:30:19.721 I/GRALLOC (  590): 	 yuv=2,w=1080,h=1920,Stride u=0 v=0,offset u=0 v=0 
06-04 11:30:19.721 I/GRALLOC (  590): 	 iova_size=8486912,conUsg=0x900,proUsg=0x900,	 strd=1088,[afbc]HdrStrd=1088 PyldStrd=69632 Scrmbl=2,ionhnd = 1 
06-04 11:30:19.723 I/GRALLOC (  590): getCallingPid=631, shrFd=32,fmt=0x1,intFmt=0x200000001,btStrd=4352,size=8486912,pid=590 
06-04 11:30:19.723 I/GRALLOC (  590): 	 yuv=2,w=1080,h=1920,Stride u=0 v=0,offset u=0 v=0 
06-04 11:30:19.723 I/GRALLOC (  590): 	 iova_size=8486912,conUsg=0x900,proUsg=0x900,	 strd=1088,[afbc]HdrStrd=1088 PyldStrd=69632 Scrmbl=2,ionhnd = 1 
06-04 11:30:19.725 W/View    ( 1859): requestLayout() improperly called by huawei.android.widget.ImageView{2a14067 VFED..CL. ......ID 18,15-108,105 #7f08005d app:id/icon} during layout: running second layout pass
06-04 11:30:19.725 V/WindowManager( 1252): Checking 1 opening apps (frozen=false timeout=false), Track:  performsurface
06-04 11:30:19.725 W/View    ( 1859): requestLayout() improperly called by huawei.android.widget.ImageView{6f1fe14 VFED..CL. ......ID 18,15-108,105 #7f08005d app:id/icon} during layout: running second layout pass
06-04 11:30:19.725 V/WindowManager( 1252): Check opening app=AppWindowToken{f2b17f5 token=Token{d83012c ActivityRecord{40680df u0 com.huawei.android.launcher/.unihome.UniHomeLauncher t1}}}: allDrawn=false startingDisplayed=false startingMoved=false isRelaunching()=false startingWindow=null
06-04 11:30:19.725 W/View    ( 1859): requestLayout() improperly called by huawei.android.widget.ImageView{7eb76bd VFED..CL. ......ID 18,15-108,105 #7f08005d app:id/icon} during layout: running second layout pass
06-04 11:30:19.725 W/View    ( 1859): requestLayout() improperly called by huawei.android.widget.ImageView{9d54b2 VFED..CL. ......ID 18,15-108,105 #7f08005d app:id/icon} during layout: running second layout pass
06-04 11:30:19.725 W/View    ( 1859): requestLayout() improperly called by android.widget.TextView{6777c03 V.ED..... ......ID 126,33-399,86 #7f080046 app:id/title} during layout: running second layout pass
06-04 11:30:19.725 W/View    ( 1859): requestLayout() improperly called by huawei.android.widget.ImageView{5fae780 VFED..C.. ......I. 0,0-0,0 #7f0800f3 app:id/splitscreen_task} during layout: running second layout pass
06-04 11:30:19.725 W/View    ( 1859): requestLayout() improperly called by huawei.android.widget.ImageView{b5dc1b9 VFED..CL. ......ID 18,15-108,105 #7f08005d app:id/icon} during layout: running second layout pass
06-04 11:30:19.725 W/View    ( 1859): requestLayout() improperly called by android.widget.TextView{60809fe V.ED..... ......ID 126,33-399,86 #7f080046 app:id/title} during layout: running second layout pass
06-04 11:30:19.725 W/View    ( 1859): requestLayout() improperly called by huawei.android.widget.ImageView{cebd55f VFED..CL. ......ID 18,15-108,105 #7f08005d app:id/icon} during layout: running second layout pass
06-04 11:30:19.725 W/View    ( 1859): requestLayout() improperly called by android.widget.TextView{1e6fbac V.ED..... ......ID 126,33-399,86 #7f080046 app:id/title} during layout: running second layout pass
06-04 11:30:19.725 W/View    ( 1859): requestLayout() improperly called by huawei.android.widget.ImageView{30fc075 VFED..CL. ......ID 18,15-108,105 #7f08005d app:id/icon} during layout: running second layout pass
06-04 11:30:19.725 W/View    ( 1859): requestLayout() improperly called by android.widget.TextView{9d6c80a V.ED..... ......ID 126,33-399,86 #7f080046 app:id/title} during layout: running second layout pass
06-04 11:30:19.726 I/GRALLOC (  590): getCallingPid=631, shrFd=32,fmt=0x1,intFmt=0x200000001,btStrd=4352,size=8486912,pid=590 
06-04 11:30:19.726 I/GRALLOC (  590): 	 yuv=2,w=1080,h=1920,Stride u=0 v=0,offset u=0 v=0 
06-04 11:30:19.726 I/GRALLOC (  590): 	 iova_size=8486912,conUsg=0x900,proUsg=0x900,	 strd=1088,[afbc]HdrStrd=1088 PyldStrd=69632 Scrmbl=2,ionhnd = 1 
06-04 11:30:19.728 W/HwLauncher( 1859): FolderIcon drawSelectedLabel bitmap null
06-04 11:30:19.728 V/WindowManager( 1252): Checking 1 opening apps (frozen=false timeout=false), Track: relayout performsurface
06-04 11:30:19.728 V/WindowManager( 1252): Check opening app=AppWindowToken{f2b17f5 token=Token{d83012c ActivityRecord{40680df u0 com.huawei.android.launcher/.unihome.UniHomeLauncher t1}}}: allDrawn=false startingDisplayed=false startingMoved=false isRelaunching()=false startingWindow=null
06-04 11:30:19.729 W/HwLauncher( 1859): FolderIcon drawSelectedLabel bitmap null
06-04 11:30:19.729 D/ZrHung.AppEyeUiProbe(12397): AppEyeUIP created.
06-04 11:30:19.729 W/HwLauncher( 1859): FolderIcon drawSelectedLabel bitmap null
06-04 11:30:19.731 D/ActivityThread(12397): Attach thread to application
06-04 11:30:19.735 V/WindowManager( 1252): notifyAppStopped: AppWindowToken{e9e0f46 token=Token{66eef21 ActivityRecord{8984988 u0 com.seeyon.cmp/.ui.main.MainActivity t64}}}
06-04 11:30:19.731 W/HwLauncher( 1859): FolderIcon drawSelectedLabel bitmap null
06-04 11:30:19.737 I/GRALLOC (  590): getCallingPid=631, shrFd=32,fmt=0x1,intFmt=0x200000001,btStrd=4352,size=8486912,pid=590 
06-04 11:30:19.737 I/GRALLOC (  590): 	 yuv=2,w=1080,h=1920,Stride u=0 v=0,offset u=0 v=0 
06-04 11:30:19.737 I/GRALLOC (  590): 	 iova_size=8486912,conUsg=0xb00,proUsg=0xb00,	 strd=1088,[afbc]HdrStrd=1088 PyldStrd=69632 Scrmbl=2,ionhnd = 1 
06-04 11:30:19.744 I/WindowManager( 1252): New wallpaper target: Window{b88a65f u0 com.huawei.android.launcher/com.huawei.android.launcher.unihome.UniHomeLauncher} prevTarget: null
06-04 11:30:19.744 I/WindowManager( 1252): test-wallpaper Updating vis of wallpaper Window{cb0d1ea u0 com.android.systemui.HwImageWallpaper}: true from:
06-04 11:30:19.744 I/WindowManager( 1252): com.android.server.wm.WallpaperWindowToken.updateWallpaperWindows:138 com.android.server.wm.WallpaperController.updateWallpaperTokens:585 com.android.server.wm.WallpaperController.adjustWallpaperWindows:620 com.android.server.wm.DisplayContent.applySurfaceChangesTransaction:3386 
06-04 11:30:19.744 W/InputMethodManager( 1859): startInputReason = 1
06-04 11:30:19.745 V/WindowManager_visibility( 1252): updateAllDrawn Add AppWindowToken{f2b17f5 token=Token{d83012c ActivityRecord{40680df u0 com.huawei.android.launcher/.unihome.UniHomeLauncher t1}}}
06-04 11:30:19.745 V/WindowManager_visibility( 1252): updateAllDrawn allDrawn=false interesting=1 drawn=1 relaunchCount=0 for AppWindowToken{f2b17f5 token=Token{d83012c ActivityRecord{40680df u0 com.huawei.android.launcher/.unihome.UniHomeLauncher t1}}}
06-04 11:30:19.746 V/WindowManager( 1252): Checking 1 opening apps (frozen=false timeout=false), Track:  performsurface
06-04 11:30:19.746 V/WindowManager( 1252): Check opening app=AppWindowToken{f2b17f5 token=Token{d83012c ActivityRecord{40680df u0 com.huawei.android.launcher/.unihome.UniHomeLauncher t1}}}: allDrawn=true startingDisplayed=false startingMoved=false isRelaunching()=false startingWindow=null
06-04 11:30:19.746 I/WindowManager( 1252): closing apps count = 1
06-04 11:30:19.749 I/WindowManager( 1252): exit info has been reset.
06-04 11:30:19.750 I/GRALLOC (  590): getCallingPid=631, shrFd=32,fmt=0x1,intFmt=0x1,btStrd=3072,size=4128768,pid=590 
06-04 11:30:19.750 I/GRALLOC (  590): 	 yuv=2,w=756,h=1344,Stride u=0 v=0,offset u=0 v=0 
06-04 11:30:19.750 I/GRALLOC (  590): 	 iova_size=4128768,conUsg=0x306,proUsg=0x366,	 strd=768,[afbc]HdrStrd=0 PyldStrd=0 Scrmbl=0,ionhnd = 1 
06-04 11:30:19.756 I/HwApiCacheMangerEx(12397): apicache path=/storage/emulated/0 state=mounted key=com.huawei.rcsserviceapplication#10128#256
06-04 11:30:19.757 I/ication:servic(12397): The ClassLoaderContext is a special shared library.
06-04 11:30:19.758 I/HwApiCacheMangerEx(12397): apicache path=/storage/emulated/0 state=mounted key=com.huawei.rcsserviceapplication#10128#0
06-04 11:30:19.760 D/        (  631): doWinFrameOptStatusRecog begin to recog Layer result=2
06-04 11:30:19.762 I/GRALLOC (  590): getCallingPid=1252, shrFd=32,fmt=0x1,intFmt=0x200000001,btStrd=3072,size=4194304,pid=590 
06-04 11:30:19.762 I/GRALLOC (  590): 	 yuv=2,w=756,h=1344,Stride u=0 v=0,offset u=0 v=0 
06-04 11:30:19.762 I/GRALLOC (  590): 	 iova_size=4194304,conUsg=0x100,proUsg=0x100,	 strd=768,[afbc]HdrStrd=768 PyldStrd=49152 Scrmbl=2,ionhnd = 1 
06-04 11:30:19.762 I/PhoneStatusBarView( 1626): setAlpha with value : 1.0
06-04 11:30:19.763 I/PhoneStatusBarView( 1626): setAlpha with value : 1.0
06-04 11:30:19.763 I/HwLogExceptionInner(12397): Log blacklist 
06-04 11:30:19.767 I/ication:servic(12397): QarthPatchMonintor::Init
06-04 11:30:19.767 I/ication:servic(12397): 
06-04 11:30:19.767 I/ication:servic(12397): QarthPatchMonintor::StartWatch
06-04 11:30:19.767 I/ication:servic(12397): 
06-04 11:30:19.767 I/ication:servic(12397): QarthPatchMonintor::WatchPackage: /data/hotpatch/fwkhotpatch/
06-04 11:30:19.767 I/ication:servic(12397): 
06-04 11:30:19.767 I/ication:servic(12397): QarthPatchMonintor::CheckAndWatchPatch: /data/hotpatch/fwkhotpatch/com.huawei.rcsserviceapplication
06-04 11:30:19.767 I/ication:servic(12397): 
06-04 11:30:19.767 I/ication:servic(12397): QarthPatchMonintor::CheckAndWatchPatch: /data/hotpatch/fwkhotpatch/all
06-04 11:30:19.767 I/ication:servic(12397): 
06-04 11:30:19.767 I/ication:servic(12397): QarthPatchMonintor::Run
06-04 11:30:19.767 I/ication:servic(12397): 
06-04 11:30:19.768 I/ication:servic(12397): QarthPatchMonintor::Reading
06-04 11:30:19.768 I/ication:servic(12397): 
06-04 11:30:19.768 I/ication:servic(12397): QarthPatchMonintor::CheckNotifyEvent
06-04 11:30:19.768 I/ication:servic(12397): 
06-04 11:30:19.768 I/ication:servic(12397): QarthPatchMonintor::CheckNotifyEvent before read
06-04 11:30:19.768 I/ication:servic(12397): 
06-04 11:30:19.769 I/CommandQueue( 1626): updateBarBgColor
06-04 11:30:19.769 D/CommandQueue( 1626): CommandQueue, setBarBackgroundColor
06-04 11:30:19.769 I/StatusBarDisable( 1252): setFlags what=0 which=1 pkg=Window{b88a65f u0 com.huawei.android.launcher/com.huawei.android.launcher.unihome.UniHomeLauncher}
06-04 11:30:19.770 D/TintManager( 1626): navigationBarIconTint=99ffffff
06-04 11:30:19.771 I/HwIME_Pro( 3275): ImeService>>>onStartInput
06-04 11:30:19.771 D/HwRecentsTaskUtils( 1859): refreshToCache
06-04 11:30:19.771 D/HwRecentsTaskUtils( 1859): searchFromDate
06-04 11:30:19.772 D/HRCS    (12397): ContactProvider: DEBUG: setAuth auth = org.gsma.joyn.contact
06-04 11:30:19.773 D/iTouchService(  711): itouch currentPackageName=com.seeyon.cmp
06-04 11:30:19.773 D/iTouchService(  711): itouch appType=12 appState=0 gameMode=1
06-04 11:30:19.773 D/iTouchService(  711): g_itouch_reader_monitor empty
06-04 11:30:19.773 D/iTouchService(  711): g_itouch_reader_monitor Monitor::isReaderMonitorEnable()=0
06-04 11:30:19.773 D/iTouchService(  711): itouch getCurrentParmID tempPkg=com.seeyon.xxx
06-04 11:30:19.773 D/iTouchService(  711): itouch:app com.seeyon.cmp is  not game app
06-04 11:30:19.773 D/iTouchService(  711): itouch:game_switch is disable
06-04 11:30:19.773 D/iTouchService(  711): itouch:styluspen_switch is disable
06-04 11:30:19.773 D/iTouchService(  711): itouch:currentAppTypeName =|OFFICE|
06-04 11:30:19.773 I/chatty  ( 1252): uid=1000(system) android.ui identical 5 lines
06-04 11:30:19.773 I/StatusBarDisable( 1252): setFlags what=0 which=1 pkg=Window{b88a65f u0 com.huawei.android.launcher/com.huawei.android.launcher.unihome.UniHomeLauncher}
06-04 11:30:19.774 I/BoosterSwitchP( 1735): notifyUidState do nothing
06-04 11:30:19.775 I/DeepNoDisturbP( 1735): notifyUidState
06-04 11:30:19.775 I/BrowserChrP( 1735): notifyUidState
06-04 11:30:19.776 I/AwareBitmapCacher(12397): init processName:com.huawei.rcsserviceapplication:service pid=12397 uid=10128
06-04 11:30:19.776 D/HwLocationManagerService( 1252): on transact ADD_LOCATION_MODE  uid is 11178 , expectedmode is 3 , packagename is com.seeyon.cmp
06-04 11:30:19.776 D/HwLocationManagerService( 1252): uid is 11178 , isWifiConn is true , isMobileConn is false
06-04 11:30:19.776 I/HwNetworkPolicy( 1252): onTransact, code = 203
06-04 11:30:19.776 I/HwNetworkPolicyManager( 1252): getHwUidPolicy uid = 11178 policy = 0
06-04 11:30:19.776 D/HwLocationManagerService( 1252): policy is 0 , wifiAccess is true, mobileAccess is true
06-04 11:30:19.776 D/HwLocationManagerService( 1252): wifiAvaiable is true , mobileAvailable is false
06-04 11:30:19.776 D/HwLocationManagerService( 1252): addSupervisoryControlProc, mExpectedMode is network,packagename=com.seeyon.cmp, mSupervisoryPkgList is {com.seeyon.cmp=network}
06-04 11:30:19.776 D/NcDft_ServiceImpl( 1775): notifyNcDftEvent domain is : 0 ;eventID is: 102 ;List is [{"iaware_pkg":"com.seeyon.cmp","iaware_mode":3,"iaware_time":1591241419776}]
06-04 11:30:19.777 D/HwLocationManagerService( 1252):  package has no request send yet
06-04 11:30:19.777 V/ActivityManager( 1252): Successfully start provider ContentProviderRecord{4b180f0 u0 com.android.systemui/.recents.HwRecentsLockProdiver} launchingApp=null caller pid= 1859
06-04 11:30:19.779 I/HwAudioService( 1252): now type = 301,reportForegroundAppType = 301,pkg = null,mVoipOptimizeInGameModefalse
06-04 11:30:19.780 I/HuaweiIME( 3275): SysInfo.getSysParam: orientation=1||config d=3.0,w=1080,h=1808||metrics d=3.0,w=1080,h=1808||sdk=28,bar_h=72||appScale=3.3,sysScale=3.0||isMultiWin=false,isPadMode=false, boardw=1080, boardH=673, candH=124, boardL=0, boardR=1080, ver=8.2.8.80, realW=1080, realH=1920, isInLargeWinMode=false
06-04 11:30:19.780 D/SmsProvider(12397): setAuth() auth:com.huawei.rcs.messaging
06-04 11:30:19.781 I/HuaweiIME( 3275): isPortrait-adjustOffset-r: 4
06-04 11:30:19.781 D/HRCS    (12397): MessageProvider: DEBUG: MessageProvider()
06-04 11:30:19.781 I/RecentsTaskLoadPlan( 1859): to show tasks size is 7
06-04 11:30:19.782 D/SmsProvider(12397): onCreate() mOpenHelper:com.huawei.rcs.message.provider.RcsProviderHelper@3f714e5
06-04 11:30:19.784 D/RcsService(12397): RcsServiceApplication - ================onCreate============
06-04 11:30:19.785 D/RcsService(12397): RcsXmlParser - sIsHwRcsServiceInstalled: true
06-04 11:30:19.785 D/RcsService(12397): RcsXmlParser - sIsSupportDecoupling: true
06-04 11:30:19.786 V/ActivityManager( 1252): Successfully start provider ContentProviderRecord{4c38508 u0 com.android.providers.settings/.SettingsProvider} launchingApp=null caller pid= 12397
06-04 11:30:19.787 D/RcsService(12397): RcsXmlParser - initPlmnLocalStore
06-04 11:30:19.788 W/HwLauncher( 1859): FolderIcon drawSelectedLabel bitmap null
06-04 11:30:19.793 I/GRALLOC (  590): getCallingPid=631, shrFd=32,fmt=0x1,intFmt=0x200000001,btStrd=4352,size=8486912,pid=590 
06-04 11:30:19.793 I/GRALLOC (  590): 	 yuv=2,w=1080,h=1920,Stride u=0 v=0,offset u=0 v=0 
06-04 11:30:19.793 I/GRALLOC (  590): 	 iova_size=8486912,conUsg=0xb00,proUsg=0xb00,	 strd=1088,[afbc]HdrStrd=1088 PyldStrd=69632 Scrmbl=2,ionhnd = 1 
06-04 11:30:19.794 E/RcsService(12397): RcsXmlParser - mContext or mccmnc is null return
06-04 11:30:19.795 D/RcsService(12397): RcsFeatureEnabler - rcsProductEnabled: true rcsVendorEnabled: true
06-04 11:30:19.797 D/RcsService(12397): RcsXmlParser - getCurrentPlmn:getCurrentPlmn isEmpty
06-04 11:30:19.797 D/RcsService(12397): RcsXmlParser - updatePlmnCurrent
06-04 11:30:19.799 I/GRALLOC (  590): getCallingPid=631, shrFd=32,fmt=0x1,intFmt=0x200000001,btStrd=4352,size=8486912,pid=590 
06-04 11:30:19.799 I/GRALLOC (  590): 	 yuv=2,w=1080,h=1920,Stride u=0 v=0,offset u=0 v=0 
06-04 11:30:19.799 I/GRALLOC (  590): 	 iova_size=8486912,conUsg=0xb00,proUsg=0xb00,	 strd=1088,[afbc]HdrStrd=1088 PyldStrd=69632 Scrmbl=2,ionhnd = 1 
06-04 11:30:19.802 I/GRALLOC (  590): getCallingPid=1252, shrFd=32,fmt=0x1,intFmt=0x200000001,btStrd=3072,size=4194304,pid=590 
06-04 11:30:19.802 I/GRALLOC (  590): 	 yuv=2,w=756,h=1344,Stride u=0 v=0,offset u=0 v=0 
06-04 11:30:19.802 I/GRALLOC (  590): 	 iova_size=4194304,conUsg=0x100,proUsg=0x100,	 strd=768,[afbc]HdrStrd=768 PyldStrd=49152 Scrmbl=2,ionhnd = 1 
06-04 11:30:19.814 W/Settings(12397): Setting device_provisioned has moved from android.provider.Settings.Secure to android.provider.Settings.Global.
06-04 11:30:19.815 D/RcsService(12397): RcsServiceApplication -  isOobeFinish =  true
06-04 11:30:19.821 D/RcsService(12397): RcsXmlParser -  mccmnc is empty,retrun null
06-04 11:30:19.821 D/RcsService(12397): RcsServiceApplication - kill process. isRcsFeatureEnable: false, isRcsSwitchOn: true, isOobeFinished: true
06-04 11:30:19.821 I/Process (12397): Sending signal. PID: 12397 SIG: 9
06-04 11:30:19.829 I/ActivityManager( 1252): Process com.huawei.rcsserviceapplication:service (pid 12397) has died: fore SVC 
06-04 11:30:19.829 D/ActivityManager( 1252): cleanUpApplicationRecord app: ProcessRecord{bd5429b 12397:com.huawei.rcsserviceapplication:service/u0a128}, app.bad: false, restarting: false, allowRestart: true
06-04 11:30:19.829 W/ActivityManager( 1252): Scheduling restart of crashed service com.huawei.rcsserviceapplication/com.huawei.rcs.service.RcsService in 16000ms
06-04 11:30:19.832 I/BoosterSwitchP( 1735): notifyUidState do nothing
06-04 11:30:19.832 I/DeepNoDisturbP( 1735): notifyUidState
06-04 11:30:19.832 I/BrowserChrP( 1735): notifyUidState
06-04 11:30:19.845 I/GRALLOC (  590): getCallingPid=1252, shrFd=32,fmt=0x1,intFmt=0x200000001,btStrd=3072,size=4194304,pid=590 
06-04 11:30:19.845 I/GRALLOC (  590): 	 yuv=2,w=756,h=1344,Stride u=0 v=0,offset u=0 v=0 
06-04 11:30:19.845 I/GRALLOC (  590): 	 iova_size=4194304,conUsg=0x100,proUsg=0x100,	 strd=768,[afbc]HdrStrd=768 PyldStrd=49152 Scrmbl=2,ionhnd = 1 
06-04 11:30:19.853 I/Zygote  (  558): Process 12397 exited due to signal (9)
06-04 11:30:20.108 V/WindowManager( 1252): Exit animation finished in Window{5fef7df u0 com.seeyon.cmp/com.seeyon.cmp.ui.main.MainActivity EXITING}: remove=false
06-04 11:30:20.108 E/WindowManager( 1252): win=Window{5fef7df u0 com.seeyon.cmp/com.seeyon.cmp.ui.main.MainActivity EXITING} destroySurfaces: appStopped=true win.mWindowRemovalAllowed=false win.mRemoveOnExit=false
06-04 11:30:20.109 I/StatusBarDisable( 1252): setFlags what=0 which=1 pkg=Window{b88a65f u0 com.huawei.android.launcher/com.huawei.android.launcher.unihome.UniHomeLauncher}
06-04 11:30:20.131 I/PhoneStatusBarView( 1626): setAlpha with value : 1.0
06-04 11:30:20.132 I/PhoneStatusBarView( 1626): setAlpha with value : 1.0
06-04 11:30:20.146 W/HwLauncher( 1859): FolderIcon drawSelectedLabel bitmap null
06-04 11:30:20.135 I/chatty  ( 1252): uid=1000(system) android.ui identical 4 lines
06-04 11:30:20.144 I/StatusBarDisable( 1252): setFlags what=0 which=1 pkg=Window{b88a65f u0 com.huawei.android.launcher/com.huawei.android.launcher.unihome.UniHomeLauncher}
06-04 11:30:20.185 I/ToastInterrupt( 1252): isAllowToShowToast:true, pkg:com.seeyon.cmp, topActivity:ActivityInfo{e999500 com.huawei.android.launcher.unihome.UniHomeLauncher}
06-04 11:30:20.149 W/HwLauncher( 1859): FolderIcon drawSelectedLabel bitmap null
06-04 11:30:20.206 V/WindowManager( 1252): addWindow: Window{82d9e5a u0 Toast}
06-04 11:30:20.210 I/StatusBarDisable( 1252): setFlags what=0 which=1 pkg=Window{b88a65f u0 com.huawei.android.launcher/com.huawei.android.launcher.unihome.UniHomeLauncher}
06-04 11:30:20.215 E/BufferQueueProducer(  631): [] mConsumerName == NULL!!!!!!
06-04 11:30:20.215 I/GRALLOC (  590): getCallingPid=631, shrFd=32,fmt=0x1,intFmt=0x1,btStrd=2304,size=241664,pid=590 
06-04 11:30:20.215 I/GRALLOC (  590): 	 yuv=2,w=525,h=101,Stride u=0 v=0,offset u=0 v=0 
06-04 11:30:20.215 I/GRALLOC (  590): 	 iova_size=241664,conUsg=0x900,proUsg=0x900,	 strd=576,[afbc]HdrStrd=0 PyldStrd=0 Scrmbl=0,ionhnd = 1 
06-04 11:30:20.216 I/GRALLOC (  590): getCallingPid=631, shrFd=32,fmt=0x1,intFmt=0x1,btStrd=2304,size=241664,pid=590 
06-04 11:30:20.216 I/GRALLOC (  590): 	 yuv=2,w=525,h=101,Stride u=0 v=0,offset u=0 v=0 
06-04 11:30:20.216 I/GRALLOC (  590): 	 iova_size=241664,conUsg=0x900,proUsg=0x900,	 strd=576,[afbc]HdrStrd=0 PyldStrd=0 Scrmbl=0,ionhnd = 1 
06-04 11:30:20.226 I/GRALLOC (  590): getCallingPid=631, shrFd=32,fmt=0x1,intFmt=0x1,btStrd=2304,size=241664,pid=590 
06-04 11:30:20.226 I/GRALLOC (  590): 	 yuv=2,w=525,h=101,Stride u=0 v=0,offset u=0 v=0 
06-04 11:30:20.226 I/GRALLOC (  590): 	 iova_size=241664,conUsg=0xb00,proUsg=0xb00,	 strd=576,[afbc]HdrStrd=0 PyldStrd=0 Scrmbl=0,ionhnd = 1 
06-04 11:30:20.229 W/HwLauncher( 1859): FolderIcon drawSelectedLabel bitmap null
06-04 11:30:20.236 D/        (  631): doWinFrameOptStatusRecog begin to recog Layer result=2
06-04 11:30:20.242 W/OpenGLRenderer( 1859): Incorrectly called buildLayer on View: ShortcutAndWidgetContainer, destroying layer...
06-04 11:30:20.242 W/OpenGLRenderer( 1859): Incorrectly called buildLayer on View: ShortcutAndWidgetContainer, destroying layer...
06-04 11:30:20.247 I/chatty  ( 1252): uid=1000(system) Binder:1252_7 expire 3 lines
06-04 11:30:20.330 I/audio_hw_primary(  605): usb_ext_get_parameters: check show hires (false)
06-04 11:30:20.331 I/hash_map_utils(  629): key: 'typec_need_show_hires' value: ''
06-04 11:30:20.331 I/bt_a2dp_hw(  629): adev_get_parameters: audio a2dp receive kvpairs typec_need_show_hires ,but need not handle
06-04 11:30:20.234 I/StatusBarDisable( 1252): setFlags what=0 which=1 pkg=Window{b88a65f u0 com.huawei.android.launcher/com.huawei.android.launcher.unihome.UniHomeLauncher}
06-04 11:30:20.331 I/HwAudioServiceEx( 1252): check HiRes Icon false
06-04 11:30:20.345 I/StatusBarDisable( 1252): setFlags what=0 which=1 pkg=Window{b88a65f u0 com.huawei.android.launcher/com.huawei.android.launcher.unihome.UniHomeLauncher}
06-04 11:30:20.346 I/DebugKeepScreenOn( 1252): setHoldScreenLocked newHoldScreen:Session{b850023 6130:u0a11178} currentHoldScreen:null wakeLockState:false
06-04 11:30:20.346 I/DebugKeepScreenOn( 1252): Acquiring screen wakelock due to Window{82d9e5a u0 Toast}
06-04 11:30:20.346 D/PowerMS ( 1252): acquire:L=233604364,F=0x2000000a,T="WindowManager",N=android,WS=WorkSource{11178},U=1000,P=1252
06-04 11:30:20.364 I/StatusBarDisable( 1252): setFlags what=0 which=1 pkg=Window{b88a65f u0 com.huawei.android.launcher/com.huawei.android.launcher.unihome.UniHomeLauncher}
06-04 11:30:20.394 I/aptouch_daemon(  695): filter_touch_detect, down, in: 1, out: 1
06-04 11:30:20.471 W/InputManager( 1252): Input event injection from pid 6130 permission denied.
06-04 11:30:20.471 I/chatty  ( 1252): uid=1000(system) Binder:1252_19 expire 6 lines
06-04 11:30:20.479 I/aptouch_daemon(  695): filter_touch_detect, all_touch_up
06-04 11:30:20.482 V/AudioManager( 1859): playSoundEffect   effectType: 0
06-04 11:30:20.482 V/AudioManager( 1859): querySoundEffectsEnabled...
06-04 11:30:20.484 D/DeviceInfo( 1859): ramSize =4194304
06-04 11:30:20.485 D/HwRecentsTaskUtils( 1859): gener requestId:1591241420485 for remove all task
06-04 11:30:20.519 V/ActivityManager( 1252): Successfully start provider ContentProviderRecord{4b180f0 u0 com.android.systemui/.recents.HwRecentsLockProdiver} launchingApp=null caller pid= 2014
06-04 11:30:20.530 I/chatty  ( 1815): uid=1000(system) Binder:1815_A expire 16 lines
06-04 11:30:20.536 I/chatty  ( 1252): uid=1000 system_server expire 2 lines
06-04 11:30:20.568 I/chatty  ( 1815): uid=1000(system) Binder:1815_6 expire 2 lines
06-04 11:30:20.569 I/chatty  ( 1815): uid=1000(system) Binder:1815_1 expire 1 line
06-04 11:30:20.570 I/chatty  ( 1815): uid=1000(system) Binder:1815_A expire 1 line
06-04 11:30:20.570 I/chatty  ( 1815): uid=1000(system) Binder:1815_6 expire 2 lines
06-04 11:30:20.571 I/chatty  ( 1815): uid=1000(system) Binder:1815_A expire 1 line
06-04 11:30:20.572 I/chatty  ( 1815): uid=1000(system) Binder:1815_1 expire 1 line
06-04 11:30:20.572 I/chatty  ( 1815): uid=1000(system) Binder:1815_6 expire 1 line
06-04 11:30:20.573 I/PGServer( 1815): com.huawei.systemmanager query app: com.android.providers.downloads state: 2
06-04 11:30:20.573 I/PGServer( 1815): com.huawei.systemmanager query app: com.huawei.cryptosms.service state: 1
06-04 11:30:20.574 I/PGServer( 1815): com.huawei.systemmanager query app: com.huawei.cryptosms.service state: 2
06-04 11:30:20.574 I/PGServer( 1815): com.huawei.systemmanager query app: com.huawei.phoneservice state: 1
06-04 11:30:20.575 I/PGServer( 1815): com.huawei.systemmanager query app: com.huawei.phoneservice state: 2
06-04 11:30:20.575 I/PGServer( 1815): com.huawei.systemmanager query app: com.huawei.android.AutoRegSms state: 1
06-04 11:30:20.576 I/PGServer( 1815): com.huawei.systemmanager query app: com.huawei.android.AutoRegSms state: 2
06-04 11:30:20.576 I/PGServer( 1815): com.huawei.systemmanager query app: com.tencent.mm state: 1
06-04 11:30:20.577 I/PGServer( 1815): com.huawei.systemmanager query app: com.tencent.mm state: 2
06-04 11:30:20.577 I/PGServer( 1815): com.huawei.systemmanager query app: com.huawei.pengine state: 1
06-04 11:30:20.578 I/PGServer( 1815): com.huawei.systemmanager query app: com.huawei.pengine state: 2
06-04 11:30:20.578 I/PGServer( 1815): com.huawei.systemmanager query app: com.baidu.input_huawei state: 1
06-04 11:30:20.579 I/PGServer( 1815): com.huawei.systemmanager query app: com.baidu.input_huawei state: 2
06-04 11:30:20.580 I/PGServer( 1815): com.huawei.systemmanager query app: com.huawei.hiai state: 1
06-04 11:30:20.580 I/PGServer( 1815): com.huawei.systemmanager query app: com.huawei.hiai state: 2
06-04 11:30:20.581 I/PGServer( 1815): com.huawei.systemmanager query app: com.huawei.hwid state: 1
06-04 11:30:20.581 I/PGServer( 1815): com.huawei.systemmanager query app: com.huawei.hwid state: 2
06-04 11:30:20.582 I/PGServer( 1815): com.huawei.systemmanager query app: com.huawei.msdp state: 1
06-04 11:30:20.582 I/PGServer( 1815): com.huawei.systemmanager query app: com.huawei.msdp state: 2
06-04 11:30:20.583 I/PGServer( 1815): com.huawei.systemmanager query app: com.android.contacts state: 1
06-04 11:30:20.583 I/PGServer( 1815): com.huawei.systemmanager query app: com.android.contacts state: 2
06-04 11:30:20.584 I/PGServer( 1815): com.huawei.systemmanager query app: com.huawei.contentsensor state: 1
06-04 11:30:20.584 I/PGServer( 1815): com.huawei.systemmanager query app: com.huawei.contentsensor state: 2
06-04 11:30:20.585 I/PGServer( 1815): com.huawei.systemmanager query app: com.huawei.systemserver state: 1
06-04 11:30:20.585 I/PGServer( 1815): com.huawei.systemmanager query app: com.huawei.systemserver state: 2
06-04 11:30:20.586 I/PGServer( 1815): com.huawei.systemmanager query app: com.android.mms state: 1
06-04 11:30:20.586 I/PGServer( 1815): com.huawei.systemmanager query app: com.android.mms state: 2
06-04 11:30:20.587 I/PGServer( 1815): com.huawei.systemmanager query app: com.android.nfc state: 1
06-04 11:30:20.587 I/PGServer( 1815): com.huawei.systemmanager query app: com.android.nfc state: 2
06-04 11:30:20.588 I/PGServer( 1815): com.huawei.systemmanager query app: com.huawei.trustspace state: 1
06-04 11:30:20.588 I/PGServer( 1815): com.huawei.systemmanager query app: com.huawei.trustspace state: 2
06-04 11:30:20.589 I/PGServer( 1815): com.huawei.systemmanager query app: com.android.calendar state: 1
06-04 11:30:20.589 I/PGServer( 1815): com.huawei.systemmanager query app: com.android.calendar state: 2
06-04 11:30:20.590 I/PGServer( 1815): com.huawei.systemmanager query app: com.android.incallui state: 1
06-04 11:30:20.590 I/PGServer( 1815): com.huawei.systemmanager query app: com.android.incallui state: 2
06-04 11:30:20.591 I/PGServer( 1815): com.huawei.systemmanager query app: com.google.android.webview state: 1
06-04 11:30:20.591 I/PGServer( 1815): com.huawei.systemmanager query app: com.google.android.webview state: 2
06-04 11:30:20.592 I/PGServer( 1815): com.huawei.systemmanager query app: com.huawei.vassistant state: 1
06-04 11:30:20.593 I/PGServer( 1815): com.huawei.systemmanager query app: com.huawei.vassistant state: 2
06-04 11:30:20.593 I/PGServer( 1815): com.huawei.systemmanager query app: com.android.keyguard state: 1
06-04 11:30:20.594 I/PGServer( 1815): com.huawei.systemmanager query app: com.android.keyguard state: 2
06-04 11:30:20.594 I/PGServer( 1815): com.huawei.systemmanager query app: com.android.gallery3d state: 1
06-04 11:30:20.595 I/PGServer( 1815): com.huawei.systemmanager query app: com.android.gallery3d state: 2
06-04 11:30:20.595 I/PGServer( 1815): com.huawei.systemmanager query app: com.tencent.mobileqq state: 1
06-04 11:30:20.596 I/PGServer( 1815): com.huawei.systemmanager query app: com.tencent.mobileqq state: 2
06-04 11:30:20.596 I/PGServer( 1815): com.huawei.systemmanager query app: com.huawei.android.hwouc state: 1
06-04 11:30:20.597 I/PGServer( 1815): com.huawei.systemmanager query app: com.huawei.android.hwouc state: 2
06-04 11:30:20.598 I/PGServer( 1815): com.huawei.systemmanager query app: com.huawei.powergenie state: 1
06-04 11:30:20.598 I/PGServer( 1815): com.huawei.systemmanager query app: com.huawei.powergenie state: 2
06-04 11:30:20.599 I/PGServer( 1815): com.huawei.systemmanager query app: com.huawei.android.pushagent state: 1
06-04 11:30:20.599 I/PGServer( 1815): com.huawei.systemmanager query app: com.huawei.android.pushagent state: 2
06-04 11:30:20.600 I/PGServer( 1815): com.huawei.systemmanager query app: com.android.systemui state: 1
06-04 11:30:20.600 I/PGServer( 1815): com.huawei.systemmanager query app: com.android.systemui state: 2
06-04 11:30:20.601 I/PGServer( 1815): com.huawei.systemmanager query app: com.huawei.hwdetectrepair state: 1
06-04 11:30:20.601 I/PGServer( 1815): com.huawei.systemmanager query app: com.huawei.hwdetectrepair state: 2
06-04 11:30:20.602 I/PGServer( 1815): com.huawei.systemmanager query app: com.huawei.hwvoipservice state: 1
06-04 11:30:20.602 I/PGServer( 1815): com.huawei.systemmanager query app: com.huawei.hwvoipservice state: 2
06-04 11:30:20.603 I/PGServer( 1815): com.huawei.systemmanager query app: com.huawei.bd state: 1
06-04 11:30:20.603 I/PGServer( 1815): com.huawei.systemmanager query app: com.huawei.bd state: 2
06-04 11:30:20.604 I/PGServer( 1815): com.huawei.systemmanager query app: com.huawei.ca state: 1
06-04 11:30:20.604 I/PGServer( 1815): com.huawei.systemmanager query app: com.huawei.ca state: 2
06-04 11:30:20.605 I/PGServer( 1815): com.huawei.systemmanager query app: com.huawei.skytone state: 1
06-04 11:30:20.605 I/PGServer( 1815): com.huawei.systemmanager query app: com.huawei.skytone state: 2
06-04 11:30:20.606 I/PGServer( 1815): com.huawei.systemmanager query app: com.huawei.hiskytone state: 1
06-04 11:30:20.606 I/PGServer( 1815): com.huawei.systemmanager query app: com.huawei.hiskytone state: 2
06-04 11:30:20.607 I/PGServer( 1815): com.huawei.systemmanager query app: com.huawei.lbs state: 1
06-04 11:30:20.608 I/PGServer( 1815): com.huawei.systemmanager query app: com.huawei.lbs state: 2
06-04 11:30:20.608 I/PGServer( 1815): com.huawei.systemmanager query app: com.android.providers.contacts state: 1
06-04 11:30:20.609 I/PGServer( 1815): com.huawei.systemmanager query app: com.android.providers.contacts state: 2
06-04 11:30:20.624 D/DeviceInfo( 1859): ramSize =4194304
06-04 11:30:20.559 V/ActivityManager( 1252): Successfully start provider ContentProviderRecord{4b180f0 u0 com.android.systemui/.recents.HwRecentsLockProdiver} launchingApp=null caller pid= 2014
06-04 11:30:20.637 D/HwActivityManagerService( 1252): isPackageRunningOnPCMode, packageName:com.seeyon.cmp, uid:11178
06-04 11:30:20.637 D/HwActivityManagerService( 1252): pr.mDisplayId:0
06-04 11:30:20.637 D/HwActivityManagerService( 1252): isPackageRunningOnPCMode, packageName:cn.rongcloud.im, uid:11173
06-04 11:30:20.637 D/HwActivityManagerService( 1252): no pr, packageName:cn.rongcloud.im
06-04 11:30:20.637 D/HwActivityManagerService( 1252): isPackageRunningOnPCMode, packageName:com.hicloud.android.clone, uid:10122
06-04 11:30:20.637 D/HwActivityManagerService( 1252): no pr, packageName:com.hicloud.android.clone
06-04 11:30:20.637 D/HwActivityManagerService( 1252): isPackageRunningOnPCMode, packageName:com.tencent.mobileqq, uid:10810
06-04 11:30:20.637 D/HwActivityManagerService( 1252): pr.mDisplayId:0
06-04 11:30:20.647 D/ActivityManager( 1252):  the process com.huawei.appmarket adj >= 900
06-04 11:30:20.650 I/ActivityManager( 1252): Force stopping cn.rongcloud.im appid=11173 user=0: from pid 1252 iAwareF[SystemManager]
06-04 11:30:20.657 I/HwCoreAppHelperService( 1735): LocalReceiver receives:android.intent.action.PACKAGE_RESTARTED,pkg:cn.rongcloud.im,uid:11173
06-04 11:30:20.658 D/CarrierSvcBindHelper( 1837): No carrier app for: 0
06-04 11:30:20.658 V/AlarmManager( 1252): UninstallReceiver onReceive action:android.intent.action.PACKAGE_RESTARTED
06-04 11:30:20.658 I/ActivityManager( 1252): Force stopping com.hicloud.android.clone appid=10122 user=0: from pid 1252 iAwareF[SystemManager]
06-04 11:30:20.658 W/NotificationAssistants( 1252): rebindServices() ignore for NotificationAssistantService
06-04 11:30:20.660 D/CarrierSvcBindHelper( 1837): No carrier app for: 1
06-04 11:30:20.663 E/NfcNci  ( 2996): NfcUtils error: APP do not have nfc permission
06-04 11:30:20.664 I/ActivityManager( 1252): Force stopping com.seeyon.cmp appid=11178 user=0: from pid 1252 iAwareF[SystemManager]
06-04 11:30:20.664 I/ActivityManager( 1252): Killing 6809:com.seeyon.cmp:ipc/u0a1178 (adj 200): stop com.seeyon.cmpfrom pid 1252 iAwareF[SystemManager]
06-04 11:30:20.669 D/ActivityManager( 1252): cleanUpApplicationRecord app: ProcessRecord{1a3b466 6809:com.seeyon.cmp:ipc/u0a1178}, app.bad: false, restarting: false, allowRestart: true
06-04 11:30:20.669 W/ActivityManager( 1252): Scheduling restart of crashed service com.seeyon.cmp/io.rong.imlib.ipc.RongService in 1000ms
06-04 11:30:20.666 E/NfcNci  ( 2996): NfcUtils error: APP do not have nfc permission
06-04 11:30:20.670 I/ActivityManager( 1252): Killing 6130:com.seeyon.cmp/u0a1178 (adj 200): stop com.seeyon.cmpfrom pid 1252 iAwareF[SystemManager]
06-04 11:30:20.671 D/ActivityManager( 1252): cleanUpApplicationRecord app: ProcessRecord{d94732 6130:com.seeyon.cmp/u0a1178}, app.bad: false, restarting: false, allowRestart: true
06-04 11:30:20.672 I/AppManager( 1815): remove toast view when pkg dead, pid : 6130
06-04 11:30:20.672 I/AppManager( 1815): removeProcessDependency pid:6130
06-04 11:30:20.673 I/BoosterSwitchP( 1735): notifyUidState do nothing
06-04 11:30:20.673 I/DeepNoDisturbP( 1735): notifyUidState
06-04 11:30:20.673 I/BrowserChrP( 1735): notifyUidState
06-04 11:30:20.677 E/LOGSERVER_UTILS(  744): [Erecovery]readEvent: eRecEventManager readEvent 0
06-04 11:30:20.681 W/ActivityManager( 1252): Scheduling restart of crashed service com.seeyon.cmp/.lib_offlinecontact.service.OffContactService in 1000ms
06-04 11:30:20.682 I/ActivityManager( 1252): Killing 8931:io.rong.push/u0a1178 (adj 906): stop com.seeyon.cmpfrom pid 1252 iAwareF[SystemManager]
06-04 11:30:20.682 D/ActivityManager( 1252): cleanUpApplicationRecord app: ProcessRecord{81bd9d2 8931:io.rong.push/u0a1178}, app.bad: false, restarting: false, allowRestart: true
06-04 11:30:20.682 I/BoosterSwitchP( 1735): notifyUidState do nothing
06-04 11:30:20.682 I/DeepNoDisturbP( 1735): notifyUidState
06-04 11:30:20.682 I/BrowserChrP( 1735): notifyUidState
06-04 11:30:20.684 D/HwLocationManagerService( 1252): on transact REMOVE_LOCATION_MODE uid is 11178 , packagename is com.seeyon.cmp
06-04 11:30:20.685 D/NcDft_ServiceImpl( 1775): notifyNcDftEvent domain is : 0 ;eventID is: 103 ;List is [{"iaware_pkg":"com.seeyon.cmp","iaware_time":1591241420684}]
06-04 11:30:20.685 I/ActivityManager( 1252): Killing 9214:com.google.android.webview:sandboxed_process3/u0a1178i5 (adj 0): isolated not needed
06-04 11:30:20.685 I/chatty  ( 1735): uid=1000(system) EmcomThread expire 11 lines
06-04 11:30:20.686 D/HwLocationManagerService( 1252): remove SupervisoryControlProc packagename=com.seeyon.cmp
06-04 11:30:20.686 D/HwLocationManagerService( 1252):  package has no request send yet
06-04 11:30:20.711 I/ActivityManager( 1252):   finishDisabledPackageActivitiesLocked Force finishing activity ActivityRecord{8984988 u0 com.seeyon.cmp/.ui.main.MainActivity t64}
06-04 11:30:20.715 I/Zygote  ( 1608): Process 9214 exited due to signal (9)
06-04 11:30:20.717 E/HwActivityManagerServiceEx( 1252): invalid ActivityRecord, error.
06-04 11:30:20.717 E/HwActivityManagerServiceEx( 1252): parse activity info error.
06-04 11:30:20.718 V/WindowManager( 1252): removeAppToken: AppWindowToken{e9e0f46 token=Token{66eef21 ActivityRecord{8984988 u0 com.seeyon.cmp/.ui.main.MainActivity t64}}} delayed=false Callers=com.android.server.wm.DisplayContent.removeAppToken:1086 com.android.server.wm.AppWindowContainerController.removeContainer:315 com.android.server.am.ActivityRecord.removeWindowContainer:1203 com.android.server.am.ActivityStack.removeActivityFromHistoryLocked:4579 
06-04 11:30:20.718 V/WindowManager( 1252): removeIfPossible: Window{5fef7df u0 com.seeyon.cmp/com.seeyon.cmp.ui.main.MainActivity}
06-04 11:30:20.718 V/WindowManager( 1252): postWindowRemoveCleanupLocked: Window{5fef7df u0 com.seeyon.cmp/com.seeyon.cmp.ui.main.MainActivity}
06-04 11:30:20.718 V/WindowManager( 1252): Removing Window{5fef7df u0 com.seeyon.cmp/com.seeyon.cmp.ui.main.MainActivity} from AppWindowToken{e9e0f46 token=Token{66eef21 ActivityRecord{8984988 u0 com.seeyon.cmp/.ui.main.MainActivity t64}}}
06-04 11:30:20.723 I/Zygote  (  558): Process 6809 exited due to signal (9)
06-04 11:30:20.729 V/ActivityManager( 1252): removeChild: detaching stackId=2 from displayId=0
06-04 11:30:20.737 I/ActivityManager( 1252): Killing 11160:com.android.settings/1000 (adj 800): remove task
06-04 11:30:20.739 I/HwCoreAppHelperService( 1735): LocalReceiver receives:android.intent.action.PACKAGE_RESTARTED,pkg:com.hicloud.android.clone,uid:10122
06-04 11:30:20.741 E/NfcNci  ( 2996): NfcUtils error: APP do not have nfc permission
06-04 11:30:20.741 I/HwCoreAppHelperService( 1735): LocalReceiver receives:android.intent.action.PACKAGE_RESTARTED,pkg:com.seeyon.cmp,uid:11178
06-04 11:30:20.741 D/CarrierSvcBindHelper( 1837): No carrier app for: 0
06-04 11:30:20.741 E/NfcNci  ( 2996): NfcUtils error: APP do not have nfc permission
06-04 11:30:20.741 D/CarrierSvcBindHelper( 1837): No carrier app for: 1
06-04 11:30:20.741 D/ActivityManager( 1252): cleanUpApplicationRecord app: ProcessRecord{7cc1148 9214:com.google.android.webview:sandboxed_process3/u0a1178i5}, app.bad: false, restarting: false, allowRestart: true
06-04 11:30:20.742 D/CarrierSvcBindHelper( 1837): No carrier app for: 0
06-04 11:30:20.742 E/NfcNci  ( 2996): NfcUtils error: APP do not have nfc permission
06-04 11:30:20.742 D/CarrierSvcBindHelper( 1837): No carrier app for: 1
06-04 11:30:20.743 E/NfcNci  ( 2996): NfcUtils error: APP do not have nfc permission
06-04 11:30:20.743 E/HwActivityManagerServiceEx( 1252): getProcessRecordFromMTM process info is null ,mUid :9214
06-04 11:30:20.744 I/BoosterSwitchP( 1735): notifyUidState do nothing
06-04 11:30:20.744 I/DeepNoDisturbP( 1735): notifyUidState
06-04 11:30:20.744 I/BrowserChrP( 1735): notifyUidState
06-04 11:30:20.744 I/StatusBarDisable( 1252): setFlags what=0 which=1 pkg=Window{b88a65f u0 com.huawei.android.launcher/com.huawei.android.launcher.unihome.UniHomeLauncher}
06-04 11:30:20.744 I/chatty  ( 1252): uid=1000(system) android.ui identical 2 lines
06-04 11:30:20.744 I/StatusBarDisable( 1252): setFlags what=0 which=1 pkg=Window{b88a65f u0 com.huawei.android.launcher/com.huawei.android.launcher.unihome.UniHomeLauncher}
06-04 11:30:20.745 I/BoosterSwitchP( 1735): notifyUidState do nothing
06-04 11:30:20.745 I/DeepNoDisturbP( 1735): notifyUidState
06-04 11:30:20.745 I/BrowserChrP( 1735): notifyUidState
06-04 11:30:20.747 I/chatty  ( 1735): uid=1000(system) Binder:1735_5 expire 5 lines
06-04 11:30:20.747 V/AlarmManager( 1252): UninstallReceiver onReceive action:android.intent.action.PACKAGE_RESTARTED
06-04 11:30:20.747 I/MediaProcessHandler( 1735): processOp opType: 1, uid: 11178, pid: 9214
06-04 11:30:20.747 W/MediaProcessHandler( 1735): remove target not exist, maybe the UI process: uid: 11178, pid: 9214
06-04 11:30:20.748 I/MediaProcessHandler( 1735): executedCallBack opType: 1 mMediaStatusObservers.size=0
06-04 11:30:20.748 W/NotificationAssistants( 1252): rebindServices() ignore for NotificationAssistantService
06-04 11:30:20.749 V/AlarmManager( 1252): UninstallReceiver onReceive action:android.intent.action.PACKAGE_RESTARTED
06-04 11:30:20.750 W/NotificationAssistants( 1252): rebindServices() ignore for NotificationAssistantService
06-04 11:30:20.759 I/Zygote  (  558): Process 8931 exited due to signal (9)
06-04 11:30:20.767 I/Zygote  (  557): Process 11160 exited due to signal (9)
06-04 11:30:20.767 D/ActivityManager( 1252): cleanUpApplicationRecord app: ProcessRecord{fca383a 11160:com.android.settings/1000}, app.bad: false, restarting: false, allowRestart: true
06-04 11:30:20.767 W/ActivityManager( 1252): Scheduling restart of crashed service com.android.settings/.deviceinfo.UsbSettingsService in 1000ms
06-04 11:30:20.768 E/HsmCoreServiceImpl( 1735): onTransact in code is: 102
06-04 11:30:20.768 W/MediaProcessHandler( 1735): processOp uid 1000 is not concerned!
06-04 11:30:20.769 I/MediaProcessHandler( 1735): executedCallBack opType: 1 mMediaStatusObservers.size=0
06-04 11:30:20.769 I/BoosterSwitchP( 1735): notifyUidState do nothing
06-04 11:30:20.769 I/DeepNoDisturbP( 1735): notifyUidState
06-04 11:30:20.769 I/BrowserChrP( 1735): notifyUidState
06-04 11:30:20.812 D/HwRecentsTaskUtils( 1859): refreshToCache
06-04 11:30:20.813 D/HwRecentsTaskUtils( 1859): searchFromDate
06-04 11:30:20.813 V/ActivityManager( 1252): Successfully start provider ContentProviderRecord{4b180f0 u0 com.android.systemui/.recents.HwRecentsLockProdiver} launchingApp=null caller pid= 1859
06-04 11:30:20.820 E/HsmCoreServiceImpl( 1735): onTransact in code is: 103
06-04 11:30:20.820 I/MediaProcessHandler( 1735): playingUids: 
06-04 11:30:20.821 I/RecentsTaskLoadPlan( 1859): to show tasks size is 1
06-04 11:30:20.843 I/ActivityManager( 1252): Killing 8520:com.android.gallery3d:search/u0a21 (adj 906): empty #25
06-04 11:30:20.850 I/Zygote  (  558): Process 6130 exited due to signal (9)
06-04 11:30:20.850 D/ConnectivityService( 1252): ConnectivityService NetworkRequestInfo binderDied(NetworkRequest [ LISTEN id=34, [ Capabilities: INTERNET&NOT_RESTRICTED&TRUSTED Uid: 11178] ], android.os.BinderProxy@9414180)
06-04 11:30:20.851 D/ConnectivityService( 1252): ConnectivityService NetworkRequestInfo binderDied(NetworkRequest [ TRACK_DEFAULT id=33, [ Capabilities: INTERNET&NOT_RESTRICTED&TRUSTED Uid: 11178] ], android.os.BinderProxy@bbe13b9)
06-04 11:30:20.851 D/ConnectivityService( 1252): releasing NetworkRequest [ LISTEN id=34, [ Capabilities: INTERNET&NOT_RESTRICTED&TRUSTED Uid: 11178] ] (release request)
06-04 11:30:20.852 D/ConnectivityService( 1252): releasing NetworkRequest [ TRACK_DEFAULT id=33, [ Capabilities: INTERNET&NOT_RESTRICTED&TRUSTED Uid: 11178] ] (release request)
06-04 11:30:20.852 D/ConnectivityService( 1252):  Removing from current network NetworkAgentInfo [WIFI () - 100], leaving 23 requests.
06-04 11:30:20.854 I/WindowManager( 1252): WIN DEATH: Window{82d9e5a u0 Toast}
06-04 11:30:20.854 V/WindowManager( 1252): removeIfPossible: Window{82d9e5a u0 Toast}
06-04 11:30:20.857 D/ActivityManager( 1252): cleanUpApplicationRecord app: ProcessRecord{35ae1cb 8520:com.android.gallery3d:search/u0a21}, app.bad: false, restarting: false, allowRestart: true
06-04 11:30:20.859 E/HsmCoreServiceImpl( 1735): onTransact in code is: 102
06-04 11:30:20.859 I/MediaProcessHandler( 1735): processOp opType: 1, uid: 10021, pid: 8520
06-04 11:30:20.859 W/MediaProcessHandler( 1735): remove target not exist, maybe the UI process: uid: 10021, pid: 8520
06-04 11:30:20.859 I/MediaProcessHandler( 1735): executedCallBack opType: 1 mMediaStatusObservers.size=0
06-04 11:30:20.860 V/WindowManager( 1252): Not removing Window{82d9e5a u0 Toast EXITING} due to exit animation 
06-04 11:30:20.860 I/BoosterSwitchP( 1735): notifyUidState do nothing
06-04 11:30:20.860 I/DeepNoDisturbP( 1735): notifyUidState
06-04 11:30:20.860 I/BrowserChrP( 1735): notifyUidState
06-04 11:30:20.861 I/StatusBarDisable( 1252): setFlags what=0 which=1 pkg=Window{b88a65f u0 com.huawei.android.launcher/com.huawei.android.launcher.unihome.UniHomeLauncher}
06-04 11:30:20.863 I/GRALLOC (  590): getCallingPid=1252, shrFd=32,fmt=0x1,intFmt=0x200000001,btStrd=3072,size=4194304,pid=590 
06-04 11:30:20.863 I/GRALLOC (  590): 	 yuv=2,w=756,h=1344,Stride u=0 v=0,offset u=0 v=0 
06-04 11:30:20.863 I/GRALLOC (  590): 	 iova_size=4194304,conUsg=0x100,proUsg=0x100,	 strd=768,[afbc]HdrStrd=768 PyldStrd=49152 Scrmbl=2,ionhnd = 1 
