09-18 15:47:49.099 E/WifiConfigStore( 4195): updateConfiguration freq=5240 BSSID=8c:fe:74:23:b0:7c RSSI=-64 "RongCloud"WPA_PSK
09-18 15:47:50.407 W/CSP_DialpadFragment(28714): onTouch begin 1568792870407
09-18 15:47:50.457 W/CSP_DialpadFragment(28714): onTouch begin 1568792870457
09-18 15:47:50.540 W/CSP_DialpadFragment(28714): onTouch begin 1568792870540
09-18 15:47:50.586 W/CSP_DialpadFragment(28714): onTouch begin 1568792870586
09-18 15:47:50.602 W/CSP_DialpadFragment(28714): onTouch begin 1568792870602
09-18 15:47:50.612 W/CSP_DialpadFragment(28714): onTouch begin 1568792870612
09-18 15:47:50.614 W/CSP_DialpadFragment(28714): onTouch begin 1568792870614
09-18 15:47:50.617 W/SpecialCharSequenceMgr(28714): handleSecretCode:method not supported.
09-18 15:47:50.797 W/CSP_DialpadFragment(28714): onTouch begin 1568792870797
09-18 15:47:50.863 W/CSP_DialpadFragment(28714): onTouch begin 1568792870863
09-18 15:47:50.958 W/CSP_DialpadFragment(28714): onTouch begin 1568792870958
09-18 15:47:51.036 W/CSP_DialpadFragment(28714): onTouch begin 1568792871036
09-18 15:47:51.038 W/CSP_DialpadFragment(28714): onTouch begin 1568792871037
09-18 15:47:51.057 E/CommonUtilMethods(28714): childmode_status
09-18 15:47:51.058 I/SendBroadcastPermission(28714): action:android.provider.Telephony.SECRET_CODE, mPermissionType:0
09-18 15:47:51.172 I/[Gralloc]( 3718): alloc w[16] h[16] format[1] usage[256]
09-18 15:47:51.172 I/[Gralloc]( 3718): alloc succ handle[0xb8c96dd0] stride[32]
09-18 15:47:51.175 E/linker  (23082): readlink('/proc/self/fd/21') failed: Permission denied [fd=21]
09-18 15:47:51.175 E/linker  (23082): warning: unable to get realpath for the library "/system/lib/hw/gralloc.hi3630.so". Will use given name.
09-18 15:47:51.178 E/linker  (23082): readlink('/proc/self/fd/21') failed: Permission denied [fd=21]
09-18 15:47:51.178 E/linker  (23082): warning: unable to get realpath for the library "libion.so". Will use given name.
09-18 15:47:51.182 E/HAL     (23082): load: id=gralloc != hmi->id=gralloc
09-18 15:47:51.211 W/System  (23082): ClassLoader referenced unknown path: /system/app/HwProjectMenu/lib/arm
09-18 15:47:51.236 W/AlarmManager( 4195): WAKEUP alarm trigger action = null elapsed = 190280983
09-18 15:47:51.237 I/ProjectMenuReceiver(23082): startProjectMenu: isExtend = false
09-18 15:47:51.259 I/K3V3CpuGovernorPolicy( 6581): set scene Hmp policy : 300 , 150
09-18 15:47:51.279 I/[Gralloc]( 3718): alloc w[360] h[642] format[1] usage[819]
09-18 15:47:51.281 I/[Gralloc]( 3718): alloc succ handle[0xb8c767e8] stride[416]
09-18 15:47:51.305 I/HwCust  (22149): Constructor found for class android.app.HwCustAlarmManagerImpl
09-18 15:47:51.309 I/[RC:L-ping-S](22116): {"ptid":"22149-4387","interval":190431053,"enabled":true}
09-18 15:47:51.323 W/PGApi_client( 6581): recv actoionId = 10000, action = com.huawei.pgmng.PGAction@9dd31b8 actionId =10000 pkg =com.huawei.android.projectmenu extend1 =1459 extend2 = flag =3 type =1
09-18 15:47:51.323 W/PGMiddleWare( 6581): in handleAction method, action = 10000
09-18 15:47:51.323 W/PGMiddleWare( 6581): in handleAction, invoke client = com.huawei.pgmng.middleware.AudioEffectLowPowerImpl@842d05e, action = com.huawei.pgmng.PGAction@9dd31b8 actionId =10000 pkg =com.huawei.android.projectmenu extend1 =1459 extend2 = flag =3 type =1
09-18 15:47:51.328 I/HwSystemManager( 4979): NotificationGuideService:handle MSG_ACTIVIY_FOREGROUND, uid:1000
09-18 15:47:51.338 I/RongLog (22149): [RongLog][ NativeClient ] loginInfo: 
09-18 15:47:51.338 I/HwCust  (23082): Constructor found for class android.app.HwCustHwWallpaperManagerImpl
09-18 15:47:51.340 I/[RC:L-ping-S](22116): {"ptid":"22149-4387","interval":190431053,"enabled":false}
09-18 15:47:51.352 E/RongLog (22116): [RongLog][ RongIMClient ] mToken is cleared for terminal reconnect reason
09-18 15:47:51.372 I/[Gralloc]( 3718): alloc w[1080] h[1920] format[1] usage[2355]
09-18 15:47:51.372 I/[Gralloc]( 3718): alloc succ handle[0xb8c7cd98] stride[1120]
09-18 15:47:51.372 I/[Gralloc]( 3718): alloc w[1080] h[1920] format[1] usage[3]
09-18 15:47:51.377 I/[Gralloc]( 3718): alloc succ handle[0xb8c35a98] stride[1120]
09-18 15:47:51.388 W/CfgFilePolicy(23082): No config file found for:xml/hw_launcher_load_icon.xml
09-18 15:47:51.461 I/PgedBinderListener( 6581): kstate callback type:8 value1=680 value2=KILLED
09-18 15:47:51.489 E/HAL     (23082): load: id=gralloc != hmi->id=gralloc
09-18 15:47:51.489 I/OpenGLRenderer(23082): Initialized EGL, version 1.4
09-18 15:47:51.495 E/linker  (23082): readlink('/proc/self/fd/34') failed: Permission denied [fd=34]
09-18 15:47:51.496 E/linker  (23082): warning: unable to get realpath for the library "libhwaps.so". Will use given name.
09-18 15:47:51.505 E/linker  (23082): readlink('/proc/self/fd/35') failed: Permission denied [fd=35]
09-18 15:47:51.505 E/linker  (23082): warning: unable to get realpath for the library "/system/lib/libhwuibp.so". Will use given name.
09-18 15:47:51.511 I/[Gralloc]( 3718): alloc w[1080] h[1920] format[1] usage[2816]
09-18 15:47:51.515 I/[Gralloc]( 3718): alloc succ handle[0xb8b7e5b0] stride[1120]
09-18 15:47:51.515 I/[Gralloc]( 3718): alloc w[1080] h[1920] format[1] usage[2816]
09-18 15:47:51.519 I/[Gralloc]( 3718): alloc succ handle[0xb8c60ba0] stride[1120]
09-18 15:47:51.519 I/[Gralloc]( 3718): alloc w[1080] h[1920] format[1] usage[2816]
09-18 15:47:51.525 I/[Gralloc]( 3718): alloc succ handle[0xb8b86b60] stride[1120]
09-18 15:47:51.562 E/HsmCoreServiceImpl( 4195): onTransact in code is: 102
09-18 15:47:51.562 I/MediaProcessHandler( 4195): processOp opType: 1, uid: 10004, pid: 680
09-18 15:47:51.562 W/MediaProcessHandler( 4195): remove target not exist, maybe the UI process: uid: 10004, pid: 680
09-18 15:47:51.608 I/ActivityManager( 4195): Displayed com.huawei.android.projectmenu/.ProjectMenuActivity: +296ms
09-18 15:47:52.048 I/K3V3CpuGovernorPolicy( 6581): close previously scene Hmp policy : 300 , 150
09-18 15:47:52.116 I/SendBroadcastPermission( 4195): action:android.net.wifi.RSSI_CHANGED, mPermissionType:0
09-18 15:47:52.117 E/WifiConfigStore( 4195): updateConfiguration freq=5240 BSSID=8c:fe:74:23:b0:7c RSSI=-65 "RongCloud"WPA_PSK
09-18 15:47:53.576 I/SendBroadcastPermission( 4195): action:android.net.conn.DATA_ACTIVITY_CHANGE, mPermissionType:0
09-18 15:47:54.689 I/SendBroadcastPermission( 4195): action:android.net.conn.DATA_ACTIVITY_CHANGE, mPermissionType:0
09-18 15:47:54.704 W/AlarmManager( 4195): WAKEUP alarm trigger action = com.huawei.hwvplayer.youku.intent.action.COCKROACH elapsed = 190047127
09-18 15:47:54.709 W/AlarmManager( 4195): WAKEUP alarm trigger action = action.pfw.wakeup.timer elapsed = 190164374
09-18 15:47:54.711 W/AlarmManager( 4195): WAKEUP alarm trigger action = com.UCMobile.intent.action.COCKROACH elapsed = 190186584
09-18 15:47:54.715 W/AlarmManager( 4195): WAKEUP alarm trigger action = action.interval.alarm.timer elapsed = 190255217
09-18 15:47:54.831 I/SendBroadcastPermission( 4195): action:android.net.wifi.SCAN_RESULTS, mPermissionType:0
09-18 15:47:55.143 I/SendBroadcastPermission( 4195): action:android.net.wifi.RSSI_CHANGED, mPermissionType:0
09-18 15:47:55.145 E/WifiConfigStore( 4195): updateConfiguration freq=5240 BSSID=8c:fe:74:23:b0:7c RSSI=-65 "RongCloud"WPA_PSK
09-18 15:47:56.169 I/Bluetooth( 7860): HeadsetStateMachine:Disconnected process message: 10, size: 0
09-18 15:47:56.176 I/HwPowerMonitor.PowerExceptionObservable( 6614): unhandled onEvent actionID: 3002
09-18 15:47:56.176 I/HwPowerMonitor.DayActObserver( 6614): in PowerMonitorHandler, will handle msg.what = battery_changed, Utils.isCharging() = true
09-18 15:47:56.565 E/Thermal-daemon( 3734): [flash_led] temp_new :39  temp_old :38
09-18 15:47:56.566 E/Thermal-daemon( 3734): Report temperature: [flash_led] temp :39  report_threshold:1
09-18 15:47:58.171 I/SendBroadcastPermission( 4195): action:android.net.wifi.RSSI_CHANGED, mPermissionType:0
09-18 15:47:58.174 E/WifiConfigStore( 4195): updateConfiguration freq=5240 BSSID=8c:fe:74:23:b0:7c RSSI=-66 "RongCloud"WPA_PSK
09-18 15:47:59.794 I/BatteryCharge(23082): execute
09-18 15:47:59.807 I/[Gralloc]( 3718): alloc w[360] h[642] format[1] usage[819]
09-18 15:47:59.810 I/[Gralloc]( 3718): alloc succ handle[0xb8b064a8] stride[416]
09-18 15:47:59.897 I/[Gralloc]( 3718): alloc w[1080] h[1920] format[1] usage[2355]
09-18 15:47:59.898 I/[Gralloc]( 3718): alloc succ handle[0xb8c35a98] stride[1120]
09-18 15:47:59.898 I/[Gralloc]( 3718): alloc w[1080] h[1920] format[1] usage[3]
09-18 15:47:59.909 I/[Gralloc]( 3718): alloc succ handle[0xb8cb30c0] stride[1120]
09-18 15:47:59.972 I/HwPowerMonitor.PowerExceptionObservable( 6614): unhandled onEvent actionID: 3002
09-18 15:47:59.972 I/Bluetooth( 7860): HeadsetStateMachine:Disconnected process message: 10, size: 0
09-18 15:47:59.981 I/HwPowerMonitor.DayActObserver( 6614): in PowerMonitorHandler, will handle msg.what = battery_changed, Utils.isCharging() = true
09-18 15:48:00.003 I/TimeManager( 4781): receiver action = android.intent.action.TIME_TICK
09-18 15:48:00.014 I/HwLauncher( 7837): Model  onReceive intent=Intent { act=android.intent.action.TIME_TICK flg=0x50000014 (has extras) }
09-18 15:48:00.015 I/HwLauncher( 7837): Model  onReceive user=UserHandle{0}
09-18 15:48:00.030 I/TotemWeather( 7837): CityTimeView CityTimeView mCurrentViewMode = 10141
09-18 15:48:00.082 I/TotemWeather( 7837): CityTimeFormatView CityTimeFormatView setTimeFormat is24Hour=true,timeFormat=
09-18 15:48:00.083 I/TotemWeather( 7837): DateTimeManager send message delay millis = 60917 ms
09-18 15:48:00.146 I/[Gralloc]( 3718): alloc w[1080] h[1920] format[1] usage[2816]
09-18 15:48:00.151 I/[Gralloc]( 3718): alloc succ handle[0xb8d1a7b8] stride[1120]
09-18 15:48:00.151 I/[Gralloc]( 3718): alloc w[1080] h[1920] format[1] usage[2816]
09-18 15:48:00.160 I/[Gralloc]( 3718): alloc succ handle[0xb8b05d58] stride[1120]
09-18 15:48:00.160 I/[Gralloc]( 3718): alloc w[1080] h[1920] format[1] usage[2816]
09-18 15:48:00.168 I/[Gralloc]( 3718): alloc succ handle[0xb8b85260] stride[1120]
09-18 15:48:00.218 I/Bluetooth( 7860): HeadsetStateMachine:Disconnected process message: 10, size: 0
09-18 15:48:00.220 I/HwPowerMonitor.PowerExceptionObservable( 6614): unhandled onEvent actionID: 3002
09-18 15:48:00.222 I/HwPowerMonitor.DayActObserver( 6614): in PowerMonitorHandler, will handle msg.what = battery_changed, Utils.isCharging() = true
09-18 15:48:00.260 I/ActivityManager( 4195): Displayed com.huawei.android.projectmenu/.job.BatteryCharge$BatteryChargeActivity: +410ms
09-18 15:48:00.279 I/Bluetooth( 7860): HeadsetStateMachine:Disconnected process message: 10, size: 0
09-18 15:48:00.280 I/HwPowerMonitor.PowerExceptionObservable( 6614): unhandled onEvent actionID: 3002
09-18 15:48:00.281 I/HwPowerMonitor.DayActObserver( 6614): in PowerMonitorHandler, will handle msg.what = battery_changed, Utils.isCharging() = true
09-18 15:48:01.223 E/WifiConfigStore( 4195): updateConfiguration freq=5240 BSSID=8c:fe:74:23:b0:7c RSSI=-68 "RongCloud"WPA_PSK
09-18 15:48:01.570 E/Thermal-daemon( 3734): [flash_led] temp_new :38  temp_old :39
09-18 15:48:01.571 E/Thermal-daemon( 3734): Report temperature: [flash_led] temp :38  report_threshold:1
09-18 15:48:02.550 I/[Gralloc]( 3718): alloc w[360] h[642] format[1] usage[819]
09-18 15:48:02.553 I/[Gralloc]( 3718): alloc succ handle[0xb8c1f638] stride[416]
09-18 15:48:02.592 I/Bluetooth( 7860): HeadsetStateMachine:Disconnected process message: 10, size: 0
09-18 15:48:02.598 I/HwPowerMonitor.PowerExceptionObservable( 6614): unhandled onEvent actionID: 3002
09-18 15:48:02.598 I/HwPowerMonitor.DayActObserver( 6614): in PowerMonitorHandler, will handle msg.what = battery_changed, Utils.isCharging() = true
09-18 15:48:02.670 I/[Gralloc]( 3718): alloc w[1080] h[1920] format[1] usage[2816]
09-18 15:48:02.675 I/[Gralloc]( 3718): alloc succ handle[0xb8b889d0] stride[1120]
09-18 15:48:02.675 I/[Gralloc]( 3718): alloc w[1080] h[1920] format[1] usage[2816]
09-18 15:48:02.679 I/[Gralloc]( 3718): alloc succ handle[0xb8b87d18] stride[1120]
09-18 15:48:02.679 I/[Gralloc]( 3718): alloc w[1080] h[1920] format[1] usage[2816]
09-18 15:48:02.686 I/[Gralloc]( 3718): alloc succ handle[0xb8caf4d0] stride[1120]
09-18 15:48:03.059 W/SurfaceFlinger( 3718): couldn't log to binary event log: overflow.
09-18 15:48:03.496 I/StartMenu(23082): execute: mMenuId = 6 isExtend = false mIsShowSequenceNum = true
09-18 15:48:03.621 I/[Gralloc]( 3718): alloc w[1080] h[1920] format[1] usage[2816]
09-18 15:48:03.626 I/[Gralloc]( 3718): alloc succ handle[0xb8b80758] stride[1120]
09-18 15:48:03.627 I/[Gralloc]( 3718): alloc w[1080] h[1920] format[1] usage[2816]
09-18 15:48:03.636 I/[Gralloc]( 3718): alloc succ handle[0xb8b8b068] stride[1120]
09-18 15:48:03.636 I/[Gralloc]( 3718): alloc w[1080] h[1920] format[1] usage[2816]
09-18 15:48:03.644 I/[Gralloc]( 3718): alloc succ handle[0xb8c76950] stride[1120]
09-18 15:48:03.682 I/ActivityManager( 4195): Displayed com.huawei.android.projectmenu/.ProjectMenuActivity: +163ms
09-18 15:48:04.242 E/WifiConfigStore( 4195): updateConfiguration freq=5240 BSSID=8c:fe:74:23:b0:7c RSSI=-70 "RongCloud"WPA_PSK
09-18 15:48:04.258 I/[Gralloc]( 3718): alloc w[1080] h[1920] format[1] usage[2816]
09-18 15:48:04.264 I/[Gralloc]( 3718): alloc succ handle[0xb8b889d0] stride[1120]
09-18 15:48:04.264 I/[Gralloc]( 3718): alloc w[1080] h[1920] format[1] usage[2816]
09-18 15:48:04.268 I/[Gralloc]( 3718): alloc succ handle[0xb8b7e5b0] stride[1120]
09-18 15:48:04.268 I/[Gralloc]( 3718): alloc w[1080] h[1920] format[1] usage[2816]
09-18 15:48:04.273 I/[Gralloc]( 3718): alloc succ handle[0xb8b85260] stride[1120]
09-18 15:48:05.103 I/StartMenu(23082): execute: mMenuId = 4 isExtend = false mIsShowSequenceNum = true
09-18 15:48:05.243 I/[Gralloc]( 3718): alloc w[1080] h[1920] format[1] usage[2816]
09-18 15:48:05.249 I/[Gralloc]( 3718): alloc succ handle[0xb8bd9380] stride[1120]
09-18 15:48:05.249 I/[Gralloc]( 3718): alloc w[1080] h[1920] format[1] usage[2816]
09-18 15:48:05.258 I/[Gralloc]( 3718): alloc succ handle[0xb8c76908] stride[1120]
09-18 15:48:05.258 I/[Gralloc]( 3718): alloc w[1080] h[1920] format[1] usage[2816]
09-18 15:48:05.269 I/[Gralloc]( 3718): alloc succ handle[0xb8c6d3b8] stride[1120]
09-18 15:48:05.345 I/ActivityManager( 4195): Displayed com.huawei.android.projectmenu/.ProjectMenuActivity: +221ms
09-18 15:48:06.058 I/[Gralloc]( 3718): alloc w[1080] h[1920] format[1] usage[2816]
09-18 15:48:06.064 I/[Gralloc]( 3718): alloc succ handle[0xb8caf4d0] stride[1120]
09-18 15:48:06.064 I/[Gralloc]( 3718): alloc w[1080] h[1920] format[1] usage[2816]
09-18 15:48:06.068 I/[Gralloc]( 3718): alloc succ handle[0xb8cae1a0] stride[1120]
09-18 15:48:06.068 I/[Gralloc]( 3718): alloc w[1080] h[1920] format[1] usage[2816]
09-18 15:48:06.073 I/[Gralloc]( 3718): alloc succ handle[0xb8b87e80] stride[1120]
09-18 15:48:06.574 E/Thermal-daemon( 3734): [flash_led] temp_new :39  temp_old :38
09-18 15:48:06.574 E/Thermal-daemon( 3734): Report temperature: [flash_led] temp :39  report_threshold:1
09-18 15:48:06.906 I/StartMenu(23082): execute: mMenuId = 3 isExtend = false mIsShowSequenceNum = true
09-18 15:48:07.045 I/[Gralloc]( 3718): alloc w[1080] h[1920] format[1] usage[2816]
09-18 15:48:07.051 I/[Gralloc]( 3718): alloc succ handle[0xb8c28b70] stride[1120]
09-18 15:48:07.051 I/[Gralloc]( 3718): alloc w[1080] h[1920] format[1] usage[2816]
09-18 15:48:07.059 I/[Gralloc]( 3718): alloc succ handle[0xb8c6d3b8] stride[1120]
09-18 15:48:07.060 I/[Gralloc]( 3718): alloc w[1080] h[1920] format[1] usage[2816]
09-18 15:48:07.066 I/[Gralloc]( 3718): alloc succ handle[0xb8c60b68] stride[1120]
09-18 15:48:07.146 I/ActivityManager( 4195): Displayed com.huawei.android.projectmenu/.ProjectMenuActivity: +219ms
09-18 15:48:07.253 I/Bluetooth( 7860): HeadsetStateMachine:Disconnected process message: 10, size: 0
09-18 15:48:07.258 I/HwPowerMonitor.PowerExceptionObservable( 6614): unhandled onEvent actionID: 3002
09-18 15:48:07.258 I/HwPowerMonitor.DayActObserver( 6614): in PowerMonitorHandler, will handle msg.what = battery_changed, Utils.isCharging() = true
09-18 15:48:07.261 E/WifiConfigStore( 4195): updateConfiguration freq=5240 BSSID=8c:fe:74:23:b0:7c RSSI=-69 "RongCloud"WPA_PSK
09-18 15:48:08.367 I/MultiChoiceJob(23082): execute
09-18 15:48:08.458 I/LogSettings(23082): getCheck
09-18 15:48:08.471 E/linker  (23082): readlink('/proc/self/fd/37') failed: Permission denied [fd=37]
09-18 15:48:08.471 E/linker  (23082): warning: unable to get realpath for the library "/system/lib/libProjectMenuCustEx_jni.so". Will use given name.
09-18 15:48:08.480 E/linker  (23082): readlink('/proc/self/fd/37') failed: Permission denied [fd=37]
09-18 15:48:08.480 E/linker  (23082): warning: unable to get realpath for the library "libatpswdck.so". Will use given name.
09-18 15:48:08.488 E/linker  (23082): readlink('/proc/self/fd/40') failed: Permission denied [fd=40]
09-18 15:48:08.488 E/linker  (23082): warning: unable to get realpath for the library "libnvme.so". Will use given name.
09-18 15:48:08.494 E/linker  (23082): readlink('/proc/self/fd/40') failed: Permission denied [fd=40]
09-18 15:48:08.494 E/linker  (23082): warning: unable to get realpath for the library "libhisi_efuse.so". Will use given name.
09-18 15:48:08.496 E/linker  (23082): readlink('/proc/self/fd/40') failed: Permission denied [fd=40]
09-18 15:48:08.496 E/linker  (23082): warning: unable to get realpath for the library "lib_atprotocolsw.so". Will use given name.
09-18 15:48:08.502 I/        (23082): JNI_OnLoad
09-18 15:48:08.517 I/[Gralloc]( 3718): alloc w[1218] h[540] format[1] usage[2816]
09-18 15:48:08.524 I/[Gralloc]( 3718): alloc succ handle[0xb8c8d830] stride[1248]
09-18 15:48:08.524 I/[Gralloc]( 3718): alloc w[1218] h[540] format[1] usage[2816]
09-18 15:48:08.529 I/[Gralloc]( 3718): alloc succ handle[0xb8b7e8b0] stride[1248]
09-18 15:48:08.529 I/[Gralloc]( 3718): alloc w[1218] h[540] format[1] usage[2816]
09-18 15:48:08.531 I/[Gralloc]( 3718): alloc succ handle[0xb8b88d90] stride[1248]
09-18 15:48:08.725 I/[Gralloc]( 3718): alloc w[1218] h[1215] format[1] usage[2816]
09-18 15:48:08.736 I/[Gralloc]( 3718): alloc succ handle[0xb8b05de0] stride[1248]
09-18 15:48:08.736 I/[Gralloc]( 3718): alloc w[1218] h[1215] format[1] usage[2816]
09-18 15:48:08.741 I/[Gralloc]( 3718): alloc succ handle[0xb8c767e8] stride[1248]
09-18 15:48:08.741 I/[Gralloc]( 3718): alloc w[1218] h[1215] format[1] usage[2816]
09-18 15:48:08.745 I/[Gralloc]( 3718): alloc succ handle[0xb8b85088] stride[1248]
09-18 15:48:10.289 E/WifiConfigStore( 4195): updateConfiguration freq=5240 BSSID=8c:fe:74:23:b0:7c RSSI=-70 "RongCloud"WPA_PSK
09-18 15:48:12.450 I/MultiChoiceJob(23082): onClick: which = 0 isChecked = true
09-18 15:48:12.532 I/SendBroadcastPermission( 4195): action:android.net.conn.DATA_ACTIVITY_CHANGE, mPermissionType:0
09-18 15:48:12.543 E/        (23082): sizeof is:1
09-18 15:48:12.543 E/        (23082): open /dev/hwlog_switch for log switch failed.
09-18 15:48:12.551 I/[Gralloc]( 3718): alloc w[1218] h[540] format[1] usage[2816]
09-18 15:48:12.555 I/[Gralloc]( 3718): alloc succ handle[0xb8c90f00] stride[1248]
09-18 15:48:12.555 I/[Gralloc]( 3718): alloc w[1218] h[540] format[1] usage[2816]
09-18 15:48:12.559 I/[Gralloc]( 3718): alloc succ handle[0xb8b97c20] stride[1248]
09-18 15:48:12.559 I/[Gralloc]( 3718): alloc w[1218] h[540] format[1] usage[2816]
09-18 15:48:12.560 E/        (23082): Write NV314 value is:1
09-18 15:48:12.566 I/[Gralloc]( 3718): alloc succ handle[0xb8c17d68] stride[1248]
09-18 15:48:12.577 E/OEMINFO_NVM_SERVER( 3037): pid 23082, opration nvm_write OK
09-18 15:48:12.578 E/OEMINFO_NVM_SERVER( 3037): pid 23169, opration nvm_read OK
09-18 15:48:12.599 I/PgedBinderListener( 6581): kstate callback type:8 value1=23169 value2=KILLED
09-18 15:48:12.682 I/[Gralloc]( 3718): alloc w[587] h[166] format[1] usage[2355]
09-18 15:48:12.684 I/[Gralloc]( 3718): alloc succ handle[0xb8c90eb0] stride[608]
09-18 15:48:13.008 I/MultiChoiceJob(23082): onClick: which = 2 isChecked = true
09-18 15:48:13.080 E/        (23082): sizeof is:1
09-18 15:48:13.080 E/        (23082): open /dev/hwlog_switch for log switch failed.
09-18 15:48:13.096 E/        (23082): Write NV314 value is:1
09-18 15:48:13.112 E/OEMINFO_NVM_SERVER( 3037): pid 23082, opration nvm_write OK
09-18 15:48:13.115 E/OEMINFO_NVM_SERVER( 3037): pid 23173, opration nvm_read OK
09-18 15:48:13.123 I/[Gralloc]( 3718): alloc w[1218] h[540] format[1] usage[2816]
09-18 15:48:13.126 I/[Gralloc]( 3718): alloc succ handle[0xb8b7eed8] stride[1248]
09-18 15:48:13.126 I/[Gralloc]( 3718): alloc w[1218] h[540] format[1] usage[2816]
09-18 15:48:13.130 I/[Gralloc]( 3718): alloc succ handle[0xb8b7f040] stride[1248]
09-18 15:48:13.130 I/[Gralloc]( 3718): alloc w[1218] h[540] format[1] usage[2816]
09-18 15:48:13.132 I/PgedBinderListener( 6581): kstate callback type:8 value1=23173 value2=KILLED
09-18 15:48:13.138 I/[Gralloc]( 3718): alloc succ handle[0xb8c60870] stride[1248]
09-18 15:48:13.306 E/WifiConfigStore( 4195): updateConfiguration freq=5240 BSSID=8c:fe:74:23:b0:7c RSSI=-67 "RongCloud"WPA_PSK
09-18 15:48:14.283 I/MultiChoiceJob(23082): onClick: which = 1 isChecked = true
09-18 15:48:14.374 E/        (23082): sizeof is:1
09-18 15:48:14.374 E/        (23082): open /dev/hwlog_switch for log switch failed.
09-18 15:48:14.378 E/        (23082): atIsCpPowerOn: Unable to open /sys/devices/platform/xmm_power/state: No such file or directory
09-18 15:48:14.378 E/        (23082): cp is not power on.
09-18 15:48:14.378 E/        (23082):  mFd2=-1
09-18 15:48:14.378 E/        (23082): begin to open /dev/appvcom2,balong:
09-18 15:48:14.378 E/        (23082): set AT property for balong,
09-18 15:48:14.378 E/        (23082): tcgetattr failed
09-18 15:48:14.378 E/        (23082): tcsetattr failed
09-18 15:48:14.379 E/        (23082):  mFd3=46
09-18 15:48:14.393 I/[Gralloc]( 3718): alloc w[1218] h[540] format[1] usage[2816]
09-18 15:48:14.395 I/[Gralloc]( 3718): alloc succ handle[0xb8c60998] stride[1248]
09-18 15:48:14.396 I/[Gralloc]( 3718): alloc w[1218] h[540] format[1] usage[2816]
09-18 15:48:14.400 I/[Gralloc]( 3718): alloc succ handle[0xb8c60810] stride[1248]
09-18 15:48:14.400 I/[Gralloc]( 3718): alloc w[1218] h[540] format[1] usage[2816]
09-18 15:48:14.406 I/[Gralloc]( 3718): alloc succ handle[0xb8b7efc8] stride[1248]
09-18 15:48:15.671 I/SendBroadcastPermission( 4195): action:android.net.conn.DATA_ACTIVITY_CHANGE, mPermissionType:0
09-18 15:48:16.296 I/SendBroadcastPermission( 4195): action:android.net.wifi.SCAN_RESULTS, mPermissionType:0
09-18 15:48:16.317 I/SendBroadcastPermission( 4195): action:android.net.wifi.RSSI_CHANGED, mPermissionType:0
09-18 15:48:16.318 E/WifiConfigStore( 4195): updateConfiguration freq=5240 BSSID=8c:fe:74:23:b0:7c RSSI=-61 "RongCloud"WPA_PSK
09-18 15:48:17.646 E/        (23082): AT command(at^logport=1) failed err: -4
09-18 15:48:17.647 I/Choreographer(23082): Skipped 196 frames!  The application may be doing too much work on its main thread.
09-18 15:48:17.747 I/[Gralloc]( 3718): alloc w[587] h[166] format[1] usage[2355]
09-18 15:48:17.750 I/[Gralloc]( 3718): alloc succ handle[0xb8c7f6a8] stride[608]
09-18 15:48:18.836 I/MultiChoiceJob(23082): onClick: which = 3 isChecked = true
09-18 15:48:18.906 E/        (23082): sizeof is:1
09-18 15:48:18.906 E/        (23082): open /dev/hwlog_switch for log switch failed.
09-18 15:48:18.917 E/        (23082): Write NV314 value is:1
09-18 15:48:18.931 E/OEMINFO_NVM_SERVER( 3037): pid 23082, opration nvm_write OK
09-18 15:48:18.932 E/OEMINFO_NVM_SERVER( 3037): pid 23187, opration nvm_read OK
09-18 15:48:18.940 I/PgedBinderListener( 6581): kstate callback type:8 value1=23187 value2=KILLED
09-18 15:48:18.953 I/[Gralloc]( 3718): alloc w[1218] h[540] format[1] usage[2816]
09-18 15:48:18.957 I/[Gralloc]( 3718): alloc succ handle[0xb8c17dc0] stride[1248]
09-18 15:48:18.957 I/[Gralloc]( 3718): alloc w[1218] h[540] format[1] usage[2816]
09-18 15:48:18.961 I/[Gralloc]( 3718): alloc succ handle[0xb8be58d8] stride[1248]
09-18 15:48:18.961 I/[Gralloc]( 3718): alloc w[1218] h[540] format[1] usage[2816]
09-18 15:48:18.968 I/[Gralloc]( 3718): alloc succ handle[0xb8d1da40] stride[1248]
09-18 15:48:19.335 E/WifiConfigStore( 4195): updateConfiguration freq=5240 BSSID=8c:fe:74:23:b0:7c RSSI=-63 "RongCloud"WPA_PSK
09-18 15:48:19.614 I/[Gralloc]( 3718): alloc w[587] h[166] format[1] usage[2355]
09-18 15:48:19.617 I/[Gralloc]( 3718): alloc succ handle[0xb8c90ee0] stride[608]
09-18 15:48:22.362 I/SendBroadcastPermission( 4195): action:android.net.wifi.RSSI_CHANGED, mPermissionType:0
09-18 15:48:22.364 E/WifiConfigStore( 4195): updateConfiguration freq=5240 BSSID=8c:fe:74:23:b0:7c RSSI=-64 "RongCloud"WPA_PSK
09-18 15:48:23.125 I/[Gralloc]( 3718): alloc w[587] h[166] format[1] usage[2355]
09-18 15:48:23.129 I/[Gralloc]( 3718): alloc succ handle[0xb8b7f070] stride[608]
09-18 15:48:24.836 I/MultiChoiceJob(23082): onClick: which = 3 isChecked = false
09-18 15:48:24.909 E/        (23082): sizeof is:1
09-18 15:48:24.910 E/        (23082): open /dev/hwlog_switch for log switch failed.
09-18 15:48:24.921 E/        (23082): Write NV314 value is:0
09-18 15:48:24.936 E/OEMINFO_NVM_SERVER( 3037): pid 23082, opration nvm_write OK
09-18 15:48:24.937 E/OEMINFO_NVM_SERVER( 3037): pid 23194, opration nvm_read OK
09-18 15:48:24.940 E/OEMINFO_NVM_SERVER( 3037): pid 23194, opration nvm_read OK
09-18 15:48:24.943 I/PgedBinderListener( 6581): kstate callback type:8 value1=10983 value2=KILLED
09-18 15:48:24.950 I/PgedBinderListener( 6581): kstate callback type:8 value1=10982 value2=KILLED
09-18 15:48:24.957 I/PgedBinderListener( 6581): kstate callback type:8 value1=10987 value2=KILLED
09-18 15:48:24.959 I/PgedBinderListener( 6581): kstate callback type:8 value1=10986 value2=KILLED
09-18 15:48:24.961 I/PgedBinderListener( 6581): kstate callback type:8 value1=23170 value2=KILLED
09-18 15:48:24.966 I/PgedBinderListener( 6581): kstate callback type:8 value1=10984 value2=KILLED
09-18 15:48:24.968 I/PgedBinderListener( 6581): kstate callback type:8 value1=4223 value2=KILLED
09-18 15:48:24.969 I/PgedBinderListener( 6581): kstate callback type:8 value1=23194 value2=KILLED
09-18 15:48:24.969 I/[Gralloc]( 3718): alloc w[1218] h[540] format[1] usage[2816]
09-18 15:48:24.971 I/[Gralloc]( 3718): alloc succ handle[0xb8c61868] stride[1248]
09-18 15:48:24.971 I/[Gralloc]( 3718): alloc w[1218] h[540] format[1] usage[2816]
09-18 15:48:24.974 I/[Gralloc]( 3718): alloc succ handle[0xb8c42088] stride[1248]
09-18 15:48:24.974 I/[Gralloc]( 3718): alloc w[1218] h[540] format[1] usage[2816]
09-18 15:48:24.979 I/[Gralloc]( 3718): alloc succ handle[0xb8d1dac8] stride[1248]
09-18 15:48:25.383 E/WifiConfigStore( 4195): updateConfiguration freq=5240 BSSID=8c:fe:74:23:b0:7c RSSI=-66 "RongCloud"WPA_PSK
09-18 15:48:25.886 I/MultiChoiceJob(23082): onClick: which = 2 isChecked = false
09-18 15:48:25.961 E/        (23082): sizeof is:1
09-18 15:48:25.962 E/        (23082): open /dev/hwlog_switch for log switch failed.
09-18 15:48:25.976 E/        (23082): Write NV314 value is:0
09-18 15:48:25.986 I/[Gralloc]( 3718): alloc w[1218] h[540] format[1] usage[2816]
09-18 15:48:25.990 I/[Gralloc]( 3718): alloc succ handle[0xb8c5d588] stride[1248]
09-18 15:48:25.990 I/[Gralloc]( 3718): alloc w[1218] h[540] format[1] usage[2816]
09-18 15:48:25.994 I/[Gralloc]( 3718): alloc succ handle[0xb8cbad10] stride[1248]
09-18 15:48:25.994 I/[Gralloc]( 3718): alloc w[1218] h[540] format[1] usage[2816]
09-18 15:48:25.995 E/OEMINFO_NVM_SERVER( 3037): pid 23082, opration nvm_write OK
09-18 15:48:25.996 E/OEMINFO_NVM_SERVER( 3037): pid 23197, opration nvm_read OK
09-18 15:48:26.001 E/OEMINFO_NVM_SERVER( 3037): pid 23197, opration nvm_read OK
09-18 15:48:26.004 I/[Gralloc]( 3718): alloc succ handle[0xb8b979d0] stride[1248]
09-18 15:48:26.010 I/PgedBinderListener( 6581): kstate callback type:8 value1=23197 value2=KILLED
09-18 15:48:26.223 I/Bluetooth( 7860): HeadsetStateMachine:Disconnected process message: 10, size: 0
09-18 15:48:26.224 I/HwPowerMonitor.PowerExceptionObservable( 6614): unhandled onEvent actionID: 3002
09-18 15:48:26.224 I/HwPowerMonitor.DayActObserver( 6614): in PowerMonitorHandler, will handle msg.what = battery_changed, Utils.isCharging() = true
09-18 15:48:26.476 I/MultiChoiceJob(23082): onClick: which = 1 isChecked = false
09-18 15:48:26.630 E/        (23082): sizeof is:1
09-18 15:48:26.630 E/        (23082): open /dev/hwlog_switch for log switch failed.
09-18 15:48:26.638 I/PgedBinderListener( 6581): kstate callback type:8 value1=23176 value2=KILLED
09-18 15:48:26.692 I/[Gralloc]( 3718): alloc w[1218] h[540] format[1] usage[2816]
09-18 15:48:26.695 I/[Gralloc]( 3718): alloc succ handle[0xb8d1dc60] stride[1248]
09-18 15:48:26.695 I/[Gralloc]( 3718): alloc w[1218] h[540] format[1] usage[2816]
09-18 15:48:26.700 I/[Gralloc]( 3718): alloc succ handle[0xb8d1dab8] stride[1248]
09-18 15:48:26.700 I/[Gralloc]( 3718): alloc w[1218] h[540] format[1] usage[2816]
09-18 15:48:26.707 I/[Gralloc]( 3718): alloc succ handle[0xb8be5e58] stride[1248]
09-18 15:48:27.835 I/MultiChoiceJob(23082): onClick: which = 0 isChecked = false
09-18 15:48:27.915 E/        (23082): sizeof is:1
09-18 15:48:27.915 E/        (23082): open /dev/hwlog_switch for log switch failed.
09-18 15:48:27.933 E/        (23082): Write NV314 value is:0
09-18 15:48:27.944 I/[Gralloc]( 3718): alloc w[1218] h[540] format[1] usage[2816]
09-18 15:48:27.948 E/OEMINFO_NVM_SERVER( 3037): pid 23082, opration nvm_write OK
09-18 15:48:27.948 I/[Gralloc]( 3718): alloc succ handle[0xb8c61918] stride[1248]
09-18 15:48:27.948 I/[Gralloc]( 3718): alloc w[1218] h[540] format[1] usage[2816]
09-18 15:48:27.949 E/OEMINFO_NVM_SERVER( 3037): pid 23200, opration nvm_read OK
09-18 15:48:27.952 I/[Gralloc]( 3718): alloc succ handle[0xb8b064a8] stride[1248]
09-18 15:48:27.952 I/[Gralloc]( 3718): alloc w[1218] h[540] format[1] usage[2816]
09-18 15:48:27.954 E/OEMINFO_NVM_SERVER( 3037): pid 23200, opration nvm_read OK
09-18 15:48:27.959 I/[Gralloc]( 3718): alloc succ handle[0xb8d1dab8] stride[1248]
09-18 15:48:27.962 I/PgedBinderListener( 6581): kstate callback type:8 value1=23200 value2=KILLED
09-18 15:48:28.400 E/WifiConfigStore( 4195): updateConfiguration freq=5240 BSSID=8c:fe:74:23:b0:7c RSSI=-67 "RongCloud"WPA_PSK
09-18 15:48:30.058 I/SingleChoiceJob(23082): execute
09-18 15:48:30.112 I/USBModeSettings(23082): getSelect: mode = hisuite
09-18 15:48:30.148 I/[Gralloc]( 3718): alloc w[1218] h[540] format[1] usage[2816]
09-18 15:48:30.155 I/[Gralloc]( 3718): alloc succ handle[0xb8c61380] stride[1248]
09-18 15:48:30.155 I/[Gralloc]( 3718): alloc w[1218] h[540] format[1] usage[2816]
09-18 15:48:30.159 I/[Gralloc]( 3718): alloc succ handle[0xb8c8d998] stride[1248]
09-18 15:48:30.159 I/[Gralloc]( 3718): alloc w[1218] h[540] format[1] usage[2816]
09-18 15:48:30.162 I/[Gralloc]( 3718): alloc succ handle[0xb8b87d18] stride[1248]
09-18 15:48:30.259 I/[Gralloc]( 3718): alloc w[1218] h[1071] format[1] usage[2816]
09-18 15:48:30.270 I/[Gralloc]( 3718): alloc succ handle[0xb8b87d18] stride[1248]
09-18 15:48:30.270 I/[Gralloc]( 3718): alloc w[1218] h[1071] format[1] usage[2816]
09-18 15:48:30.274 I/[Gralloc]( 3718): alloc succ handle[0xb8c8d998] stride[1248]
09-18 15:48:30.274 I/[Gralloc]( 3718): alloc w[1218] h[1071] format[1] usage[2816]
09-18 15:48:30.279 I/[Gralloc]( 3718): alloc succ handle[0xb8b8b068] stride[1248]
09-18 15:48:31.422 I/SendBroadcastPermission( 4195): action:android.net.wifi.RSSI_CHANGED, mPermissionType:0
09-18 15:48:31.424 E/WifiConfigStore( 4195): updateConfiguration freq=5240 BSSID=8c:fe:74:23:b0:7c RSSI=-65 "RongCloud"WPA_PSK
09-18 15:48:33.703 W/InputEventReceiver(23082): Attempted to finish an input event but the input event receiver has already been disposed.
09-18 15:48:34.441 I/SendBroadcastPermission( 4195): action:android.net.wifi.RSSI_CHANGED, mPermissionType:0
09-18 15:48:34.442 E/WifiConfigStore( 4195): updateConfiguration freq=5240 BSSID=8c:fe:74:23:b0:7c RSSI=-65 "RongCloud"WPA_PSK
09-18 15:48:34.494 I/SingleChoiceJob(23082): execute
09-18 15:48:34.545 E/OEMINFO_NVM_SERVER( 3037): pid 23082, opration nvm_read OK
09-18 15:48:34.546 I/HW_ATLOCK_PROJECTMENU(23082): states_at_lock:get atlock status ok on projectmenu, atlock is locked!
09-18 15:48:34.546 I/BackgroundDebug(23082): setSelect: mode = off
09-18 15:48:34.587 I/[Gralloc]( 3718): alloc w[1218] h[540] format[1] usage[2816]
09-18 15:48:34.594 I/[Gralloc]( 3718): alloc succ handle[0xb8c90f00] stride[1248]
09-18 15:48:34.595 I/[Gralloc]( 3718): alloc w[1218] h[540] format[1] usage[2816]
09-18 15:48:34.599 I/[Gralloc]( 3718): alloc succ handle[0xb8b87d18] stride[1248]
09-18 15:48:34.599 I/[Gralloc]( 3718): alloc w[1218] h[540] format[1] usage[2816]
09-18 15:48:34.601 I/[Gralloc]( 3718): alloc succ handle[0xb8c8d998] stride[1248]
09-18 15:48:34.668 I/[Gralloc]( 3718): alloc w[1218] h[927] format[1] usage[2816]
09-18 15:48:34.678 I/[Gralloc]( 3718): alloc succ handle[0xb8cba8a8] stride[1248]
09-18 15:48:34.678 I/[Gralloc]( 3718): alloc w[1218] h[927] format[1] usage[2816]
09-18 15:48:34.681 I/[Gralloc]( 3718): alloc succ handle[0xb8b87e80] stride[1248]
09-18 15:48:34.681 I/[Gralloc]( 3718): alloc w[1218] h[927] format[1] usage[2816]
09-18 15:48:34.685 I/[Gralloc]( 3718): alloc succ handle[0xb8c8d830] stride[1248]
09-18 15:48:35.213 W/InputEventReceiver(23082): Attempted to finish an input event but the input event receiver has already been disposed.
09-18 15:48:35.913 I/BackgroundJob(23082): execute: mIsNeedConfirm = true
09-18 15:48:36.002 I/[Gralloc]( 3718): alloc w[1218] h[735] format[1] usage[2816]
09-18 15:48:36.011 I/[Gralloc]( 3718): alloc succ handle[0xb8cba8a8] stride[1248]
09-18 15:48:36.011 I/[Gralloc]( 3718): alloc w[1218] h[735] format[1] usage[2816]
09-18 15:48:36.015 I/[Gralloc]( 3718): alloc succ handle[0xb8bffa00] stride[1248]
09-18 15:48:36.015 I/[Gralloc]( 3718): alloc w[1218] h[735] format[1] usage[2816]
09-18 15:48:36.018 I/[Gralloc]( 3718): alloc succ handle[0xb8b87e80] stride[1248]
09-18 15:48:36.615 W/InputEventReceiver(23082): Attempted to finish an input event but the input event receiver has already been disposed.
09-18 15:48:37.072 I/K3V3CpuGovernorPolicy( 6581): set scene Hmp policy : 300 , 150
09-18 15:48:37.086 I/[Gralloc]( 3718): alloc w[360] h[642] format[1] usage[819]
09-18 15:48:37.088 I/[Gralloc]( 3718): alloc succ handle[0xb8c17d68] stride[416]
09-18 15:48:37.110 W/PGApi_client( 6581): recv actoionId = 10010, action = com.huawei.pgmng.PGAction@4a46b91 actionId =10010 pkg =com.huawei.android.launcher extend1 =1486 extend2 = flag =3 type =1
09-18 15:48:37.110 W/PGMiddleWare( 6581): in handleAction method, action = 10010
09-18 15:48:37.110 W/PGMiddleWare( 6581): in handleAction, invoke client = com.huawei.pgmng.middleware.AudioEffectLowPowerImpl@842d05e, action = com.huawei.pgmng.PGAction@4a46b91 actionId =10010 pkg =com.huawei.android.launcher extend1 =1486 extend2 = flag =3 type =1
09-18 15:48:37.123 I/HwLauncher( 7837): Launcher  onNewIntent mIsToUninstallApp = false,mIsLoading = false
09-18 15:48:37.129 I/HwLauncher( 7837): Launcher  onNewIntent end
09-18 15:48:37.133 I/HwLauncher( 7837): Launcher onStart()
09-18 15:48:37.133 I/HwLauncher( 7837): Launcher dynamicIconsRegister
09-18 15:48:37.133 I/HwLauncher( 7837): DynamicUpdater registerReceiver
09-18 15:48:37.136 I/HwSystemManager( 4979): NotificationGuideService:handle MSG_ACTIVIY_FOREGROUND, uid:10042
09-18 15:48:37.138 I/HwLauncher( 7837): DynamicUpdater call updateFolder
09-18 15:48:37.138 I/HwLauncher( 7837): DynamicIcon onResume  isvisible = true   mAttachedToWindow:false    mWindowVisible:falsecom.huawei.android.totemweather
09-18 15:48:37.138 I/HwLauncher( 7837): DynamicUpdater registerReceiver
09-18 15:48:37.139 I/HwLauncher( 7837): WeatherDynamicUpdaterpositiveUpdate at WeatherDynamicUpdater
09-18 15:48:37.140 I/HwLauncher( 7837): DynamicUpdater call updateFolder
09-18 15:48:37.140 I/HwLauncher( 7837): DynamicIcon onResume  isvisible = false   mAttachedToWindow:true    mWindowVisible:falsecom.android.deskclock
09-18 15:48:37.140 I/HwLauncher( 7837): DynamicUpdater registerReceiver
09-18 15:48:37.154 I/HwLauncher( 7837): DynamicUpdater call updateFolder
09-18 15:48:37.154 I/HwLauncher( 7837): DynamicIcon onResume  isvisible = false   mAttachedToWindow:true    mWindowVisible:falsecom.android.calendar
09-18 15:48:37.154 I/HwLauncher( 7837): Launcher  Launcher.onStart() cost 22 ms
09-18 15:48:37.154 I/HwLauncher( 7837): Launcher onResume()
09-18 15:48:37.155 I/TotemWeather( 9856): Utils launcherIntent for weather DynamicIcon
09-18 15:48:37.155 I/HwLauncher( 7837): Launcher doResumeWork()
09-18 15:48:37.155 E/TotemWeather( 9856): WidgetUtils getWidgetShowCityInfo return myLocation
09-18 15:48:37.157 I/SendBroadcastPermission( 9856): action:com.huawei.android.action.launcher_weather_icon_change, mPermissionType:0
09-18 15:48:37.161 E/HwLauncher( 7837): SettingsEx , no such field.
09-18 15:48:37.162 W/HwLauncher( 7837): Clock getDataFormat the getSystemString failed.
09-18 15:48:37.162 I/HwLauncher( 7837): Launcher.MotionManager startMotionAppsReco begin,flg = 402
09-18 15:48:37.163 I/HwLauncher( 7837): DynamicIconData , getDrawableForDynamic begin, pkg = com.android.deskclock, picName = deskclock_bg
09-18 15:48:37.163 I/HwLauncher( 7837): Launcher  onResume mIsToUninstallApp = false
09-18 15:48:37.163 I/HwLauncher( 7837): Launcher  Launcher hot start cost 31 ms
09-18 15:48:37.163 I/HwLauncher( 7837): DynamicIconData , getDrawableForDynamic end, pkg = com.android.deskclock, picName = deskclock_bg
09-18 15:48:37.169 I/HwLauncher( 7837): ClockDynamicUpdater clock update folder at ClockDynamicUpdater
09-18 15:48:37.169 I/HwLauncher( 7837): DynamicUpdater updateBitmap end and send update message
09-18 15:48:37.191 I/[Gralloc]( 3718): alloc w[1080] h[1920] format[1] usage[2816]
09-18 15:48:37.191 I/HwLauncher( 7837): WeatherDynamicUpdaterreceive action = com.huawei.android.action.launcher_weather_icon_change
09-18 15:48:37.192 I/HwLauncher( 7837): WeatherDynamicUpdaterreceiver data is int[] = [0, 0, 72, 0, 96, 0, 120, 0]
09-18 15:48:37.192 I/HwLauncher( 7837):  stringArray[] [sunny, num2, num5, tempc]
09-18 15:48:37.195 I/[Gralloc]( 3718): alloc succ handle[0xb8cba8a8] stride[1120]
09-18 15:48:37.195 I/[Gralloc]( 3718): alloc w[1080] h[1920] format[1] usage[2816]
09-18 15:48:37.199 I/[Gralloc]( 3718): alloc succ handle[0xb8c8c758] stride[1120]
09-18 15:48:37.199 I/[Gralloc]( 3718): alloc w[1080] h[1920] format[1] usage[2816]
09-18 15:48:37.201 I/HwLauncher( 7837): DynamicUpdater call updateFolder
09-18 15:48:37.205 I/[Gralloc]( 3718): alloc succ handle[0xb8bffa00] stride[1120]
09-18 15:48:37.214 W/MotionDetectionManager( 7837): startMotionAppsReco motionApps: 402 disabled
09-18 15:48:37.214 W/HwLauncher( 7837): Launcher.MotionManager startMotionAppsReco service flg 402 is unavailable
09-18 15:48:37.214 I/HwLauncher( 7837): Launcher.MotionManager , start MotionApps Reco end.
09-18 15:48:37.223 I/TotemWeather( 7837): AbstractDualWeatherWidgetHomeView onWindowFocusChanged, hasWindowFocus= true
09-18 15:48:37.223 I/SendBroadcastPermission( 7837): action:com.huawei.android.action.ACTION_UPDATE_TIME_CHECK, mPermissionType:0
09-18 15:48:37.225 I/TotemWeather( 7837): WidgetUtils cityinfo or weatherinfo is null
09-18 15:48:37.230 I/TotemWeather( 9856): CenterReceiver handleMessage msg.what = 6
09-18 15:48:37.243 I/SendBroadcastPermission( 6374): action:com.baidu.input.entry.launcer, mPermissionType:0
09-18 15:48:37.252 I/TotemWeather( 9856): WeatherService processIntent action =com.huawei.android.action.ACTION_CITY_UPDATE_TIME_CHECK
09-18 15:48:37.255 W/PhoneInterfaceManager( 6599): shouldBlockLocation running ...
09-18 15:48:37.256 I/PhoneInterfaceManager( 6599): shouldBlockLocation  ret:false
09-18 15:48:37.268 W/TotemWeather( 9856): HwWeatherStat getCellIdFromCellInfo->unknown type cellinfo
09-18 15:48:37.268 W/TotemWeather( 9856): SchemeTaskServer checkLocationChange can't get the cellId,do not update,return false
09-18 15:48:37.460 I/SendBroadcastPermission( 4195): action:android.net.wifi.RSSI_CHANGED, mPermissionType:0
09-18 15:48:37.460 E/WifiConfigStore( 4195): updateConfiguration freq=5240 BSSID=8c:fe:74:23:b0:7c RSSI=-65 "RongCloud"WPA_PSK
09-18 15:48:37.750 W/OpenGLRenderer( 7837): Incorrectly called buildLayer on View: ShortcutAndWidgetContainer, destroying layer...
09-18 15:48:37.750 W/OpenGLRenderer( 7837): Incorrectly called buildLayer on View: ShortcutAndWidgetContainer, destroying layer...
09-18 15:48:37.825 I/K3V3CpuGovernorPolicy( 6581): close previously scene Hmp policy : 300 , 150
09-18 15:48:40.488 I/SendBroadcastPermission( 4195): action:android.net.wifi.RSSI_CHANGED, mPermissionType:0
09-18 15:48:40.491 E/WifiConfigStore( 4195): updateConfiguration freq=5240 BSSID=8c:fe:74:23:b0:7c RSSI=-67 "RongCloud"WPA_PSK
09-18 15:48:43.519 E/WifiConfigStore( 4195): updateConfiguration freq=5240 BSSID=8c:fe:74:23:b0:7c RSSI=-69 "RongCloud"WPA_PSK
09-18 15:48:46.549 E/WifiConfigStore( 4195): updateConfiguration freq=5240 BSSID=8c:fe:74:23:b0:7c RSSI=-71 "RongCloud"WPA_PSK
09-18 15:48:46.616 E/Thermal-daemon( 3734): [ap] temp_new :40  temp_old :41
09-18 15:48:46.617 E/Thermal-daemon( 3734): Report temperature: [ap] temp :40  report_threshold:1
09-18 15:48:49.573 E/WifiConfigStore( 4195): updateConfiguration freq=5240 BSSID=8c:fe:74:23:b0:7c RSSI=-71 "RongCloud"WPA_PSK
09-18 15:48:50.403 I/HwLauncher( 7837):  FPSMonitor [Launcher , dispatchTouchEvent begin, false, true] down event  x = 115 y = 115
09-18 15:48:50.403 I/HwLauncher( 7837): Launcher  while lockScreenOrientation,isRotationEnabled is false!
09-18 15:48:50.404 I/HwLauncher( 7837):  FPSMonitor [PagedView , onIntercept] down event  x = 115 y = 115
09-18 15:48:50.406 I/HwLauncher( 7837):  FPSMonitor [Launcher , dispatchTouchEvent end, false, true] down event  x = 115 y = 115
09-18 15:48:50.526 I/HwLauncher( 7837): LauncherWallpaperManager createScaleWallpaperForBlur mIsCreateScaleWallpaper = true
09-18 15:48:50.744 I/HwLauncher( 7837): LauncherWallpaperManager  getBitmap wallpaper.width = 2160, wallpaper.height = 1920
09-18 15:48:50.747 I/HwLauncher( 7837): LauncherWallpaperManager  getBitmapForDesktop isPortWallpaperMode = false, point = Point(1080, 1920), wallpaperForDesktop.width = 2160, wallpaperForDesktop.height = 1920
09-18 15:48:50.748 I/HwLauncher( 7837): Launcher.BlurBg prepareWallpaper leftOffset = 0.5 topOffset = 0.5
09-18 15:48:50.862 I/art     ( 7837): Background partial concurrent mark sweep GC freed 179(15KB) AllocSpace objects, 1(15MB) LOS objects, 31% free, 35MB/51MB, paused 5.128ms total 54.870ms
09-18 15:48:51.140 I/InputDispatcher( 4195): touch process [7837], send to pg
09-18 15:48:51.434 I/HwLauncher( 7837):  FPSMonitor [Launcher , dispatchTouchEvent begin, false, true] up event  x = 145 y = 145
09-18 15:48:51.439 I/HwLauncher( 7837):  FPSMonitor [PagedView , onIntercept] up event  x = 145 y = 145
09-18 15:48:51.439 I/HwLauncher( 7837): QuickActionView hide() animated = true, fromSticky = true
09-18 15:48:51.439 I/HwLauncher( 7837): QuickActionView hide() action view has already hidden, return.
09-18 15:48:51.439 I/HwLauncher( 7837): Launcher mUnlockScreenRunnbale  getOrientationEnabled false 
09-18 15:48:51.439 I/HwLauncher( 7837):  FPSMonitor [Launcher , dispatchTouchEvent end, false, true] up event  x = 145 y = 145
09-18 15:48:51.440 I/HwLauncher( 7837):  FPSMonitor [Launcher , dispatchTouchEvent begin, false, true] down event  x = 104 y = 104
09-18 15:48:51.440 I/HwLauncher( 7837): Launcher  while lockScreenOrientation,isRotationEnabled is false!
09-18 15:48:51.441 I/HwLauncher( 7837):  FPSMonitor [PagedView , onIntercept] down event  x = 104 y = 104
09-18 15:48:51.442 I/HwLauncher( 7837):  FPSMonitor [Launcher , dispatchTouchEvent end, false, true] down event  x = 104 y = 104
09-18 15:48:51.442 I/HwLauncher( 7837):  FPSMonitor [Launcher , dispatchTouchEvent begin, false, true] up event  x = 104 y = 104
09-18 15:48:51.442 I/HwLauncher( 7837):  FPSMonitor [PagedView , onIntercept] up event  x = 104 y = 104
09-18 15:48:51.443 I/HwLauncher( 7837): QuickActionView hide() animated = true, fromSticky = true
09-18 15:48:51.443 I/HwLauncher( 7837): QuickActionView hide() action view has already hidden, return.
09-18 15:48:51.443 I/HwLauncher( 7837): Launcher mUnlockScreenRunnbale  getOrientationEnabled false 
09-18 15:48:51.443 I/HwLauncher( 7837):  FPSMonitor [Launcher , dispatchTouchEvent end, false, true] up event  x = 104 y = 104
09-18 15:48:51.443 I/Choreographer( 7837): Skipped 57 frames!  The application may be doing too much work on its main thread.
09-18 15:48:51.620 E/Thermal-daemon( 3734): [flash_led] temp_new :38  temp_old :39
09-18 15:48:51.620 E/Thermal-daemon( 3734): Report temperature: [flash_led] temp :38  report_threshold:1
09-18 15:48:51.750 I/HwLauncher( 7837): DropSearchView onAnimationEnd change false
09-18 15:48:51.774 I/HwLauncher( 7837): DropSearchView onAnimationEnd change false
09-18 15:48:52.012 W/PGApi_client( 6581): recv actoionId = 10005, action = com.huawei.pgmng.PGAction@5ee2af6 actionId =10005 pkg =null extend1 =1488 extend2 = flag =1 type =1
09-18 15:48:52.073 I/[Gralloc]( 3718): alloc w[1080] h[808] format[1] usage[2816]
09-18 15:48:52.081 I/[Gralloc]( 3718): alloc succ handle[0xb8b88128] stride[1120]
09-18 15:48:52.081 I/[Gralloc]( 3718): alloc w[1080] h[808] format[1] usage[2816]
09-18 15:48:52.088 I/[Gralloc]( 3718): alloc succ handle[0xb8b7e8c0] stride[1120]
09-18 15:48:52.088 I/[Gralloc]( 3718): alloc w[1080] h[808] format[1] usage[2816]
09-18 15:48:52.094 I/[Gralloc]( 3718): alloc succ handle[0xb8b05e00] stride[1120]
09-18 15:48:52.221 W/Settings( 4781): Setting airplane_mode_on has moved from android.provider.Settings.System to android.provider.Settings.Global, returning read-only value.
09-18 15:48:52.223 W/Settings( 4781): Setting airplane_mode_on has moved from android.provider.Settings.System to android.provider.Settings.Global, returning read-only value.
09-18 15:48:52.235 W/Settings( 4781): Setting airplane_mode_on has moved from android.provider.Settings.System to android.provider.Settings.Global, returning read-only value.
09-18 15:48:52.236 W/Settings( 4781): Setting airplane_mode_on has moved from android.provider.Settings.System to android.provider.Settings.Global, returning read-only value.
09-18 15:48:52.544 W/PGApi_client( 6581): recv actoionId = 10005, action = com.huawei.pgmng.PGAction@7c36ef7 actionId =10005 pkg = extend1 =1489 extend2 = flag =1 type =1
09-18 15:48:52.570 W/Settings( 4781): Setting airplane_mode_on has moved from android.provider.Settings.System to android.provider.Settings.Global, returning read-only value.
09-18 15:48:52.572 W/Settings( 4781): Setting airplane_mode_on has moved from android.provider.Settings.System to android.provider.Settings.Global, returning read-only value.
09-18 15:48:52.583 W/Settings( 4781): Setting airplane_mode_on has moved from android.provider.Settings.System to android.provider.Settings.Global, returning read-only value.
09-18 15:48:52.584 W/Settings( 4781): Setting airplane_mode_on has moved from android.provider.Settings.System to android.provider.Settings.Global, returning read-only value.
09-18 15:48:52.589 E/WifiConfigStore( 4195): updateConfiguration freq=5240 BSSID=8c:fe:74:23:b0:7c RSSI=-73 "RongCloud"WPA_PSK
09-18 15:48:53.045 W/PGApi_client( 6581): recv actoionId = 10005, action = com.huawei.pgmng.PGAction@40fb164 actionId =10005 pkg = extend1 =1489 extend2 = flag =1 type =1
09-18 15:48:53.093 I/HwLauncher( 7837):  FPSMonitor [Launcher , dispatchTouchEvent begin, false, true] down event  x = 394 y = 394
09-18 15:48:53.093 I/HwLauncher( 7837): Launcher  while lockScreenOrientation,isRotationEnabled is false!
09-18 15:48:53.097 I/HwLauncher( 7837):  FPSMonitor [Launcher , dispatchTouchEvent end, false, true] down event  x = 394 y = 394
09-18 15:48:53.151 I/HwLauncher( 7837):  FPSMonitor [Launcher , dispatchTouchEvent begin, false, true] up event  x = 392 y = 392
09-18 15:48:53.151 I/HwLauncher( 7837): QuickActionView hide() animated = true, fromSticky = true
09-18 15:48:53.151 I/HwLauncher( 7837): QuickActionView hide() action view has already hidden, return.
09-18 15:48:53.152 I/HwLauncher( 7837): Launcher mUnlockScreenRunnbale  getOrientationEnabled false 
09-18 15:48:53.152 I/HwLauncher( 7837):  FPSMonitor [Launcher , dispatchTouchEvent end, false, true] up event  x = 392 y = 392
09-18 15:48:53.153 I/HwLauncher( 7837): Launcher onclick begin com.huawei.android.launcher.BubbleTextView{6ed2391 VFED..C.. ...P..ID 270,0-540,225 #7f0d0024 app:id/application}
09-18 15:48:53.153 W/PGApi_client( 6581): recv actoionId = 10005, action = com.huawei.pgmng.PGAction@a132fcd actionId =10005 pkg = extend1 =1490 extend2 = flag =1 type =1
09-18 15:48:53.153 I/HwLauncher( 7837): Launcher.Utilities  startActivitySafely useLaunchAnimation = true
09-18 15:48:53.153 I/HwLauncher( 7837): Launcher.Utilities  startActivitySafely begin startActivity() for current user
09-18 15:48:53.162 I/K3V3CpuGovernorPolicy( 6581): set scene Hmp policy : 300 , 150
09-18 15:48:53.173 I/HwLauncher( 7837): Launcher.Utilities  startActivitySafely end startActivity() for current user
09-18 15:48:53.173 I/HwLauncher( 7837): Launcher onclick end
09-18 15:48:53.183 I/TotemWeather( 7837): AbstractDualWeatherWidgetHomeView onWindowFocusChanged, hasWindowFocus= false
09-18 15:48:53.187 I/HwLauncher( 7837): Launcher onPause()
09-18 15:48:53.192 I/HwLauncher( 7837): Launcher.MotionManager stopMotionAppsReco begin,flg = 402
09-18 15:48:53.192 W/HwLauncher( 7837): Launcher.MotionManager stopMotionAppsReco service flg 402 is unavailable
09-18 15:48:53.194 I/HwLauncher( 7837): Launcher.MotionManager stopMotionAppsReco begin,flg = 403
09-18 15:48:53.194 W/HwLauncher( 7837): Launcher.MotionManager stopMotionAppsReco service flg 403 is unavailable
