06-04 17:08:38.028 E/ActivityThread(17464): Failed to find provider info for com.google.android.gsf.gservices
06-04 17:08:38.034 E/ActivityThread(17464): Failed to find provider info for com.google.android.gsf.gservices
06-04 17:08:38.038 E/ActivityThread(17464): Failed to find provider info for com.google.android.gsf.gservices
06-04 17:08:38.045 E/ActivityThread(17464): Failed to find provider info for com.google.android.gsf.gservices
06-04 17:08:38.045 E/ActivityThread(17464): Failed to find provider info for com.google.android.gsf.gservices
06-04 17:08:38.046 E/ActivityThread(17464): Failed to find provider info for com.google.android.gsf.gservices
06-04 17:08:38.047 E/ActivityThread(17464): Failed to find provider info for com.google.android.gsf.gservices
06-04 17:08:38.048 E/ActivityThread(17464): Failed to find provider info for com.google.android.gsf.gservices
06-04 17:08:38.050 E/ActivityThread(17464): Failed to find provider info for com.google.android.gsf.gservices
06-04 17:08:38.051 E/ActivityThread(17464): Failed to find provider info for com.google.android.gsf.gservices
06-04 17:08:38.051 E/ActivityThread(17464): Failed to find provider info for com.google.android.gsf.gservices
06-04 17:08:38.054 I/chatty  (17464): uid=10024(com.android.vending) LightweightExec identical 8 lines
06-04 17:08:38.055 E/ActivityThread(17464): Failed to find provider info for com.google.android.gsf.gservices
06-04 17:08:38.066 E/ActivityThread(17464): Failed to find provider info for com.google.android.gsf.gservices
06-04 17:08:38.066 E/ActivityThread(17464): Failed to find provider info for com.google.android.gsf.gservices
06-04 17:08:38.066 E/ActivityThread(17464): Failed to find provider info for com.google.android.gsf.gservices
06-04 17:08:38.067 E/ActivityThread(17464): Failed to find provider info for com.google.android.gsf.gservices
06-04 17:08:38.069 E/ActivityThread(17464): Failed to find provider info for com.google.android.gsf.gservices
06-04 17:08:38.072 D/HwCustConnectivityManagerImpl(17464): isBlockNetworkRequestByNonAis, INVALID_SUBSCRIPTION_ID
06-04 17:08:38.074 I/chatty  ( 1243): uid=1000(system) ConnectivitySer expire 35 lines
06-04 17:08:38.078 D/HwCustConnectivityManagerImpl(17464): isBlockNetworkRequestByNonAis, INVALID_SUBSCRIPTION_ID
06-04 17:08:38.080 E/ActivityThread(17464): Failed to find provider info for com.google.android.gsf.gservices
06-04 17:08:38.083 E/ActivityThread(17464): Failed to find provider info for com.google.android.gsf.gservices
06-04 17:08:38.083 E/ActivityThread(17464): Failed to find provider info for com.google.android.gsf.gservices
06-04 17:08:38.084 E/ActivityThread(17464): Failed to find provider info for com.google.android.gsf.gservices
06-04 17:08:38.084 E/ActivityThread(17464): Failed to find provider info for com.google.android.gsf.gservices
06-04 17:08:38.089 E/ActivityThread(17464): Failed to find provider info for com.google.android.gsf.gservices
06-04 17:08:38.090 E/ActivityThread(17464): Failed to find provider info for com.google.android.gsf.gservices
06-04 17:08:38.092 E/ActivityThread(17464): Failed to find provider info for com.google.android.gsf.gservices
06-04 17:08:38.093 E/ActivityThread(17464): Failed to find provider info for com.google.android.gsf.gservices
06-04 17:08:38.095 E/ActivityThread(17464): Failed to find provider info for com.google.android.gsf.gservices
06-04 17:08:38.102 E/ActivityThread(17464): Failed to find provider info for com.google.android.gsf.gservices
06-04 17:08:38.103 E/ActivityThread(17464): Failed to find provider info for com.google.android.gsf.gservices
06-04 17:08:38.105 E/ActivityThread(17464): Failed to find provider info for com.google.android.gsf.gservices
06-04 17:08:38.112 E/ActivityThread(17464): Failed to find provider info for com.google.android.gsf.gservices
06-04 17:08:38.127 I/chatty  (17464): uid=10024(com.android.vending) bgExecutor #3 identical 2 lines
06-04 17:08:38.127 E/ActivityThread(17464): Failed to find provider info for com.google.android.gsf.gservices
06-04 17:08:38.130 E/ActivityThread(17464): Failed to find provider info for com.google.android.gsf.gservices
06-04 17:08:38.217 E/ActivityThread(17464): Failed to find provider info for com.google.android.gsf.gservices
06-04 17:08:38.218 E/ActivityThread(17464): Failed to find provider info for com.google.android.gsf.gservices
06-04 17:08:38.221 E/ActivityThread(17464): Failed to find provider info for com.google.android.gsf.gservices
06-04 17:08:38.236 E/ActivityThread(17464): Failed to find provider info for com.google.android.gsf.gservices
06-04 17:08:38.237 E/ActivityThread(17464): Failed to find provider info for com.google.android.gsf.gservices
06-04 17:08:38.243 E/ActivityThread(17464): Failed to find provider info for com.google.android.gsf.gservices
06-04 17:08:38.244 E/ActivityThread(17464): Failed to find provider info for com.google.android.gsf.gservices
06-04 17:08:38.303 E/ActivityThread(17449): Failed to find provider info for com.tencent.mm.coolassist.debugprovider
06-04 17:08:39.546 I/DeepNoDisturbP( 1728): handleStateChanged reason=8
06-04 17:08:39.567 I/HidataAppQoeP( 1728): handleStateChanged reason=8
06-04 17:08:39.585 I/PreDnsQuery( 1728): handleStateChanged reason=8
06-04 17:08:39.587 I/PreDnsQuery( 1728): No need to handled!
06-04 17:08:39.587 I/BrowserChrP( 1728): handleStateChanged
06-04 17:08:40.359 I/BoosterSwitchP( 1728): notifyUidState do nothing
06-04 17:08:40.360 I/DeepNoDisturbP( 1728): notifyUidState
06-04 17:08:40.360 I/BrowserChrP( 1728): notifyUidState
06-04 17:08:40.867 I/chatty  ( 1243): uid=1000(system) Binder:1243_1A expire 10 lines
06-04 17:08:42.531 D/ActivityThread(17616): Attach thread to application
06-04 17:08:42.705 E/ActivityThread(17616): Failed to find provider info for com.tencent.mm.coolassist.debugprovider
06-04 17:08:42.761 E/ActivityThread(17616): Failed to find provider info for com.google.android.gsf.gservices
06-04 17:08:42.764 E/ActivityThread(17616): Failed to find provider info for com.google.android.gsf.gservices
06-04 17:08:42.764 E/ActivityThread(17616): Failed to find provider info for com.google.android.gms.phenotype
06-04 17:08:42.765 E/ActivityThread(17616): Failed to find provider info for com.google.android.gsf.gservices
06-04 17:08:42.793 E/ActivityThread(17616): Failed to find provider info for com.google.android.gsf.gservices
06-04 17:08:42.868 I/chatty  (17616): uid=10716(com.tencent.mm) identical 1 line
06-04 17:08:42.883 E/ActivityThread(17616): Failed to find provider info for com.google.android.gsf.gservices
06-04 17:08:42.911 E/ActivityThread(17616): Failed to find provider info for com.google.android.gsf.gservices
06-04 17:08:43.118 D/SmartDualCardSM( 1728): IdleState:got msg.what=EVENT_HARD_SWITCH_CONDITION_CHECK
06-04 17:08:43.139 I/chatty  ( 1243): uid=1000(system) Binder:1243_7 expire 5 lines
06-04 17:08:43.518 I/chatty  ( 1243): uid=1000(system) Binder:1243_1A expire 2 lines
06-04 17:08:43.549 I/chatty  ( 1243): uid=1000(system) Binder:1243_7 expire 1 line
06-04 17:08:43.586 I/chatty  ( 1243): uid=1000(system) Binder:1243_1A expire 6 lines
06-04 17:08:43.616 I/BoosterSwitchP( 1728): notifyUidState do nothing
06-04 17:08:43.616 I/DeepNoDisturbP( 1728): notifyUidState
06-04 17:08:43.616 I/BrowserChrP( 1728): notifyUidState
06-04 17:08:43.766 I/chatty  ( 1243): uid=1000(system) Binder:1243_1E expire 1 line
06-04 17:08:44.110 I/chatty  ( 1243): uid=1000(system) Thread-34 expire 1 line
06-04 17:08:44.597 E/ActivityThread(17464): Failed to find provider info for com.google.android.gsf.gservices
06-04 17:08:44.612 E/ActivityThread(17464): Failed to find provider info for com.google.android.gsf.gservices
06-04 17:08:44.619 E/ActivityThread(17464): Failed to find provider info for com.google.android.gsf.gservices
06-04 17:08:44.629 I/chatty  (17464): uid=10024(com.android.vending) identical 4 lines
06-04 17:08:44.631 E/ActivityThread(17464): Failed to find provider info for com.google.android.gsf.gservices
06-04 17:08:44.655 I/chatty  ( 1243): uid=1000 system_server expire 1 line
06-04 17:08:44.660 E/ActivityThread(17464): Failed to find provider info for com.google.android.gsf.gservices
06-04 17:08:44.677 I/chatty  (17464): uid=10024(com.android.vending) identical 1 line
06-04 17:08:44.681 E/ActivityThread(17464): Failed to find provider info for com.google.android.gsf.gservices
06-04 17:08:44.690 I/chatty  ( 1243): uid=1000(system) Binder:1243_9 expire 24 lines
06-04 17:08:44.716 I/chatty  ( 1243): uid=1000(system) Binder:1243_1E expire 5 lines
06-04 17:08:44.749 I/BoosterSwitchP( 1728): notifyUidState do nothing
06-04 17:08:44.749 I/DeepNoDisturbP( 1728): notifyUidState
06-04 17:08:44.749 I/BrowserChrP( 1728): notifyUidState
06-04 17:08:44.762 I/chatty  ( 1243): uid=1000(system) Binder:1243_5 expire 6 lines
06-04 17:08:45.245 I/chatty  ( 1243): uid=1000(system) Thread-34 expire 3 lines
06-04 17:08:45.554 I/DeepNoDisturbP( 1728): handleStateChanged reason=8
06-04 17:08:45.569 I/HidataAppQoeP( 1728): handleStateChanged reason=8
06-04 17:08:45.583 I/PreDnsQuery( 1728): handleStateChanged reason=8
06-04 17:08:45.584 I/PreDnsQuery( 1728): No need to handled!
06-04 17:08:45.584 I/BrowserChrP( 1728): handleStateChanged
06-04 17:08:45.589 I/chatty  ( 1243): uid=1000(system) NetdConnector expire 8 lines
06-04 17:08:46.331 I/chatty  ( 1243): uid=1000(system) ConnectivitySer expire 4 lines
06-04 17:08:46.358 I/chatty  ( 1243): uid=1000(system) ConnectivityThr expire 4 lines
06-04 17:08:46.363 I/chatty  ( 1243): uid=1000(system) Binder:1243_13 expire 1 line
06-04 17:08:46.365 I/chatty  ( 1243): uid=1000(system) Binder:1243_1A expire 1 line
06-04 17:08:46.785 I/BoosterSwitchP( 1728): notifyUidState do nothing
06-04 17:08:46.785 I/DeepNoDisturbP( 1728): notifyUidState
06-04 17:08:46.785 I/BrowserChrP( 1728): notifyUidState
06-04 17:08:47.963 I/chatty  ( 1243): uid=1000(system) ThirdAppHandler expire 10 lines
06-04 17:08:48.008 E/ActivityThread(17464): Failed to find provider info for com.google.android.gsf.gservices
06-04 17:08:48.027 I/chatty  (17464): uid=10024(com.android.vending) bgExecutor #1 identical 4 lines
06-04 17:08:48.031 E/ActivityThread(17464): Failed to find provider info for com.google.android.gsf.gservices
06-04 17:08:48.134 E/ActivityThread(17464): Failed to find provider info for com.google.android.gsf.gservices
06-04 17:08:48.182 I/chatty  (17464): uid=10024(com.android.vending) identical 6 lines
06-04 17:08:48.184 E/ActivityThread(17464): Failed to find provider info for com.google.android.gsf.gservices
06-04 17:08:48.223 E/ActivityThread(17464): Failed to find provider info for com.google.android.gsf.gservices
06-04 17:08:48.224 E/ActivityThread(17464): Failed to find provider info for com.google.android.gsf.gservices
06-04 17:08:48.304 E/ActivityThread(17464): Failed to find provider info for com.google.android.gsf.gservices
06-04 17:08:48.308 E/ActivityThread(17464): Failed to find provider info for com.google.android.gsf.gservices
06-04 17:08:51.559 I/DeepNoDisturbP( 1728): handleStateChanged reason=8
06-04 17:08:51.577 I/HidataAppQoeP( 1728): handleStateChanged reason=8
06-04 17:08:51.589 I/PreDnsQuery( 1728): handleStateChanged reason=8
06-04 17:08:51.592 I/PreDnsQuery( 1728): No need to handled!
06-04 17:08:51.592 I/BrowserChrP( 1728): handleStateChanged
06-04 17:08:55.418 I/chatty  ( 1243): uid=1000(system) Binder:1243_1C expire 22 lines
06-04 17:08:55.420 I/chatty  ( 1243): uid=1000(system) Binder:1243_E expire 9 lines
06-04 17:08:55.421 I/chatty  ( 1243): uid=1000(system) Binder:1243_20 expire 5 lines
06-04 17:08:55.425 I/chatty  ( 1243): uid=1000(system) Binder:1243_14 expire 22 lines
06-04 17:08:55.847 I/chatty  ( 1243): uid=1000(system) UEventObserver expire 6 lines
06-04 17:08:57.565 I/DeepNoDisturbP( 1728): handleStateChanged reason=8
06-04 17:08:57.583 I/HidataAppQoeP( 1728): handleStateChanged reason=8
06-04 17:08:57.594 I/PreDnsQuery( 1728): handleStateChanged reason=8
06-04 17:08:57.596 I/PreDnsQuery( 1728): No need to handled!
06-04 17:08:57.596 I/BrowserChrP( 1728): handleStateChanged
06-04 17:09:00.006 I/chatty  ( 1243): uid=1000 system_server expire 8 lines
06-04 17:09:00.044 I/chatty  ( 1243): uid=1000(system) Binder:1243_18 expire 19 lines
06-04 17:09:00.056 I/BoosterSwitchP( 1728): notifyUidState do nothing
06-04 17:09:00.056 I/DeepNoDisturbP( 1728): notifyUidState
06-04 17:09:00.056 I/BrowserChrP( 1728): notifyUidState
06-04 17:09:03.125 D/SmartDualCardSM( 1728): IdleState:got msg.what=EVENT_HARD_SWITCH_CONDITION_CHECK
06-04 17:09:03.152 E/SmartDualCardTraffic( 1728): getMealTrafficImpl fail,invalid imsi
06-04 17:09:03.152 D/SmartDualCardSM( 1728): boosterDump:prop=true SdcSwitchOn=false DataSwitchOn=true WifiConnect=true AirplaneOn=false ScreenOn=true VSimEnabled=false CallOn=false AppState=GENERAL_BACKGROUND HidataAppState=GENERAL_BACKGROUND defaultDataSub=1 default4GSlot=1 DataOn=false M_MmsUtPdp=false userType=2
06-04 17:09:03.172 D/SmartDualCardSM( 1728): isSlaveCardNetworkBad return true,mSignalStrength=2,mNetworkType=3,mDownlinkSpeedLimit=1048576,mDataRoaming=false
06-04 17:09:03.179 E/SmartDualCardTraffic( 1728): getMealTrafficImpl fail,invalid imsi
06-04 17:09:03.179 D/SmartDualCardSM( 1728): boosterDump:SlaveActive=false SameOperator=false M_NetworkBad=false S_NetworkBad=true M_DLSpeedLimit=1048576 S_DLSpeedLimit=1048576 M_DataRoam=false S_DataRoam=false VPNMode=false TetherOn=false AppQoeSlow=false HidataAppQoeSlow=false GameExpBad=false DsdsState=1 S_TrafficEnough=true
06-04 17:09:03.391 I/chatty  ( 1243): uid=1000(system) WifiScanningSer expire 3 lines
06-04 17:09:03.575 I/DeepNoDisturbP( 1728): handleStateChanged reason=8
06-04 17:09:03.599 I/HidataAppQoeP( 1728): handleStateChanged reason=8
06-04 17:09:03.630 I/PreDnsQuery( 1728): handleStateChanged reason=8
06-04 17:09:03.634 I/PreDnsQuery( 1728): No need to handled!
06-04 17:09:03.635 I/BrowserChrP( 1728): handleStateChanged
06-04 17:09:05.651 W/SocketListener(  549): sending broadcast to Pid = 1243, Uid = 1000 
06-04 17:09:05.656 I/chatty  ( 1243): uid=1000(system) android.fg expire 2 lines
06-04 17:09:05.739 I/chatty  ( 1243): uid=1000(system) Binder:1243_1C expire 15 lines
06-04 17:09:06.119 I/chatty  ( 1243): uid=1000(system) watchdog expire 1 line
06-04 17:09:06.349 I/HwLBSService.HwNLPDBManager( 1715): query loc Form Cell Table
06-04 17:09:06.864 I/chatty  ( 1715): uid=1000(system) HwLocation identical 7 lines
06-04 17:09:06.864 I/HwLBSService.HwNLPDBManager( 1715): query loc Form Cell Table
06-04 17:09:06.886 I/chatty  ( 1243): uid=1000(system) LocationThread expire 5 lines
06-04 17:09:06.892 I/chatty  ( 1243): uid=1000 system_server expire 1 line
06-04 17:09:06.941 I/chatty  ( 1243): uid=1000(system) Binder:1243_14 expire 1 line
06-04 17:09:06.944 I/chatty  ( 1243): uid=1000(system) Binder:1243_6 expire 8 lines
06-04 17:09:06.945 D/libgps  (  734): proxy_gps_inject_location: called.
06-04 17:09:07.073 I/chatty  ( 1243): uid=1000(system) Binder:1243_C expire 9 lines
06-04 17:09:07.093 I/chatty  ( 1243): uid=1000(system) Binder:1243_9 expire 5 lines
06-04 17:09:15.462 I/chatty  ( 1243): uid=1000(system) Binder:1243_6 expire 3 lines
06-04 17:09:15.675 I/chatty  ( 1243): uid=1000(system) ThirdAppHandler expire 1 line
06-04 17:09:17.117 I/chatty  ( 1243): uid=1000(system) Binder:1243_14 expire 3 lines
06-04 17:09:17.330 I/chatty  ( 1243): uid=1000(system) ThirdAppHandler expire 13 lines
06-04 17:09:17.347 I/chatty  ( 1243): uid=1000(system) Binder:1243_14 expire 5 lines
06-04 17:09:17.935 I/chatty  ( 1243): uid=1000(system) Binder:1243_C expire 15 lines
06-04 17:09:18.662 I/chatty  ( 1243): uid=1000(system) Binder:1243_6 expire 16 lines
06-04 17:09:21.295 I/DeepNoDisturbP( 1728): handleStateChanged reason=8
06-04 17:09:21.316 I/HidataAppQoeP( 1728): handleStateChanged reason=8
06-04 17:09:21.335 I/PreDnsQuery( 1728): handleStateChanged reason=8
06-04 17:09:21.337 I/PreDnsQuery( 1728): No need to handled!
06-04 17:09:21.337 I/BrowserChrP( 1728): handleStateChanged
06-04 17:09:23.129 D/SmartDualCardSM( 1728): IdleState:got msg.what=EVENT_HARD_SWITCH_CONDITION_CHECK
06-04 17:09:23.718 I/chatty  ( 1243): uid=1000 system_server expire 3 lines
06-04 17:09:24.363 I/chatty  ( 1243): uid=1000(system) ActivityManager expire 3 lines
06-04 17:09:24.411 D/SmartDualCardSM( 1728): IdleState:got msg.what=EVENT_APP_BACKGROUND_TIMEOUT
06-04 17:09:26.551 I/chatty  ( 1243): uid=1000(system) UEventObserver expire 18 lines
06-04 17:09:29.084 I/chatty  ( 1243): uid=1000(system) WifiStateMachin expire 1 line
06-04 17:09:32.831 I/storaged(  720): storaged_t::event: storage_info refreshed.
06-04 17:09:33.270 I/chatty  ( 1243): uid=1000(system) Binder:1243_E expire 7 lines
06-04 17:09:34.331 I/chatty  ( 1243): uid=1000(system) Binder:1243_9 expire 19 lines
06-04 17:09:35.033 I/chatty  ( 1243): uid=1000(system) Binder:1243_17 expire 33 lines
06-04 17:09:35.166 W/ContextImpl( 3584): Calling a method in the system process without a qualified user: android.app.ContextImpl.sendBroadcast:1155 android.content.ContextWrapper.sendBroadcast:444 ey.a:37 ey.i:83 es.n:6 
06-04 17:09:35.263 I/chatty  ( 1243): uid=1000(system) Binder:1243_C expire 19 lines
06-04 17:09:36.122 I/chatty  ( 1243): uid=1000(system) watchdog expire 1 line
06-04 17:09:36.420 I/chatty  ( 1243): uid=1000(system) Binder:1243_6 expire 21 lines
06-04 17:09:38.213 I/chatty  ( 1243): uid=1000(system) HwBinder:1243_5 expire 1 line
06-04 17:09:41.331 I/chatty  ( 1243): uid=1000(system) LocationThread expire 3 lines
06-04 17:09:41.338 I/chatty  ( 1243): uid=1000 system_server expire 1 line
06-04 17:09:41.404 D/libgps  (  734): proxy_gps_inject_location: called.
06-04 17:09:43.139 D/SmartDualCardSM( 1728): IdleState:got msg.what=EVENT_HARD_SWITCH_CONDITION_CHECK
06-04 17:09:43.159 E/SmartDualCardTraffic( 1728): getMealTrafficImpl fail,invalid imsi
06-04 17:09:43.159 D/SmartDualCardSM( 1728): boosterDump:prop=true SdcSwitchOn=false DataSwitchOn=true WifiConnect=true AirplaneOn=false ScreenOn=true VSimEnabled=false CallOn=false AppState=GENERAL_BACKGROUND HidataAppState=GENERAL_BACKGROUND defaultDataSub=1 default4GSlot=1 DataOn=false M_MmsUtPdp=false userType=2
06-04 17:09:43.168 D/SmartDualCardSM( 1728): isSlaveCardNetworkBad return true,mSignalStrength=2,mNetworkType=3,mDownlinkSpeedLimit=1048576,mDataRoaming=false
06-04 17:09:43.171 E/SmartDualCardTraffic( 1728): getMealTrafficImpl fail,invalid imsi
06-04 17:09:43.171 D/SmartDualCardSM( 1728): boosterDump:SlaveActive=false SameOperator=false M_NetworkBad=false S_NetworkBad=true M_DLSpeedLimit=1048576 S_DLSpeedLimit=1048576 M_DataRoam=false S_DataRoam=false VPNMode=false TetherOn=false AppQoeSlow=false HidataAppQoeSlow=false GameExpBad=false DsdsState=1 S_TrafficEnough=true
06-04 17:09:43.534 I/chatty  ( 1243): uid=1000(system) ThirdAppHandler expire 8 lines
06-04 17:09:51.028 I/chatty  ( 1243): uid=1000(system) HwActivityManag expire 2 lines
06-04 17:09:51.029 I/chatty  ( 1243): uid=1000(system) android.ui expire 2 lines
06-04 17:09:51.034 I/chatty  ( 1243): uid=1000(system) android.anim expire 1 line
06-04 17:09:51.042 I/chatty  ( 1243): uid=1000(system) batterystats-wo expire 1 line
06-04 17:09:51.055 I/chatty  ( 1243): uid=1000(system) Binder:1243_18 expire 2 lines
06-04 17:09:51.056 I/chatty  ( 1243): uid=1000(system) HwGameAssistant expire 2 lines
06-04 17:09:51.069 I/chatty  ( 1243): uid=1000(system) HwActivityManag expire 6 lines
06-04 17:09:51.085 I/chatty  ( 1243): uid=1000(system) android.bg expire 4 lines
06-04 17:09:51.088 I/chatty  ( 1243): uid=1000(system) android.ui expire 48 lines
06-04 17:09:51.089 I/chatty  ( 1243): uid=1000 system_server expire 3 lines
06-04 17:09:51.092 I/chatty  ( 1243): uid=1000(system) Binder:1243_9 expire 6 lines
06-04 17:09:51.092 I/HwNetworkPolicyManager( 1998): getHwUidPolicy uid = 11185 policy = 0
06-04 17:09:51.093 I/BoosterSwitchP( 1728): notifyUidState do nothing
06-04 17:09:51.093 I/DeepNoDisturbP( 1728): notifyUidState
06-04 17:09:51.093 I/BrowserChrP( 1728): notifyUidState
06-04 17:09:51.103 I/HidataAppQoeP( 1728): foregroundUidAdd uid: 11185 name: com.seeyon.cmp activity state: true
06-04 17:09:51.107 D/SmartDualCardConfig( 1728): getAppType,pkgName=com.seeyon.cmp,appType=12
06-04 17:09:51.107 D/SmartDualCardSM( 1728): onUidStateUpdate,uid=11185,appName=com.seeyon.cmp,state=FOREGROUND
06-04 17:09:51.108 D/SmartDualCardConfig( 1728): getAppType,pkgName=com.seeyon.cmp,appType=12
06-04 17:09:51.108 D/SmartDualCardSM( 1728): updateAppState mAppState=2
06-04 17:09:51.108 D/SmartDualCardConfig( 1728): addForegroundAppToList,size()=1,uid=11185
06-04 17:09:51.110 I/chatty  ( 1243): uid=1000(system) Binder:1243_17 expire 13 lines
06-04 17:09:51.110 I/CommandQueue( 1628): updateBarBgColor
06-04 17:09:51.111 D/CommandQueue( 1628): CommandQueue, setBarBackgroundColor
06-04 17:09:51.114 E/SmartDualCardTraffic( 1728): getMealTrafficImpl fail,invalid imsi
06-04 17:09:51.116 D/SmartDualCardSM( 1728): isNeedMonitorAppQoe return false
06-04 17:09:51.116 D/SmartDualCardSM( 1728): resetAppQoeState
06-04 17:09:51.116 D/SmartDualCardSM( 1728): IdleState:got msg.what=EVENT_APP_MOVE_FOREGROUND
06-04 17:09:51.116 I/DollieChr( 1728): handleForegroundAppUpdateMsg,mAppState=1,scenes=2,mForegroundAppName=
06-04 17:09:51.158 I/chatty  ( 1243): uid=1000(system) android.anim expire 19 lines
06-04 17:09:51.164 I/chatty  ( 1243): uid=1000(system) Binder:1243_6 expire 8 lines
06-04 17:09:51.309 D/SmartDualCardConfig( 1728): getAppType,pkgName=com.huawei.android.launcher,appType=301
06-04 17:09:51.309 D/SmartDualCardSM( 1728): onUidStateUpdate isSkip,uid=10062,name=com.huawei.android.launcher
06-04 17:09:51.310 I/chatty  ( 1243): uid=1000(system) tworkPolicy.uid expire 4 lines
06-04 17:09:51.312 I/chatty  ( 1243): uid=1000(system) NetdConnector expire 8 lines
06-04 17:09:51.336 I/BoosterSwitchP( 1728): notifyUidState do nothing
06-04 17:09:51.336 I/DeepNoDisturbP( 1728): notifyUidState
06-04 17:09:51.336 I/BrowserChrP( 1728): notifyUidState
06-04 17:09:51.496 I/chatty  ( 1243): uid=1000(system) android.display expire 2 lines
06-04 17:09:52.701 I/chatty  ( 1243): uid=1000(system) Binder:1243_1C expire 16 lines
06-04 17:09:52.726 I/BoosterSwitchP( 1728): notifyUidState do nothing
06-04 17:09:52.726 I/DeepNoDisturbP( 1728): notifyUidState
06-04 17:09:52.726 I/BrowserChrP( 1728): notifyUidState
06-04 17:09:52.737 I/HwNetworkPolicyManager( 1998): getHwUidPolicy uid = 10062 policy = 0
06-04 17:09:52.754 D/SmartDualCardConfig( 1728): getAppType,pkgName=com.huawei.android.launcher,appType=301
06-04 17:09:52.754 D/SmartDualCardSM( 1728): onUidStateUpdate isSkip,uid=10062,name=com.huawei.android.launcher
06-04 17:09:52.757 I/chatty  ( 1243): uid=1000(system) Binder:1243_14 expire 7 lines
06-04 17:09:52.801 I/CommandQueue( 1628): updateBarBgColor
06-04 17:09:52.801 D/CommandQueue( 1628): CommandQueue, setBarBackgroundColor
06-04 17:09:52.805 I/HidataAppQoeP( 1728): foregroundUidRemove uid: 11185 name: com.seeyon.cmp
06-04 17:09:52.808 D/SmartDualCardConfig( 1728): getAppType,pkgName=com.seeyon.cmp,appType=12
06-04 17:09:52.808 D/SmartDualCardSM( 1728): onUidStateUpdate,uid=11185,appName=com.seeyon.cmp,state=BACKGROUND
06-04 17:09:52.808 D/SmartDualCardConfig( 1728): removeAppFromList,after remove,size()=0,uid=11185
06-04 17:09:52.811 I/BoosterSwitchP( 1728): notifyUidState do nothing
06-04 17:09:52.811 I/DeepNoDisturbP( 1728): notifyUidState
06-04 17:09:52.811 I/BrowserChrP( 1728): notifyUidState
06-04 17:09:52.812 D/SmartDualCardConfig( 1728): getAppType,pkgName=com.seeyon.cmp,appType=12
06-04 17:09:52.812 D/SmartDualCardSM( 1728): updateAppState mAppState=1
06-04 17:09:52.812 D/SmartDualCardSM( 1728): IdleState:got msg.what=EVENT_APP_MOVE_BACKGROUND
06-04 17:09:52.812 D/SmartDualCardSM( 1728): startAppBackgroundTimer
06-04 17:09:52.812 I/DollieChr( 1728): handleForegroundAppUpdateMsg,mAppState=2,scenes=1,mForegroundAppName=com.seeyon.cmp
06-04 17:09:54.095 I/chatty  ( 1243): uid=1000(system) MultiTaskManage expire 14 lines
06-04 17:09:54.102 I/chatty  ( 1243): uid=1000 system_server expire 24 lines
06-04 17:09:54.122 D/ActivityThread(12730): Remove activity client record, r= ActivityRecord{a8325c9 token=android.os.BinderProxy@c9b47fe {com.android.settings/com.android.settings.Settings$ManageApplicationsActivity}} token= android.os.BinderProxy@c9b47fe
06-04 17:09:54.155 D/ActivityThread(12730): Remove activity client record, r= ActivityRecord{8cc62ee token=android.os.BinderProxy@eef9fe2 {com.android.settings/com.android.settings.applications.InstalledAppDetailsTop}} token= android.os.BinderProxy@eef9fe2
06-04 17:09:54.169 I/HwCoreAppHelperService( 1728): LocalReceiver receives:android.intent.action.PACKAGE_RESTARTED,pkg:cn.rongcloud.sealmic,uid:10658
06-04 17:09:54.180 I/BoosterSwitchP( 1728): notifyUidState do nothing
06-04 17:09:54.180 I/DeepNoDisturbP( 1728): notifyUidState
06-04 17:09:54.180 I/BrowserChrP( 1728): notifyUidState
06-04 17:09:54.181 I/BoosterSwitchP( 1728): notifyUidState do nothing
06-04 17:09:54.181 I/DeepNoDisturbP( 1728): notifyUidState
06-04 17:09:54.181 I/BrowserChrP( 1728): notifyUidState
06-04 17:09:54.188 I/HwCoreAppHelperService( 1728): LocalReceiver receives:android.intent.action.PACKAGE_RESTARTED,pkg:cn.rongcloud.sealmicandroid,uid:11177
06-04 17:09:54.188 I/chatty  ( 1243): uid=1000 system_server expire 2 lines
06-04 17:09:54.190 I/chatty  ( 1243): uid=1000(system) ActivityManager expire 6 lines
06-04 17:09:54.192 I/chatty  ( 1243): uid=1000 system_server expire 2 lines
06-04 17:09:54.195 I/HwCoreAppHelperService( 1728): LocalReceiver receives:android.intent.action.PACKAGE_RESTARTED,pkg:com.example.rongcloud_im_plugin_example,uid:11119
06-04 17:09:54.204 I/chatty  ( 1243): uid=1000(system) ActivityManager expire 1 line
06-04 17:09:54.210 I/chatty  ( 1243): uid=1000 system_server expire 11 lines
06-04 17:09:54.217 I/chatty  ( 1243): uid=1000(system) android.ui expire 31 lines
06-04 17:09:54.218 I/BoosterSwitchP( 1728): notifyUidState do nothing
06-04 17:09:54.218 I/DeepNoDisturbP( 1728): notifyUidState
06-04 17:09:54.218 I/BrowserChrP( 1728): notifyUidState
06-04 17:09:54.219 I/HwCoreAppHelperService( 1728): LocalReceiver receives:android.intent.action.PACKAGE_RESTARTED,pkg:com.huawei.gameassistant,uid:10034
06-04 17:09:54.219 I/chatty  ( 1243): uid=1000 system_server expire 4 lines
06-04 17:09:54.244 I/BoosterSwitchP( 1728): notifyUidState do nothing
06-04 17:09:54.244 I/DeepNoDisturbP( 1728): notifyUidState
06-04 17:09:54.244 I/BrowserChrP( 1728): notifyUidState
06-04 17:09:54.244 I/chatty  ( 1243): uid=1000(system) ActivityManager expire 7 lines
06-04 17:09:54.248 I/BoosterSwitchP( 1728): notifyUidState do nothing
06-04 17:09:54.248 I/DeepNoDisturbP( 1728): notifyUidState
06-04 17:09:54.248 I/BrowserChrP( 1728): notifyUidState
06-04 17:09:54.248 I/BoosterSwitchP( 1728): notifyUidState do nothing
06-04 17:09:54.248 I/DeepNoDisturbP( 1728): notifyUidState
06-04 17:09:54.248 I/BrowserChrP( 1728): notifyUidState
06-04 17:09:54.248 I/chatty  ( 1243): uid=1000(system) Binder:1243_6 expire 4 lines
06-04 17:09:54.251 D/ActivityThread(12730): Remove activity client record, r= ActivityRecord{9c63258 token=android.os.BinderProxy@192f6ba {com.android.settings/com.android.settings.SubSettings}} token= android.os.BinderProxy@192f6ba
06-04 17:09:54.252 I/chatty  ( 1243): uid=1000(system) Binder:1243_18 expire 1 line
06-04 17:09:54.260 I/chatty  ( 1243): uid=1000(system) Binder:1243_F expire 3 lines
06-04 17:09:54.269 I/HwCoreAppHelperService( 1728): LocalReceiver receives:android.intent.action.PACKAGE_RESTARTED,pkg:com.seeyon.cmp,uid:11185
06-04 17:09:54.273 I/chatty  ( 1243): uid=1000(system) android.display expire 3 lines
06-04 17:09:54.273 I/BoosterSwitchP( 1728): notifyUidState do nothing
06-04 17:09:54.273 I/DeepNoDisturbP( 1728): notifyUidState
06-04 17:09:54.273 I/BrowserChrP( 1728): notifyUidState
06-04 17:09:54.276 I/chatty  ( 1243): uid=1000(system) MultiTaskManage expire 2 lines
06-04 17:09:54.280 I/chatty  ( 1243): uid=1000(system) Binder:1243_11 expire 9 lines
06-04 17:09:54.293 D/ActivityThread(12730): Remove activity client record, r= ActivityRecord{5a64cbe token=android.os.BinderProxy@1a5f6f1 {com.android.settings/com.android.settings.HWSettings}} token= android.os.BinderProxy@1a5f6f1
06-04 17:09:54.294 I/chatty  ( 1243): uid=1000(system) Binder:1243_C expire 5 lines
06-04 17:09:54.306 D/ActivityThread(12730): Remove activity client record, r= ActivityRecord{5e4ca8 token=android.os.BinderProxy@d504b0a {com.android.settings/com.android.settings.Settings$AppAndNotificationDashboardActivity}} token= android.os.BinderProxy@d504b0a
06-04 17:09:54.318 I/chatty  ( 1243): uid=1000(system) Binder:1243_3 expire 5 lines
06-04 17:09:54.318 I/chatty  ( 1243): uid=1000(system) Binder:1243_20 expire 1 line
06-04 17:09:54.318 I/chatty  ( 1243): uid=1000(system) Binder:1243_B expire 1 line
06-04 17:09:54.318 I/chatty  ( 1243): uid=1000(system) ConnectivitySer expire 4 lines
06-04 17:09:54.366 D/ActivityThread(12730): Remove activity client record, r= ActivityRecord{3f1018e token=android.os.BinderProxy@78da44f {com.android.settings/com.android.settings.Settings$WifiSettingsActivity}} token= android.os.BinderProxy@78da44f
06-04 17:09:54.367 I/chatty  ( 1243): uid=1000(system) Binder:1243_A expire 8 lines
06-04 17:09:54.412 I/BoosterSwitchP( 1728): notifyUidState do nothing
06-04 17:09:54.412 I/DeepNoDisturbP( 1728): notifyUidState
06-04 17:09:54.412 I/BrowserChrP( 1728): notifyUidState
06-04 17:09:54.426 I/chatty  ( 1243): uid=1000(system) android.anim expire 12 lines
06-04 17:09:54.455 I/chatty  ( 1243): uid=1000(system) WifiService expire 2 lines
06-04 17:09:54.462 I/BoosterSwitchP( 1728): notifyUidState do nothing
06-04 17:09:54.462 I/DeepNoDisturbP( 1728): notifyUidState
06-04 17:09:54.462 I/BrowserChrP( 1728): notifyUidState
06-04 17:09:54.679 I/chatty  ( 1243): uid=1000(system) Thread-34 expire 9 lines
06-04 17:09:55.201 I/chatty  ( 1243): uid=1000(system) Binder:1243_1C expire 8 lines
06-04 17:09:55.218 I/chatty  ( 1243): uid=1000(system) HwActivityManag expire 3 lines
06-04 17:09:55.231 I/chatty  ( 1243): uid=1000 system_server expire 1 line
06-04 17:09:55.262 I/chatty  ( 1243): uid=1000(system) ActivityManager expire 1 line
06-04 17:09:55.278 D/ActivityThread(17890): Attach thread to application
06-04 17:09:55.289 I/chatty  ( 1243): uid=1000(system) HwGameAssistant expire 1 line
06-04 17:09:55.289 I/chatty  ( 1243): uid=1000(system) android.bg expire 1 line
06-04 17:09:55.291 I/chatty  ( 1243): uid=1000(system) Binder:1243_11 expire 2 lines
06-04 17:09:55.292 I/BoosterSwitchP( 1728): notifyUidState do nothing
06-04 17:09:55.292 I/DeepNoDisturbP( 1728): notifyUidState
06-04 17:09:55.292 I/BrowserChrP( 1728): notifyUidState
06-04 17:09:55.293 I/chatty  ( 1243): uid=1000(system) android.ui expire 2 lines
06-04 17:09:55.293 I/chatty  ( 1243): uid=1000(system) Binder:1243_11 expire 7 lines
06-04 17:09:55.294 I/chatty  ( 1243): uid=1000(system) Binder:1243_F expire 1 line
06-04 17:09:55.294 I/chatty  ( 1243): uid=1000(system) android.ui expire 1 line
06-04 17:09:55.294 I/HwNetworkPolicyManager( 1998): getHwUidPolicy uid = 11185 policy = 0
06-04 17:09:55.294 I/chatty  ( 1243): uid=1000(system) Binder:1243_11 expire 1 line
06-04 17:09:55.295 I/chatty  ( 1243): uid=1000 system_server expire 1 line
06-04 17:09:55.327 I/chatty  ( 1243): uid=1000(system) Binder:1243_F expire 2 lines
06-04 17:09:55.335 I/chatty  ( 1243): uid=1000(system) android.ui expire 2 lines
06-04 17:09:55.455 I/chatty  ( 1243): uid=1000(system) ActivityManager expire 1 line
06-04 17:09:55.469 I/chatty  ( 1243): uid=1000(system) ActivityManager expire 1 line
06-04 17:09:55.470 I/chatty  ( 1243): uid=1000(system) MultiTaskManage expire 1 line
06-04 17:09:55.470 I/chatty  ( 1243): uid=1000(system) android.ui expire 1 line
06-04 17:09:55.471 I/chatty  ( 1243): uid=1000(system) android.anim expire 5 lines
06-04 17:09:55.493 D/ActivityThread(17909): Attach thread to application
06-04 17:09:55.539 I/chatty  ( 1243): uid=1000(system) android.ui expire 5 lines
06-04 17:09:55.581 I/chatty  ( 1243): uid=1000(system) Binder:1243_F expire 3 lines
06-04 17:09:55.630 I/chatty  ( 1243): uid=1000(system) Binder:1243_11 expire 1 line
06-04 17:09:55.713 I/chatty  ( 1243): uid=1000(system) Binder:1243_A expire 1 line
06-04 17:09:55.825 V/ActivityThread(17890): Skipping new config:{1.0 ?mcc?mnc [zh_CN_#Hans,en_CN] ldltr sw360dp w360dp h578dp 480dpi nrml long port finger -keyb/v/h -nav/h winConfig={ mBounds=Rect(0, 0 - 0, 0) mAppBounds=Rect(0, 0 - 1080, 1808) mWindowingMode=fullscreen mActivityType=undefined} nonFullScreen=0 suim:1 s.7}, config:{1.0 ?mcc?mnc [zh_CN_#Hans,en_CN] ldltr sw360dp w360dp h578dp 480dpi nrml long port finger -keyb/v/h -nav/h winConfig={ mBounds=Rect(0, 0 - 0, 0) mAppBounds=Rect(0, 0 - 1080, 1808) mWindowingMode=fullscreen mActivityType=undefined} nonFullScreen=0 suim:1 s.7} for app:com.seeyon.cmp
06-04 17:09:55.893 I/chatty  ( 1243): uid=1000(system) Binder:1243_3 expire 2 lines
06-04 17:09:55.980 I/chatty  ( 1243): uid=1000(system) Binder:1243_F expire 1 line
06-04 17:09:55.984 V/ActivityThread(17890): callActivityOnCreate
06-04 17:09:56.135 I/chatty  ( 1243): uid=1000(system) Binder:1243_3 expire 12 lines
06-04 17:09:56.159 I/chatty  ( 1243): uid=1000(system) Binder:1243_1C expire 4 lines
06-04 17:09:56.180 I/chatty  ( 1243): uid=1000(system) Binder:1243_11 expire 7 lines
06-04 17:09:56.188 I/chatty  ( 1243): uid=1000(system) Binder:1243_19 expire 3 lines
06-04 17:09:56.190 I/chatty  ( 1243): uid=1000(system) ActivityManager expire 1 line
06-04 17:09:56.190 I/chatty  ( 1243): uid=1000(system) MultiTaskManage expire 1 line
06-04 17:09:56.203 D/ActivityThread(18025): Attach thread to application
06-04 17:09:56.264 D/HwCustConnectivityManagerImpl(17890): isBlockNetworkRequestByNonAis, INVALID_SUBSCRIPTION_ID
06-04 17:09:56.265 I/chatty  ( 1243): uid=1000(system) ConnectivitySer expire 72 lines
06-04 17:09:56.266 D/HwCustConnectivityManagerImpl(17890): isBlockNetworkRequestByNonAis, INVALID_SUBSCRIPTION_ID
06-04 17:09:56.320 I/chatty  ( 1243): uid=1000(system) Binder:1243_18 expire 4 lines
06-04 17:09:56.490 D/ActivityThread(17890): add activity client record, r= ActivityRecord{f50ea05 token=android.os.BinderProxy@450c0b0 {com.seeyon.cmp/com.seeyon.cmp.ui.LoadActivity}} token= android.os.BinderProxy@450c0b0
06-04 17:09:56.525 I/chatty  ( 1243): uid=1000(system) android.ui expire 6 lines
06-04 17:09:56.562 I/chatty  ( 1243): uid=1000(system) Binder:1243_14 expire 1 line
06-04 17:09:56.563 I/chatty  ( 1243): uid=1000(system) HwActivityManag expire 1 line
06-04 17:09:56.563 I/HidataAppQoeP( 1728): foregroundUidAdd uid: 11185 name: com.seeyon.cmp activity state: true
06-04 17:09:56.566 D/HwCustConnectivityManagerImpl(17890): isBlockNetworkRequestByNonAis, INVALID_SUBSCRIPTION_ID
06-04 17:09:56.569 D/HwCustConnectivityManagerImpl(17890): isBlockNetworkRequestByNonAis, INVALID_SUBSCRIPTION_ID
06-04 17:09:56.571 D/SmartDualCardConfig( 1728): getAppType,pkgName=com.seeyon.cmp,appType=12
06-04 17:09:56.571 D/SmartDualCardSM( 1728): onUidStateUpdate,uid=11185,appName=com.seeyon.cmp,state=FOREGROUND
06-04 17:09:56.572 D/SmartDualCardConfig( 1728): getAppType,pkgName=com.seeyon.cmp,appType=12
06-04 17:09:56.572 D/SmartDualCardSM( 1728): updateAppState mAppState=2
06-04 17:09:56.572 D/SmartDualCardConfig( 1728): addForegroundAppToList,size()=1,uid=11185
06-04 17:09:56.576 E/SmartDualCardTraffic( 1728): getMealTrafficImpl fail,invalid imsi
06-04 17:09:56.579 D/SmartDualCardSM( 1728): isNeedMonitorAppQoe return false
06-04 17:09:56.580 D/SmartDualCardSM( 1728): resetAppQoeState
06-04 17:09:56.580 I/DollieChr( 1728): handleForegroundAppUpdateMsg,mAppState=1,scenes=2,mForegroundAppName=
06-04 17:09:56.580 D/SmartDualCardSM( 1728): IdleState:got msg.what=EVENT_APP_MOVE_FOREGROUND
06-04 17:09:56.600 I/CommandQueue( 1628): updateBarBgColor
06-04 17:09:56.600 D/CommandQueue( 1628): CommandQueue, setBarBackgroundColor
06-04 17:09:56.709 I/chatty  ( 1243): uid=1000(system) android.anim expire 4 lines
06-04 17:09:56.726 I/chatty  ( 1243): uid=1000(system) android.display expire 1 line
06-04 17:09:56.729 I/chatty  ( 1243): uid=1000(system) android.ui expire 1 line
06-04 17:09:56.755 I/chatty  ( 1243): uid=1000(system) Binder:1243_18 expire 1 line
06-04 17:09:56.755 I/chatty  ( 1243): uid=1000(system) Binder:1243_14 expire 1 line
06-04 17:09:56.768 I/chatty  ( 1243): uid=1000(system) Binder:1243_1 expire 4 lines
06-04 17:09:56.798 I/chatty  ( 1243): uid=1000(system) android.display expire 1 line
06-04 17:09:56.800 I/chatty  ( 1243): uid=1000(system) android.ui expire 1 line
06-04 17:09:56.806 I/chatty  ( 1243): uid=1000(system) Binder:1243_1 expire 12 lines
06-04 17:09:56.827 I/chatty  ( 1243): uid=1000(system) android.anim expire 4 lines
06-04 17:09:56.831 I/chatty  ( 1243): uid=1000(system) android.ui expire 1 line
06-04 17:09:56.837 I/chatty  ( 1243): uid=1000(system) LocationThread expire 2 lines
06-04 17:09:56.838 I/chatty  ( 1243): uid=1000 system_server expire 1 line
06-04 17:09:56.849 I/chatty  ( 1243): uid=1000(system) android.ui expire 1 line
06-04 17:09:56.851 I/chatty  ( 1243): uid=1000(system) Binder:1243_1 expire 2 lines
06-04 17:09:56.853 I/chatty  ( 1243): uid=1000(system) LocationThread expire 1 line
06-04 17:09:56.857 I/chatty  ( 1243): uid=1000(system) Binder:1243_A expire 2 lines
06-04 17:09:56.860 I/chatty  ( 1243): uid=1000(system) Binder:1243_1C expire 1 line
06-04 17:09:56.866 I/chatty  ( 1243): uid=1000(system) Binder:1243_11 expire 1 line
06-04 17:09:56.869 I/chatty  ( 1243): uid=1000(system) Binder:1243_18 expire 2 lines
06-04 17:09:56.872 D/libgps  (  734): proxy_gps_inject_location: called.
06-04 17:09:56.872 I/chatty  ( 1243): uid=1000(system) LocationThread expire 1 line
06-04 17:09:56.873 I/chatty  ( 1243): uid=1000(system) Binder:1243_1C expire 7 lines
06-04 17:09:56.905 I/chatty  ( 1243): uid=1000(system) Binder:1243_14 expire 2 lines
06-04 17:09:56.905 I/CommandQueue( 1628): updateBarBgColor
06-04 17:09:56.906 D/CommandQueue( 1628): CommandQueue, setBarBackgroundColor
06-04 17:09:56.907 I/chatty  ( 1243): uid=1000(system) android.ui expire 13 lines
06-04 17:09:56.911 I/chatty  ( 1243): uid=1000(system) Binder:1243_8 expire 14 lines
06-04 17:09:56.913 I/chatty  ( 1243): uid=1000(system) Binder:1243_1 expire 10 lines
06-04 17:09:56.939 I/chatty  ( 1243): uid=1000(system) Binder:1243_F expire 6 lines
06-04 17:09:56.951 I/chatty  ( 1243): uid=1000(system) android.anim expire 5 lines
06-04 17:09:57.054 I/chatty  ( 1243): uid=1000(system) tworkPolicy.uid expire 2 lines
06-04 17:09:57.055 D/SmartDualCardConfig( 1728): getAppType,pkgName=com.huawei.android.launcher,appType=301
06-04 17:09:57.055 D/SmartDualCardSM( 1728): onUidStateUpdate isSkip,uid=10062,name=com.huawei.android.launcher
06-04 17:09:57.058 I/chatty  ( 1243): uid=1000(system) NetdConnector expire 12 lines
06-04 17:09:57.061 I/chatty  ( 1243): uid=1000(system) Binder:1243_3 expire 9 lines
06-04 17:09:57.066 I/chatty  ( 1243): uid=1000(system) android.bg expire 1 line
06-04 17:09:57.066 I/BoosterSwitchP( 1728): notifyUidState do nothing
06-04 17:09:57.066 I/DeepNoDisturbP( 1728): notifyUidState
06-04 17:09:57.066 I/BrowserChrP( 1728): notifyUidState
06-04 17:09:57.077 I/chatty  ( 1243): uid=1000(system) Binder:1243_18 expire 3 lines
06-04 17:09:57.288 I/chatty  ( 1243): uid=1000(system) UEventObserver expire 18 lines
06-04 17:09:57.308 I/chatty  ( 1243): uid=1000(system) HwBinder:1243_5 expire 2 lines
06-04 17:09:57.328 I/chatty  ( 1243): uid=1000(system) Binder:1243_15 expire 4 lines
06-04 17:09:57.340 I/chatty  ( 1243): uid=1000(system) ActivityManager expire 2 lines
06-04 17:09:57.348 I/chatty  ( 1243): uid=1000(system) Binder:1243_1E expire 2 lines
06-04 17:09:57.375 I/chatty  ( 1243): uid=1000(system) Binder:1243_1B expire 9 lines
06-04 17:09:57.482 I/chatty  ( 1243): uid=1000(system) Binder:1243_9 expire 1 line
06-04 17:09:57.817 I/chatty  ( 1243): uid=1000(system) PowerManagerSer expire 1 line
06-04 17:09:58.864 I/chatty  ( 1243): uid=1000(system) android.display expire 3 lines
06-04 17:10:00.005 I/chatty  ( 1243): uid=1000 system_server expire 5 lines
06-04 17:10:04.846 I/DeepNoDisturbP( 1728): handleStateChanged reason=8
06-04 17:10:04.848 I/HidataAppQoeP( 1728): handleStateChanged reason=8
06-04 17:10:04.857 I/PreDnsQuery( 1728): handleStateChanged reason=8
06-04 17:10:04.860 I/PreDnsQuery( 1728): No need to handled!
06-04 17:10:04.860 I/BrowserChrP( 1728): handleStateChanged
06-04 17:10:06.125 I/chatty  ( 1243): uid=1000(system) watchdog expire 1 line
06-04 17:10:09.936 I/DeepNoDisturbP( 1728): handleStateChanged reason=8
06-04 17:10:09.951 I/HidataAppQoeP( 1728): handleStateChanged reason=8
06-04 17:10:09.964 I/PreDnsQuery( 1728): handleStateChanged reason=8
06-04 17:10:09.967 I/PreDnsQuery( 1728): No need to handled!
06-04 17:10:09.967 I/BrowserChrP( 1728): handleStateChanged
06-04 17:10:11.022 W/SocketListener(  549): sending broadcast to Pid = 1243, Uid = 1000 
06-04 17:10:11.026 I/chatty  ( 1243): uid=1000(system) android.fg expire 8 lines
06-04 17:10:11.027 I/chatty  ( 1243): uid=1000(system) NetworkStats expire 15 lines
06-04 17:10:12.801 I/chatty  ( 1243): uid=1000(system) Binder:1243_19 expire 1 line
06-04 17:10:12.806 I/chatty  ( 1243): uid=1000(system) Binder:1243_16 expire 1 line
06-04 17:10:13.535 W/SocketListener(  549): sending broadcast to Pid = 1243, Uid = 1000 
06-04 17:10:15.780 W/SocketListener(  549): sending broadcast to Pid = 1243, Uid = 1000 
06-04 17:10:15.781 I/chatty  ( 1243): uid=1000(system) NetdConnector expire 6 lines
06-04 17:10:16.587 D/SmartDualCardSM( 1728): IdleState:got msg.what=EVENT_HARD_SWITCH_CONDITION_CHECK
06-04 17:10:16.599 E/SmartDualCardTraffic( 1728): getMealTrafficImpl fail,invalid imsi
06-04 17:10:16.599 D/SmartDualCardSM( 1728): boosterDump:prop=true SdcSwitchOn=false DataSwitchOn=true WifiConnect=true AirplaneOn=false ScreenOn=true VSimEnabled=false CallOn=false AppState=GENERAL_FOREGROUND HidataAppState=GENERAL_BACKGROUND defaultDataSub=1 default4GSlot=1 DataOn=false M_MmsUtPdp=false userType=2
06-04 17:10:16.608 D/SmartDualCardSM( 1728): isSlaveCardNetworkBad return true,mSignalStrength=2,mNetworkType=3,mDownlinkSpeedLimit=1048576,mDataRoaming=false
06-04 17:10:16.610 E/SmartDualCardTraffic( 1728): getMealTrafficImpl fail,invalid imsi
06-04 17:10:16.610 D/SmartDualCardSM( 1728): boosterDump:SlaveActive=false SameOperator=false M_NetworkBad=false S_NetworkBad=true M_DLSpeedLimit=1048576 S_DLSpeedLimit=1048576 M_DataRoam=false S_DataRoam=false VPNMode=false TetherOn=false AppQoeSlow=false HidataAppQoeSlow=false GameExpBad=false DsdsState=1 S_TrafficEnough=true
06-04 17:10:17.101 I/chatty  ( 1243): uid=1000(system) WifiStateMachin expire 1 line
06-04 17:10:18.074 W/SocketListener(  549): sending broadcast to Pid = 1243, Uid = 1000 
06-04 17:10:18.077 I/chatty  ( 1243): uid=1000(system) NetworkStats expire 5 lines
06-04 17:10:18.111 I/chatty  ( 1243): uid=1000(system) NetdConnector expire 4 lines
06-04 17:10:20.391 W/SocketListener(  549): sending broadcast to Pid = 1243, Uid = 1000 
06-04 17:10:20.393 I/chatty  ( 1243): uid=1000(system) android.fg expire 2 lines
06-04 17:10:20.395 I/chatty  ( 1243): uid=1000(system) NetworkStats expire 5 lines
06-04 17:10:20.426 I/chatty  ( 1243): uid=1000(system) NetdConnector expire 4 lines
06-04 17:10:22.665 W/SocketListener(  549): sending broadcast to Pid = 1243, Uid = 1000 
06-04 17:10:22.667 I/chatty  ( 1243): uid=1000(system) android.fg expire 2 lines
06-04 17:10:22.668 I/chatty  ( 1243): uid=1000(system) NetworkStats expire 5 lines
06-04 17:10:22.704 I/chatty  ( 1243): uid=1000(system) NetdConnector expire 4 lines
06-04 17:10:25.075 W/SocketListener(  549): sending broadcast to Pid = 1243, Uid = 1000 
06-04 17:10:25.077 I/chatty  ( 1243): uid=1000(system) android.fg expire 2 lines
06-04 17:10:25.078 I/chatty  ( 1243): uid=1000(system) NetworkStats expire 5 lines
06-04 17:10:25.110 I/chatty  ( 1243): uid=1000(system) NetdConnector expire 2 lines
06-04 17:10:26.737 I/chatty  ( 1243): uid=1000(system) Binder:1243_3 expire 10 lines
06-04 17:10:26.752 I/chatty  ( 1243): uid=1000(system) Binder:1243_9 expire 10 lines
06-04 17:10:26.775 I/chatty  ( 1243): uid=1000(system) Binder:1243_12 expire 19 lines
06-04 17:10:28.005 I/chatty  ( 1243): uid=1000(system) UEventObserver expire 12 lines
06-04 17:10:28.022 I/chatty  ( 1243): uid=1000(system) HwBinder:1243_5 expire 1 line
06-04 17:10:28.102 I/chatty  ( 1243): uid=1000(system) ActivityManager expire 2 lines
06-04 17:10:32.831 I/storaged(  720): storaged_t::event: storage_info refreshed.
06-04 17:10:35.551 I/DeepNoDisturbP( 1728): handleStateChanged reason=8
06-04 17:10:35.564 I/HidataAppQoeP( 1728): handleStateChanged reason=8
06-04 17:10:35.579 I/PreDnsQuery( 1728): handleStateChanged reason=8
06-04 17:10:35.581 I/PreDnsQuery( 1728): No need to handled!
06-04 17:10:35.581 I/BrowserChrP( 1728): handleStateChanged
06-04 17:10:36.128 I/chatty  ( 1243): uid=1000(system) watchdog expire 4 lines
06-04 17:10:36.591 D/SmartDualCardSM( 1728): IdleState:got msg.what=EVENT_HARD_SWITCH_CONDITION_CHECK
06-04 17:10:41.539 I/chatty  ( 1243): uid=1000(system) android.bg expire 2 lines
06-04 17:10:41.539 I/DeepNoDisturbP( 1728): handleStateChanged reason=8
06-04 17:10:41.541 I/chatty  ( 1243): uid=1000(system) NetdConnector expire 10 lines
06-04 17:10:41.543 I/chatty  ( 1243): uid=1000 system_server expire 7 lines
06-04 17:10:41.544 I/HidataAppQoeP( 1728): handleStateChanged reason=8
06-04 17:10:41.553 I/PreDnsQuery( 1728): handleStateChanged reason=8
06-04 17:10:41.555 I/PreDnsQuery( 1728): No need to handled!
06-04 17:10:41.555 I/BrowserChrP( 1728): handleStateChanged
06-04 17:10:41.555 I/chatty  ( 1243): uid=1000(system) Binder:1243_3 expire 15 lines
06-04 17:10:50.734 I/chatty  ( 1243): uid=1000(system) Binder:1243_9 expire 10 lines
06-04 17:10:56.608 D/SmartDualCardSM( 1728): IdleState:got msg.what=EVENT_HARD_SWITCH_CONDITION_CHECK
06-04 17:10:56.634 E/SmartDualCardTraffic( 1728): getMealTrafficImpl fail,invalid imsi
06-04 17:10:56.635 D/SmartDualCardSM( 1728): boosterDump:prop=true SdcSwitchOn=false DataSwitchOn=true WifiConnect=true AirplaneOn=false ScreenOn=true VSimEnabled=false CallOn=false AppState=GENERAL_FOREGROUND HidataAppState=GENERAL_BACKGROUND defaultDataSub=1 default4GSlot=1 DataOn=false M_MmsUtPdp=false userType=2
06-04 17:10:56.652 D/SmartDualCardSM( 1728): isSlaveCardNetworkBad return true,mSignalStrength=2,mNetworkType=3,mDownlinkSpeedLimit=1048576,mDataRoaming=false
06-04 17:10:56.655 E/SmartDualCardTraffic( 1728): getMealTrafficImpl fail,invalid imsi
06-04 17:10:56.655 D/SmartDualCardSM( 1728): boosterDump:SlaveActive=false SameOperator=false M_NetworkBad=false S_NetworkBad=true M_DLSpeedLimit=1048576 S_DLSpeedLimit=1048576 M_DataRoam=false S_DataRoam=false VPNMode=false TetherOn=false AppQoeSlow=false HidataAppQoeSlow=false GameExpBad=false DsdsState=1 S_TrafficEnough=true
06-04 17:10:58.713 I/chatty  ( 1243): uid=1000(system) UEventObserver expire 12 lines
06-04 17:11:11.408 I/DeepNoDisturbP( 1728): handleStateChanged reason=8
06-04 17:11:11.412 I/HidataAppQoeP( 1728): handleStateChanged reason=8
06-04 17:11:11.422 I/PreDnsQuery( 1728): handleStateChanged reason=8
06-04 17:11:11.423 I/PreDnsQuery( 1728): No need to handled!
06-04 17:11:11.423 I/BrowserChrP( 1728): handleStateChanged
06-04 17:11:16.616 D/SmartDualCardSM( 1728): IdleState:got msg.what=EVENT_HARD_SWITCH_CONDITION_CHECK
06-04 17:11:17.388 I/DeepNoDisturbP( 1728): handleStateChanged reason=8
06-04 17:11:17.404 I/HidataAppQoeP( 1728): handleStateChanged reason=8
06-04 17:11:17.422 I/PreDnsQuery( 1728): handleStateChanged reason=8
06-04 17:11:17.423 I/PreDnsQuery( 1728): No need to handled!
06-04 17:11:17.423 I/BrowserChrP( 1728): handleStateChanged
06-04 17:11:21.194 I/chatty  ( 1243): uid=1000(system) WifiStateMachin expire 1 line
06-04 17:11:23.401 I/DeepNoDisturbP( 1728): handleStateChanged reason=8
06-04 17:11:23.420 I/HidataAppQoeP( 1728): handleStateChanged reason=8
06-04 17:11:23.431 I/PreDnsQuery( 1728): handleStateChanged reason=8
06-04 17:11:23.433 I/PreDnsQuery( 1728): No need to handled!
06-04 17:11:23.434 I/BrowserChrP( 1728): handleStateChanged
06-04 17:11:26.768 I/chatty  ( 1243): uid=1000(system) Binder:1243_3 expire 10 lines
06-04 17:11:27.062 I/chatty  ( 1243): uid=1000(system) Binder:1243_1A expire 24 lines
06-04 17:11:29.407 I/DeepNoDisturbP( 1728): handleStateChanged reason=8
06-04 17:11:29.417 I/HidataAppQoeP( 1728): handleStateChanged reason=8
06-04 17:11:29.432 I/PreDnsQuery( 1728): handleStateChanged reason=8
06-04 17:11:29.434 I/PreDnsQuery( 1728): No need to handled!
06-04 17:11:29.434 I/BrowserChrP( 1728): handleStateChanged
06-04 17:11:32.832 I/storaged(  720): storaged_t::event: storage_info refreshed.
06-04 17:11:36.625 D/SmartDualCardSM( 1728): IdleState:got msg.what=EVENT_HARD_SWITCH_CONDITION_CHECK
06-04 17:11:36.649 E/SmartDualCardTraffic( 1728): getMealTrafficImpl fail,invalid imsi
06-04 17:11:36.649 D/SmartDualCardSM( 1728): boosterDump:prop=true SdcSwitchOn=false DataSwitchOn=true WifiConnect=true AirplaneOn=false ScreenOn=true VSimEnabled=false CallOn=false AppState=GENERAL_FOREGROUND HidataAppState=GENERAL_BACKGROUND defaultDataSub=1 default4GSlot=1 DataOn=false M_MmsUtPdp=false userType=2
06-04 17:11:36.662 D/SmartDualCardSM( 1728): isSlaveCardNetworkBad return true,mSignalStrength=2,mNetworkType=3,mDownlinkSpeedLimit=1048576,mDataRoaming=false
06-04 17:11:36.665 E/SmartDualCardTraffic( 1728): getMealTrafficImpl fail,invalid imsi
06-04 17:11:36.665 D/SmartDualCardSM( 1728): boosterDump:SlaveActive=false SameOperator=false M_NetworkBad=false S_NetworkBad=true M_DLSpeedLimit=1048576 S_DLSpeedLimit=1048576 M_DataRoam=false S_DataRoam=false VPNMode=false TetherOn=false AppQoeSlow=false HidataAppQoeSlow=false GameExpBad=false DsdsState=1 S_TrafficEnough=true
