06-04 11:30:14.913 I/SiteCountryDataManager( 3389): [I/HwID_APK_log[4.0.4.307]/SiteCountryDataManager 3389:200 :945] enter innerInit
06-04 11:30:14.913 I/SiteCountryDataManager( 3389): [I/HwID_APK_log[4.0.4.307]/SiteCountryDataManager 3389:200 :951] out innerInit
06-04 11:30:14.913 I/GetServiceTokenRequest( 3389): [I/HwID_APK_log[4.0.4.307]/GetServiceTokenRequest 3389:200 :114] GetServiceToken  finish. transID:3e6924ab-9e3f-4581-beef-e72c2d431399
06-04 11:30:14.913 I/InAppResponse( 3389): [I/HMSCore/InAppResponse 3389:200 :98] In-App Response, uri: hwid.inner.getServiceToken, statusCode: 0
06-04 11:30:14.913 W/HwAccInfoCache( 3389): [W/HwJOS/HwAccInfoCache 3389:200 :209] HwIDInnerService get ServiceTokenInfo failed.retCode:2902
06-04 11:30:14.913 I/Jos.getNotice( 3389): [I/HwJOS/Jos.getNotice 3389:200 :102] onRequest:0
06-04 11:30:14.913 I/ProcessUtil( 3389): [I/HMSCore/ProcessUtil 3389:200 :36] Process = com.huawei.hwid.core
06-04 11:30:14.913 I/AuthServiceHelper( 3389): [I/HwJOS/AuthServiceHelper 3389:200 :50] Current Thread:before,name:Binder:3389_4
06-04 11:30:14.913 I/AuthService( 3389): [I/HMSCore/AuthService 3389:200 :296] Enter checkPermission, appId: 100375563
06-04 11:30:14.913 I/AuthService( 3389): [I/HMSCore/AuthService 3389:200 :300] in scope manager process, local check permission
06-04 11:30:14.914 I/AppScope( 3389): [I/HMSCore/AppScope 3389:200 :576] checkPermission, appID:100375563, permission:com.huawei.android.hms.common.jos.off, accountIndex:null, checkExpiredTimeFlag:1
06-04 11:30:14.914 I/AuthServiceHelper( 3389): [I/HwJOS/AuthServiceHelper 3389:200 :54] Current Thread:after,name:Binder:3389_4
06-04 11:30:14.914 W/Jos.getNotice( 3389): [W/HwJOS/Jos.getNotice 3389:200 :147] onRequestStop statusCode:8001
06-04 11:30:14.914 I/AIDLResponseImpl( 3389): [I/HMSCore/AIDLResponseImpl 3389:200 :196] Response, uri: core.getNoticeIntent, statusCode: 0
06-04 11:30:14.915 I/HMSSDK_PendingResultImpl(12215): setResult:0
06-04 11:30:14.915 I/HMSSDK_connectservice(12215): josNoticeResp status code :8001
06-04 11:30:14.917 D/AppLogManager( 3389): PrintWoker poll timeout , shutdown
06-04 11:30:14.922 I/audio_hw_primary(  605): usb_ext_get_parameters: check show hires (false)
06-04 11:30:14.922 I/hash_map_utils(  629): key: 'typec_need_show_hires' value: ''
06-04 11:30:14.922 I/bt_a2dp_hw(  629): adev_get_parameters: audio a2dp receive kvpairs typec_need_show_hires ,but need not handle
06-04 11:30:14.923 I/HwAudioServiceEx( 1252): check HiRes Icon false
06-04 11:30:14.938 I/StatusBarDisable( 1252): setFlags what=0 which=1 pkg=Window{b88a65f u0 com.huawei.android.launcher/com.huawei.android.launcher.unihome.UniHomeLauncher}
06-04 11:30:15.117 W/ndroid.contact(12151): resources.arsc in APK '/data/app/com.tencent.mtt-muGrYVg7nro2fruZuwXNXA==/base.apk' is compressed.
06-04 11:30:15.136 D/OpenGLRenderer(12151): Skia GL Pipeline
06-04 11:30:15.140 W/ndroid.contact(12151): resources.arsc in APK '/data/app/com.tencent.mm-j7TGw7DY4LV6YcFbRn3o5Q==/base.apk' is compressed.
06-04 11:30:14.955 I/StatusBarDisable( 1252): setFlags what=0 which=1 pkg=Window{b88a65f u0 com.huawei.android.launcher/com.huawei.android.launcher.unihome.UniHomeLauncher}
06-04 11:30:15.422 V/ActivityManager( 1252): startProcess: name=com.huawei.rcsserviceapplication:service app=null knownToBeDead=true thread=null pid=-1
06-04 11:30:15.450 I/Zygote  (  558): say something before unblock SIGCHLD, uid: 10128 pid: 12341, do not delete this log!
06-04 11:30:15.456 I/ActivityManager( 1252): Start proc 12341:com.huawei.rcsserviceapplication:service/u0a128 for service com.huawei.rcsserviceapplication/com.huawei.rcs.service.RcsService
06-04 11:30:15.457 E/ProcessInfoCollector( 1252): getProcessInfo: failed to find this proc 
06-04 11:30:15.462 I/ication:servic(12341): Reinit property: dalvik.vm.checkjni= false
06-04 11:30:15.467 E/ication:servic(12341): Not starting debugger since process cannot load the jdwp agent.
06-04 11:30:15.479 D/ZrHung.AppEyeUiProbe(12341): AppEyeUIP created.
06-04 11:30:15.482 D/ActivityThread(12341): Attach thread to application
06-04 11:30:15.504 E/LOGSERVER_UTILS(  744): [Erecovery]readEvent: eRecEventManager readEvent 0
06-04 11:30:15.533 I/HwApiCacheMangerEx(12341): apicache path=/storage/emulated/0 state=mounted key=com.huawei.rcsserviceapplication#10128#256
06-04 11:30:15.533 I/HwApiCacheMangerEx(12341): apicache path=/storage/emulated/0 state=mounted key=com.huawei.rcsserviceapplication#10128#0
06-04 11:30:15.537 I/ication:servic(12341): The ClassLoaderContext is a special shared library.
06-04 11:30:15.539 I/HwLogExceptionInner(12341): Log blacklist 
06-04 11:30:15.555 I/ication:servic(12341): QarthPatchMonintor::Init
06-04 11:30:15.555 I/ication:servic(12341): 
06-04 11:30:15.555 I/ication:servic(12341): QarthPatchMonintor::StartWatch
06-04 11:30:15.555 I/ication:servic(12341): 
06-04 11:30:15.555 I/ication:servic(12341): QarthPatchMonintor::WatchPackage: /data/hotpatch/fwkhotpatch/
06-04 11:30:15.555 I/ication:servic(12341): 
06-04 11:30:15.555 I/ication:servic(12341): QarthPatchMonintor::CheckAndWatchPatch: /data/hotpatch/fwkhotpatch/com.huawei.rcsserviceapplication
06-04 11:30:15.555 I/ication:servic(12341): 
06-04 11:30:15.555 I/ication:servic(12341): QarthPatchMonintor::CheckAndWatchPatch: /data/hotpatch/fwkhotpatch/all
06-04 11:30:15.555 I/ication:servic(12341): 
06-04 11:30:15.555 I/ication:servic(12341): QarthPatchMonintor::Run
06-04 11:30:15.555 I/ication:servic(12341): 
06-04 11:30:15.558 I/ication:servic(12341): QarthPatchMonintor::Reading
06-04 11:30:15.558 I/ication:servic(12341): 
06-04 11:30:15.558 I/ication:servic(12341): QarthPatchMonintor::CheckNotifyEvent
06-04 11:30:15.558 I/ication:servic(12341): 
06-04 11:30:15.558 I/ication:servic(12341): QarthPatchMonintor::CheckNotifyEvent before read
06-04 11:30:15.558 I/ication:servic(12341): 
06-04 11:30:15.565 I/AwareBitmapCacher(12341): init processName:com.huawei.rcsserviceapplication:service pid=12341 uid=10128
06-04 11:30:15.565 D/HRCS    (12341): ContactProvider: DEBUG: setAuth auth = org.gsma.joyn.contact
06-04 11:30:15.577 D/SmsProvider(12341): setAuth() auth:com.huawei.rcs.messaging
06-04 11:30:15.578 D/HRCS    (12341): MessageProvider: DEBUG: MessageProvider()
06-04 11:30:15.579 D/SmsProvider(12341): onCreate() mOpenHelper:com.huawei.rcs.message.provider.RcsProviderHelper@3f714e5
06-04 11:30:15.583 D/RcsService(12341): RcsServiceApplication - ================onCreate============
06-04 11:30:15.584 D/RcsService(12341): RcsXmlParser - sIsHwRcsServiceInstalled: true
06-04 11:30:15.585 D/RcsService(12341): RcsXmlParser - sIsSupportDecoupling: true
06-04 11:30:15.585 V/ActivityManager( 1252): Successfully start provider ContentProviderRecord{4c38508 u0 com.android.providers.settings/.SettingsProvider} launchingApp=null caller pid= 12341
06-04 11:30:15.587 D/RcsService(12341): RcsXmlParser - initPlmnLocalStore
06-04 11:30:15.594 E/RcsService(12341): RcsXmlParser - mContext or mccmnc is null return
06-04 11:30:15.594 D/RcsService(12341): RcsFeatureEnabler - rcsProductEnabled: true rcsVendorEnabled: true
06-04 11:30:15.604 D/RcsService(12341): RcsXmlParser - getCurrentPlmn:getCurrentPlmn isEmpty
06-04 11:30:15.604 D/RcsService(12341): RcsXmlParser - updatePlmnCurrent
06-04 11:30:15.626 W/Settings(12341): Setting device_provisioned has moved from android.provider.Settings.Secure to android.provider.Settings.Global.
06-04 11:30:15.628 D/RcsService(12341): RcsServiceApplication -  isOobeFinish =  true
06-04 11:30:15.638 D/RcsService(12341): RcsXmlParser -  mccmnc is empty,retrun null
06-04 11:30:15.638 D/RcsService(12341): RcsServiceApplication - kill process. isRcsFeatureEnable: false, isRcsSwitchOn: true, isOobeFinished: true
06-04 11:30:15.638 I/Process (12341): Sending signal. PID: 12341 SIG: 9
06-04 11:30:15.677 I/ActivityManager( 1252): Process com.huawei.rcsserviceapplication:service (pid 12341) has died: fore SVC 
06-04 11:30:15.678 D/ActivityManager( 1252): cleanUpApplicationRecord app: ProcessRecord{e589130 12341:com.huawei.rcsserviceapplication:service/u0a128}, app.bad: false, restarting: false, allowRestart: true
06-04 11:30:15.678 I/Zygote  (  558): Process 12341 exited due to signal (9)
06-04 11:30:15.678 W/ActivityManager( 1252): Canceling start item Intent { act=com.huawei.msgplus.IfMsgplus typ=vnd.android.cursor.item/rcs pkg=com.huawei.rcsserviceapplication cmp=com.huawei.rcsserviceapplication/com.huawei.rcs.service.RcsService } in service ComponentInfo{com.huawei.rcsserviceapplication/com.huawei.rcs.service.RcsService}
06-04 11:30:15.678 W/ActivityManager( 1252): Scheduling restart of crashed service com.huawei.rcsserviceapplication/com.huawei.rcs.service.RcsService in 4000ms
06-04 11:30:15.681 I/BoosterSwitchP( 1735): notifyUidState do nothing
06-04 11:30:15.681 I/DeepNoDisturbP( 1735): notifyUidState
06-04 11:30:15.681 I/BrowserChrP( 1735): notifyUidState
06-04 11:30:15.816 W/Keyguard( 8206): DownloadService warn: DownloadServiceHandler handleMessage 2
06-04 11:30:15.817 W/Keyguard( 8206): DownloadService warn: handleDownload
06-04 11:30:15.822 V/ActivityManager( 1252): Successfully start provider ContentProviderRecord{49b71c5 u0 com.android.systemui/com.huawei.keyguard.database.MagazineProvider} launchingApp=null caller pid= 8206
06-04 11:30:15.833 W/MagazineProvider( 1626): check invalid caller: 10044
06-04 11:30:15.838 W/Keyguard( 8206): UpdateHelper warn: get downloading ids, downloading channel list size is 0
06-04 11:30:15.933 E/WifiHAL (  626): enter wifi_get_link_stats
06-04 11:30:16.180 I/audio_hw_primary(  605): usb_ext_get_parameters: check show hires (false)
06-04 11:30:16.181 I/hash_map_utils(  629): key: 'typec_need_show_hires' value: ''
06-04 11:30:16.181 I/bt_a2dp_hw(  629): adev_get_parameters: audio a2dp receive kvpairs typec_need_show_hires ,but need not handle
06-04 11:30:16.182 I/HwAudioServiceEx( 1252): check HiRes Icon false
06-04 11:30:16.248 D/JobScheduler( 1252): Maybe queuing ready jobs...
06-04 11:30:16.267 V/ActivityManager( 1252): Successfully start provider ContentProviderRecord{4c38508 u0 com.android.providers.settings/.SettingsProvider} launchingApp=null caller pid= 12203
06-04 11:30:16.312 I/ActivityManager( 1252): App 10007/com.huawei.contactscamcard targets O+, restricted
06-04 11:30:16.312 W/ActivityManager( 1252): Background start not allowed: service Intent { act=initCardService pkg=com.huawei.contactscamcard cmp=com.huawei.contactscamcard/.bcr.CamCardRecognizeService (has extras) } to com.huawei.contactscamcard/.bcr.CamCardRecognizeService from pid=12203 uid=10007 pkg=com.huawei.numberidentity startFg?=false
06-04 11:30:16.314 E/NumberIdentity(12203): NumberIdentityApplication IllegalStateException occurred, Not allowed to start service
06-04 11:30:16.318 D/ContactsJobService(11228): in DYNAMIC_SHORTCUTS_JOB_ID, onStartJob begin
06-04 11:30:16.320 D/ContactsJobService(11228): in DYNAMIC_SHORTCUTS_JOB_ID, onStartJob end
06-04 11:30:16.320 D/DynamicShortcuts(11228): ShortcutUpdateTask.doInBackground begin
06-04 11:30:16.361 V/ActivityManager( 1252): Successfully start provider ContentProviderRecord{9b90c1f u0 com.android.providers.contacts/.ContactsProvider2} launchingApp=ProcessRecord{500e3be 12182:android.process.acore/u0a7} caller pid= 11228
06-04 11:30:16.364 E/        (  758): storage_info: storage_info: start,ac=1,av=/vendor/bin/storage_info
06-04 11:30:16.366 E/        (  758): storage_info: usertype=1, upload_inter=604800
06-04 11:30:16.373 D/JobScheduler( 1252): queuing all ready jobs for execution:
06-04 11:30:16.386 D/DynamicShortcuts(11228): set dynamic shortcuts []
06-04 11:30:16.386 I/DynamicShortcuts(11228): updatePinnedShortcuts
06-04 11:30:16.390 D/DynamicShortcuts(11228): ShortcutUpdateTask.doInBackground end
06-04 11:30:16.390 D/DynamicShortcuts(11228): ShortcutUpdateTask.onPostExecute begin
06-04 11:30:16.540 E/LOGSERVER_UTILS(  744): [Erecovery]readEvent: eRecEventManager readEvent 0
06-04 11:30:16.619 I/Net.191NetworkSpeedMana( 1626): mIsStop = false
06-04 11:30:16.619 I/Net.192NetworkSpeedMana( 1626):  runInThread getTetherStats
06-04 11:30:16.624 I/Net.192NetworkSpeedMana( 1626):  runInUI refreshSpeed
06-04 11:30:16.626 I/Net.192NetworkSpeedMana( 1626): value=21714.0speed = 21.2K/smIsShowLastSpeedValuefalse
06-04 11:30:16.626 I/NetworkSpeedView( 1626): /update(), speed=21.2K/s
06-04 11:30:16.627 I/NetworkSpeedView( 1626): /update(), speed=21.2K/s
06-04 11:30:16.396 D/JobScheduler( 1252): queuing all ready jobs for execution:
06-04 11:30:16.788 I/StatusBarDisable( 1252): setFlags what=0 which=1 pkg=Window{b88a65f u0 com.huawei.android.launcher/com.huawei.android.launcher.unihome.UniHomeLauncher}
06-04 11:30:16.797 V/WindowManager( 1252): removeIfPossible: Window{ce3b571 u0 Toast}
06-04 11:30:16.799 V/WindowManager( 1252): Not removing Window{ce3b571 u0 Toast EXITING} due to exit animation 
06-04 11:30:16.807 I/StatusBarDisable( 1252): setFlags what=0 which=1 pkg=Window{b88a65f u0 com.huawei.android.launcher/com.huawei.android.launcher.unihome.UniHomeLauncher}
06-04 11:30:16.832 W/NotificationService( 1252): Toast already killed. pkg=com.seeyon.cmp callback=android.app.ITransientNotification$Stub$Proxy@b27c445
06-04 11:30:16.886 V/WindowManager( 1252): Exit animation finished in Window{ce3b571 u0 Toast EXITING}: remove=true
06-04 11:30:16.906 I/StatusBarDisable( 1252): setFlags what=0 which=1 pkg=Window{b88a65f u0 com.huawei.android.launcher/com.huawei.android.launcher.unihome.UniHomeLauncher}
06-04 11:30:16.910 I/DebugKeepScreenOn( 1252): setHoldScreenLocked newHoldScreen:null currentHoldScreen:Session{b850023 6130:u0a11178} wakeLockState:true
06-04 11:30:16.910 I/DebugKeepScreenOn( 1252): Releasing screen wakelock, obscured by Window{cb0d1ea u0 com.android.systemui.HwImageWallpaper}
06-04 11:30:16.910 D/PowerMS ( 1252): release:L=233604364,F=0x0,T="WindowManager",N=android",WS=WorkSource{11178},U=1000,P=1252
06-04 11:30:16.913 V/WindowManager( 1252): postWindowRemoveCleanupLocked: Window{ce3b571 u0 Toast}
06-04 11:30:16.913 V/WindowManager( 1252): Removing Window{ce3b571 u0 Toast} from WindowToken{a152df6 android.os.Binder@2c99a91}
06-04 11:30:16.917 I/StatusBarDisable( 1252): setFlags what=0 which=1 pkg=Window{b88a65f u0 com.huawei.android.launcher/com.huawei.android.launcher.unihome.UniHomeLauncher}
06-04 11:30:17.058 I/DeepNoDisturbP( 1735): handleStateChanged reason=8
06-04 11:30:17.062 I/chatty  ( 1735): uid=1000(system) com.huawei.systemserver expire 2 lines
06-04 11:30:17.070 I/HidataAppQoeP( 1735): handleStateChanged reason=8
06-04 11:30:17.083 I/PreDnsQuery( 1735): handleStateChanged reason=8
06-04 11:30:17.086 I/PreDnsQuery( 1735): No need to handled!
06-04 11:30:17.086 I/BrowserChrP( 1735): handleStateChanged
06-04 11:30:17.582 E/LOGSERVER_UTILS(  744): [Erecovery]readEvent: eRecEventManager readEvent 0
06-04 11:30:17.823 I/System.out.cpp(  744): getFinalPath end id=0
06-04 11:30:17.834 W/WindowManager( 1252): Unable to start animation, surface is null or no children.
06-04 11:30:17.843 I/StatusBarDisable( 1252): setFlags what=0 which=1 pkg=Window{b88a65f u0 com.huawei.android.launcher/com.huawei.android.launcher.unihome.UniHomeLauncher}
06-04 11:30:17.872 I/chatty  (  744): uid=0(root) L_P identical 8 lines
06-04 11:30:17.874 I/System.out.cpp(  744): getFinalPath end id=0
06-04 11:30:17.877 I/System.out.cpp(  744): getFinalPath end id=2
06-04 11:30:17.960 I/aptouch_daemon(  695): filter_touch_detect, down, in: 1, out: 1
06-04 11:30:17.961 I/chatty  ( 1252): uid=1000(system) InputReader expire 6 lines
06-04 11:30:18.018 I/aptouch_daemon(  695): filter_touch_detect, all_touch_up
06-04 11:30:18.025 V/AudioManager( 1859): playSoundEffect   effectType: 0
06-04 11:30:18.025 V/AudioManager( 1859): querySoundEffectsEnabled...
06-04 11:30:18.037 I/ActivityManager( 1252): START u0 {act=android.intent.action.MAIN cat=[android.intent.category.LAUNCHER] flg=0x10200000 hwFlg=0x10 cmp=com.seeyon.cmp/.ui.LoadActivity bnds=[436,373][644,662]} from uid 10062
06-04 11:30:18.042 I/ActivityManager( 1252): ActivityRecord info: ActivityInfo{3f598a8 com.seeyon.cmp.ui.LoadActivity}
06-04 11:30:18.045 V/ActivityManager( 1252): positionChild stackId=2 to top.
06-04 11:30:18.047 V/ActivityManager( 1252): positionChild stackId=2 to top.
06-04 11:30:18.048 W/HwActivityManagerServiceEx( 1252): HwActivityNotifier end call for activityLifeState under user 0 cost 1
06-04 11:30:18.048 W/ContentSensor_FrameworkRegistry( 2987): ActivityNotifier unknown state
06-04 11:30:18.048 V/WindowManager( 1252): addAppToken: AppWindowToken{9cc76a7 token=Token{bbcc366 ActivityRecord{e055fc1 u0 com.seeyon.cmp/.ui.LoadActivity t64}}} controller={TaskWindowContainerController taskId=64} at 2147483647
06-04 11:30:18.050 D/        (  631): doWinFrameOptStatusRecog begin to recog Layer result=2
06-04 11:30:18.052 V/WindowManager( 1252): addWindow: Window{bc736fd u0 SnapshotStartingWindow for taskId=64}
06-04 11:30:18.054 I/StatusBarDisable( 1252): setFlags what=0 which=1 pkg=Window{b88a65f u0 com.huawei.android.launcher/com.huawei.android.launcher.unihome.UniHomeLauncher}
06-04 11:30:18.059 I/HiSearch10.0.11.305( 4285): [LauncherOverlayService]: LAUNCHER_INTERACTION from launcher and invoke invokeId = -222
06-04 11:30:18.059 I/HiSearch10.0.11.305( 4285): [LauncherOverlayService]: isOverlayClosed = true
06-04 11:30:18.059 I/HiSearch10.0.11.305( 4285): [LauncherOverlayService]: LAUNCHER_INTERACTION from launcher and invoke, overlay closed, return. 
06-04 11:30:18.059 D/ZrHung.AppEyeUiProbe( 1859): stop checker.
06-04 11:30:18.081 I/chatty  ( 1815): uid=1000(system) Binder:1815_6 expire 9 lines
06-04 11:30:18.081 E/JankService(  744): specialActionEntryHandler: should reset and not report
06-04 11:30:18.056 I/chatty  ( 1252): uid=1000(system) android.ui identical 1 line
06-04 11:30:18.068 I/StatusBarDisable( 1252): setFlags what=0 which=1 pkg=Window{b88a65f u0 com.huawei.android.launcher/com.huawei.android.launcher.unihome.UniHomeLauncher}
06-04 11:30:18.081 V/ActivityManager( 1252): Making visible and scheduling visibility: ActivityRecord{e055fc1 u0 com.seeyon.cmp/.ui.LoadActivity t64}
06-04 11:30:18.081 E/JankService(  744): specialActionEntryHandler: should reset and not report
06-04 11:30:18.081 D/HwPhoneWindowManager( 1252): sensorRotation = -1 lastRotation:0
06-04 11:30:18.082 I/Pged-IPgedBinderService(  731): ****action is 1, pid num is 3***
06-04 11:30:18.082 I/Pged-Freezer(  731): freezePids
06-04 11:30:18.082 I/Pged-Freezer(  731): Freeze process: 11415
06-04 11:30:18.082 I/chatty  ( 1815): uid=1000(system) actions handler expire 5 lines
06-04 11:30:18.083 I/Pged-Freezer(  731): Freeze process: 10570
06-04 11:30:18.084 I/chatty  ( 1815): uid=1000(system) fast_hibernatio expire 2 lines
06-04 11:30:18.091 D/HwLocationManagerService( 1252): on transact ADD_LOCATION_MODE  uid is 11178 , expectedmode is 3 , packagename is com.seeyon.cmp
06-04 11:30:18.092 D/HwLocationManagerService( 1252): uid is 11178 , isWifiConn is true , isMobileConn is false
06-04 11:30:18.092 I/HwNetworkPolicy( 1252): onTransact, code = 203
06-04 11:30:18.092 I/HwNetworkPolicyManager( 1252): getHwUidPolicy uid = 11178 policy = 0
06-04 11:30:18.092 D/HwLocationManagerService( 1252): policy is 0 , wifiAccess is true, mobileAccess is true
06-04 11:30:18.092 D/HwLocationManagerService( 1252): wifiAvaiable is true , mobileAvailable is false
06-04 11:30:18.092 D/HwLocationManagerService( 1252): addSupervisoryControlProc, mExpectedMode is network,packagename=com.seeyon.cmp, mSupervisoryPkgList is {com.seeyon.cmp=network}
06-04 11:30:18.092 D/NcDft_ServiceImpl( 1775): notifyNcDftEvent domain is : 0 ;eventID is: 102 ;List is [{"iaware_pkg":"com.seeyon.cmp","iaware_mode":3,"iaware_time":1591241418092}]
06-04 11:30:18.092 D/HwLocationManagerService( 1252):  package has no request send yet
06-04 11:30:18.101 W/HwActivityManagerServiceEx( 1252): appSwitch from: com.huawei.android.launcher to: com.seeyon.cmp
06-04 11:30:18.101 D/HwGameAssistantController( 1252): UPDATE: mCurFgPkg=com.seeyon.cmp, mCurFgPid=6130, mCurIsGame=false
06-04 11:30:18.101 W/HwActivityManagerServiceEx( 1252): HwActivityNotifier end call for appSwitch under user 0 cost 0
06-04 11:30:18.102 I/HiAdKit.AppSwitchMonitor( 3349):  call
06-04 11:30:18.103 D/HwGameAssistantController( 1252): getGameList: []
06-04 11:30:18.103 I/HiAdKit.AppSwitchMonitor( 3349):  fromPackage:com.huawei.android.launcher,toPackage:com.seeyon.cmp
06-04 11:30:18.104 I/HiAdKit.ExSplashManager( 3349):  do not request exsplash config
06-04 11:30:18.103 D/HwGameAssistantController( 1252): getGameList: []
06-04 11:30:18.105 V/WindowManager( 1252): Checking 1 opening apps (frozen=false timeout=false), Track: activitypause performsurface
06-04 11:30:18.105 V/WindowManager( 1252): Check opening app=AppWindowToken{9cc76a7 token=Token{bbcc366 ActivityRecord{e055fc1 u0 com.seeyon.cmp/.ui.LoadActivity t64}}}: allDrawn=false startingDisplayed=false startingMoved=false isRelaunching()=false startingWindow=null
06-04 11:30:18.105 I/HiAdKit.KitStatisticsReport( 3349):  do not report kit daily active
06-04 11:30:18.106 W/HwActivityManagerServiceEx( 1252): HwActivityNotifier end call for activityLifeState under user 0 cost 1
06-04 11:30:18.107 I/HwNavigationBarView( 1626): updateAssistantButtonInGuestureMode(), vis=true,isGestureNavEnable=false
06-04 11:30:18.109 D/iTouchService(  711): itouch currentPackageName=com.seeyon.cmp
06-04 11:30:18.109 D/iTouchService(  711): itouch appType=12 appState=1 gameMode=1
06-04 11:30:18.109 D/iTouchService(  711): g_itouch_reader_monitor empty
06-04 11:30:18.109 D/iTouchService(  711): g_itouch_reader_monitor Monitor::isReaderMonitorEnable()=0
06-04 11:30:18.109 D/iTouchService(  711): itouch getCurrentParmID tempPkg=com.seeyon.xxx
06-04 11:30:18.109 D/iTouchService(  711): itouch:app com.seeyon.cmp is  not game app
06-04 11:30:18.109 D/iTouchService(  711): itouch:game_switch is disable
06-04 11:30:18.109 D/iTouchService(  711): itouch:styluspen_switch is disable
06-04 11:30:18.109 D/iTouchService(  711): itouch:currentAppTypeName =|OFFICE|
06-04 11:30:18.109 I/BoosterSwitchP( 1735): notifyUidState do nothing
06-04 11:30:18.109 I/DeepNoDisturbP( 1735): notifyUidState
06-04 11:30:18.109 I/BrowserChrP( 1735): notifyUidState
06-04 11:30:18.111 I/HwNetworkPolicy( 1252): onTransact, code = 203
06-04 11:30:18.111 I/chatty  ( 1252): uid=1000(system) Binder:1252_1A expire 10 lines
06-04 11:30:18.111 I/HwAudioService( 1252): now type = 301,reportForegroundAppType = 301,pkg = null,mVoipOptimizeInGameModefalse
06-04 11:30:18.112 I/HwNetworkPolicyManager( 2014): getHwUidPolicy uid = 11178 policy = 0
06-04 11:30:18.113 I/chatty  ( 1252): uid=1000(system) sManagerService expire 13 lines
06-04 11:30:18.115 I/StatusBarDisable( 1252): setFlags what=0 which=1 pkg=Window{b88a65f u0 com.huawei.android.launcher/com.huawei.android.launcher.unihome.UniHomeLauncher}
06-04 11:30:18.158 W/pool-44-thread-(12381): type=1400 audit(0.0:1026): avc: denied { getattr } for path="/sys/kernel/debug/tracing/trace_marker" dev="tracefs" ino=4234 scontext=u:r:untrusted_app_27:s0:c512,c768 tcontext=u:object_r:debugfs_trace_marker:s0 tclass=file permissive=0
06-04 11:30:18.162 W/pool-44-thread-(12381): type=1400 audit(0.0:1027): avc: denied { getattr } for path="/dev/pmsg0" dev="tmpfs" ino=14623 scontext=u:r:untrusted_app_27:s0:c512,c768 tcontext=u:object_r:pmsg_device:s0 tclass=chr_file permissive=0
06-04 11:30:18.115 I/chatty  ( 1252): uid=1000(system) android.ui identical 1 line
06-04 11:30:18.171 I/StatusBarDisable( 1252): setFlags what=0 which=1 pkg=Window{b88a65f u0 com.huawei.android.launcher/com.huawei.android.launcher.unihome.UniHomeLauncher}
06-04 11:30:18.173 W/HwActivityManagerServiceEx( 1252): HwActivityNotifier end call for activityLifeState under user 0 cost 0
06-04 11:30:18.174 I/OPCollectLog( 1775): AppChangeImpl: uid: 11178 pkg: com.seeyon.cmp class: com.seeyon.cmp.ui.LoadActivity
06-04 11:30:18.174 I/OPCollectLog( 1775): HwForegroundAppAction:handleMessage 
06-04 11:30:18.174 D/OPCollectLog( 1775): HwForegroundAppAction:FG executeWithArgs
06-04 11:30:18.174 I/OPCollectLog( 1775): OPCollectUtils:ODMF Api Version:2.12.1
06-04 11:30:18.174 I/OPCollectLog( 1775): Action:HwForegroundAppAction executed successfully
06-04 11:30:18.174 D/OPCollectLog( 1775): OdmfCollectScheduler:handleMessage msg: 4
06-04 11:30:18.175 I/HidataAppQoeP( 1735): foregroundUidAdd uid: 11178 name: com.seeyon.cmp activity state: true
06-04 11:30:18.175 I/HwNavigationBarView( 1626): updateAssistantButtonInGuestureMode(), vis=true,isGestureNavEnable=false
06-04 11:30:18.178 D/HwPhoneWindowManager( 1252): sensorRotation = -1 lastRotation:0
06-04 11:30:18.178 I/OPCollectLog( 1775): OdmfHelper:insert com.huawei.nb.model.collectencrypt.RawFgAPPEvent success 
06-04 11:30:18.178 V/WindowManager( 1252): notifyAppResumed: wasStopped=true AppWindowToken{e9e0f46 token=Token{66eef21 ActivityRecord{8984988 u0 com.seeyon.cmp/.ui.main.MainActivity t64}}}
06-04 11:30:18.179 I/[HwRecSys]OdmfCollectScheduler( 3169): handleMessage msg: 6
06-04 11:30:18.179 I/[HwRecSys]HwRecSysService( 3169):  cur pkg: com.seeyon.cmp
06-04 11:30:18.179 E/[HwRecSys]HwRecSysService( 3169): getIsRportDirectService is false!
06-04 11:30:18.179 D/SmartDualCardConfig( 1735): getAppType,pkgName=com.seeyon.cmp,appType=12
06-04 11:30:18.179 D/SmartDualCardSM( 1735): onUidStateUpdate,uid=11178,appName=com.seeyon.cmp,state=FOREGROUND
06-04 11:30:18.180 D/SmartDualCardConfig( 1735): getAppType,pkgName=com.seeyon.cmp,appType=12
06-04 11:30:18.180 D/SmartDualCardSM( 1735): updateAppState mAppState=2
06-04 11:30:18.180 D/SmartDualCardConfig( 1735): addForegroundAppToList,size()=1,uid=11178
06-04 11:30:18.181 V/WindowManager_visibility( 1252): updateAllDrawn Add AppWindowToken{e9e0f46 token=Token{66eef21 ActivityRecord{8984988 u0 com.seeyon.cmp/.ui.main.MainActivity t64}}}
06-04 11:30:18.181 V/WindowManager_visibility( 1252): updateAllDrawn allDrawn=false interesting=2 drawn=1 relaunchCount=0 for AppWindowToken{e9e0f46 token=Token{66eef21 ActivityRecord{8984988 u0 com.seeyon.cmp/.ui.main.MainActivity t64}}}
06-04 11:30:18.181 V/WindowManager( 1252): Checking 1 opening apps (frozen=false timeout=false), Track: activitypause performsurface
06-04 11:30:18.181 V/WindowManager( 1252): Check opening app=AppWindowToken{e9e0f46 token=Token{66eef21 ActivityRecord{8984988 u0 com.seeyon.cmp/.ui.main.MainActivity t64}}}: allDrawn=false startingDisplayed=false startingMoved=false isRelaunching()=false startingWindow=null
06-04 11:30:18.182 I/StatusBarDisable( 1252): setFlags what=0 which=1 pkg=Window{b88a65f u0 com.huawei.android.launcher/com.huawei.android.launcher.unihome.UniHomeLauncher}
06-04 11:30:18.182 W/HwActivityManagerServiceEx( 1252): HwActivityNotifier end call for activityLifeState under user 0 cost 0
06-04 11:30:18.182 V/WindowManager_visibility( 1252): updateAllDrawn Add AppWindowToken{e9e0f46 token=Token{66eef21 ActivityRecord{8984988 u0 com.seeyon.cmp/.ui.main.MainActivity t64}}}
06-04 11:30:18.183 V/WindowManager_visibility( 1252): updateAllDrawn allDrawn=false interesting=2 drawn=1 relaunchCount=0 for AppWindowToken{e9e0f46 token=Token{66eef21 ActivityRecord{8984988 u0 com.seeyon.cmp/.ui.main.MainActivity t64}}}
06-04 11:30:18.183 I/StatusBarDisable( 1252): setFlags what=0 which=1 pkg=Window{b88a65f u0 com.huawei.android.launcher/com.huawei.android.launcher.unihome.UniHomeLauncher}
06-04 11:30:18.183 V/WindowManager( 1252): Checking 1 opening apps (frozen=false timeout=false), Track:  performsurface
06-04 11:30:18.183 V/WindowManager( 1252): Check opening app=AppWindowToken{e9e0f46 token=Token{66eef21 ActivityRecord{8984988 u0 com.seeyon.cmp/.ui.main.MainActivity t64}}}: allDrawn=false startingDisplayed=false startingMoved=false isRelaunching()=false startingWindow=null
06-04 11:30:18.183 I/HwNavigationBarView( 1626): updateAssistantButtonInGuestureMode(), vis=true,isGestureNavEnable=false
06-04 11:30:18.183 E/SmartDualCardTraffic( 1735): getMealTrafficImpl fail,invalid imsi
06-04 11:30:18.184 I/chatty  ( 1252): uid=1000(system) android.anim expire 1 line
06-04 11:30:18.186 D/SmartDualCardSM( 1735): isNeedMonitorAppQoe return false
06-04 11:30:18.186 D/SmartDualCardSM( 1735): resetAppQoeState
06-04 11:30:18.187 D/SmartDualCardSM( 1735): IdleState:got msg.what=EVENT_APP_MOVE_FOREGROUND
06-04 11:30:18.187 I/DollieChr( 1735): handleForegroundAppUpdateMsg,mAppState=1,scenes=2,mForegroundAppName=
06-04 11:30:18.201 W/HwActivityManagerServiceEx( 1252): HwActivityNotifier end call for activityLifeState under user 0 cost 0
06-04 11:30:18.201 I/OPCollectLog( 1775): AppChangeImpl: uid: 11178 pkg: com.seeyon.cmp class: com.seeyon.cmp.ui.main.MainActivity
06-04 11:30:18.202 I/OPCollectLog( 1775): HwForegroundAppAction:handleMessage 
06-04 11:30:18.202 D/OPCollectLog( 1775): HwForegroundAppAction:FG executeWithArgs
06-04 11:30:18.202 I/OPCollectLog( 1775): OPCollectUtils:ODMF Api Version:2.12.1
06-04 11:30:18.202 I/OPCollectLog( 1775): Action:HwForegroundAppAction executed successfully
06-04 11:30:18.202 I/HwNavigationBarView( 1626): updateAssistantButtonInGuestureMode(), vis=true,isGestureNavEnable=false
06-04 11:30:18.202 D/OPCollectLog( 1775): OdmfCollectScheduler:handleMessage msg: 4
06-04 11:30:18.203 V/WindowManager_visibility( 1252): updateAllDrawn Add AppWindowToken{e9e0f46 token=Token{66eef21 ActivityRecord{8984988 u0 com.seeyon.cmp/.ui.main.MainActivity t64}}}
06-04 11:30:18.203 I/StatusBarDisable( 1252): setFlags what=0 which=1 pkg=Window{b88a65f u0 com.huawei.android.launcher/com.huawei.android.launcher.unihome.UniHomeLauncher}
06-04 11:30:18.204 V/WindowManager_visibility( 1252): updateAllDrawn allDrawn=false interesting=2 drawn=1 relaunchCount=0 for AppWindowToken{e9e0f46 token=Token{66eef21 ActivityRecord{8984988 u0 com.seeyon.cmp/.ui.main.MainActivity t64}}}
06-04 11:30:18.204 V/WindowManager( 1252): Checking 1 opening apps (frozen=false timeout=false), Track: relayout performsurface
06-04 11:30:18.204 V/WindowManager( 1252): Check opening app=AppWindowToken{e9e0f46 token=Token{66eef21 ActivityRecord{8984988 u0 com.seeyon.cmp/.ui.main.MainActivity t64}}}: allDrawn=false startingDisplayed=false startingMoved=false isRelaunching()=false startingWindow=null
06-04 11:30:18.206 V/HwPhoneWindowManager( 1252): updateSystemUiColorLw window=Window{5fef7df u0 com.seeyon.cmp/com.seeyon.cmp.ui.main.MainActivity},EmuiStyle=0,StatusBarColor=0x0,NavigationBarColor=0xff000000, mForceNotchStatusBar=false
06-04 11:30:18.207 I/CommandQueue( 1626): updateBarBgColor
06-04 11:30:18.207 D/CommandQueue( 1626): CommandQueue, setBarBackgroundColor
06-04 11:30:18.207 I/StatusBarDisable( 1252): setFlags what=0 which=1 pkg=Window{5fef7df u0 com.seeyon.cmp/com.seeyon.cmp.ui.main.MainActivity}
06-04 11:30:18.207 D/TintManager( 1626): navigationBarIconTint=99ffffff
06-04 11:30:18.208 I/OPCollectLog( 1775): OdmfHelper:insert com.huawei.nb.model.collectencrypt.RawFgAPPEvent success 
06-04 11:30:18.208 E/BufferQueueProducer(  631): [] mConsumerName == NULL!!!!!!
06-04 11:30:18.209 I/GRALLOC (  590): getCallingPid=631, shrFd=32,fmt=0x1,intFmt=0x200000001,btStrd=4352,size=8486912,pid=590 
06-04 11:30:18.209 I/GRALLOC (  590): 	 yuv=2,w=1080,h=1920,Stride u=0 v=0,offset u=0 v=0 
06-04 11:30:18.209 I/GRALLOC (  590): 	 iova_size=8486912,conUsg=0x900,proUsg=0x900,	 strd=1088,[afbc]HdrStrd=1088 PyldStrd=69632 Scrmbl=2,ionhnd = 1 
06-04 11:30:18.211 I/[HwRecSys]OdmfCollectScheduler( 3169): handleMessage msg: 6
06-04 11:30:18.211 I/[HwRecSys]HwRecSysService( 3169):  cur pkg: com.seeyon.cmp
06-04 11:30:18.211 E/[HwRecSys]HwRecSysService( 3169): getIsRportDirectService is false!
06-04 11:30:18.211 I/GRALLOC (  590): getCallingPid=631, shrFd=32,fmt=0x1,intFmt=0x200000001,btStrd=4352,size=8486912,pid=590 
06-04 11:30:18.211 I/GRALLOC (  590): 	 yuv=2,w=1080,h=1920,Stride u=0 v=0,offset u=0 v=0 
06-04 11:30:18.211 I/GRALLOC (  590): 	 iova_size=8486912,conUsg=0x900,proUsg=0x900,	 strd=1088,[afbc]HdrStrd=1088 PyldStrd=69632 Scrmbl=2,ionhnd = 1 
06-04 11:30:18.214 I/HwIME_Pro( 3275): ImeService>>>onStartInput
06-04 11:30:18.214 I/GRALLOC (  590): getCallingPid=631, shrFd=32,fmt=0x1,intFmt=0x200000001,btStrd=4352,size=8486912,pid=590 
06-04 11:30:18.214 I/GRALLOC (  590): 	 yuv=2,w=1080,h=1920,Stride u=0 v=0,offset u=0 v=0 
06-04 11:30:18.214 I/GRALLOC (  590): 	 iova_size=8486912,conUsg=0x900,proUsg=0x900,	 strd=1088,[afbc]HdrStrd=1088 PyldStrd=69632 Scrmbl=2,ionhnd = 1 
06-04 11:30:18.218 I/GRALLOC (  590): getCallingPid=631, shrFd=32,fmt=0x1,intFmt=0x200000001,btStrd=4352,size=8486912,pid=590 
06-04 11:30:18.218 I/GRALLOC (  590): 	 yuv=2,w=1080,h=1920,Stride u=0 v=0,offset u=0 v=0 
06-04 11:30:18.218 I/GRALLOC (  590): 	 iova_size=8486912,conUsg=0xb00,proUsg=0xb00,	 strd=1088,[afbc]HdrStrd=1088 PyldStrd=69632 Scrmbl=2,ionhnd = 1 
06-04 11:30:18.222 I/HuaweiIME( 3275): SysInfo.getSysParam: orientation=1||config d=3.0,w=1080,h=1808||metrics d=3.0,w=1080,h=1808||sdk=28,bar_h=72||appScale=3.3,sysScale=3.0||isMultiWin=false,isPadMode=false, boardw=1080, boardH=673, candH=124, boardL=0, boardR=1080, ver=8.2.8.80, realW=1080, realH=1920, isInLargeWinMode=false
06-04 11:30:18.222 I/HuaweiIME( 3275): isPortrait-adjustOffset-r: 4
06-04 11:30:18.223 V/WindowManager_visibility( 1252): updateAllDrawn Add AppWindowToken{e9e0f46 token=Token{66eef21 ActivityRecord{8984988 u0 com.seeyon.cmp/.ui.main.MainActivity t64}}}
06-04 11:30:18.223 I/StatusBarDisable( 1252): setFlags what=0 which=1 pkg=Window{5fef7df u0 com.seeyon.cmp/com.seeyon.cmp.ui.main.MainActivity}
06-04 11:30:18.224 V/WindowManager_visibility( 1252): updateAllDrawn allDrawn=false interesting=2 drawn=2 relaunchCount=0 for AppWindowToken{e9e0f46 token=Token{66eef21 ActivityRecord{8984988 u0 com.seeyon.cmp/.ui.main.MainActivity t64}}}
06-04 11:30:18.224 V/WindowManager( 1252): Checking 1 opening apps (frozen=false timeout=false), Track:  performsurface
06-04 11:30:18.224 V/WindowManager( 1252): Check opening app=AppWindowToken{e9e0f46 token=Token{66eef21 ActivityRecord{8984988 u0 com.seeyon.cmp/.ui.main.MainActivity t64}}}: allDrawn=true startingDisplayed=false startingMoved=false isRelaunching()=false startingWindow=null
06-04 11:30:18.224 I/WindowManager( 1252): closing apps count = 2
06-04 11:30:18.227 D/        (  631): doWinFrameOptStatusRecog begin to recog Layer result=2
06-04 11:30:18.230 I/StatusBarDisable( 1252): setFlags what=0 which=1 pkg=Window{5fef7df u0 com.seeyon.cmp/com.seeyon.cmp.ui.main.MainActivity}
06-04 11:30:18.233 I/StatusBarDisable( 1252): setFlags what=0 which=1 pkg=Window{5fef7df u0 com.seeyon.cmp/com.seeyon.cmp.ui.main.MainActivity}
06-04 11:30:18.257 V/BroadcastQueue( 1252): Finished with ordered broadcast BroadcastRecord{9f0c925 u0 null}
06-04 11:30:18.279 D/HwRecentsTaskUtils( 1859): refreshToCache
06-04 11:30:18.279 D/HwRecentsTaskUtils( 1859): searchFromDate
06-04 11:30:18.280 V/ActivityManager( 1252): Successfully start provider ContentProviderRecord{4b180f0 u0 com.android.systemui/.recents.HwRecentsLockProdiver} launchingApp=null caller pid= 1859
06-04 11:30:18.283 I/RecentsTaskLoadPlan( 1859): to show tasks size is 7
06-04 11:30:18.285 V/BroadcastQueue( 1252): Finished with ordered broadcast BroadcastRecord{be1ecc6 u0 null}
06-04 11:30:18.299 W/WindowManager( 1252): Unable to start animation, surface is null or no children.
06-04 11:30:18.300 I/StatusBarDisable( 1252): setFlags what=0 which=1 pkg=Window{5fef7df u0 com.seeyon.cmp/com.seeyon.cmp.ui.main.MainActivity}
06-04 11:30:18.312 E/chromium( 9214): [ERROR:tile_manager.cc(776)] WARNING: tile memory limits exceeded, some content may not draw
06-04 11:30:18.480 I/WindowManager( 1252): New wallpaper target: null prevTarget: Window{b88a65f u0 com.huawei.android.launcher/com.huawei.android.launcher.unihome.UniHomeLauncher}
06-04 11:30:18.480 I/WindowManager( 1252): test-wallpaper Updating vis of wallpaper Window{cb0d1ea u0 com.android.systemui.HwImageWallpaper}: false from:
06-04 11:30:18.480 I/WindowManager( 1252): com.android.server.wm.WallpaperWindowToken.updateWallpaperWindows:138 com.android.server.wm.WallpaperController.updateWallpaperTokens:585 com.android.server.wm.WallpaperController.adjustWallpaperWindows:620 com.android.server.wm.DisplayContent.applySurfaceChangesTransaction:3386 
06-04 11:30:18.481 I/StatusBarDisable( 1252): setFlags what=0 which=1 pkg=Window{5fef7df u0 com.seeyon.cmp/com.seeyon.cmp.ui.main.MainActivity}
06-04 11:30:18.316 E/chromium( 9214): [ERROR:tile_manager.cc(776)] WARNING: tile memory limits exceeded, some content may not draw
06-04 11:30:18.483 I/StatusBarDisable( 1252): setFlags what=0 which=1 pkg=Window{5fef7df u0 com.seeyon.cmp/com.seeyon.cmp.ui.main.MainActivity}
06-04 11:30:18.488 D/SmartDualCardConfig( 1735): getAppType,pkgName=com.huawei.android.launcher,appType=301
06-04 11:30:18.488 D/SmartDualCardSM( 1735): onUidStateUpdate isSkip,uid=10062,name=com.huawei.android.launcher
06-04 11:30:18.493 V/WindowManager( 1252): removeAppToken: AppWindowToken{9cc76a7 token=Token{bbcc366 ActivityRecord{e055fc1 u0 com.seeyon.cmp/.ui.LoadActivity t64}}} delayed=false Callers=com.android.server.wm.DisplayContent.removeAppToken:1086 com.android.server.wm.AppWindowContainerController.removeContainer:315 com.android.server.am.ActivityRecord.removeWindowContainer:1203 com.android.server.am.ActivityStack.removeActivityFromHistoryLocked:4579 
06-04 11:30:18.496 W/libEGL  ( 1859): EGLNativeWindowType 0x7757ffd010 disconnect failed
06-04 11:30:18.498 I/StatusBarDisable( 1252): setFlags what=0 which=1 pkg=Window{5fef7df u0 com.seeyon.cmp/com.seeyon.cmp.ui.main.MainActivity}
06-04 11:30:18.502 D/ViewRootImpl[UniHomeLauncher]( 1859): surface should not be released
06-04 11:30:18.500 I/StatusBarDisable( 1252): setFlags what=0 which=1 pkg=Window{5fef7df u0 com.seeyon.cmp/com.seeyon.cmp.ui.main.MainActivity}
06-04 11:30:18.513 V/WindowManager( 1252): notifyAppStopped: AppWindowToken{f2b17f5 token=Token{d83012c ActivityRecord{40680df u0 com.huawei.android.launcher/.unihome.UniHomeLauncher t1}}}
06-04 11:30:18.513 E/WindowManager( 1252): win=Window{b88a65f u0 com.huawei.android.launcher/com.huawei.android.launcher.unihome.UniHomeLauncher} destroySurfaces: appStopped=true win.mWindowRemovalAllowed=false win.mRemoveOnExit=false
06-04 11:30:18.515 I/BoosterSwitchP( 1735): notifyUidState do nothing
06-04 11:30:18.515 I/DeepNoDisturbP( 1735): notifyUidState
06-04 11:30:18.515 I/BrowserChrP( 1735): notifyUidState
06-04 11:30:18.515 I/HwAudioService( 1252): now type = 301,reportForegroundAppType = 12,pkg = null,mVoipOptimizeInGameModefalse
06-04 11:30:18.515 I/StatusBarDisable( 1252): setFlags what=0 which=1 pkg=Window{5fef7df u0 com.seeyon.cmp/com.seeyon.cmp.ui.main.MainActivity}
06-04 11:30:18.517 V/WindowManager( 1252): removeIfPossible: Window{bc736fd u0 SnapshotStartingWindow for taskId=64}
06-04 11:30:18.518 D/        (  631): doWinFrameOptStatusRecog begin to recog Layer result=2
06-04 11:30:18.519 V/WindowManager( 1252): Not removing Window{bc736fd u0 SnapshotStartingWindow for taskId=64 EXITING} due to exit animation 
06-04 11:30:18.520 I/StatusBarDisable( 1252): setFlags what=0 which=1 pkg=Window{5fef7df u0 com.seeyon.cmp/com.seeyon.cmp.ui.main.MainActivity}
06-04 11:30:18.597 E/LOGSERVER_UTILS(  744): [Erecovery]readEvent: eRecEventManager readEvent 0
06-04 11:30:18.521 I/StatusBarDisable( 1252): setFlags what=0 which=1 pkg=Window{5fef7df u0 com.seeyon.cmp/com.seeyon.cmp.ui.main.MainActivity}
06-04 11:30:18.631 V/WindowManager( 1252): Exit animation finished in Window{bc736fd u0 SnapshotStartingWindow for taskId=64 EXITING}: remove=true
06-04 11:30:18.631 E/WindowManager( 1252): win=Window{bc736fd u0 SnapshotStartingWindow for taskId=64 EXITING} destroySurfaces: appStopped=false win.mWindowRemovalAllowed=true win.mRemoveOnExit=true
06-04 11:30:18.632 V/WindowManager( 1252): postWindowRemoveCleanupLocked: Window{bc736fd u0 SnapshotStartingWindow for taskId=64}
06-04 11:30:18.632 V/WindowManager( 1252): Removing Window{bc736fd u0 SnapshotStartingWindow for taskId=64} from AppWindowToken{e9e0f46 token=Token{66eef21 ActivityRecord{8984988 u0 com.seeyon.cmp/.ui.main.MainActivity t64}}}
06-04 11:30:18.633 I/StatusBarDisable( 1252): setFlags what=0 which=1 pkg=Window{5fef7df u0 com.seeyon.cmp/com.seeyon.cmp.ui.main.MainActivity}
06-04 11:30:18.744 D/ZrHung.AppEyeUiProbe( 1859): Current Activity:false
06-04 11:30:18.744 D/ZrHung.AppEyeUiProbe( 1859): not watching, wait.
06-04 11:30:18.949 E/WifiHAL (  626): enter wifi_get_link_stats
06-04 11:30:19.000 E/Thermal-daemon(  727): [ap] temp_new :44  temp_old :41
06-04 11:30:19.001 E/Thermal-daemon(  727): Report temperature: [ap] temp :44  report_threshold:1
06-04 11:30:19.044 I/ndroid.contact(12151): Waiting for a blocking GC ProfileSaver
06-04 11:30:19.057 D/AwareBitmapCacher(12151): handleInit disable com.android.contacts
06-04 11:30:19.072 I/ndroid.contact(12151): WaitForGcToComplete blocked ProfileSaver on AddRemoveAppImageSpace for 27.945ms
06-04 11:30:19.185 D/AwareBitmapCacher(12182): handleInit disable android.process.acore
06-04 11:30:19.229 D/AwareBitmapCacher(12203): handleInit disable com.huawei.numberidentity
06-04 11:30:19.230 D/AwareBitmapCacher(12215): handleInit disable com.huawei.hwvoipservice
06-04 11:30:19.412 I/aptouch_daemon(  695): filter_touch_detect, down, in: 1, out: 1
06-04 11:30:19.418 I/SearchPanelViewDebug( 1626): User touch the home button, MotionEvent ACTION_DOWN
06-04 11:30:19.423 V/AudioManager( 1626): querySoundEffectsEnabled...
06-04 11:30:19.423 D/vol.VolumeDialogImpl( 1626): dismissH mIsViewAnimating : false, false
06-04 11:30:19.423 D/vol.VolumeDialogImpl( 1626): dismiss dialog
06-04 11:30:19.423 I/vol.Events( 1626): writeEvent dismiss_dialog volume_controller
06-04 11:30:19.504 I/aptouch_daemon(  695): filter_touch_detect, all_touch_up
06-04 11:30:19.506 D/HwNavigationBarFragment( 1626): onRecentsClick onClick
06-04 11:30:19.507 D/HwNavigationBarFragment( 1626): onRecentsClick runInThread
06-04 11:30:19.521 I/Recents ( 1626): onOverviewToggle to proxy 
06-04 11:30:19.541 I/PhoneStatusBarView( 1626): setAlpha with value : 1.0
06-04 11:30:19.541 I/PhoneStatusBarView( 1626): setAlpha with value : 1.0
06-04 11:30:19.541 D/vol.VolumeDialogImpl( 1626): dismissH mIsViewAnimating : false, false
06-04 11:30:19.541 D/vol.VolumeDialogImpl( 1626): dismiss dialog
06-04 11:30:19.541 I/vol.Events( 1626): writeEvent dismiss_dialog volume_controller
06-04 11:30:19.542 D/HwRecentsTaskUtils( 1859): refreshToCache
06-04 11:30:19.542 D/HwRecentsTaskUtils( 1859): searchFromDate
06-04 11:30:18.650 I/StatusBarDisable( 1252): setFlags what=0 which=1 pkg=Window{5fef7df u0 com.seeyon.cmp/com.seeyon.cmp.ui.main.MainActivity}
06-04 11:30:19.545 V/ActivityManager( 1252): Successfully start provider ContentProviderRecord{4b180f0 u0 com.android.systemui/.recents.HwRecentsLockProdiver} launchingApp=null caller pid= 1859
06-04 11:30:19.546 W/HwLauncher( 1859): OverviewCommandHelperhandleCommand. Show recent view. elapsedTime:610563
06-04 11:30:19.552 I/chatty  ( 1735): uid=1000(system) Binder:1735_4 expire 17 lines
06-04 11:30:19.562 I/RecentsTaskLoadPlan( 1859): to show tasks size is 7
06-04 11:30:19.563 D/HwRecentsTaskUtils( 1859): refreshToCache
06-04 11:30:19.563 D/HwRecentsTaskUtils( 1859): searchFromDate
06-04 11:30:19.566 I/RecentsTaskLoadPlan( 1859): to show tasks size is 7
06-04 11:30:19.587 I/Pged-IPgedBinderService(  731): ****action is 2, pid num is 3***
06-04 11:30:19.587 I/Pged-Freezer(  731): thawPids
06-04 11:30:19.592 I/SkyTone-10.5.0.301-O-0528-22:45-SysUtils(10570): isForeground(), packageName:com.huawei.hiskytone ,importance:400 ,isBrought:false
06-04 11:30:19.600 W/HwLauncher( 1859): Launcher.Utilities  recycleBm() Drawable = null
06-04 11:30:19.603 D/HwBlurEngine( 1859): create blur engine instance: version 1.7
06-04 11:30:19.616 I/HwPicAverageNoises( 1859): getRealMetrics: dm.x = 375.78, dm.y = 375.138
06-04 11:30:19.619 I/Net.192NetworkSpeedMana( 1626): mIsStop = false
06-04 11:30:19.620 I/Net.193NetworkSpeedMana( 1626):  runInThread getTetherStats
06-04 11:30:19.622 D/PackageManager( 1252): resolve intent for uid:1000, matchs:3, res:ResolveInfo{11f4595 com.huawei.android.launcher/.unihome.UniHomeLauncher m=0x108000}
06-04 11:30:19.626 I/ActivityManager( 1252): START u0 {act=android.intent.action.MAIN cat=[android.intent.category.HOME] flg=0x10000000 hwFlg=0x10 cmp=com.huawei.android.launcher/.unihome.UniHomeLauncher (has extras)} from uid 10062
06-04 11:30:19.627 I/ActivityManager( 1252): ActivityRecord info: ActivityInfo{7c236aa com.huawei.android.launcher.unihome.UniHomeLauncher}
06-04 11:30:19.628 I/Net.193NetworkSpeedMana( 1626):  runInUI refreshSpeed
06-04 11:30:19.629 I/Net.193NetworkSpeedMana( 1626): value=23704.666speed = 23.1K/smIsShowLastSpeedValuefalse
06-04 11:30:19.629 I/NetworkSpeedView( 1626): /update(), speed=23.1K/s
06-04 11:30:19.630 V/ActivityManager( 1252): positionChild stackId=0 to top.
06-04 11:30:19.635 W/HwActivityManagerServiceEx( 1252): setResumedActivityUncheckLocked start call, from: ActivityRecord{8984988 u0 com.seeyon.cmp/.ui.main.MainActivity t64}, to: ActivityRecord{40680df u0 com.huawei.android.launcher/.unihome.UniHomeLauncher t1}
06-04 11:30:19.635 W/HwActivityManagerServiceEx( 1252): appSwitch from: com.seeyon.cmp to: com.huawei.android.launcher
06-04 11:30:19.635 W/HwActivityManagerServiceEx( 1252): HwActivityNotifier end call for returnToHome under user 0 cost 0
06-04 11:30:19.635 W/HwActivityManagerServiceEx( 1252): HwActivityNotifier end call for appSwitch under user 0 cost 0
06-04 11:30:19.635 I/StatusBarDisable( 1252): setFlags what=0 which=1 pkg=Window{5fef7df u0 com.seeyon.cmp/com.seeyon.cmp.ui.main.MainActivity}
06-04 11:30:19.630 I/NetworkSpeedView( 1626): /update(), speed=23.1K/s
06-04 11:30:19.636 D/HwGameAssistantController( 1252): UPDATE: mCurFgPkg=com.huawei.android.launcher, mCurFgPid=1859, mCurIsGame=false
06-04 11:30:19.636 I/HiAdKit.AppSwitchMonitor( 3349):  call
06-04 11:30:19.636 I/HiAdKit.AppSwitchMonitor( 3349):  fromPackage:com.seeyon.cmp,toPackage:com.huawei.android.launcher
06-04 11:30:19.637 E/LOGSERVER_UTILS(  744): [Erecovery]readEvent: eRecEventManager readEvent 0
06-04 11:30:19.637 D/HwGameAssistantController( 1252): getGameList: []
06-04 11:30:19.639 D/Activity( 1859): pivotX = 540.0, pivotY = 479.0, iconWidth = 161, iconHeight = 161, iconWidth = 161, flag = 0
06-04 11:30:19.645 I/chatty  ( 1815): uid=1000(system) sdk thread expire 6 lines
06-04 11:30:19.638 D/HwGameAssistantController( 1252): getGameList: []
06-04 11:30:19.651 D/HwPhoneWindowManager( 1252): sensorRotation = -1 lastRotation:0
06-04 11:30:19.652 V/WindowManager( 1252): notifyAppResumed: wasStopped=true AppWindowToken{f2b17f5 token=Token{d83012c ActivityRecord{40680df u0 com.huawei.android.launcher/.unihome.UniHomeLauncher t1}}}
06-04 11:30:19.657 V/WindowManager( 1252): Checking 1 opening apps (frozen=false timeout=false), Track: updateconfig performsurface
06-04 11:30:19.657 V/WindowManager( 1252): Check opening app=AppWindowToken{f2b17f5 token=Token{d83012c ActivityRecord{40680df u0 com.huawei.android.launcher/.unihome.UniHomeLauncher t1}}}: allDrawn=false startingDisplayed=false startingMoved=false isRelaunching()=false startingWindow=null
06-04 11:30:19.659 V/ActivityManager( 1252): Successfully start provider ContentProviderRecord{5d0989 u0 com.huawei.android.launcher/.LauncherProvider} launchingApp=null caller pid= 6130
06-04 11:30:19.661 V/WindowManager( 1252): Checking 1 opening apps (frozen=false timeout=false), Track: relayout performsurface
06-04 11:30:19.661 V/WindowManager( 1252): Check opening app=AppWindowToken{f2b17f5 token=Token{d83012c ActivityRecord{40680df u0 com.huawei.android.launcher/.unihome.UniHomeLauncher t1}}}: allDrawn=false startingDisplayed=false startingMoved=false isRelaunching()=false startingWindow=null
06-04 11:30:19.661 I/BoosterSwitchP( 1735): notifyUidState do nothing
06-04 11:30:19.661 I/DeepNoDisturbP( 1735): notifyUidState
06-04 11:30:19.661 I/BrowserChrP( 1735): notifyUidState
06-04 11:30:19.661 I/HwLauncher( 1859): LauncherProvider launcher call - method:change_badge arg:null extras:[package=com.seeyon.cmp][badgenumber=2][class=com.seeyon.cmp.ui.LoadActivity] uid =11178 pid =6130
06-04 11:30:19.663 I/HwNetworkPolicy( 1252): onTransact, code = 203
06-04 11:30:19.664 I/HwNetworkPolicyManager( 2014): getHwUidPolicy uid = 10062 policy = 0
06-04 11:30:19.664 I/HwAudioService( 1252): now type = 12,reportForegroundAppType = 301,pkg = null,mVoipOptimizeInGameModefalse
06-04 11:30:19.667 V/WindowManager( 1252): Checking 1 opening apps (frozen=false timeout=false), Track: activitypause performsurface
06-04 11:30:19.667 V/WindowManager( 1252): Check opening app=AppWindowToken{f2b17f5 token=Token{d83012c ActivityRecord{40680df u0 com.huawei.android.launcher/.unihome.UniHomeLauncher t1}}}: allDrawn=false startingDisplayed=false startingMoved=false isRelaunching()=false startingWindow=null
06-04 11:30:19.668 I/chatty  ( 1252): uid=1000(system) Binder:1252_18 expire 3 lines
06-04 11:30:19.669 W/HwActivityManagerServiceEx( 1252): HwActivityNotifier end call for activityLifeState under user 0 cost 1
06-04 11:30:19.669 I/HwNavigationBarView( 1626): updateAssistantButtonInGuestureMode(), vis=true,isGestureNavEnable=false
06-04 11:30:19.669 I/chatty  ( 1735): uid=1000(system) DollieAdapter expire 5 lines
06-04 11:30:19.670 I/StatusBarDisable( 1252): setFlags what=0 which=1 pkg=Window{5fef7df u0 com.seeyon.cmp/com.seeyon.cmp.ui.main.MainActivity}
06-04 11:30:19.686 D/DeviceInfo( 1859): ramSize =4194304
06-04 11:30:19.670 I/chatty  ( 1252): uid=1000(system) android.ui identical 1 line
06-04 11:30:19.670 I/StatusBarDisable( 1252): setFlags what=0 which=1 pkg=Window{5fef7df u0 com.seeyon.cmp/com.seeyon.cmp.ui.main.MainActivity}
06-04 11:30:19.697 V/ActivityManager( 1252): startProcess: name=com.huawei.rcsserviceapplication:service app=null knownToBeDead=true thread=null pid=-1
