06-04 17:13:50.260 I/Net.796NetworkSpeedMana( 1628): value=20.0speed = 20.0B/smIsShowLastSpeedValuefalse
06-04 17:13:50.260 I/NetworkSpeedView( 1628): /update(), speed=20.0B/s
06-04 17:13:50.263 I/NetworkSpeedView( 1628): /update(), speed=20.0B/s
06-04 17:13:50.981 I/chatty  ( 1243): uid=1000 system_server expire 10 lines
06-04 17:13:50.991 I/DeepNoDisturbP( 1728): handleStateChanged reason=8
06-04 17:13:51.007 I/HidataAppQoeP( 1728): handleStateChanged reason=8
06-04 17:13:51.019 I/PreDnsQuery( 1728): handleStateChanged reason=8
06-04 17:13:51.020 I/PreDnsQuery( 1728): No need to handled!
06-04 17:13:51.021 I/BrowserChrP( 1728): handleStateChanged
06-04 17:13:51.195 E/LOGSERVER_UTILS(  743): [Erecovery]readEvent: eRecEventManager readEvent 0
06-04 17:13:51.747 E/WifiHAL (  623): enter wifi_get_link_stats
06-04 17:13:52.236 E/LOGSERVER_UTILS(  743): [Erecovery]readEvent: eRecEventManager readEvent 0
06-04 17:13:52.980 I/dubaid  (  710): [ModemHandler.cpp] handleCustomized# Modem pmom log no response, force to finish balance(3), 2020-06-04 17:13:32
06-04 17:13:53.055 D/dubaid  (  710): [AbnormalityRoutine.cpp] CheckShortAbnormality# last check: 1591261412854, last polling: 1591261413467, curr check: 1591262012854, curr polling: 1591262013467
06-04 17:13:53.055 D/dubaid  (  710): [AbnormalityRoutine.cpp] CheckCpuHeavyLoadAbnormality# Failed to find abnormality threshold
06-04 17:13:53.056 D/dubaid  (  710): [AbnormalityRoutine.cpp] CheckNormalAbnormality# last check: 1591261412854, last polling: 1591261413467, curr check: 1591262012854, curr polling: 1591262013467
06-04 17:13:53.085 E/Thermal-daemon(  721): [ap] temp_new :35  temp_old :36
06-04 17:13:53.086 E/Thermal-daemon(  721): Report temperature: [ap] temp :35  report_threshold:1
06-04 17:13:53.256 I/Net.796NetworkSpeedMana( 1628): mIsStop = false
06-04 17:13:53.257 I/Net.797NetworkSpeedMana( 1628):  runInThread getTetherStats
06-04 17:13:53.264 I/Net.797NetworkSpeedMana( 1628):  runInUI refreshSpeed
06-04 17:13:53.265 I/Net.797NetworkSpeedMana( 1628): value=0.0speed = 0.00K/smIsShowLastSpeedValuefalse
06-04 17:13:53.265 I/NetworkSpeedView( 1628): /update(), speed=0.00K/s
06-04 17:13:53.267 I/NetworkSpeedView( 1628): /update(), speed=0.00K/s
06-04 17:13:53.271 E/LOGSERVER_UTILS(  743): [Erecovery]readEvent: eRecEventManager readEvent 0
06-04 17:13:53.298 I/chatty  ( 1243): uid=1000(system) HuaweiWifiWatch expire 10 lines
06-04 17:13:53.300 I/chatty  ( 1243): uid=1000 system_server expire 2 lines
06-04 17:13:53.680 D/[RC:(rcl_db_singleton.cc:464): CheckLogInfoTable: P-reason-C][IM](13587): {"ptid":"13587-347","action":"get_items_count_in_loginfo","reason":"1\n"}
06-04 17:13:54.313 E/LOGSERVER_UTILS(  743): [Erecovery]readEvent: eRecEventManager readEvent 0
06-04 17:13:54.774 E/WifiHAL (  623): enter wifi_get_link_stats
06-04 17:13:55.356 E/LOGSERVER_UTILS(  743): [Erecovery]readEvent: eRecEventManager readEvent 0
06-04 17:13:56.261 I/Net.797NetworkSpeedMana( 1628): mIsStop = false
06-04 17:13:56.262 I/Net.798NetworkSpeedMana( 1628):  runInThread getTetherStats
06-04 17:13:56.268 I/Net.798NetworkSpeedMana( 1628):  runInUI refreshSpeed
06-04 17:13:56.270 I/Net.798NetworkSpeedMana( 1628): value=0.0speed = 0.00K/smIsShowLastSpeedValuefalse
06-04 17:13:56.270 I/NetworkSpeedView( 1628): /update(), speed=0.00K/s
06-04 17:13:56.272 I/NetworkSpeedView( 1628): /update(), speed=0.00K/s
06-04 17:13:56.397 E/LOGSERVER_UTILS(  743): [Erecovery]readEvent: eRecEventManager readEvent 0
06-04 17:13:56.682 D/SmartDualCardSM( 1728): IdleState:got msg.what=EVENT_HARD_SWITCH_CONDITION_CHECK
06-04 17:13:56.745 I/chatty  ( 1243): uid=1000(system) Binder:1243_1E expire 16 lines
06-04 17:13:56.749 I/chatty  ( 1762): uid=1000(system) NcChrGnssDftMan expire 18 lines
06-04 17:13:56.751 I/chatty  ( 1243): uid=1000(system) LocationThread expire 10 lines
06-04 17:13:56.757 I/chatty  ( 1715): uid=1000(system) com.huawei.lbs expire 31 lines
06-04 17:13:56.765 I/chatty  ( 1243): uid=1000(system) LocationManager expire 10 lines
06-04 17:13:56.812 E/HSM_BG  ( 1998): NatTrafficNotifyService:imsi is null, so return
06-04 17:13:56.825 I/chatty  ( 1243): uid=1000(system) Binder:1243_1A expire 11 lines
06-04 17:13:56.827 I/ArHal   (  577): (ar_data_get_state:1235):id[2]
06-04 17:13:57.437 E/LOGSERVER_UTILS(  743): [Erecovery]readEvent: eRecEventManager readEvent 0
06-04 17:13:57.797 E/WifiHAL (  623): enter wifi_get_link_stats
06-04 17:13:58.470 E/LOGSERVER_UTILS(  743): [Erecovery]readEvent: eRecEventManager readEvent 0
06-04 17:13:58.810 I/RongLog (13587): [RongLog][ ConnectionService ] ConnectionStatusListener OnPongReceived.
06-04 17:13:59.262 I/Net.798NetworkSpeedMana( 1628): mIsStop = false
06-04 17:13:59.263 I/Net.799NetworkSpeedMana( 1628):  runInThread getTetherStats
06-04 17:13:59.269 I/Net.799NetworkSpeedMana( 1628):  runInUI refreshSpeed
06-04 17:13:59.271 I/Net.799NetworkSpeedMana( 1628): value=92.333336speed = 92.3B/smIsShowLastSpeedValuefalse
06-04 17:13:59.271 I/NetworkSpeedView( 1628): /update(), speed=92.3B/s
06-04 17:13:59.273 I/NetworkSpeedView( 1628): /update(), speed=92.3B/s
06-04 17:13:59.507 E/LOGSERVER_UTILS(  743): [Erecovery]readEvent: eRecEventManager readEvent 0
06-04 17:13:59.825 W/PhoneInterfaceManager( 1814): shouldBlockLocation running ...
06-04 17:13:59.837 I/PhoneInterfaceManager( 1814): shouldBlockLocation  ret:false
06-04 17:13:59.855 W/PhoneInterfaceManager( 1814): shouldBlockLocation running ...
06-04 17:13:59.864 I/PhoneInterfaceManager( 1814): shouldBlockLocation  ret:false
06-04 17:13:59.876 W/PhoneInterfaceManager( 1814): shouldBlockLocation running ...
06-04 17:13:59.885 I/PhoneInterfaceManager( 1814): shouldBlockLocation  ret:false
06-04 17:13:59.921 D/DeviceMonitor( 1802): GPS request stop:com.seeyon.cmp pid:17890 interval(s): -1 reqId:d14433d
06-04 17:13:59.932 D/PhoneInterfaceManager( 1814): [PhoneIntfMgr] isUserDataEnabled: subId=1 phoneId=1
06-04 17:13:59.932 D/PhoneInterfaceManager( 1814): [PhoneIntfMgr] isUserDataEnabled: subId=1 retVal=true
06-04 17:13:59.937 W/PhoneInterfaceManager( 1814): shouldBlockLocation running ...
06-04 17:13:59.938 I/PhoneInterfaceManager( 1814): shouldBlockLocation  ret:false
06-04 17:13:59.956 D/PhoneInterfaceManager( 1814): [PhoneIntfMgr] isUserDataEnabled: subId=1 phoneId=1
06-04 17:13:59.956 D/PhoneInterfaceManager( 1814): [PhoneIntfMgr] isUserDataEnabled: subId=1 retVal=true
06-04 17:13:59.962 W/PhoneInterfaceManager( 1814): shouldBlockLocation running ...
06-04 17:13:59.962 I/PhoneInterfaceManager( 1814): shouldBlockLocation  ret:false
06-04 17:13:59.978 E/HSM_BG  ( 1998): NatTrafficNotifyService:imsi is null, so return
06-04 17:14:00.037 E/DateView( 1628): DateView,mCurrentTime: 1591262040037
06-04 17:14:00.042 I/EventCenter( 1628): EventCenter Get :android.intent.action.TIME_TICK
06-04 17:14:00.042 W/ClockView1( 1628):  action android.intent.action.TIME_TICK
06-04 17:14:00.042 W/ClockView1( 1628):  action android.intent.action.TIME_TICK
06-04 17:14:00.055 E/ndroid.systemu( 1628): No package ID ff found for ID 0xffffffff.
06-04 17:14:00.056 I/LocalCalendar( 1628): CalendarId: 0001LocalCalender On
06-04 17:14:00.058 E/ndroid.systemu( 1628): No package ID ff found for ID 0xffffffff.
06-04 17:14:00.059 I/LocalCalendar( 1628): CalendarId: 0001LocalCalender On
06-04 17:14:00.061 E/ndroid.systemu( 1628): No package ID ff found for ID 0xffffffff.
06-04 17:14:00.062 I/LocalCalendar( 1628): CalendarId: 0001LocalCalender On
06-04 17:14:00.065 I/KeyguardStatusView( 1628): Runnable for refresh
06-04 17:14:00.068 I/HwLauncher( 1840): Model  onReceive intent=Intent { act=android.intent.action.TIME_TICK flg=0x50200014 hwFlg=0x900 (has extras) }
06-04 17:14:00.068 I/HwLauncher( 1840): Model  onReceive user=UserHandle{0}
06-04 17:14:00.143 D/DateTimeView( 1628): Change to single clock mode!
06-04 17:14:00.144 I/ColorPickUitls( 1628): type = 2
06-04 17:14:00.144 D/HwKeyguardBottomArea( 1628): RemoveDateTimeTopArea type:2
06-04 17:14:00.144 D/HwKeyguardBottomArea( 1628): loadDateTimeArea type
06-04 17:14:00.144 D/HwKeyguardBottomArea( 1628): removeLiftSensorView, threadname = main
06-04 17:14:00.144 D/DateTimeView( 1628): Change to single clock mode!
06-04 17:14:00.145 I/ColorPickUitls( 1628): type = 2
06-04 17:14:00.145 D/HwKeyguardBottomArea( 1628): RemoveDateTimeTopArea type:2
06-04 17:14:00.145 D/HwKeyguardBottomArea( 1628): loadDateTimeArea type
06-04 17:14:00.145 D/HwKeyguardBottomArea( 1628): removeLiftSensorView, threadname = main
06-04 17:14:00.145 D/DateTimeView( 1628): Change to single clock mode!
06-04 17:14:00.145 I/ColorPickUitls( 1628): type = 2
06-04 17:14:00.145 D/HwKeyguardBottomArea( 1628): RemoveDateTimeTopArea type:2
06-04 17:14:00.145 D/HwKeyguardBottomArea( 1628): loadDateTimeArea type
06-04 17:14:00.145 D/HwKeyguardBottomArea( 1628): removeLiftSensorView, threadname = main
06-04 17:14:00.356 I/DeepNoDisturbP( 1728): handleStateChanged reason=8
06-04 17:14:00.360 I/HidataAppQoeP( 1728): handleStateChanged reason=8
06-04 17:14:00.368 I/PreDnsQuery( 1728): handleStateChanged reason=8
06-04 17:14:00.371 I/PreDnsQuery( 1728): No need to handled!
06-04 17:14:00.371 I/BrowserChrP( 1728): handleStateChanged
06-04 17:14:00.548 E/LOGSERVER_UTILS(  743): [Erecovery]readEvent: eRecEventManager readEvent 0
06-04 17:14:00.816 E/WifiHAL (  623): enter wifi_get_link_stats
06-04 17:14:01.177 I/RongLog (13587): [RongLog][ ConnectionService ] ConnectionStatusListener OnPongReceived.
06-04 17:14:01.300 I/chatty  ( 1243): uid=1000(system) WifiService expire 33 lines
06-04 17:14:01.304 I/chatty  ( 1243): uid=1000 system_server expire 2 lines
06-04 17:14:01.570 E/LOGSERVER_UTILS(  743): [Erecovery]readEvent: eRecEventManager readEvent 0
06-04 17:14:01.848 W/PhoneInterfaceManager( 1814): shouldBlockLocation running ...
06-04 17:14:01.848 I/PhoneInterfaceManager( 1814): shouldBlockLocation  ret:false
06-04 17:14:02.264 I/Net.799NetworkSpeedMana( 1628): mIsStop = false
06-04 17:14:02.264 I/Net.800NetworkSpeedMana( 1628):  runInThread getTetherStats
06-04 17:14:02.271 I/Net.800NetworkSpeedMana( 1628):  runInUI refreshSpeed
06-04 17:14:02.273 I/Net.800NetworkSpeedMana( 1628): value=93.666664speed = 93.7B/smIsShowLastSpeedValuefalse
06-04 17:14:02.273 I/NetworkSpeedView( 1628): /update(), speed=93.7B/s
06-04 17:14:02.274 I/NetworkSpeedView( 1628): /update(), speed=93.7B/s
06-04 17:14:02.571 E/LOGSERVER_UTILS(  743): [Erecovery]readEvent: eRecEventManager readEvent 0
06-04 17:14:03.037 I/chatty  ( 1243): uid=1000(system) UEventObserver expire 6 lines
06-04 17:14:03.575 E/LOGSERVER_UTILS(  743): [Erecovery]readEvent: eRecEventManager readEvent 0
06-04 17:14:03.643 E/JankService(18294): child Thread receive to stop
06-04 17:14:03.767 E/JankService(  743): all data read ok
06-04 17:14:03.841 E/WifiHAL (  623): enter wifi_get_link_stats
06-04 17:14:03.857 I/chatty  ( 1243): uid=1000(system) WifiStateMachin expire 10 lines
06-04 17:14:04.616 E/LOGSERVER_UTILS(  743): [Erecovery]readEvent: eRecEventManager readEvent 0
06-04 17:14:04.824 I/chatty  ( 1715): uid=1000(system) HwPosionManager expire 16 lines
06-04 17:14:05.266 I/Net.800NetworkSpeedMana( 1628): mIsStop = false
06-04 17:14:05.267 I/Net.801NetworkSpeedMana( 1628):  runInThread getTetherStats
06-04 17:14:05.273 I/Net.801NetworkSpeedMana( 1628):  runInUI refreshSpeed
06-04 17:14:05.274 I/Net.801NetworkSpeedMana( 1628): value=0.0speed = 0.00K/smIsShowLastSpeedValuefalse
06-04 17:14:05.274 I/NetworkSpeedView( 1628): /update(), speed=0.00K/s
06-04 17:14:05.463 I/DeepNoDisturbP( 1728): handleStateChanged reason=8
06-04 17:14:05.275 I/chatty  ( 1628): uid=10044(com.huawei.HwMultiScreenShot) com.android.systemui identical 10 lines
06-04 17:14:05.276 I/NetworkSpeedView( 1628): /update(), speed=0.00K/s
06-04 17:14:05.477 I/HidataAppQoeP( 1728): handleStateChanged reason=8
06-04 17:14:05.492 I/PreDnsQuery( 1728): handleStateChanged reason=8
06-04 17:14:05.494 I/PreDnsQuery( 1728): No need to handled!
06-04 17:14:05.494 I/BrowserChrP( 1728): handleStateChanged
06-04 17:14:05.650 E/LOGSERVER_UTILS(  743): [Erecovery]readEvent: eRecEventManager readEvent 0
06-04 17:14:06.689 E/LOGSERVER_UTILS(  743): [Erecovery]readEvent: eRecEventManager readEvent 0
06-04 17:14:06.867 E/WifiHAL (  623): enter wifi_get_link_stats
06-04 17:14:07.729 E/LOGSERVER_UTILS(  743): [Erecovery]readEvent: eRecEventManager readEvent 0
06-04 17:14:08.270 I/Net.801NetworkSpeedMana( 1628): mIsStop = false
06-04 17:14:08.270 I/Net.802NetworkSpeedMana( 1628):  runInThread getTetherStats
06-04 17:14:08.275 I/Net.802NetworkSpeedMana( 1628):  runInUI refreshSpeed
06-04 17:14:08.277 I/Net.802NetworkSpeedMana( 1628): value=0.0speed = 0.00K/smIsShowLastSpeedValuefalse
06-04 17:14:08.277 I/NetworkSpeedView( 1628): /update(), speed=0.00K/s
06-04 17:14:08.279 I/NetworkSpeedView( 1628): /update(), speed=0.00K/s
06-04 17:14:08.770 E/LOGSERVER_UTILS(  743): [Erecovery]readEvent: eRecEventManager readEvent 0
06-04 17:14:08.778 D/PhoneInterfaceManager( 1814): [PhoneIntfMgr] isUserDataEnabled: subId=1 phoneId=1
06-04 17:14:08.779 D/PhoneInterfaceManager( 1814): [PhoneIntfMgr] isUserDataEnabled: subId=1 retVal=true
06-04 17:14:08.785 W/PhoneInterfaceManager( 1814): shouldBlockLocation running ...
06-04 17:14:08.787 I/PhoneInterfaceManager( 1814): shouldBlockLocation  ret:false
06-04 17:14:09.312 I/chatty  ( 1243): uid=1000 system_server expire 2 lines
06-04 17:14:09.810 E/LOGSERVER_UTILS(  743): [Erecovery]readEvent: eRecEventManager readEvent 0
06-04 17:14:09.891 E/WifiHAL (  623): enter wifi_get_link_stats
06-04 17:14:10.834 E/LOGSERVER_UTILS(  743): [Erecovery]readEvent: eRecEventManager readEvent 0
06-04 17:14:11.274 I/Net.802NetworkSpeedMana( 1628): mIsStop = false
06-04 17:14:11.275 I/Net.803NetworkSpeedMana( 1628):  runInThread getTetherStats
06-04 17:14:11.280 I/Net.803NetworkSpeedMana( 1628):  runInUI refreshSpeed
06-04 17:14:11.282 I/Net.803NetworkSpeedMana( 1628): value=13.333333speed = 13.3B/smIsShowLastSpeedValuefalse
06-04 17:14:11.282 I/NetworkSpeedView( 1628): /update(), speed=13.3B/s
06-04 17:14:11.284 I/NetworkSpeedView( 1628): /update(), speed=13.3B/s
06-04 17:14:11.473 I/chatty  ( 1728): uid=1000(system) com.huawei.systemserver expire 10 lines
06-04 17:14:11.475 I/DeepNoDisturbP( 1728): handleStateChanged reason=8
06-04 17:14:11.490 I/HidataAppQoeP( 1728): handleStateChanged reason=8
06-04 17:14:11.492 I/ImsResolver( 1814): getMmTelFeatureAndListen - slot: 2 callback: com.android.ims.MmTelFeatureConnection$1@ca893eb
06-04 17:14:11.501 I/PreDnsQuery( 1728): handleStateChanged reason=8
06-04 17:14:11.503 I/PreDnsQuery( 1728): No need to handled!
06-04 17:14:11.504 I/BrowserChrP( 1728): handleStateChanged
06-04 17:14:11.758 I/chatty  ( 1243): uid=1000(system) WifiService expire 33 lines
06-04 17:14:11.858 E/LOGSERVER_UTILS(  743): [Erecovery]readEvent: eRecEventManager readEvent 0
06-04 17:14:12.137 I/chatty  (17890): uid=11185(com.seeyon.cmp) expire 2 lines
06-04 17:14:12.142 W/PhoneInterfaceManager( 1814): shouldBlockLocation running ...
06-04 17:14:12.151 I/PhoneInterfaceManager( 1814): shouldBlockLocation  ret:false
06-04 17:14:12.168 W/PhoneInterfaceManager( 1814): shouldBlockLocation running ...
06-04 17:14:12.177 I/PhoneInterfaceManager( 1814): shouldBlockLocation  ret:false
06-04 17:14:12.884 E/LOGSERVER_UTILS(  743): [Erecovery]readEvent: eRecEventManager readEvent 0
06-04 17:14:12.918 E/WifiHAL (  623): enter wifi_get_link_stats
06-04 17:14:13.925 E/LOGSERVER_UTILS(  743): [Erecovery]readEvent: eRecEventManager readEvent 0
06-04 17:14:13.987 I/RongLog (13587): [RongLog][ ConnectionService ] ConnectionStatusListener OnPongReceived.
06-04 17:14:14.275 I/Net.803NetworkSpeedMana( 1628): mIsStop = false
06-04 17:14:14.276 I/Net.804NetworkSpeedMana( 1628):  runInThread getTetherStats
06-04 17:14:14.283 I/Net.804NetworkSpeedMana( 1628):  runInUI refreshSpeed
06-04 17:14:14.284 I/Net.804NetworkSpeedMana( 1628): value=74.0speed = 74.0B/smIsShowLastSpeedValuefalse
06-04 17:14:14.284 I/NetworkSpeedView( 1628): /update(), speed=74.0B/s
06-04 17:14:14.287 I/NetworkSpeedView( 1628): /update(), speed=74.0B/s
06-04 17:14:14.933 E/LOGSERVER_UTILS(  743): [Erecovery]readEvent: eRecEventManager readEvent 0
06-04 17:14:15.948 E/WifiHAL (  623): enter wifi_get_link_stats
06-04 17:14:15.974 E/LOGSERVER_UTILS(  743): [Erecovery]readEvent: eRecEventManager readEvent 0
06-04 17:14:15.975 I/chatty  ( 1243): uid=1000(system) WifiStateMachin expire 11 lines
06-04 17:14:16.690 D/SmartDualCardSM( 1728): IdleState:got msg.what=EVENT_HARD_SWITCH_CONDITION_CHECK
06-04 17:14:16.715 E/SmartDualCardTraffic( 1728): getMealTrafficImpl fail,invalid imsi
06-04 17:14:16.716 D/SmartDualCardSM( 1728): boosterDump:prop=true SdcSwitchOn=false DataSwitchOn=true WifiConnect=true AirplaneOn=false ScreenOn=true VSimEnabled=false CallOn=false AppState=GENERAL_FOREGROUND HidataAppState=GENERAL_BACKGROUND defaultDataSub=1 default4GSlot=1 DataOn=false M_MmsUtPdp=false userType=2
06-04 17:14:16.737 D/SmartDualCardSM( 1728): isSlaveCardNetworkBad return true,mSignalStrength=2,mNetworkType=3,mDownlinkSpeedLimit=1048576,mDataRoaming=false
06-04 17:14:16.743 E/SmartDualCardTraffic( 1728): getMealTrafficImpl fail,invalid imsi
06-04 17:14:16.743 D/SmartDualCardSM( 1728): boosterDump:SlaveActive=false SameOperator=false M_NetworkBad=false S_NetworkBad=true M_DLSpeedLimit=1048576 S_DLSpeedLimit=1048576 M_DataRoam=false S_DataRoam=false VPNMode=false TetherOn=false AppQoeSlow=false HidataAppQoeSlow=false GameExpBad=false DsdsState=1 S_TrafficEnough=true
06-04 17:14:16.978 E/LOGSERVER_UTILS(  743): [Erecovery]readEvent: eRecEventManager readEvent 0
06-04 17:14:17.021 I/RongLog (13587): [RongLog][ ConnectionService ] ConnectionStatusListener OnPongReceived.
06-04 17:14:17.278 I/Net.804NetworkSpeedMana( 1628): mIsStop = false
06-04 17:14:17.279 I/Net.805NetworkSpeedMana( 1628):  runInThread getTetherStats
06-04 17:14:17.285 I/Net.805NetworkSpeedMana( 1628):  runInUI refreshSpeed
06-04 17:14:17.286 I/Net.805NetworkSpeedMana( 1628): value=148.66667speed = 149B/smIsShowLastSpeedValuefalse
06-04 17:14:17.287 I/NetworkSpeedView( 1628): /update(), speed=149B/s
06-04 17:14:17.289 I/NetworkSpeedView( 1628): /update(), speed=149B/s
06-04 17:14:17.325 I/chatty  ( 1243): uid=1000 system_server expire 2 lines
06-04 17:14:18.019 E/LOGSERVER_UTILS(  743): [Erecovery]readEvent: eRecEventManager readEvent 0
06-04 17:14:18.219 I/PreDnsController(  549): canPreDnsQuery,persist.sys.predns is false!
06-04 17:14:18.980 E/WifiHAL (  623): enter wifi_get_link_stats
06-04 17:14:19.030 E/LOGSERVER_UTILS(  743): [Erecovery]readEvent: eRecEventManager readEvent 0
06-04 17:14:20.071 E/LOGSERVER_UTILS(  743): [Erecovery]readEvent: eRecEventManager readEvent 0
06-04 17:14:20.279 I/Net.805NetworkSpeedMana( 1628): mIsStop = false
06-04 17:14:20.280 I/Net.806NetworkSpeedMana( 1628):  runInThread getTetherStats
06-04 17:14:20.287 I/Net.806NetworkSpeedMana( 1628):  runInUI refreshSpeed
06-04 17:14:20.289 I/Net.806NetworkSpeedMana( 1628): value=156.66667speed = 157B/smIsShowLastSpeedValuefalse
06-04 17:14:20.289 I/NetworkSpeedView( 1628): /update(), speed=157B/s
06-04 17:14:20.292 I/NetworkSpeedView( 1628): /update(), speed=157B/s
06-04 17:14:21.112 E/LOGSERVER_UTILS(  743): [Erecovery]readEvent: eRecEventManager readEvent 0
06-04 17:14:22.005 E/WifiHAL (  623): enter wifi_get_link_stats
06-04 17:14:22.154 E/LOGSERVER_UTILS(  743): [Erecovery]readEvent: eRecEventManager readEvent 0
06-04 17:14:22.979 W/PlayCommon(17464): [317] aada.a(1): No account for auth token provided
06-04 17:14:22.981 I/PlayCommon(17464): [317] aada.d(120): Connecting to server: https://www.googleapis.cn/play/log?format=raw&proto_v2=true
06-04 17:14:23.195 E/LOGSERVER_UTILS(  743): [Erecovery]readEvent: eRecEventManager readEvent 0
06-04 17:14:23.280 I/Net.806NetworkSpeedMana( 1628): mIsStop = false
06-04 17:14:23.282 I/Net.807NetworkSpeedMana( 1628):  runInThread getTetherStats
06-04 17:14:23.287 I/Net.807NetworkSpeedMana( 1628):  runInUI refreshSpeed
06-04 17:14:23.289 I/Net.807NetworkSpeedMana( 1628): value=3386.0speed = 3.31K/smIsShowLastSpeedValuefalse
06-04 17:14:23.289 I/NetworkSpeedView( 1628): /update(), speed=3.31K/s
06-04 17:14:23.292 I/NetworkSpeedView( 1628): /update(), speed=3.31K/s
06-04 17:14:23.685 D/[RC:(rcl_db_singleton.cc:464): CheckLogInfoTable: P-reason-C][IM](13587): {"ptid":"13587-352","action":"get_items_count_in_loginfo","reason":"1\n"}
06-04 17:14:24.036 D/WorkerThreadMonitor( 4292): Kill MSF check result[ senderSize:0,sendInterval:2372634,receiveInterval=2372632,addCmdCount=0
06-04 17:14:24.232 E/LOGSERVER_UTILS(  743): [Erecovery]readEvent: eRecEventManager readEvent 0
06-04 17:14:25.031 E/WifiHAL (  623): enter wifi_get_link_stats
06-04 17:14:25.056 I/chatty  ( 1243): uid=1000(system) HwArbitrationSt expire 4 lines
06-04 17:14:25.061 I/DataSrv-10.4.0.303-O-0330-22:15-VSim( 2613): Network onCapabilitiesChanged
06-04 17:14:25.070 I/chatty  ( 1243): uid=1000(system) WifiService expire 40 lines
06-04 17:14:25.086 I/chatty  ( 1243): uid=1000(system) Binder:1243_1A expire 2 lines
06-04 17:14:25.091 I/chatty  ( 1243): uid=1000(system) Binder:1243_1E expire 1 line
06-04 17:14:25.097 I/chatty  ( 1243): uid=1000(system) Binder:1243_1E expire 12 lines
06-04 17:14:25.099 D/HwInnerWifiManagerImpl(17112): SupplicantState = COMPLETED
06-04 17:14:25.099 D/HwInnerWifiManagerImpl(17112): isPhoneAP = true
06-04 17:14:25.103 I/chatty  ( 1243): uid=1000(system) Binder:1243_11 expire 18 lines
06-04 17:14:25.104 D/HwInnerWifiManagerImpl(17112): SupplicantState = COMPLETED
06-04 17:14:25.104 D/HwInnerWifiManagerImpl(17112): isPhoneAP = true
06-04 17:14:25.109 D/HwInnerWifiManagerImpl(17112): SupplicantState = COMPLETED
06-04 17:14:25.110 D/HwInnerWifiManagerImpl(17112): isPhoneAP = true
06-04 17:14:25.261 E/LOGSERVER_UTILS(  743): [Erecovery]readEvent: eRecEventManager readEvent 0
06-04 17:14:25.311 I/chatty  ( 1243): uid=1000(system) HuaweiWifiWatch expire 10 lines
06-04 17:14:25.311 I/chatty  ( 1243): uid=1000 system_server expire 3 lines
06-04 17:14:26.282 I/Net.807NetworkSpeedMana( 1628): mIsStop = false
06-04 17:14:26.283 I/Net.808NetworkSpeedMana( 1628):  runInThread getTetherStats
06-04 17:14:26.288 I/Net.808NetworkSpeedMana( 1628):  runInUI refreshSpeed
06-04 17:14:26.290 I/Net.808NetworkSpeedMana( 1628): value=1112.0speed = 1.09K/smIsShowLastSpeedValuefalse
06-04 17:14:26.290 I/NetworkSpeedView( 1628): /update(), speed=1.09K/s
06-04 17:14:26.291 I/NetworkSpeedView( 1628): /update(), speed=1.09K/s
06-04 17:14:26.298 E/LOGSERVER_UTILS(  743): [Erecovery]readEvent: eRecEventManager readEvent 0
06-04 17:14:26.751 I/chatty  ( 1762): uid=1000(system) NcChrGnssDftMan expire 18 lines
06-04 17:14:26.751 I/chatty  ( 1243): uid=1000(system) Binder:1243_11 expire 17 lines
06-04 17:14:26.760 I/chatty  ( 1715): uid=1000(system) com.huawei.lbs expire 31 lines
06-04 17:14:26.765 I/chatty  ( 1762): uid=1000(system) GnssDataStatist expire 10 lines
06-04 17:14:26.771 I/chatty  ( 1243): uid=1000(system) Binder:1243_1C expire 15 lines
06-04 17:14:26.796 I/chatty  ( 1243): uid=1000(system) Binder:1243_F expire 5 lines
06-04 17:14:26.800 I/ArHal   (  577): (ar_data_get_state:1235):id[2]
06-04 17:14:26.821 E/HSM_BG  ( 1998): NatTrafficNotifyService:imsi is null, so return
06-04 17:14:26.836 I/chatty  ( 1243): uid=1000(system) Binder:1243_2 expire 9 lines
06-04 17:14:26.836 I/chatty  ( 1243): uid=1000(system) Binder:1243_2 expire 19 lines
06-04 17:14:26.839 I/ArHal   (  577): (ar_data_get_state:1235):id[2]
06-04 17:14:26.842 D/ARMoudle.HwActivityRecognition( 1782): hwActivityEvent:[ ActivityChangedExtendEvent:
06-04 17:14:26.842 D/ARMoudle.HwActivityRecognition( 1782):     Activity='android.activity_recognition.still', EventType=1, TimestampNs=2363911223956, Confidence=-1
06-04 17:14:26.842 D/ARMoudle.HwActivityRecognition( 1782): ]
06-04 17:14:26.967 W/PhoneInterfaceManager( 1814): shouldBlockLocation running ...
06-04 17:14:26.978 I/PhoneInterfaceManager( 1814): shouldBlockLocation  ret:false
06-04 17:14:26.992 W/PhoneInterfaceManager( 1814): shouldBlockLocation running ...
06-04 17:14:26.999 I/PhoneInterfaceManager( 1814): shouldBlockLocation  ret:false
06-04 17:14:27.004 I/chatty  (17890): uid=11185(com.seeyon.cmp) expire 10 lines
06-04 17:14:27.007 W/PhoneInterfaceManager( 1814): shouldBlockLocation running ...
06-04 17:14:27.013 I/PhoneInterfaceManager( 1814): shouldBlockLocation  ret:false
06-04 17:14:27.039 D/DeviceMonitor( 1802): GPS request stop:com.seeyon.cmp pid:17890 interval(s): -1 reqId:6c4c47e
06-04 17:14:27.041 I/chatty  ( 1715): uid=1000(system) Binder:1715_7 expire 10 lines
06-04 17:14:27.041 I/chatty  ( 1243): uid=1000(system) Binder:1243_F expire 3 lines
06-04 17:14:27.055 D/PhoneInterfaceManager( 1814): [PhoneIntfMgr] isUserDataEnabled: subId=1 phoneId=1
06-04 17:14:27.055 D/PhoneInterfaceManager( 1814): [PhoneIntfMgr] isUserDataEnabled: subId=1 retVal=true
06-04 17:14:27.061 W/PhoneInterfaceManager( 1814): shouldBlockLocation running ...
06-04 17:14:27.061 I/PhoneInterfaceManager( 1814): shouldBlockLocation  ret:false
06-04 17:14:27.077 D/PhoneInterfaceManager( 1814): [PhoneIntfMgr] isUserDataEnabled: subId=1 phoneId=1
06-04 17:14:27.078 D/PhoneInterfaceManager( 1814): [PhoneIntfMgr] isUserDataEnabled: subId=1 retVal=true
06-04 17:14:27.084 W/PhoneInterfaceManager( 1814): shouldBlockLocation running ...
06-04 17:14:27.084 I/PhoneInterfaceManager( 1814): shouldBlockLocation  ret:false
06-04 17:14:27.107 E/HSM_BG  ( 1998): NatTrafficNotifyService:imsi is null, so return
06-04 17:14:27.339 E/LOGSERVER_UTILS(  743): [Erecovery]readEvent: eRecEventManager readEvent 0
06-04 17:14:28.063 E/WifiHAL (  623): enter wifi_get_link_stats
06-04 17:14:28.356 E/LOGSERVER_UTILS(  743): [Erecovery]readEvent: eRecEventManager readEvent 0
06-04 17:14:28.892 E/JankService(18304): child Thread receive to stop
06-04 17:14:29.033 E/JankService(  743): all data read ok
06-04 17:14:29.108 I/RongLog (13587): [RongLog][ ConnectionService ] ConnectionStatusListener OnPongReceived.
06-04 17:14:29.284 I/Net.808NetworkSpeedMana( 1628): mIsStop = false
06-04 17:14:29.285 I/Net.809NetworkSpeedMana( 1628):  runInThread getTetherStats
06-04 17:14:29.290 I/Net.809NetworkSpeedMana( 1628):  runInUI refreshSpeed
06-04 17:14:29.291 I/Net.809NetworkSpeedMana( 1628): value=494.0speed = 494B/smIsShowLastSpeedValuefalse
06-04 17:14:29.292 I/NetworkSpeedView( 1628): /update(), speed=494B/s
06-04 17:14:29.293 I/NetworkSpeedView( 1628): /update(), speed=494B/s
06-04 17:14:29.396 E/LOGSERVER_UTILS(  743): [Erecovery]readEvent: eRecEventManager readEvent 0
06-04 17:14:29.515 D/[RC:(rcps_pull_message.cpp:57): PullMessageRequest: P-reason-C][IM](13587): {"ptid":"13587-354","action":"recv","reason":"1591259939421, send: 1591261228527\n"}
06-04 17:14:30.437 E/LOGSERVER_UTILS(  743): [Erecovery]readEvent: eRecEventManager readEvent 0
06-04 17:14:31.087 E/WifiHAL (  623): enter wifi_get_link_stats
06-04 17:14:31.107 I/chatty  ( 1243): uid=1000(system) WifiStateMachin expire 63 lines
06-04 17:14:31.111 I/chatty  ( 1243): uid=1000(system) ConnectivitySer expire 3 lines
06-04 17:14:31.114 I/chatty  ( 1243): uid=1000(system) ConnectivityThr expire 1 line
06-04 17:14:31.119 I/DataSrv-10.4.0.303-O-0330-22:15-VSim( 2613): Network onCapabilitiesChanged
06-04 17:14:31.128 I/chatty  ( 1243): uid=1000(system) Binder:1243_1E expire 10 lines
06-04 17:14:31.133 I/chatty  ( 1762): uid=1000(system) HwWifiCHRStateM expire 12 lines
06-04 17:14:31.149 D/HwInnerWifiManagerImpl(17112): SupplicantState = COMPLETED
06-04 17:14:31.149 D/HwInnerWifiManagerImpl(17112): isPhoneAP = true
06-04 17:14:31.156 D/HwInnerWifiManagerImpl(17112): SupplicantState = COMPLETED
06-04 17:14:31.156 D/HwInnerWifiManagerImpl(17112): isPhoneAP = true
06-04 17:14:31.160 D/HwInnerWifiManagerImpl(17112): SupplicantState = COMPLETED
06-04 17:14:31.160 D/HwInnerWifiManagerImpl(17112): isPhoneAP = true
06-04 17:14:31.478 E/LOGSERVER_UTILS(  743): [Erecovery]readEvent: eRecEventManager readEvent 0
06-04 17:14:31.855 I/chatty  ( 1715): uid=1000(system) HwNLPSCAN expire 10 lines
06-04 17:14:31.860 W/PhoneInterfaceManager( 1814): shouldBlockLocation running ...
06-04 17:14:31.860 I/PhoneInterfaceManager( 1814): shouldBlockLocation  ret:false
06-04 17:14:31.892 D/[RC:(rcps_pull_message.cpp:92): DealWithResponse: P-reason-C][IM](13587): {"ptid":"13587-355","action":"sync","reason":"1591259939421,finished: 1,size: 0\n"}
06-04 17:14:32.285 I/Net.809NetworkSpeedMana( 1628): mIsStop = false
06-04 17:14:32.286 I/Net.810NetworkSpeedMana( 1628):  runInThread getTetherStats
06-04 17:14:32.293 I/Net.810NetworkSpeedMana( 1628):  runInUI refreshSpeed
06-04 17:14:32.296 I/Net.810NetworkSpeedMana( 1628): value=610.0speed = 610B/smIsShowLastSpeedValuefalse
06-04 17:14:32.296 I/NetworkSpeedView( 1628): /update(), speed=610B/s
06-04 17:14:32.299 I/NetworkSpeedView( 1628): /update(), speed=610B/s
06-04 17:14:32.492 E/LOGSERVER_UTILS(  743): [Erecovery]readEvent: eRecEventManager readEvent 0
06-04 17:14:32.835 I/storaged(  720): storaged_t::event: storage_info refreshed.
06-04 17:14:33.324 I/chatty  ( 1243): uid=1000 system_server expire 3 lines
06-04 17:14:33.333 I/chatty  ( 1243): uid=1000(system) WifiProStateMac expire 10 lines
06-04 17:14:33.334 I/chatty  ( 1243): uid=1000(system) MobileQosDetect expire 10 lines
06-04 17:14:33.361 I/chatty  ( 1243): uid=1000(system) WifiStateMachin expire 3 lines
06-04 17:14:33.532 E/LOGSERVER_UTILS(  743): [Erecovery]readEvent: eRecEventManager readEvent 0
06-04 17:14:33.760 I/chatty  ( 1243): uid=1000(system) UEventObserver expire 12 lines
06-04 17:14:34.118 E/WifiHAL (  623): enter wifi_get_link_stats
06-04 17:14:34.537 E/LOGSERVER_UTILS(  743): [Erecovery]readEvent: eRecEventManager readEvent 0
06-04 17:14:34.834 I/chatty  ( 1715): uid=1000(system) HwPosionManager expire 16 lines
06-04 17:14:35.249 I/PlayCommon(17464): [317] aada.d(168): Successfully uploaded logs.
06-04 17:14:35.286 I/Net.810NetworkSpeedMana( 1628): mIsStop = false
06-04 17:14:35.287 I/Net.811NetworkSpeedMana( 1628):  runInThread getTetherStats
06-04 17:14:35.293 I/Net.811NetworkSpeedMana( 1628):  runInUI refreshSpeed
06-04 17:14:35.295 I/Net.811NetworkSpeedMana( 1628): value=915.3333speed = 0.89K/smIsShowLastSpeedValuefalse
06-04 17:14:35.295 I/NetworkSpeedView( 1628): /update(), speed=0.89K/s
06-04 17:14:35.296 I/chatty  ( 1628): uid=10044(com.huawei.HwMultiScreenShot) com.android.systemui identical 10 lines
06-04 17:14:35.297 I/NetworkSpeedView( 1628): /update(), speed=0.89K/s
06-04 17:14:35.578 E/LOGSERVER_UTILS(  743): [Erecovery]readEvent: eRecEventManager readEvent 0
06-04 17:14:35.806 I/chatty  ( 1243): uid=1000(system) WifiService expire 28 lines
06-04 17:14:36.151 I/chatty  ( 1243): uid=1000(system) watchdog expire 4 lines
06-04 17:14:36.609 E/LOGSERVER_UTILS(  743): [Erecovery]readEvent: eRecEventManager readEvent 0
06-04 17:14:36.697 D/SmartDualCardSM( 1728): IdleState:got msg.what=EVENT_HARD_SWITCH_CONDITION_CHECK
06-04 17:14:37.144 E/WifiHAL (  623): enter wifi_get_link_stats
06-04 17:14:37.632 E/LOGSERVER_UTILS(  743): [Erecovery]readEvent: eRecEventManager readEvent 0
06-04 17:14:38.288 I/Net.811NetworkSpeedMana( 1628): mIsStop = false
06-04 17:14:38.289 I/Net.812NetworkSpeedMana( 1628):  runInThread getTetherStats
06-04 17:14:38.294 I/Net.812NetworkSpeedMana( 1628):  runInUI refreshSpeed
06-04 17:14:38.295 I/Net.812NetworkSpeedMana( 1628): value=0.0speed = 0.00K/smIsShowLastSpeedValuefalse
06-04 17:14:38.296 I/NetworkSpeedView( 1628): /update(), speed=0.00K/s
06-04 17:14:38.297 I/NetworkSpeedView( 1628): /update(), speed=0.00K/s
06-04 17:14:38.672 E/LOGSERVER_UTILS(  743): [Erecovery]readEvent: eRecEventManager readEvent 0
06-04 17:14:38.763 I/chatty  ( 1762): uid=1000(system) Timer-0 expire 14 lines
06-04 17:14:38.777 D/PhoneInterfaceManager( 1814): [PhoneIntfMgr] isUserDataEnabled: subId=1 phoneId=1
06-04 17:14:38.778 D/PhoneInterfaceManager( 1814): [PhoneIntfMgr] isUserDataEnabled: subId=1 retVal=true
06-04 17:14:38.784 W/PhoneInterfaceManager( 1814): shouldBlockLocation running ...
06-04 17:14:38.785 I/PhoneInterfaceManager( 1814): shouldBlockLocation  ret:false
06-04 17:14:39.713 E/LOGSERVER_UTILS(  743): [Erecovery]readEvent: eRecEventManager readEvent 0
06-04 17:14:40.174 E/WifiHAL (  623): enter wifi_get_link_stats
06-04 17:14:40.726 E/LOGSERVER_UTILS(  743): [Erecovery]readEvent: eRecEventManager readEvent 0
06-04 17:14:41.292 I/Net.812NetworkSpeedMana( 1628): mIsStop = false
06-04 17:14:41.293 I/Net.813NetworkSpeedMana( 1628):  runInThread getTetherStats
06-04 17:14:41.300 I/Net.813NetworkSpeedMana( 1628):  runInUI refreshSpeed
06-04 17:14:41.301 I/Net.813NetworkSpeedMana( 1628): value=0.0speed = 0.00K/smIsShowLastSpeedValuefalse
06-04 17:14:41.301 I/NetworkSpeedView( 1628): /update(), speed=0.00K/s
06-04 17:14:41.303 I/NetworkSpeedView( 1628): /update(), speed=0.00K/s
06-04 17:14:41.317 I/chatty  ( 1243): uid=1000(system) WifiStateMachin expire 64 lines
06-04 17:14:41.327 I/chatty  ( 1243): uid=1000(system) HuaweiWifiWatch expire 12 lines
06-04 17:14:41.327 I/chatty  ( 1243): uid=1000 system_server expire 2 lines
06-04 17:14:41.758 E/LOGSERVER_UTILS(  743): [Erecovery]readEvent: eRecEventManager readEvent 0
06-04 17:14:42.801 E/LOGSERVER_UTILS(  743): [Erecovery]readEvent: eRecEventManager readEvent 0
06-04 17:14:43.199 E/WifiHAL (  623): enter wifi_get_link_stats
06-04 17:14:43.838 E/LOGSERVER_UTILS(  743): [Erecovery]readEvent: eRecEventManager readEvent 0
06-04 17:14:44.298 I/Net.813NetworkSpeedMana( 1628): mIsStop = false
06-04 17:14:44.299 I/Net.814NetworkSpeedMana( 1628):  runInThread getTetherStats
06-04 17:14:44.307 I/Net.814NetworkSpeedMana( 1628):  runInUI refreshSpeed
06-04 17:14:44.308 I/Net.814NetworkSpeedMana( 1628): value=0.0speed = 0.00K/smIsShowLastSpeedValuefalse
06-04 17:14:44.309 I/NetworkSpeedView( 1628): /update(), speed=0.00K/s
06-04 17:14:44.310 I/NetworkSpeedView( 1628): /update(), speed=0.00K/s
06-04 17:14:44.589 D/ThermalTrace( 1802): saveRepeatData, app:com.seeyon.cmp, shell:31,abient:-100
06-04 17:14:44.850 E/LOGSERVER_UTILS(  743): [Erecovery]readEvent: eRecEventManager readEvent 0
06-04 17:14:45.858 E/LOGSERVER_UTILS(  743): [Erecovery]readEvent: eRecEventManager readEvent 0
06-04 17:14:46.228 E/WifiHAL (  623): enter wifi_get_link_stats
06-04 17:14:46.322 I/HwNaturalBase( 1782): [CommonHandler]: 46752Kb ram is used.
06-04 17:14:46.822 I/chatty  ( 1243): uid=1000(system) WifiService expire 27 lines
06-04 17:14:46.901 E/LOGSERVER_UTILS(  743): [Erecovery]readEvent: eRecEventManager readEvent 0
06-04 17:14:47.116 I/HwNaturalBase( 1782): [Timer-0]: MultiUserManagerService:  getNotActiveUser start
06-04 17:14:47.299 I/Net.814NetworkSpeedMana( 1628): mIsStop = false
06-04 17:14:47.301 I/Net.815NetworkSpeedMana( 1628):  runInThread getTetherStats
06-04 17:14:47.308 I/Net.815NetworkSpeedMana( 1628):  runInUI refreshSpeed
06-04 17:14:47.311 I/Net.815NetworkSpeedMana( 1628): value=18.333334speed = 18.3B/smIsShowLastSpeedValuefalse
06-04 17:14:47.311 I/NetworkSpeedView( 1628): /update(), speed=18.3B/s
06-04 17:14:47.312 I/NetworkSpeedView( 1628): /update(), speed=18.3B/s
06-04 17:14:47.652 I/RongLog (13587): [RongLog][ ConnectionService ] ConnectionStatusListener OnPongReceived.
06-04 17:14:47.922 E/LOGSERVER_UTILS(  743): [Erecovery]readEvent: eRecEventManager readEvent 0
06-04 17:14:48.963 E/LOGSERVER_UTILS(  743): [Erecovery]readEvent: eRecEventManager readEvent 0
06-04 17:14:49.254 E/WifiHAL (  623): enter wifi_get_link_stats
06-04 17:14:49.332 I/chatty  ( 1243): uid=1000 system_server expire 2 lines
06-04 17:14:49.972 E/LOGSERVER_UTILS(  743): [Erecovery]readEvent: eRecEventManager readEvent 0
06-04 17:14:50.302 I/Net.815NetworkSpeedMana( 1628): mIsStop = false
06-04 17:14:50.303 I/Net.816NetworkSpeedMana( 1628):  runInThread getTetherStats
06-04 17:14:50.308 I/Net.816NetworkSpeedMana( 1628):  runInUI refreshSpeed
06-04 17:14:50.310 I/Net.816NetworkSpeedMana( 1628): value=54.0speed = 54.0B/smIsShowLastSpeedValuefalse
06-04 17:14:50.310 I/NetworkSpeedView( 1628): /update(), speed=54.0B/s
06-04 17:14:50.311 I/NetworkSpeedView( 1628): /update(), speed=54.0B/s
06-04 17:14:51.015 E/LOGSERVER_UTILS(  743): [Erecovery]readEvent: eRecEventManager readEvent 0
06-04 17:14:52.050 E/LOGSERVER_UTILS(  743): [Erecovery]readEvent: eRecEventManager readEvent 0
06-04 17:14:52.283 E/WifiHAL (  623): enter wifi_get_link_stats
06-04 17:14:52.301 I/chatty  ( 1243): uid=1000(system) WifiStateMachin expire 11 lines
06-04 17:14:53.086 E/LOGSERVER_UTILS(  743): [Erecovery]readEvent: eRecEventManager readEvent 0
06-04 17:14:53.103 I/chatty  ( 1243): uid=1000(system) android.bg expire 1 line
06-04 17:14:53.306 I/Net.816NetworkSpeedMana( 1628): mIsStop = false
06-04 17:14:53.307 I/Net.817NetworkSpeedMana( 1628):  runInThread getTetherStats
06-04 17:14:53.310 I/Net.817NetworkSpeedMana( 1628):  runInUI refreshSpeed
06-04 17:14:53.311 I/Net.817NetworkSpeedMana( 1628): value=0.0speed = 0.00K/smIsShowLastSpeedValuefalse
06-04 17:14:53.311 I/NetworkSpeedView( 1628): /update(), speed=0.00K/s
06-04 17:14:53.313 I/NetworkSpeedView( 1628): /update(), speed=0.00K/s
06-04 17:14:53.689 D/[RC:(rcl_db_singleton.cc:464): CheckLogInfoTable: P-reason-C][IM](13587): {"ptid":"13587-357","action":"get_items_count_in_loginfo","reason":"1\n"}
06-04 17:14:54.126 E/LOGSERVER_UTILS(  743): [Erecovery]readEvent: eRecEventManager readEvent 0
06-04 17:14:54.140 E/JankService(18312): child Thread receive to stop
06-04 17:14:54.268 E/JankService(  743): all data read ok
06-04 17:14:55.150 E/LOGSERVER_UTILS(  743): [Erecovery]readEvent: eRecEventManager readEvent 0
06-04 17:14:55.312 E/WifiHAL (  623): enter wifi_get_link_stats
06-04 17:14:55.635 I/chatty  (17909): uid=1000(system) com.android.settings expire 2 lines
06-04 17:14:55.747 I/AppManager( 1802): dependence has been existed:17890 -> 2951
06-04 17:14:55.749 I/HiAdKit.OpenDeviceIdentifierServiceImpl( 2951):  get oaid from:com.seeyon.cmp
06-04 17:14:55.750 I/HiAdKit.OpenDeviceIdentifierServiceImpl( 2951):  isOaidTrackLimited
06-04 17:14:55.750 I/HiAdKit.PpsBITracker( 2951):  OpenDevice reportEventTrack
06-04 17:14:56.153 E/LOGSERVER_UTILS(  743): [Erecovery]readEvent: eRecEventManager readEvent 0
06-04 17:14:56.310 I/Net.817NetworkSpeedMana( 1628): mIsStop = false
06-04 17:14:56.310 I/Net.818NetworkSpeedMana( 1628):  runInThread getTetherStats
06-04 17:14:56.315 I/Net.818NetworkSpeedMana( 1628):  runInUI refreshSpeed
06-04 17:14:56.317 I/Net.818NetworkSpeedMana( 1628): value=0.0speed = 0.00K/smIsShowLastSpeedValuefalse
06-04 17:14:56.317 I/NetworkSpeedView( 1628): /update(), speed=0.00K/s
06-04 17:14:56.319 I/NetworkSpeedView( 1628): /update(), speed=0.00K/s
06-04 17:14:56.564 I/PreDnsController(  549): canPreDnsQuery,persist.sys.predns is false!
06-04 17:14:56.709 D/SmartDualCardSM( 1728): IdleState:got msg.what=EVENT_HARD_SWITCH_CONDITION_CHECK
06-04 17:14:56.728 E/SmartDualCardTraffic( 1728): getMealTrafficImpl fail,invalid imsi
06-04 17:14:56.728 D/SmartDualCardSM( 1728): boosterDump:prop=true SdcSwitchOn=false DataSwitchOn=true WifiConnect=true AirplaneOn=false ScreenOn=true VSimEnabled=false CallOn=false AppState=GENERAL_FOREGROUND HidataAppState=GENERAL_BACKGROUND defaultDataSub=1 default4GSlot=1 DataOn=false M_MmsUtPdp=false userType=2
06-04 17:14:56.737 D/SmartDualCardSM( 1728): isSlaveCardNetworkBad return true,mSignalStrength=2,mNetworkType=3,mDownlinkSpeedLimit=1048576,mDataRoaming=false
06-04 17:14:56.739 E/SmartDualCardTraffic( 1728): getMealTrafficImpl fail,invalid imsi
06-04 17:14:56.739 D/SmartDualCardSM( 1728): boosterDump:SlaveActive=false SameOperator=false M_NetworkBad=false S_NetworkBad=true M_DLSpeedLimit=1048576 S_DLSpeedLimit=1048576 M_DataRoam=false S_DataRoam=false VPNMode=false TetherOn=false AppQoeSlow=false HidataAppQoeSlow=false GameExpBad=false DsdsState=1 S_TrafficEnough=true
06-04 17:14:56.739 I/chatty  ( 1762): uid=1000(system) Binder:1762_5 expire 11 lines
06-04 17:14:56.739 I/chatty  ( 1762): uid=1000(system) NcChrGnssDftMan expire 18 lines
06-04 17:14:56.743 I/chatty  ( 1715): uid=1000(system) com.huawei.lbs expire 31 lines
06-04 17:14:56.746 I/chatty  ( 1243): uid=1000(system) Binder:1243_1A expire 14 lines
06-04 17:14:56.779 E/HSM_BG  ( 1998): NatTrafficNotifyService:imsi is null, so return
06-04 17:14:56.784 I/chatty  ( 1243): uid=1000(system) HwSelfCureEngin expire 10 lines
06-04 17:14:56.788 I/chatty  ( 1243): uid=1000(system) Binder:1243_A expire 2 lines
06-04 17:14:56.789 D/ARMoudle.HwActivityRecognition( 1782): getCurrentActivityExtend
06-04 17:14:56.789 I/ArHal   (  577): (ar_data_get_state:1235):id[2]
06-04 17:14:56.791 D/ARMoudle.HwActivityRecognition( 1782): hwActivityEvent:[ ActivityChangedExtendEvent:
06-04 17:14:56.791 D/ARMoudle.HwActivityRecognition( 1782):     Activity='android.activity_recognition.still', EventType=1, TimestampNs=2363911223956, Confidence=-1
06-04 17:14:56.791 D/ARMoudle.HwActivityRecognition( 1782): ]
06-04 17:14:56.947 I/chatty  (17890): uid=11185(com.seeyon.cmp) expire 2 lines
06-04 17:14:57.182 E/LOGSERVER_UTILS(  743): [Erecovery]readEvent: eRecEventManager readEvent 0
06-04 17:14:57.339 I/chatty  ( 1243): uid=1000(system) WifiService expire 33 lines
06-04 17:14:57.340 I/chatty  ( 1243): uid=1000 system_server expire 1 line
06-04 17:14:58.132 E/Thermal-daemon(  721): [ap] temp_new :37  temp_old :35
06-04 17:14:58.133 E/Thermal-daemon(  721): Report temperature: [ap] temp :37  report_threshold:1
06-04 17:14:58.133 D/HwThermalStateManager( 1802): Thermal type: 0 cur_temperature:37
06-04 17:14:58.222 E/LOGSERVER_UTILS(  743): [Erecovery]readEvent: eRecEventManager readEvent 0
06-04 17:14:58.266 I/chatty  ( 1243): uid=1000(system) HeapTaskDaemon expire 3 lines
06-04 17:14:58.336 E/WifiHAL (  623): enter wifi_get_link_stats
06-04 17:14:59.033 W/SocketListener(  549): sending broadcast to Pid = 1243, Uid = 1000 
06-04 17:14:59.034 I/chatty  ( 1243): uid=1000(system) NetdConnector expire 20 lines
06-04 17:14:59.035 I/chatty  ( 1243): uid=1000(system) android.fg expire 10 lines
06-04 17:14:59.036 I/chatty  ( 1243): uid=1000(system) NetworkStats expire 25 lines
06-04 17:14:59.068 E/HSM_BG  ( 1998): NatTrafficNotifyService:imsi is null, so return
06-04 17:14:59.262 E/LOGSERVER_UTILS(  743): [Erecovery]readEvent: eRecEventManager readEvent 0
06-04 17:14:59.313 I/Net.818NetworkSpeedMana( 1628): mIsStop = false
06-04 17:14:59.313 I/Net.819NetworkSpeedMana( 1628):  runInThread getTetherStats
06-04 17:14:59.316 I/Net.819NetworkSpeedMana( 1628):  runInUI refreshSpeed
06-04 17:14:59.316 I/Net.819NetworkSpeedMana( 1628): value=533.3333speed = 533B/smIsShowLastSpeedValuefalse
06-04 17:14:59.316 I/NetworkSpeedView( 1628): /update(), speed=533B/s
06-04 17:14:59.317 I/NetworkSpeedView( 1628): /update(), speed=533B/s
06-04 17:14:59.777 W/PhoneInterfaceManager( 1814): shouldBlockLocation running ...
06-04 17:14:59.783 I/PhoneInterfaceManager( 1814): shouldBlockLocation  ret:false
06-04 17:14:59.792 W/PhoneInterfaceManager( 1814): shouldBlockLocation running ...
06-04 17:14:59.798 I/PhoneInterfaceManager( 1814): shouldBlockLocation  ret:false
06-04 17:14:59.808 W/PhoneInterfaceManager( 1814): shouldBlockLocation running ...
06-04 17:14:59.814 I/PhoneInterfaceManager( 1814): shouldBlockLocation  ret:false
06-04 17:14:59.835 I/chatty  ( 1243): uid=1000(system) Binder:1243_11 expire 8 lines
06-04 17:14:59.835 I/chatty  ( 1762): uid=1000(system) Binder:1762_6 expire 10 lines
06-04 17:14:59.838 I/chatty  ( 1243): uid=1000(system) LocationManager expire 10 lines
06-04 17:14:59.839 D/DeviceMonitor( 1802): GPS request stop:com.seeyon.cmp pid:17890 interval(s): -1 reqId:f4800e2
06-04 17:14:59.845 D/PhoneInterfaceManager( 1814): [PhoneIntfMgr] isUserDataEnabled: subId=1 phoneId=1
06-04 17:14:59.845 D/PhoneInterfaceManager( 1814): [PhoneIntfMgr] isUserDataEnabled: subId=1 retVal=true
06-04 17:14:59.849 W/PhoneInterfaceManager( 1814): shouldBlockLocation running ...
06-04 17:14:59.849 I/PhoneInterfaceManager( 1814): shouldBlockLocation  ret:false
06-04 17:14:59.861 D/PhoneInterfaceManager( 1814): [PhoneIntfMgr] isUserDataEnabled: subId=1 phoneId=1
06-04 17:14:59.861 D/PhoneInterfaceManager( 1814): [PhoneIntfMgr] isUserDataEnabled: subId=1 retVal=true
06-04 17:14:59.864 W/PhoneInterfaceManager( 1814): shouldBlockLocation running ...
06-04 17:14:59.864 I/PhoneInterfaceManager( 1814): shouldBlockLocation  ret:false
06-04 17:14:59.875 E/HSM_BG  ( 1998): NatTrafficNotifyService:imsi is null, so return
06-04 17:15:00.002 I/chatty  ( 1243): uid=1000 system_server expire 10 lines
06-04 17:15:00.008 E/DateView( 1628): DateView,mCurrentTime: 1591262100008
06-04 17:15:00.023 I/EventCenter( 1628): EventCenter Get :android.intent.action.TIME_TICK
06-04 17:15:00.023 W/ClockView1( 1628):  action android.intent.action.TIME_TICK
06-04 17:15:00.023 W/ClockView1( 1628):  action android.intent.action.TIME_TICK
06-04 17:15:00.025 E/ndroid.systemu( 1628): No package ID ff found for ID 0xffffffff.
06-04 17:15:00.026 I/LocalCalendar( 1628): CalendarId: 0001LocalCalender On
06-04 17:15:00.028 E/ndroid.systemu( 1628): No package ID ff found for ID 0xffffffff.
06-04 17:15:00.028 I/LocalCalendar( 1628): CalendarId: 0001LocalCalender On
06-04 17:15:00.030 E/ndroid.systemu( 1628): No package ID ff found for ID 0xffffffff.
06-04 17:15:00.031 I/LocalCalendar( 1628): CalendarId: 0001LocalCalender On
06-04 17:15:00.033 I/KeyguardStatusView( 1628): Runnable for refresh
06-04 17:15:00.036 I/HwLauncher( 1840): Model  onReceive intent=Intent { act=android.intent.action.TIME_TICK flg=0x50200014 hwFlg=0x900 (has extras) }
06-04 17:15:00.036 I/HwLauncher( 1840): Model  onReceive user=UserHandle{0}
06-04 17:15:00.048 I/chatty  ( 1243): uid=1000(system) Binder:1243_1C expire 1 line
06-04 17:15:00.123 D/DateTimeView( 1628): Change to single clock mode!
06-04 17:15:00.124 I/ColorPickUitls( 1628): type = 2
06-04 17:15:00.125 D/HwKeyguardBottomArea( 1628): RemoveDateTimeTopArea type:2
06-04 17:15:00.125 D/HwKeyguardBottomArea( 1628): loadDateTimeArea type
06-04 17:15:00.125 D/HwKeyguardBottomArea( 1628): removeLiftSensorView, threadname = main
06-04 17:15:00.125 D/DateTimeView( 1628): Change to single clock mode!
06-04 17:15:00.125 I/ColorPickUitls( 1628): type = 2
06-04 17:15:00.125 D/HwKeyguardBottomArea( 1628): RemoveDateTimeTopArea type:2
06-04 17:15:00.125 D/HwKeyguardBottomArea( 1628): loadDateTimeArea type
06-04 17:15:00.126 D/HwKeyguardBottomArea( 1628): removeLiftSensorView, threadname = main
06-04 17:15:00.126 D/DateTimeView( 1628): Change to single clock mode!
06-04 17:15:00.126 I/ColorPickUitls( 1628): type = 2
06-04 17:15:00.126 D/HwKeyguardBottomArea( 1628): RemoveDateTimeTopArea type:2
06-04 17:15:00.126 D/HwKeyguardBottomArea( 1628): loadDateTimeArea type
06-04 17:15:00.126 D/HwKeyguardBottomArea( 1628): removeLiftSensorView, threadname = main
06-04 17:15:00.302 E/LOGSERVER_UTILS(  743): [Erecovery]readEvent: eRecEventManager readEvent 0
06-04 17:15:01.342 E/LOGSERVER_UTILS(  743): [Erecovery]readEvent: eRecEventManager readEvent 0
06-04 17:15:01.345 E/WifiHAL (  623): enter wifi_get_link_stats
06-04 17:15:01.479 W/SocketListener(  549): sending broadcast to Pid = 1243, Uid = 1000 
06-04 17:15:01.514 E/HSM_BG  ( 1998): NatTrafficNotifyService:imsi is null, so return
06-04 17:15:01.800 W/PhoneInterfaceManager( 1814): shouldBlockLocation running ...
06-04 17:15:01.800 I/PhoneInterfaceManager( 1814): shouldBlockLocation  ret:false
06-04 17:15:02.313 I/Net.819NetworkSpeedMana( 1628): mIsStop = false
06-04 17:15:02.313 I/Net.820NetworkSpeedMana( 1628):  runInThread getTetherStats
06-04 17:15:02.316 I/Net.820NetworkSpeedMana( 1628):  runInUI refreshSpeed
06-04 17:15:02.317 I/Net.820NetworkSpeedMana( 1628): value=152.0speed = 152B/smIsShowLastSpeedValuefalse
06-04 17:15:02.317 I/NetworkSpeedView( 1628): /update(), speed=152B/s
06-04 17:15:02.317 I/chatty  ( 1628): uid=10044(com.huawei.HwMultiScreenShot) com.android.systemui identical 10 lines
06-04 17:15:02.318 I/NetworkSpeedView( 1628): /update(), speed=152B/s
06-04 17:15:02.382 E/LOGSERVER_UTILS(  743): [Erecovery]readEvent: eRecEventManager readEvent 0
06-04 17:15:03.135 E/Thermal-daemon(  721): [ap] temp_new :40  temp_old :37
06-04 17:15:03.136 E/Thermal-daemon(  721): Report temperature: [ap] temp :40  report_threshold:1
06-04 17:15:03.137 D/HwThermalStateManager( 1802): Thermal type: 0 cur_temperature:40
06-04 17:15:03.422 E/LOGSERVER_UTILS(  743): [Erecovery]readEvent: eRecEventManager readEvent 0
06-04 17:15:03.786 W/SocketListener(  549): sending broadcast to Pid = 1243, Uid = 1000 
06-04 17:15:03.823 E/HSM_BG  ( 1998): NatTrafficNotifyService:imsi is null, so return
06-04 17:15:04.124 I/RongLog (13587): [RongLog][ ConnectionService ] ConnectionStatusListener OnPongReceived.
06-04 17:15:04.362 E/WifiHAL (  623): enter wifi_get_link_stats
06-04 17:15:04.451 E/LOGSERVER_UTILS(  743): [Erecovery]readEvent: eRecEventManager readEvent 0
06-04 17:15:04.638 I/chatty  ( 1243): uid=1000(system) HwNcChrServiceI expire 11 lines
06-04 17:15:04.790 I/chatty  ( 1715): uid=1000(system) HwPosionManager expire 16 lines
06-04 17:15:05.316 I/Net.820NetworkSpeedMana( 1628): mIsStop = false
06-04 17:15:05.316 I/Net.821NetworkSpeedMana( 1628):  runInThread getTetherStats
06-04 17:15:05.320 I/Net.821NetworkSpeedMana( 1628):  runInUI refreshSpeed
06-04 17:15:05.321 I/Net.821NetworkSpeedMana( 1628): value=169.33333speed = 169B/smIsShowLastSpeedValuefalse
06-04 17:15:05.321 I/NetworkSpeedView( 1628): /update(), speed=169B/s
06-04 17:15:05.322 I/NetworkSpeedView( 1628): /update(), speed=169B/s
06-04 17:15:05.335 I/chatty  ( 1243): uid=1000(system) Binder:1243_3 expire 1 line
06-04 17:15:05.338 I/chatty  ( 1243): uid=1000(system) WifiStateMachin expire 10 lines
06-04 17:15:05.344 I/chatty  ( 1243): uid=1000(system) HuaweiWifiWatch expire 10 lines
06-04 17:15:05.345 I/chatty  ( 1243): uid=1000 system_server expire 2 lines
