06-04 11:20:40.511 I/chatty  ( 1252): uid=1000(system) Thread-34 expire 1 line
06-04 11:20:40.647 W/ContextImpl( 1775): Calling a method in the system process without a qualified user: android.app.ContextImpl.sendBroadcast:1176 com.huawei.android.chr.statistics.TelStatusService.updateSimStatInfoDB:787 com.huawei.android.chr.statistics.TelStatusService.onSimStateChanged:827 com.huawei.android.chr.statistics.TelStatusService.access$100:45 com.huawei.android.chr.statistics.TelStatusService$1.onReceive:99 
06-04 11:20:40.650 W/ContextImpl( 1775): Calling a method in the system process without a qualified user: android.app.ContextImpl.startService:1764 android.content.ContextWrapper.startService:664 com.huawei.lcagent.client.LogCollectManager.bindToServiceInternal:332 com.huawei.lcagent.client.LogCollectManager.<init>:37 com.huawei.android.chr.ProtocolLogManager.init:127 
06-04 11:20:40.652 W/ContextImpl( 1775): Calling a method in the system process without a qualified user: android.app.ContextImpl.bindService:1844 android.content.ContextWrapper.bindService:698 com.huawei.lcagent.client.LogCollectManager.bindToServiceInternal:336 com.huawei.lcagent.client.LogCollectManager.<init>:37 com.huawei.android.chr.ProtocolLogManager.init:127 
06-04 11:20:40.668 W/ContextImpl( 1815): Calling a method in the system process without a qualified user: android.app.ContextImpl.bindService:1844 android.content.ContextWrapper.bindService:698 com.huawei.msdp.movement.HwMSDPMovementManager.bindService:108 com.huawei.msdp.movement.HwMSDPMovementManager.access$000:15 com.huawei.msdp.movement.HwMSDPMovementManager$1.handleMessage:50 
06-04 11:20:40.686 I/chatty  ( 1815): uid=1000(system) core identical 2 lines
06-04 11:20:40.688 W/ContextImpl( 1815): Calling a method in the system process without a qualified user: android.app.ContextImpl.bindService:1844 android.content.ContextWrapper.bindService:698 com.huawei.msdp.movement.HwMSDPMovementManager.bindService:108 com.huawei.msdp.movement.HwMSDPMovementManager.access$000:15 com.huawei.msdp.movement.HwMSDPMovementManager$1.handleMessage:50 
06-04 11:20:40.689 W/ContextImpl( 1815): Calling a method in the system process without a qualified user: android.app.ContextImpl.bindService:1844 android.content.ContextWrapper.bindService:698 com.huawei.msdp.movement.HwMSDPMovementManager.bindService:108 com.huawei.msdp.movement.HwMSDPMovementManager.connectService:129 com.huawei.hiai.awareness.service.ConnectServiceManager.startConnectService:189 
06-04 11:20:40.690 W/ContextImpl( 1815): Calling a method in the system process without a qualified user: android.app.ContextImpl.bindService:1844 android.content.ContextWrapper.bindService:698 com.huawei.msdp.movement.HwMSDPMovementManager.bindService:108 com.huawei.msdp.movement.HwMSDPMovementManager.access$000:15 com.huawei.msdp.movement.HwMSDPMovementManager$1.handleMessage:50 
06-04 11:20:40.698 W/ContextImpl( 1815): Calling a method in the system process without a qualified user: android.app.ContextImpl.bindService:1844 android.content.ContextWrapper.bindService:698 com.huawei.msdp.movement.HwMSDPMovementManager.bindService:108 com.huawei.msdp.movement.HwMSDPMovementManager.access$000:15 com.huawei.msdp.movement.HwMSDPMovementManager$1.handleMessage:50 
06-04 11:20:40.787 W/ContextImpl( 1775): Calling a method in the system process without a qualified user: android.app.ContextImpl.startService:1764 android.content.ContextWrapper.startService:664 com.huawei.lcagent.client.LogCollectManager.bindToServiceInternal:332 com.huawei.lcagent.client.LogCollectManager.<init>:43 com.huawei.android.chr.hifi.ChrHifi.<init>:80 
06-04 11:20:40.789 W/ContextImpl( 1775): Calling a method in the system process without a qualified user: android.app.ContextImpl.bindService:1844 android.content.ContextWrapper.bindService:698 com.huawei.lcagent.client.LogCollectManager.bindToServiceInternal:336 com.huawei.lcagent.client.LogCollectManager.<init>:43 com.huawei.android.chr.hifi.ChrHifi.<init>:80 
06-04 11:20:41.042 W/ContextImpl( 1775): Calling a method in the system process without a qualified user: android.app.ContextImpl.startService:1764 android.content.ContextWrapper.startService:664 com.huawei.lcagent.client.LogCollectManager.bindToServiceInternal:332 com.huawei.lcagent.client.LogCollectManager.doEncrypt:630 com.huawei.android.chr.ProtocolLogManager.doEncryptByLogCollectManager:615 
06-04 11:20:41.056 W/ContextImpl( 1775): Calling a method in the system process without a qualified user: android.app.ContextImpl.bindService:1844 android.content.ContextWrapper.bindService:698 com.huawei.lcagent.client.LogCollectManager.bindToServiceInternal:336 com.huawei.lcagent.client.LogCollectManager.doEncrypt:630 com.huawei.android.chr.ProtocolLogManager.doEncryptByLogCollectManager:615 
06-04 11:20:41.068 W/ContextImpl( 1775): Calling a method in the system process without a qualified user: android.app.ContextImpl.startService:1764 android.content.ContextWrapper.startService:664 com.huawei.lcagent.client.LogCollectManager.bindToServiceInternal:332 com.huawei.lcagent.client.LogCollectManager.doEncrypt:630 com.huawei.android.chr.ProtocolLogManager.doEncryptByLogCollectManager:615 
06-04 11:20:41.071 W/ContextImpl( 1775): Calling a method in the system process without a qualified user: android.app.ContextImpl.bindService:1844 android.content.ContextWrapper.bindService:698 com.huawei.lcagent.client.LogCollectManager.bindToServiceInternal:336 com.huawei.lcagent.client.LogCollectManager.doEncrypt:630 com.huawei.android.chr.ProtocolLogManager.doEncryptByLogCollectManager:615 
06-04 11:20:41.123 W/ContextImpl( 1775): Calling a method in the system process without a qualified user: android.app.ContextImpl.sendBroadcast:1176 com.huawei.android.chr.ProtocolLogManager.setChrInfo2DbEx:1151 com.huawei.android.chr.ProtocolLogManager.setChrInfo2Db:1046 com.huawei.android.chr.sim.ChrSimState.writeSimChrInfo2Db:999 com.huawei.android.chr.sim.ChrSimState.writeSimChrInfo:593 
06-04 11:20:41.141 I/chatty  ( 1252): uid=1000(system) ActivityManager expire 2 lines
06-04 11:20:41.202 W/ContextImpl( 1775): Calling a method in the system process without a qualified user: android.app.ContextImpl.startService:1764 android.content.ContextWrapper.startService:664 com.huawei.lcagent.client.LogCollectManager.bindToServiceInternal:332 com.huawei.lcagent.client.LogCollectManager.doEncrypt:630 com.huawei.android.chr.ProtocolLogManager.doEncryptByLogCollectManager:615 
06-04 11:20:41.219 W/ContextImpl( 1775): Calling a method in the system process without a qualified user: android.app.ContextImpl.bindService:1844 android.content.ContextWrapper.bindService:698 com.huawei.lcagent.client.LogCollectManager.bindToServiceInternal:336 com.huawei.lcagent.client.LogCollectManager.doEncrypt:630 com.huawei.android.chr.ProtocolLogManager.doEncryptByLogCollectManager:615 
06-04 11:20:41.226 W/ContextImpl( 1775): Calling a method in the system process without a qualified user: android.app.ContextImpl.startService:1764 android.content.ContextWrapper.startService:664 com.huawei.lcagent.client.LogCollectManager.bindToServiceInternal:332 com.huawei.lcagent.client.LogCollectManager.doEncrypt:630 com.huawei.android.chr.ProtocolLogManager.doEncryptByLogCollectManager:615 
06-04 11:20:41.231 W/ContextImpl( 1775): Calling a method in the system process without a qualified user: android.app.ContextImpl.bindService:1844 android.content.ContextWrapper.bindService:698 com.huawei.lcagent.client.LogCollectManager.bindToServiceInternal:336 com.huawei.lcagent.client.LogCollectManager.doEncrypt:630 com.huawei.android.chr.ProtocolLogManager.doEncryptByLogCollectManager:615 
06-04 11:20:41.247 D/Telephony-TelecomAccountRegistry( 1837): onServiceStateChanged0 newState : 3, mServiceState : 1
06-04 11:20:41.263 W/ContextImpl( 1775): Calling a method in the system process without a qualified user: android.app.ContextImpl.sendBroadcast:1176 com.huawei.android.chr.ProtocolLogManager.setChrInfo2DbEx:1151 com.huawei.android.chr.ProtocolLogManager.setChrInfo2Db:1046 com.huawei.android.chr.sim.ChrSimState.writeSimChrInfo2Db:999 com.huawei.android.chr.sim.ChrSimState.writeSimChrInfo:593 
06-04 11:20:41.283 E/ActivityThread( 3744): Failed to find provider info for null
06-04 11:20:41.324 W/ContextImpl( 1775): Calling a method in the system process without a qualified user: android.app.ContextImpl.startService:1764 android.content.ContextWrapper.startService:664 com.huawei.lcagent.client.LogCollectManager.bindToServiceInternal:332 com.huawei.lcagent.client.LogCollectManager.doEncrypt:630 com.huawei.android.chr.ProtocolLogManager.doEncryptByLogCollectManager:615 
06-04 11:20:41.332 W/ContextImpl( 1775): Calling a method in the system process without a qualified user: android.app.ContextImpl.bindService:1844 android.content.ContextWrapper.bindService:698 com.huawei.lcagent.client.LogCollectManager.bindToServiceInternal:336 com.huawei.lcagent.client.LogCollectManager.doEncrypt:630 com.huawei.android.chr.ProtocolLogManager.doEncryptByLogCollectManager:615 
06-04 11:20:41.345 W/ContextImpl( 1775): Calling a method in the system process without a qualified user: android.app.ContextImpl.startService:1764 android.content.ContextWrapper.startService:664 com.huawei.lcagent.client.LogCollectManager.bindToServiceInternal:332 com.huawei.lcagent.client.LogCollectManager.doEncrypt:630 com.huawei.android.chr.ProtocolLogManager.doEncryptByLogCollectManager:615 
06-04 11:20:41.346 I/chatty  ( 1252): uid=1000(system) Binder:1252_E expire 2 lines
06-04 11:20:41.348 W/ContextImpl( 1775): Calling a method in the system process without a qualified user: android.app.ContextImpl.bindService:1844 android.content.ContextWrapper.bindService:698 com.huawei.lcagent.client.LogCollectManager.bindToServiceInternal:336 com.huawei.lcagent.client.LogCollectManager.doEncrypt:630 com.huawei.android.chr.ProtocolLogManager.doEncryptByLogCollectManager:615 
06-04 11:20:41.363 W/ContextImpl( 1775): Calling a method in the system process without a qualified user: android.app.ContextImpl.sendBroadcast:1176 com.huawei.android.chr.ProtocolLogManager.setChrInfo2DbEx:1151 com.huawei.android.chr.ProtocolLogManager.setChrInfo2Db:1046 com.huawei.android.chr.sim.ChrSimState.writeSimChrInfo2Db:999 com.huawei.android.chr.sim.ChrSimState.writeSimChrInfo:593 
06-04 11:20:41.445 W/ContextImpl( 1775): Calling a method in the system process without a qualified user: android.app.ContextImpl.startService:1764 android.content.ContextWrapper.startService:664 android.content.ContextWrapper.startService:664 com.huawei.lcagent.service.receiver.HiViewSysReceiver.onReceive:58 android.app.ActivityThread.handleReceiver:3996 
06-04 11:20:41.492 I/chatty  ( 1252): uid=1000(system) Binder:1252_10 expire 10 lines
06-04 11:20:41.525 D/ActivityThread( 3968): Attach thread to application
06-04 11:20:41.710 W/ContextImpl( 3968): Calling a method in the system process without a qualified user: android.app.ContextImpl.stopService:1776 android.content.ContextWrapper.stopService:674 com.huawei.idaptunnel.MainThreadProcess$MainHandler.handleMessage:117 android.os.Handler.dispatchMessage:112 android.os.Looper.loop:216 
06-04 11:20:41.712 D/ActivityThread( 4000): Attach thread to application
06-04 11:20:41.860 W/ContextImpl( 1775): Calling a method in the system process without a qualified user: android.app.ContextImpl.bindService:1844 android.content.ContextWrapper.bindService:698 com.huawei.msdp.movement.HwMSDPMovementManager.bindService:108 com.huawei.msdp.movement.HwMSDPMovementManager.access$000:15 com.huawei.msdp.movement.HwMSDPMovementManager$1.handleMessage:50 
06-04 11:20:42.229 W/SocketListener(  556): sending broadcast to Pid = 1252, Uid = 1000 
06-04 11:20:42.325 W/wificond(  728): Scan is not started. Ignore abort request
06-04 11:20:42.373 W/ContextImpl( 1775): Calling a method in the system process without a qualified user: android.app.ContextImpl.sendBroadcast:1176 com.huawei.android.chr.ProtocolLogManager.setChrInfo2DbEx:1151 com.huawei.android.chr.ProtocolLogManager.setChrInfo2Db:1046 com.huawei.android.chr.sim.ChrSimState.writeSimChrInfo2Db:999 com.huawei.android.chr.sim.ChrSimState.writeSimChrInfo:593 
06-04 11:20:42.448 W/ContextImpl( 1775): Calling a method in the system process without a qualified user: android.app.ContextImpl.sendBroadcast:1176 com.huawei.android.chr.ProtocolLogManager.setChrInfo2DbEx:1151 com.huawei.android.chr.ProtocolLogManager.setChrInfo2Db:1046 com.huawei.android.chr.sim.ChrSimState.writeSimChrInfo2Db:999 com.huawei.android.chr.sim.ChrSimState.writeSimChrInfo:593 
06-04 11:20:42.503 W/SocketListener(  556): sending broadcast to Pid = 1252, Uid = 1000 
06-04 11:20:42.503 I/chatty  (  556): uid=0(root) /system/bin/netd identical 1 line
06-04 11:20:42.503 W/SocketListener(  556): sending broadcast to Pid = 1252, Uid = 1000 
06-04 11:20:42.526 W/ContextImpl( 1775): Calling a method in the system process without a qualified user: android.app.ContextImpl.sendBroadcast:1176 com.huawei.android.chr.ProtocolLogManager.setChrInfo2DbEx:1151 com.huawei.android.chr.ProtocolLogManager.setChrInfo2Db:1046 com.huawei.android.chr.sim.ChrSimState.writeSimChrInfo2Db:999 com.huawei.android.chr.sim.ChrSimState.writeSimChrInfo:593 
06-04 11:20:42.535 W/SocketListener(  556): sending broadcast to Pid = 1252, Uid = 1000 
06-04 11:20:42.591 I/chatty  ( 1252): uid=1000(system) WifiStateMachin expire 3 lines
06-04 11:20:42.592 I/chatty  ( 1252): uid=1000(system) ConnectivitySer expire 115 lines
06-04 11:20:42.593 I/chatty  ( 1252): uid=1000(system) WifiP2pService expire 9 lines
06-04 11:20:42.610 W/ContextImpl( 1775): Calling a method in the system process without a qualified user: android.app.ContextImpl.sendBroadcast:1176 com.huawei.android.chr.ProtocolLogManager.setChrInfo2DbEx:1151 com.huawei.android.chr.ProtocolLogManager.setChrInfo2Db:1046 com.huawei.android.chr.sim.ChrSimState.writeSimChrInfo2Db:999 com.huawei.android.chr.sim.ChrSimState.writeSimChrInfo:593 
06-04 11:20:42.620 I/chatty  ( 1252): uid=1000(system) IpClient.wlan0 expire 10 lines
06-04 11:20:42.670 W/ContextImpl( 1815): Calling a method in the system process without a qualified user: android.app.ContextImpl.bindService:1844 android.content.ContextWrapper.bindService:698 com.huawei.msdp.movement.HwMSDPMovementManager.bindService:108 com.huawei.msdp.movement.HwMSDPMovementManager.access$000:15 com.huawei.msdp.movement.HwMSDPMovementManager$1.handleMessage:50 
06-04 11:20:42.674 W/SocketListener(  556): sending broadcast to Pid = 1252, Uid = 1000 
06-04 11:20:42.675 W/SocketListener(  556): sending broadcast to Pid = 1252, Uid = 1000 
06-04 11:20:42.689 W/ContextImpl( 1815): Calling a method in the system process without a qualified user: android.app.ContextImpl.bindService:1844 android.content.ContextWrapper.bindService:698 com.huawei.msdp.movement.HwMSDPMovementManager.bindService:108 com.huawei.msdp.movement.HwMSDPMovementManager.access$000:15 com.huawei.msdp.movement.HwMSDPMovementManager$1.handleMessage:50 
06-04 11:20:42.692 W/ContextImpl( 1815): Calling a method in the system process without a qualified user: android.app.ContextImpl.bindService:1844 android.content.ContextWrapper.bindService:698 com.huawei.msdp.movement.HwMSDPMovementManager.bindService:108 com.huawei.msdp.movement.HwMSDPMovementManager.access$000:15 com.huawei.msdp.movement.HwMSDPMovementManager$1.handleMessage:50 
06-04 11:20:42.693 W/ContextImpl( 1815): Calling a method in the system process without a qualified user: android.app.ContextImpl.bindService:1844 android.content.ContextWrapper.bindService:698 com.huawei.msdp.movement.HwMSDPMovementManager.bindService:108 com.huawei.msdp.movement.HwMSDPMovementManager.connectService:129 com.huawei.hiai.awareness.service.ConnectServiceManager.startConnectService:189 
06-04 11:20:42.697 W/ContextImpl( 1815): Calling a method in the system process without a qualified user: android.app.ContextImpl.bindService:1844 android.content.ContextWrapper.bindService:698 com.huawei.msdp.movement.HwMSDPMovementManager.bindService:108 com.huawei.msdp.movement.HwMSDPMovementManager.access$000:15 com.huawei.msdp.movement.HwMSDPMovementManager$1.handleMessage:50 
06-04 11:20:42.704 W/ContextImpl( 1815): Calling a method in the system process without a qualified user: android.app.ContextImpl.bindService:1844 android.content.ContextWrapper.bindService:698 com.huawei.msdp.movement.HwMSDPMovementManager.bindService:108 com.huawei.msdp.movement.HwMSDPMovementManager.access$000:15 com.huawei.msdp.movement.HwMSDPMovementManager$1.handleMessage:50 
06-04 11:20:42.972 W/SocketListener(  556): sending broadcast to Pid = 1252, Uid = 1000 
06-04 11:20:43.125 E/ActivityThread( 4000): Failed to find provider info for com.tencent.mm.coolassist.debugprovider
06-04 11:20:43.330 W/ContextImpl( 1789): Calling a method in the system process without a qualified user: android.app.ContextImpl.startService:1764 android.content.ContextWrapper.startService:664 com.huawei.nb.plugin.ServiceStarter$a.l:34 com.huawei.nb.job.a.run:167 com.huawei.nb.g.a.a.run:49 
06-04 11:20:43.370 I/chatty  ( 1735): uid=1000(system) OllieMain expire 1 line
06-04 11:20:43.450 I/chatty  ( 1735): uid=1000(system) HwCommBoosterTh expire 9 lines
06-04 11:20:43.466 I/chatty  ( 1252): uid=1000(system) NetworkStats expire 12 lines
06-04 11:20:43.488 I/chatty  ( 1735): uid=1000(system) com.huawei.systemserver expire 2 lines
06-04 11:20:43.503 I/chatty  ( 1735): uid=1000(system) HwCommBoosterTh expire 4 lines
06-04 11:20:43.517 E/ActivityThread( 4000): Failed to find provider info for com.google.android.gsf.gservices
06-04 11:20:43.525 W/ContextImpl( 2014): Calling a method in the system process without a qualified user: android.app.ContextImpl.startService:1764 android.content.ContextWrapper.startService:664 com.huawei.netassistant.wifisecure.HsmWifiDetectManager.handleWifiStateChangeEvent:147 com.huawei.netassistant.wifisecure.WifiStateReceiver.doInBackground:26 java.lang.reflect.Method.invoke:-2 
06-04 11:20:43.526 I/chatty  ( 1252): uid=1000(system) Binder:1252_E expire 6 lines
06-04 11:20:43.543 E/ActivityThread( 4000): Failed to find provider info for com.google.android.gsf.gservices
06-04 11:20:43.543 E/ActivityThread( 4000): Failed to find provider info for com.google.android.gms.phenotype
06-04 11:20:43.545 E/ActivityThread( 4000): Failed to find provider info for com.google.android.gsf.gservices
06-04 11:20:43.589 E/ActivityThread( 4000): Failed to find provider info for com.google.android.gsf.gservices
06-04 11:20:43.611 I/chatty  ( 1252): uid=1000(system) ActivityManager expire 32 lines
06-04 11:20:43.612 I/chatty  ( 1252): uid=1000(system) MultiTaskManage expire 6 lines
06-04 11:20:43.647 D/ActivityThread( 4081): Attach thread to application
06-04 11:20:43.693 W/SocketListener(  556): sending broadcast to Pid = 1252, Uid = 1000 
06-04 11:20:43.706 E/ActivityThread( 4000): Failed to find provider info for com.google.android.gsf.gservices
06-04 11:20:43.726 I/chatty  ( 1252): uid=1000(system) ConnectivityThr expire 4 lines
06-04 11:20:43.728 W/ContextImpl( 2014): Calling a method in the system process without a qualified user: android.app.ContextImpl.startService:1764 android.content.ContextWrapper.startService:664 com.huawei.systemmanager.rainbow.client.background.service.CloudBroadcastHandlerService.startRainbowCommonService:121 com.huawei.systemmanager.rainbow.client.background.service.CloudBroadcastHandlerService.access$000:23 com.huawei.systemmanager.rainbow.client.background.service.CloudBroadcastHandlerService$1.onReceive:90 
06-04 11:20:43.733 I/chatty  ( 1252): uid=1000(system) NetworkMonitorN expire 2 lines
06-04 11:20:43.737 I/chatty  ( 1252): uid=1000(system) NetworkPolicy expire 4 lines
06-04 11:20:43.765 I/chatty  ( 1252): uid=1000(system) Binder:1252_12 expire 18 lines
06-04 11:20:43.796 E/ActivityThread( 4000): Failed to find provider info for com.google.android.gsf.gservices
06-04 11:20:43.803 I/chatty  ( 1252): uid=1000(system) ConnectivitySer expire 52 lines
06-04 11:20:43.823 I/chatty  ( 1252): uid=1000(system) Binder:1252_D expire 4 lines
06-04 11:20:43.831 I/chatty  ( 1252): uid=1000 system_server expire 11 lines
06-04 11:20:43.853 I/chatty  ( 1252): uid=1000(system) LocationThread expire 1 line
06-04 11:20:43.868 W/ContextImpl( 4081): Calling a method in the system process without a qualified user: android.app.ContextImpl.bindService:1844 android.content.ContextWrapper.bindService:698 com.huawei.library.stat.client.HsmStatProxy.bindService:276 com.huawei.library.stat.client.HsmStatProxy.access$000:34 com.huawei.library.stat.client.HsmStatProxy$1.handleMessage:67 
06-04 11:20:43.868 W/ContextImpl( 1775): Calling a method in the system process without a qualified user: android.app.ContextImpl.bindService:1844 android.content.ContextWrapper.bindService:698 com.huawei.msdp.movement.HwMSDPMovementManager.bindService:108 com.huawei.msdp.movement.HwMSDPMovementManager.access$000:15 com.huawei.msdp.movement.HwMSDPMovementManager$1.handleMessage:50 
06-04 11:20:43.876 I/chatty  ( 1252): uid=1000(system) Binder:1252_9 expire 7 lines
06-04 11:20:43.953 I/chatty  ( 1252): uid=1000(system) Binder:1252_1 expire 10 lines
06-04 11:20:43.959 D/ActivityThread( 4150): Attach thread to application
06-04 11:20:43.963 D/libgps  (  734): proxy_gps_xtra_download_request_cb: called.
06-04 11:20:43.999 I/chatty  ( 1252): uid=1000(system) WifiScanningSer expire 1 line
06-04 11:20:44.006 I/chatty  ( 1252): uid=1000(system) HwIntelligenceS expire 6 lines
06-04 11:20:44.153 D/ActivityThread( 4188): Attach thread to application
06-04 11:20:44.172 I/chatty  ( 1252): uid=1000(system) tworkPolicy.uid expire 14 lines
06-04 11:20:44.178 I/chatty  ( 1252): uid=1000(system) NetdConnector expire 32 lines
06-04 11:20:44.333 I/chatty  ( 1252): uid=1000(system) Binder:1252_5 expire 19 lines
06-04 11:20:44.341 I/chatty  ( 1735): uid=1000(system) Binder:1735_5 expire 3 lines
06-04 11:20:44.497 D/ActivityThread( 4231): Attach thread to application
06-04 11:20:44.613 D/HwCustConnectivityManagerImpl( 4150): isBlockNetworkRequestByNonAis, INVALID_SUBSCRIPTION_ID
06-04 11:20:44.673 W/ContextImpl( 1815): Calling a method in the system process without a qualified user: android.app.ContextImpl.bindService:1844 android.content.ContextWrapper.bindService:698 com.huawei.msdp.movement.HwMSDPMovementManager.bindService:108 com.huawei.msdp.movement.HwMSDPMovementManager.access$000:15 com.huawei.msdp.movement.HwMSDPMovementManager$1.handleMessage:50 
06-04 11:20:44.701 I/chatty  ( 1815): uid=1000(system) core identical 3 lines
06-04 11:20:44.710 W/ContextImpl( 1815): Calling a method in the system process without a qualified user: android.app.ContextImpl.bindService:1844 android.content.ContextWrapper.bindService:698 com.huawei.msdp.movement.HwMSDPMovementManager.bindService:108 com.huawei.msdp.movement.HwMSDPMovementManager.access$000:15 com.huawei.msdp.movement.HwMSDPMovementManager$1.handleMessage:50 
06-04 11:20:44.712 I/chatty  ( 1252): uid=1000(system) Binder:1252_4 expire 11 lines
06-04 11:20:44.712 W/ContextImpl( 1815): Calling a method in the system process without a qualified user: android.app.ContextImpl.bindService:1844 android.content.ContextWrapper.bindService:698 com.huawei.msdp.movement.HwMSDPMovementManager.bindService:108 com.huawei.msdp.movement.HwMSDPMovementManager.connectService:129 com.huawei.hiai.awareness.service.ConnectServiceManager.startConnectService:189 
06-04 11:20:44.714 W/ContextImpl( 1815): Calling a method in the system process without a qualified user: android.app.ContextImpl.bindService:1844 android.content.ContextWrapper.bindService:698 com.huawei.msdp.movement.HwMSDPMovementManager.bindService:108 com.huawei.msdp.movement.HwMSDPMovementManager.access$000:15 com.huawei.msdp.movement.HwMSDPMovementManager$1.handleMessage:50 
06-04 11:20:44.724 W/ContextImpl( 1815): Calling a method in the system process without a qualified user: android.app.ContextImpl.bindService:1844 android.content.ContextWrapper.bindService:698 com.huawei.msdp.movement.HwMSDPMovementManager.bindService:108 com.huawei.msdp.movement.HwMSDPMovementManager.access$000:15 com.huawei.msdp.movement.HwMSDPMovementManager$1.handleMessage:50 
06-04 11:20:44.787 D/ActivityThread( 4265): Attach thread to application
06-04 11:20:44.843 I/chatty  ( 1252): uid=1000(system) Thread-34 expire 1 line
06-04 11:20:44.978 D/ActivityThread( 4285): Attach thread to application
06-04 11:20:45.153 D/HwCustConnectivityManagerImpl( 4163): isBlockNetworkRequestByNonAis, INVALID_SUBSCRIPTION_ID
06-04 11:20:45.228 D/HwCustConnectivityManagerImpl( 4163): isBlockNetworkRequestByNonAis, INVALID_SUBSCRIPTION_ID
06-04 11:20:45.242 I/chatty  ( 1252): uid=1000(system) Binder:1252_F expire 2 lines
06-04 11:20:45.264 I/chatty  ( 1252): uid=1000(system) Binder:1252_10 expire 5 lines
06-04 11:20:45.382 I/chatty  ( 1735): uid=1000(system) HwCommBoosterTh expire 2 lines
06-04 11:20:45.404 D/ActivityThread( 4352): Attach thread to application
06-04 11:20:45.462 I/chatty  ( 1252): uid=1000(system) ActivityManager expire 1 line
06-04 11:20:45.544 I/chatty  ( 1252): uid=1000(system) IpClient.wlan0 expire 3 lines
06-04 11:20:45.681 D/HwCustConnectivityManagerImpl( 4163): isBlockNetworkRequestByNonAis, INVALID_SUBSCRIPTION_ID
06-04 11:20:45.876 W/ContextImpl( 1775): Calling a method in the system process without a qualified user: android.app.ContextImpl.bindService:1844 android.content.ContextWrapper.bindService:698 com.huawei.msdp.movement.HwMSDPMovementManager.bindService:108 com.huawei.msdp.movement.HwMSDPMovementManager.access$000:15 com.huawei.msdp.movement.HwMSDPMovementManager$1.handleMessage:50 
06-04 11:20:46.145 D/ActivityThread( 4446): Attach thread to application
06-04 11:20:46.147 D/libgps  (  734): proxy_gps_xtra_inject_xtra_data: called.
06-04 11:20:46.155 W/SocketListener(  556): sending broadcast to Pid = 1252, Uid = 1000 
06-04 11:20:46.157 I/chatty  ( 1252): uid=1000(system) android.fg expire 3 lines
06-04 11:20:46.187 D/libgps  (  734): proxy_gps_xtra_inject_xtra_data: result is 0.
06-04 11:20:46.244 I/chatty  ( 1252): uid=1000(system) tworkPolicy.uid expire 1 line
06-04 11:20:46.249 I/chatty  ( 1252): uid=1000 system_server expire 26 lines
06-04 11:20:46.251 I/chatty  ( 1252): uid=1000(system) NetdConnector expire 6 lines
06-04 11:20:46.263 I/chatty  ( 1252): uid=1000(system) Binder:1252_D expire 3 lines
06-04 11:20:46.266 I/chatty  ( 1735): uid=1000(system) Binder:1735_4 expire 3 lines
06-04 11:20:46.329 I/chatty  ( 1252): uid=1000(system) Binder:1252_12 expire 9 lines
06-04 11:20:46.398 I/chatty  ( 1252): uid=1000(system) Binder:1252_1 expire 11 lines
06-04 11:20:46.418 I/chatty  ( 1252): uid=1000(system) Binder:1252_10 expire 11 lines
06-04 11:20:46.501 I/chatty  ( 1252): uid=1000(system) ActivityManager expire 5 lines
06-04 11:20:46.568 I/chatty  ( 1252): uid=1000(system) Binder:1252_E expire 4 lines
06-04 11:20:46.676 W/ContextImpl( 1815): Calling a method in the system process without a qualified user: android.app.ContextImpl.bindService:1844 android.content.ContextWrapper.bindService:698 com.huawei.msdp.movement.HwMSDPMovementManager.bindService:108 com.huawei.msdp.movement.HwMSDPMovementManager.access$000:15 com.huawei.msdp.movement.HwMSDPMovementManager$1.handleMessage:50 
06-04 11:20:46.717 I/chatty  ( 1815): uid=1000(system) core identical 7 lines
06-04 11:20:46.719 W/ContextImpl( 1815): Calling a method in the system process without a qualified user: android.app.ContextImpl.bindService:1844 android.content.ContextWrapper.bindService:698 com.huawei.msdp.movement.HwMSDPMovementManager.bindService:108 com.huawei.msdp.movement.HwMSDPMovementManager.access$000:15 com.huawei.msdp.movement.HwMSDPMovementManager$1.handleMessage:50 
06-04 11:20:46.719 W/ContextImpl( 1815): Calling a method in the system process without a qualified user: android.app.ContextImpl.bindService:1844 android.content.ContextWrapper.bindService:698 com.huawei.msdp.movement.HwMSDPMovementManager.bindService:108 com.huawei.msdp.movement.HwMSDPMovementManager.connectService:129 com.huawei.hiai.awareness.service.ConnectServiceManager.startConnectService:189 
06-04 11:20:46.720 W/ContextImpl( 1815): Calling a method in the system process without a qualified user: android.app.ContextImpl.bindService:1844 android.content.ContextWrapper.bindService:698 com.huawei.msdp.movement.HwMSDPMovementManager.bindService:108 com.huawei.msdp.movement.HwMSDPMovementManager.access$000:15 com.huawei.msdp.movement.HwMSDPMovementManager$1.handleMessage:50 
06-04 11:20:46.725 W/ContextImpl( 1815): Calling a method in the system process without a qualified user: android.app.ContextImpl.bindService:1844 android.content.ContextWrapper.bindService:698 com.huawei.msdp.movement.HwMSDPMovementManager.bindService:108 com.huawei.msdp.movement.HwMSDPMovementManager.access$000:15 com.huawei.msdp.movement.HwMSDPMovementManager$1.handleMessage:50 
06-04 11:20:46.767 I/chatty  ( 1252): uid=1000(system) Thread-34 expire 3 lines
06-04 11:20:46.806 I/chatty  ( 1252): uid=1000(system) android.bg expire 7 lines
06-04 11:20:46.988 W/ContextImpl( 4081): Calling a method in the system process without a qualified user: android.app.ContextImpl.bindService:1844 android.content.ContextWrapper.bindService:698 tmsdkobf.hj.bn:41 tmsdk.common.TMSDKContext.init:63 com.huawei.library.sdk.tmsdk.TMSdkEngine.init:55 
06-04 11:20:47.075 W/ContextImpl( 4081): Calling a method in the system process without a qualified user: android.app.ContextImpl.startService:1764 android.content.ContextWrapper.startService:664 tmsdk.common.TMSDKContext.init:214 com.huawei.library.sdk.tmsdk.TMSdkEngine.init:55 com.huawei.library.sdk.tmsdk.TMSdkEngine.initTMSDK:37 
06-04 11:20:47.884 W/ContextImpl( 1775): Calling a method in the system process without a qualified user: android.app.ContextImpl.bindService:1844 android.content.ContextWrapper.bindService:698 com.huawei.msdp.movement.HwMSDPMovementManager.bindService:108 com.huawei.msdp.movement.HwMSDPMovementManager.access$000:15 com.huawei.msdp.movement.HwMSDPMovementManager$1.handleMessage:50 
06-04 11:20:48.333 W/ContextImpl( 1789): Calling a method in the system process without a qualified user: android.app.ContextImpl.startService:1764 android.content.ContextWrapper.startService:664 com.huawei.nb.plugin.ServiceStarter$a.l:34 com.huawei.nb.job.a.run:167 com.huawei.nb.g.a.a.run:49 
06-04 11:20:48.681 W/ContextImpl( 1815): Calling a method in the system process without a qualified user: android.app.ContextImpl.bindService:1844 android.content.ContextWrapper.bindService:698 com.huawei.msdp.movement.HwMSDPMovementManager.bindService:108 com.huawei.msdp.movement.HwMSDPMovementManager.access$000:15 com.huawei.msdp.movement.HwMSDPMovementManager$1.handleMessage:50 
06-04 11:20:48.732 W/ContextImpl( 1815): Calling a method in the system process without a qualified user: android.app.ContextImpl.bindService:1844 android.content.ContextWrapper.bindService:698 com.huawei.msdp.movement.HwMSDPMovementManager.bindService:108 com.huawei.msdp.movement.HwMSDPMovementManager.access$000:15 com.huawei.msdp.movement.HwMSDPMovementManager$1.handleMessage:50 
06-04 11:20:49.401 I/chatty  ( 1735): uid=1000(system) com.huawei.systemserver expire 2 lines
06-04 11:20:49.889 W/ContextImpl( 1775): Calling a method in the system process without a qualified user: android.app.ContextImpl.bindService:1844 android.content.ContextWrapper.bindService:698 com.huawei.msdp.movement.HwMSDPMovementManager.bindService:108 com.huawei.msdp.movement.HwMSDPMovementManager.access$000:15 com.huawei.msdp.movement.HwMSDPMovementManager$1.handleMessage:50 
06-04 11:20:49.976 I/HwLBSService.HwNLPDBManager( 1723): query loc Form Cell Table
06-04 11:20:50.027 I/chatty  ( 1723): uid=1000(system) HwLocation identical 5 lines
06-04 11:20:50.027 I/HwLBSService.HwNLPDBManager( 1723): query loc Form Cell Table
06-04 11:20:50.321 I/HwLBSService.HwNLPDBManager( 1723): query loc Form Cell Table
06-04 11:20:50.323 I/HwLBSService.HwNLPDBManager( 1723): query loc Form Cell Table
06-04 11:20:50.365 I/chatty  ( 1252): uid=1000(system) LocationThread expire 8 lines
06-04 11:20:50.389 I/chatty  ( 1252): uid=1000 system_server expire 1 line
06-04 11:20:50.463 I/chatty  ( 1252): uid=1000(system) android.display expire 2 lines
06-04 11:20:50.501 I/chatty  ( 1252): uid=1000(system) Binder:1252_5 expire 16 lines
06-04 11:20:50.502 E/AsyncChannel( 1723): mResultMsg should be null here
06-04 11:20:50.504 I/chatty  ( 1252): uid=1000(system) Binder:1252_C expire 4 lines
06-04 11:20:50.516 D/libgps  (  734): proxy_gps_inject_location: called.
06-04 11:20:50.583 W/ContextImpl( 4081): Calling a method in the system process without a qualified user: android.app.ContextImpl.sendBroadcast:1155 android.content.ContextWrapper.sendBroadcast:444 tmsdkobf.mi.a:55 tmsdkobf.mn$4$2$1.a:99 tmsdkobf.mi$1.a:438 
06-04 11:20:50.619 I/chatty  ( 1252): uid=1000(system) Binder:1252_F expire 3 lines
06-04 11:20:50.936 I/chatty  ( 1252): uid=1000 system_server expire 1 line
06-04 11:20:51.160 I/chatty  ( 1252): uid=1000(system) ThirdAppHandler expire 6 lines
06-04 11:20:51.350 I/chatty  ( 1735): uid=1000(system) HwCommBoosterTh expire 5 lines
06-04 11:20:51.414 I/chatty  ( 1735): uid=1000(system) Binder:1735_4 expire 3 lines
06-04 11:20:51.637 I/chatty  ( 1252): uid=1000(system) ConnectivitySer expire 2 lines
06-04 11:20:51.896 W/ContextImpl( 1775): Calling a method in the system process without a qualified user: android.app.ContextImpl.bindService:1844 android.content.ContextWrapper.bindService:698 com.huawei.msdp.movement.HwMSDPMovementManager.bindService:108 com.huawei.msdp.movement.HwMSDPMovementManager.access$000:15 com.huawei.msdp.movement.HwMSDPMovementManager$1.handleMessage:50 
06-04 11:20:52.368 I/chatty  ( 1252): uid=1000(system) Binder:1252_B expire 11 lines
06-04 11:20:52.417 I/chatty  ( 1252): uid=1000(system) android.ui expire 15 lines
06-04 11:20:52.423 I/chatty  ( 1252): uid=1000(system) Binder:1252_6 expire 28 lines
06-04 11:20:53.233 I/chatty  ( 1252): uid=1000(system) Binder:1252_13 expire 4 lines
06-04 11:20:53.336 W/ContextImpl( 1789): Calling a method in the system process without a qualified user: android.app.ContextImpl.startService:1764 android.content.ContextWrapper.startService:664 com.huawei.nb.plugin.ServiceStarter$a.l:34 com.huawei.nb.job.a.run:167 com.huawei.nb.g.a.a.run:49 
06-04 11:20:53.424 I/chatty  ( 1252): uid=1000(system) HwBinder:1252_4 expire 5 lines
06-04 11:20:53.795 I/chatty  ( 1252): uid=1000(system) UEventObserver expire 12 lines
06-04 11:20:53.813 I/chatty  ( 1252): uid=1000(system) HwBinder:1252_1 expire 1 line
06-04 11:20:53.842 I/chatty  ( 1252): uid=1000(system) HwBatteryServic expire 2 lines
06-04 11:20:53.858 I/chatty  ( 1252): uid=1000(system) batterystats-wo expire 4 lines
06-04 11:20:53.867 I/storaged(  726): uid_monitor::update_curr_io_stats_locked: last_uid_io_stats_ size is 50
06-04 11:20:53.878 I/storaged(  726): uid_monitor::update_curr_io_stats_locked: curr_io_stats_ size is 50
06-04 11:20:53.901 W/ContextImpl( 1775): Calling a method in the system process without a qualified user: android.app.ContextImpl.bindService:1844 android.content.ContextWrapper.bindService:698 com.huawei.msdp.movement.HwMSDPMovementManager.bindService:108 com.huawei.msdp.movement.HwMSDPMovementManager.access$000:15 com.huawei.msdp.movement.HwMSDPMovementManager$1.handleMessage:50 
06-04 11:20:53.983 I/chatty  ( 1252): uid=1000(system) android.io expire 2 lines
06-04 11:20:53.986 I/chatty  ( 1252): uid=1000(system) PowerManagerSer expire 1 line
06-04 11:20:53.993 W/PowerUI ( 1626): unknown intent: Intent { act=android.intent.action.ACTION_POWER_CONNECTED flg=0x4000010 (has extras) }
06-04 11:20:53.994 I/chatty  ( 1252): uid=1000(system) HwDeviceUsageCo expire 1 line
06-04 11:20:54.025 D/libgps  (  734): proxy_gps_inject_time: exit
06-04 11:20:54.092 I/PowerUI.Notification( 1626): dismissing low battery notification
06-04 11:20:55.207 I/chatty  ( 1252): uid=1000(system) ActivityManager expire 4 lines
06-04 11:20:55.209 I/chatty  ( 1252): uid=1000(system) MultiTaskManage expire 4 lines
06-04 11:20:55.217 D/ActivityThread( 4761): Attach thread to application
06-04 11:20:55.442 D/ActivityThread( 4783): Attach thread to application
06-04 11:20:55.479 I/chatty  ( 1252): uid=1000(system) HwActivityManag expire 3 lines
06-04 11:20:55.481 I/chatty  ( 1252): uid=1000(system) android.anim expire 5 lines
06-04 11:20:55.514 D/ActivityThread( 4806): Attach thread to application
06-04 11:20:55.519 I/chatty  ( 1252): uid=1000 system_server expire 1 line
06-04 11:20:55.531 D/ActivityThread( 4822): Attach thread to application
06-04 11:20:55.545 I/chatty  ( 1252): uid=1000(system) HwGameAssistant expire 1 line
06-04 11:20:55.557 I/chatty  ( 1735): uid=1000(system) Binder:1735_2 expire 6 lines
06-04 11:20:55.601 I/HwNetworkPolicyManager( 2014): getHwUidPolicy uid = 11178 policy = 0
06-04 11:20:55.602 I/chatty  ( 1252): uid=1000(system) ActivityManager expire 9 lines
06-04 11:20:55.602 I/chatty  ( 1252): uid=1000(system) MultiTaskManage expire 9 lines
06-04 11:20:55.633 D/ActivityThread( 4853): Attach thread to application
06-04 11:20:55.638 I/chatty  ( 1252): uid=1000(system) android.bg expire 2 lines
06-04 11:20:55.641 I/chatty  ( 1252): uid=1000(system) NetdConnector expire 8 lines
06-04 11:20:55.643 I/chatty  ( 1252): uid=1000 system_server expire 29 lines
06-04 11:20:55.657 I/chatty  ( 1252): uid=1000(system) Binder:1252_6 expire 6 lines
06-04 11:20:55.756 I/chatty  ( 1252): uid=1000(system) Binder:1252_10 expire 30 lines
06-04 11:20:55.793 I/chatty  ( 1252): uid=1000(system) Binder:1252_12 expire 8 lines
06-04 11:20:55.804 I/chatty  ( 1252): uid=1000(system) android.anim expire 2 lines
06-04 11:20:55.806 I/chatty  ( 1252): uid=1000(system) android.ui expire 10 lines
06-04 11:20:55.908 W/ContextImpl( 1775): Calling a method in the system process without a qualified user: android.app.ContextImpl.bindService:1844 android.content.ContextWrapper.bindService:698 com.huawei.msdp.movement.HwMSDPMovementManager.bindService:108 com.huawei.msdp.movement.HwMSDPMovementManager.access$000:15 com.huawei.msdp.movement.HwMSDPMovementManager$1.handleMessage:50 
06-04 11:20:55.976 D/ActivityThread( 4921): Attach thread to application
06-04 11:20:56.091 D/ActivityThread( 4941): Attach thread to application
06-04 11:20:56.117 I/chatty  ( 1735): uid=1000(system) Binder:1735_1 expire 3 lines
06-04 11:20:56.576 I/chatty  ( 1252): uid=1000(system) Thread-34 expire 2 lines
06-04 11:20:56.612 I/chatty  ( 1252): uid=1000(system) ActivityManager expire 1 line
06-04 11:20:56.727 I/chatty  ( 1252): uid=1000(system) Binder:1252_1 expire 15 lines
06-04 11:20:56.774 D/ActivityThread( 5045): Attach thread to application
06-04 11:20:56.813 W/ContextImpl( 1723): Calling a method in the system process without a qualified user: android.app.ContextImpl.sendBroadcast:1176 android.content.ContextWrapper.sendBroadcast:449 com.huawei.lbs.HwLBSService.onCreate:77 android.app.ActivityThread.handleCreateService:4150 android.app.ActivityThread.access$2400:273 
06-04 11:20:56.839 I/chatty  ( 1252): uid=1000(system) Binder:1252_13 expire 10 lines
06-04 11:20:56.890 I/chatty  ( 1252): uid=1000(system) WifiScanningSer expire 1 line
06-04 11:20:57.048 D/ActivityThread( 5102): Attach thread to application
06-04 11:20:57.169 D/sdlock  (  505): poll
06-04 11:20:57.192 I/chatty  ( 1252): uid=1000(system) SyncManager expire 9 lines
06-04 11:20:57.209 D/ActivityThread( 5143): Attach thread to application
06-04 11:20:57.229 I/chatty  ( 1252): uid=1000 system_server expire 10 lines
06-04 11:20:57.261 I/chatty  ( 1252): uid=1000(system) tworkPolicy.uid expire 1 line
06-04 11:20:57.320 I/chatty  ( 1252): uid=1000(system) ConnectivitySer expire 45 lines
06-04 11:20:57.338 I/chatty  ( 1735): uid=1000(system) HwCommBoosterTh expire 5 lines
06-04 11:20:57.391 D/HwCustConnectivityManagerImpl( 5143): isBlockNetworkRequestByNonAis, INVALID_SUBSCRIPTION_ID
06-04 11:20:57.391 D/ActivityThread( 5187): Attach thread to application
06-04 11:20:57.419 W/ContextImpl( 1789): Calling a method in the system process without a qualified user: android.app.ContextImpl.bindService:1844 android.content.ContextWrapper.bindService:698 com.huawei.nb.searchmanager.service.RemoteIndexSearchManager.ensureIndexSearchServiceBound:124 com.huawei.nb.searchmanager.service.RemoteIndexSearchManager.buildIndex:381 com.huawei.nb.searchmanager.tasker.IndexTasker.doIndexTaskerAction:134 
06-04 11:20:57.447 I/chatty  ( 1252): uid=1000(system) UEventObserver expire 24 lines
06-04 11:20:57.449 I/chatty  ( 1252): uid=1000(system) HwBatteryServic expire 1 line
06-04 11:20:57.451 I/chatty  ( 1252): uid=1000(system) HwBinder:1252_4 expire 2 lines
06-04 11:20:57.471 D/ActivityThread( 5216): Attach thread to application
06-04 11:20:57.590 W/ContextImpl( 5216): Calling a method in the system process without a qualified user: android.app.ContextImpl.startService:1764 android.content.ContextWrapper.startService:664 com.huawei.nb.service.HwNaturalBase.onCreate:24 android.app.Instrumentation.callApplicationOnCreate:1162 android.app.ActivityThread.handleBindApplication:6717 
06-04 11:20:57.626 W/ContextImpl( 5216): Calling a method in the system process without a qualified user: android.app.ContextImpl.bindService:1844 android.content.ContextWrapper.bindService:698 com.huawei.nb.client.RemoteServiceConnection.open:90 com.huawei.nb.client.Proxy.connect:118 com.huawei.nb.searchmanager.searchengine.service.DataServiceProxyManager.connectDataService:87 
06-04 11:20:57.632 D/ActivityThread( 5263): Attach thread to application
06-04 11:20:57.662 I/chatty  ( 1252): uid=1000(system) Binder:1252_5 expire 1 line
06-04 11:20:57.813 W/ContextImpl( 2014): Calling a method in the system process without a qualified user: android.app.ContextImpl.startService:1764 android.content.ContextWrapper.startService:664 android.content.ContextWrapper.startService:664 com.huawei.systemmanager.service.MainReceiver.startRainbowService:79 com.huawei.systemmanager.service.MainReceiver.onReceive:48 
06-04 11:20:57.813 I/chatty  ( 1735): uid=1000(system) Binder:1735_2 expire 18 lines
06-04 11:20:57.830 I/chatty  ( 1252): uid=1000(system) watchdog expire 1 line
06-04 11:20:57.894 I/chatty  ( 1252): uid=1000(system) LocationThread expire 2 lines
06-04 11:20:57.896 I/chatty  ( 1252): uid=1000(system) HwActivityManag expire 1 line
06-04 11:20:57.904 I/chatty  ( 1252): uid=1000(system) ConnectivitySer expire 23 lines
06-04 11:20:57.905 I/chatty  ( 1252): uid=1000(system) Binder:1252_12 expire 19 lines
06-04 11:20:57.923 I/chatty  ( 1252): uid=1000(system) Binder:1252_10 expire 6 lines
06-04 11:20:57.944 I/chatty  ( 1252): uid=1000 system_server expire 23 lines
06-04 11:20:57.953 I/chatty  ( 1252): uid=1000 system_server expire 1 line
06-04 11:20:57.957 I/chatty  ( 1252): uid=1000(system) Binder:1252_13 expire 3 lines
06-04 11:20:57.957 I/chatty  ( 1252): uid=1000(system) android.ui expire 19 lines
06-04 11:20:57.962 I/chatty  ( 1252): uid=1000 system_server expire 4 lines
06-04 11:20:57.965 I/CommandQueue( 1626): updateBarBgColor
06-04 11:20:57.965 D/CommandQueue( 1626): CommandQueue, setBarBackgroundColor
06-04 11:20:57.968 I/chatty  ( 1252): uid=1000(system) AsyncQueryWorke expire 3 lines
06-04 11:20:57.984 I/chatty  ( 1252): uid=1000(system) Binder:1252_5 expire 10 lines
06-04 11:20:57.988 I/chatty  ( 1252): uid=1000(system) ActivityManager expire 6 lines
06-04 11:20:57.988 I/chatty  ( 1252): uid=1000(system) MultiTaskManage expire 6 lines
06-04 11:20:58.026 D/ActivityThread( 5393): Attach thread to application
06-04 11:20:58.046 I/chatty  ( 1735): uid=1000(system) com.huawei.systemserver expire 1 line
06-04 11:20:58.073 W/ContextImpl( 2014): Calling a method in the system process without a qualified user: android.app.ContextImpl.startService:1764 android.content.ContextWrapper.startService:664 com.huawei.systemmanager.rainbow.client.background.service.CloudBroadcastHandlerService.startRainbowCommonService:121 com.huawei.systemmanager.rainbow.client.background.service.CloudBroadcastHandlerService.access$000:23 com.huawei.systemmanager.rainbow.client.background.service.CloudBroadcastHandlerService$1.onReceive:94 
06-04 11:20:58.084 W/ContextImpl( 2014): Calling a method in the system process without a qualified user: android.app.ContextImpl.startService:1764 android.content.ContextWrapper.startService:664 com.huawei.systemmanager.spacecleanner.receiver.SpaceCleanReceiver.checkRarelyUsedApp:98 com.huawei.systemmanager.spacecleanner.receiver.SpaceCleanReceiver.doInBackground:46 java.lang.reflect.Method.invoke:-2 
06-04 11:20:58.100 I/chatty  ( 1252): uid=1000(system) Binder:1252_9 expire 41 lines
06-04 11:20:58.101 I/chatty  ( 1252): uid=1000(system) PowerManagerSer expire 1 line
06-04 11:20:58.122 W/ContextImpl( 5143): Calling a method in the system process without a qualified user: android.app.ContextImpl.sendBroadcast:1155 android.content.ContextWrapper.sendBroadcast:444 ey.a:73 ey.i:73 jl.fZ:12 
06-04 11:20:58.287 I/chatty  ( 1735): uid=1000(system) HwAntiTheftServ expire 2 lines
06-04 11:20:58.287 I/chatty  ( 1252): uid=1000(system) Thread-34 expire 6 lines
06-04 11:20:58.324 I/chatty  ( 1252): uid=1000(system) Binder:1252_E expire 2 lines
06-04 11:20:58.339 W/ContextImpl( 1789): Calling a method in the system process without a qualified user: android.app.ContextImpl.startService:1764 android.content.ContextWrapper.startService:664 com.huawei.nb.plugin.ServiceStarter$a.l:34 com.huawei.nb.job.a.run:167 com.huawei.nb.g.a.a.run:49 
06-04 11:20:58.344 I/chatty  ( 1252): uid=1000(system) Binder:1252_B expire 2 lines
06-04 11:20:58.345 I/chatty  ( 1735): uid=1000(system) Binder:1735_1 expire 6 lines
06-04 11:20:58.386 I/chatty  ( 1252): uid=1000(system) Binder:1252_F expire 33 lines
06-04 11:20:58.463 D/ActivityThread( 5484): Attach thread to application
06-04 11:20:58.499 I/chatty  ( 1252): uid=1000(system) HwBinder:1252_4 expire 2 lines
06-04 11:20:58.539 W/ContextImpl( 5143): Calling a method in the system process without a qualified user: android.app.ContextImpl.sendBroadcast:1155 android.content.ContextWrapper.sendBroadcast:444 ey.a:73 ey.i:73 es.n:6 
06-04 11:20:58.731 I/chatty  ( 1252): uid=1000(system) Binder:1252_6 expire 5 lines
06-04 11:20:58.738 D/ActivityThread( 5529): Attach thread to application
06-04 11:20:58.801 I/chatty  ( 1252): uid=1000(system) android.anim expire 10 lines
06-04 11:20:58.815 I/chatty  ( 1735): uid=1000(system) Binder:1735_2 expire 9 lines
06-04 11:20:58.839 I/chatty  ( 1252): uid=1000(system) ActivityManager expire 1 line
06-04 11:20:58.854 I/chatty  ( 1252): uid=1000(system) android.display expire 1 line
06-04 11:20:58.915 D/ActivityThread( 5562): Attach thread to application
06-04 11:20:58.945 D/ActivityThread( 5579): Attach thread to application
06-04 11:20:59.047 W/SocketListener(  556): sending broadcast to Pid = 1252, Uid = 1000 
06-04 11:20:59.049 I/chatty  ( 1252): uid=1000(system) NetdConnector expire 4 lines
06-04 11:20:59.058 I/chatty  ( 1252): uid=1000(system) android.fg expire 2 lines
06-04 11:20:59.182 W/SettingsEx( 3169): SettingsEx.Systemex.getInt deprecated use Settings.System.getInt instead ;callers=com.huawei.recsys.util.SystemUtil.getNotificationUpdateMode:287 com.huawei.recsys.util.SystemUtil.isAllowUpdate:188 com.huawei.recsys.controller.notification.http.NotificationUpdateController.startNotificationUpdate:85 
06-04 11:20:59.219 I/CommandQueue( 1626): updateBarBgColor
06-04 11:20:59.219 D/CommandQueue( 1626): CommandQueue, setBarBackgroundColor
06-04 11:20:59.262 I/HwLBSService.HwNLPDBManager( 1723): query loc Form Cell Table
06-04 11:20:59.262 I/chatty  ( 1723): uid=1000(system) HwLocation identical 3 lines
06-04 11:20:59.262 I/HwLBSService.HwNLPDBManager( 1723): query loc Form Cell Table
06-04 11:20:59.317 I/HwLBSService.HwNLPDBManager( 1723): query loc Form Cell Table
06-04 11:20:59.317 I/HwLBSService.HwNLPDBManager( 1723): query loc Form Cell Table
06-04 11:20:59.348 D/ActivityThread( 5644): Attach thread to application
06-04 11:20:59.433 I/HwLBSService.HwNLPDBManager( 1723): query loc Form Cell Table
06-04 11:20:59.433 I/HwLBSService.HwNLPDBManager( 1723): query loc Form Cell Table
06-04 11:20:59.443 I/chatty  ( 1252): uid=1000(system) LocationThread expire 2 lines
06-04 11:20:59.445 I/chatty  ( 1252): uid=1000 system_server expire 1 line
06-04 11:20:59.445 I/chatty  ( 1252): uid=1000(system) android.bg expire 1 line
06-04 11:20:59.471 I/chatty  ( 1735): uid=1000(system) com.huawei.systemserver expire 1 line
06-04 11:20:59.480 I/chatty  ( 1735): uid=1000(system) Binder:1735_2 expire 4 lines
06-04 11:20:59.485 I/chatty  ( 1252): uid=1000(system) Binder:1252_F expire 29 lines
06-04 11:20:59.526 I/chatty  ( 1252): uid=1000(system) LocationThread expire 6 lines
06-04 11:20:59.534 I/chatty  ( 1252): uid=1000(system) Binder:1252_B expire 23 lines
06-04 11:20:59.534 I/chatty  ( 1252): uid=1000(system) Binder:1252_C expire 9 lines
06-04 11:20:59.535 D/libgps  (  734): proxy_gps_inject_location: called.
06-04 11:20:59.556 I/chatty  ( 1252): uid=1000(system) Thread-34 expire 7 lines
06-04 11:20:59.607 I/chatty  ( 1252): uid=1000 system_server expire 1 line
06-04 11:20:59.653 I/chatty  ( 1252): uid=1000(system) android.ui expire 14 lines
06-04 11:20:59.681 D/libgps  (  734): proxy_gps_inject_location: called.
06-04 11:20:59.693 I/chatty  ( 1252): uid=1000(system) Binder:1252_10 expire 13 lines
06-04 11:20:59.740 I/chatty  ( 1252): uid=1000(system) Binder:1252_12 expire 37 lines
06-04 11:21:00.002 I/chatty  ( 1252): uid=1000 system_server expire 7 lines
06-04 11:21:00.026 I/chatty  ( 1252): uid=1000(system) WifiStateMachin expire 1 line
06-04 11:21:00.178 I/chatty  ( 1252): uid=1000(system) ActivityManager expire 2 lines
06-04 11:21:00.657 I/chatty  ( 1252): uid=1000(system) ActivityManager expire 9 lines
